Build, Lint & Test	UNKNOWN STEP	﻿2025-12-27T19:37:50.9941641Z Current runner version: '2.330.0'
Build, Lint & Test	UNKNOWN STEP	2025-12-27T19:37:50.9964332Z ##[group]Runner Image Provisioner
Build, Lint & Test	UNKNOWN STEP	2025-12-27T19:37:50.9965241Z Hosted Compute Agent
Build, Lint & Test	UNKNOWN STEP	2025-12-27T19:37:50.9965791Z Version: 20251211.462
Build, Lint & Test	UNKNOWN STEP	2025-12-27T19:37:50.9966341Z Commit: 6cbad8c2bb55d58165063d031ccabf57e2d2db61
Build, Lint & Test	UNKNOWN STEP	2025-12-27T19:37:50.9967129Z Build Date: 2025-12-11T16:28:49Z
Build, Lint & Test	UNKNOWN STEP	2025-12-27T19:37:50.9967748Z Worker ID: {1bb4881a-d972-45e2-9e92-33a08400cfed}
Build, Lint & Test	UNKNOWN STEP	2025-12-27T19:37:50.9968580Z ##[endgroup]
Build, Lint & Test	UNKNOWN STEP	2025-12-27T19:37:50.9969219Z ##[group]Operating System
Build, Lint & Test	UNKNOWN STEP	2025-12-27T19:37:50.9969750Z Ubuntu
Build, Lint & Test	UNKNOWN STEP	2025-12-27T19:37:50.9970199Z 24.04.3
Build, Lint & Test	UNKNOWN STEP	2025-12-27T19:37:50.9970679Z LTS
Build, Lint & Test	UNKNOWN STEP	2025-12-27T19:37:50.9971225Z ##[endgroup]
Build, Lint & Test	UNKNOWN STEP	2025-12-27T19:37:50.9971681Z ##[group]Runner Image
Build, Lint & Test	UNKNOWN STEP	2025-12-27T19:37:50.9972290Z Image: ubuntu-24.04
Build, Lint & Test	UNKNOWN STEP	2025-12-27T19:37:50.9972762Z Version: 20251215.174.1
Build, Lint & Test	UNKNOWN STEP	2025-12-27T19:37:50.9973783Z Included Software: https://github.com/actions/runner-images/blob/ubuntu24/20251215.174/images/ubuntu/Ubuntu2404-Readme.md
Build, Lint & Test	UNKNOWN STEP	2025-12-27T19:37:50.9975300Z Image Release: https://github.com/actions/runner-images/releases/tag/ubuntu24%2F20251215.174
Build, Lint & Test	UNKNOWN STEP	2025-12-27T19:37:50.9976277Z ##[endgroup]
Build, Lint & Test	UNKNOWN STEP	2025-12-27T19:37:50.9977400Z ##[group]GITHUB_TOKEN Permissions
Build, Lint & Test	UNKNOWN STEP	2025-12-27T19:37:50.9979377Z Contents: read
Build, Lint & Test	UNKNOWN STEP	2025-12-27T19:37:50.9980003Z Metadata: read
Build, Lint & Test	UNKNOWN STEP	2025-12-27T19:37:50.9980533Z Packages: read
Build, Lint & Test	UNKNOWN STEP	2025-12-27T19:37:50.9980994Z ##[endgroup]
Build, Lint & Test	UNKNOWN STEP	2025-12-27T19:37:50.9983008Z Secret source: Actions
Build, Lint & Test	UNKNOWN STEP	2025-12-27T19:37:50.9983690Z Prepare workflow directory
Build, Lint & Test	UNKNOWN STEP	2025-12-27T19:37:51.0358580Z Prepare all required actions
Build, Lint & Test	UNKNOWN STEP	2025-12-27T19:37:51.0397751Z Getting action download info
Build, Lint & Test	UNKNOWN STEP	2025-12-27T19:37:51.5762441Z Download action repository 'actions/checkout@v4' (SHA:34e114876b0b11c390a56381ad16ebd13914f8d5)
Build, Lint & Test	UNKNOWN STEP	2025-12-27T19:37:51.6669395Z Download action repository 'pnpm/action-setup@v4' (SHA:41ff72655975bd51cab0327fa583b6e92b6d3061)
Build, Lint & Test	UNKNOWN STEP	2025-12-27T19:37:52.2979653Z Download action repository 'actions/setup-node@v4' (SHA:49933ea5288caeca8642d1e84afbd3f7d6820020)
Build, Lint & Test	UNKNOWN STEP	2025-12-27T19:37:52.3931195Z Download action repository 'coverallsapp/github-action@v2' (SHA:5cbfd81b66ca5d10c19b062c04de0199c215fb6e)
Build, Lint & Test	UNKNOWN STEP	2025-12-27T19:37:52.8497478Z Download action repository 'actions/cache@v4' (SHA:0057852bfaa89a56745cba8c7296529d2fc39830)
Build, Lint & Test	UNKNOWN STEP	2025-12-27T19:37:52.9454731Z Download action repository 'actions/upload-artifact@v4' (SHA:ea165f8d65b6e75b540449e92b4886f43607fa02)
Build, Lint & Test	UNKNOWN STEP	2025-12-27T19:37:53.1985299Z Complete job name: Build, Lint & Test
Build, Lint & Test	UNKNOWN STEP	2025-12-27T19:37:53.2786995Z ##[group]Run actions/checkout@v4
Build, Lint & Test	UNKNOWN STEP	2025-12-27T19:37:53.2787738Z with:
Build, Lint & Test	UNKNOWN STEP	2025-12-27T19:37:53.2788383Z   repository: arcade-cabinet/protocol-silent-night
Build, Lint & Test	UNKNOWN STEP	2025-12-27T19:37:53.2789020Z   token: ***
Build, Lint & Test	UNKNOWN STEP	2025-12-27T19:37:53.2789356Z   ssh-strict: true
Build, Lint & Test	UNKNOWN STEP	2025-12-27T19:37:53.2789722Z   ssh-user: git
Build, Lint & Test	UNKNOWN STEP	2025-12-27T19:37:53.2790227Z   persist-credentials: true
Build, Lint & Test	UNKNOWN STEP	2025-12-27T19:37:53.2790783Z   clean: true
Build, Lint & Test	UNKNOWN STEP	2025-12-27T19:37:53.2791160Z   sparse-checkout-cone-mode: true
Build, Lint & Test	UNKNOWN STEP	2025-12-27T19:37:53.2791568Z   fetch-depth: 1
Build, Lint & Test	UNKNOWN STEP	2025-12-27T19:37:53.2791937Z   fetch-tags: false
Build, Lint & Test	UNKNOWN STEP	2025-12-27T19:37:53.2792288Z   show-progress: true
Build, Lint & Test	UNKNOWN STEP	2025-12-27T19:37:53.2792663Z   lfs: false
Build, Lint & Test	UNKNOWN STEP	2025-12-27T19:37:53.2792991Z   submodules: false
Build, Lint & Test	UNKNOWN STEP	2025-12-27T19:37:53.2793360Z   set-safe-directory: true
Build, Lint & Test	UNKNOWN STEP	2025-12-27T19:37:53.2794034Z env:
Build, Lint & Test	UNKNOWN STEP	2025-12-27T19:37:53.2794369Z   NODE_VERSION: 20
Build, Lint & Test	UNKNOWN STEP	2025-12-27T19:37:53.2794706Z   PNPM_VERSION: 10
Build, Lint & Test	UNKNOWN STEP	2025-12-27T19:37:53.2795040Z ##[endgroup]
Build, Lint & Test	UNKNOWN STEP	2025-12-27T19:37:53.3912228Z Syncing repository: arcade-cabinet/protocol-silent-night
Build, Lint & Test	UNKNOWN STEP	2025-12-27T19:37:53.3914419Z ##[group]Getting Git version info
Build, Lint & Test	UNKNOWN STEP	2025-12-27T19:37:53.3915613Z Working directory is '/home/runner/work/protocol-silent-night/protocol-silent-night'
Build, Lint & Test	UNKNOWN STEP	2025-12-27T19:37:53.3917282Z [command]/usr/bin/git version
Build, Lint & Test	UNKNOWN STEP	2025-12-27T19:37:53.3989833Z git version 2.52.0
Build, Lint & Test	UNKNOWN STEP	2025-12-27T19:37:53.4016290Z ##[endgroup]
Build, Lint & Test	UNKNOWN STEP	2025-12-27T19:37:53.4031402Z Temporarily overriding HOME='/home/runner/work/_temp/b00f806b-53f5-4044-aa95-26298fd6d551' before making global git config changes
Build, Lint & Test	UNKNOWN STEP	2025-12-27T19:37:53.4032423Z Adding repository directory to the temporary git global config as a safe directory
Build, Lint & Test	UNKNOWN STEP	2025-12-27T19:37:53.4037221Z [command]/usr/bin/git config --global --add safe.directory /home/runner/work/protocol-silent-night/protocol-silent-night
Build, Lint & Test	UNKNOWN STEP	2025-12-27T19:37:53.4075010Z Deleting the contents of '/home/runner/work/protocol-silent-night/protocol-silent-night'
Build, Lint & Test	UNKNOWN STEP	2025-12-27T19:37:53.4078522Z ##[group]Initializing the repository
Build, Lint & Test	UNKNOWN STEP	2025-12-27T19:37:53.4082910Z [command]/usr/bin/git init /home/runner/work/protocol-silent-night/protocol-silent-night
Build, Lint & Test	UNKNOWN STEP	2025-12-27T19:37:53.4194585Z hint: Using 'master' as the name for the initial branch. This default branch name
Build, Lint & Test	UNKNOWN STEP	2025-12-27T19:37:53.4195354Z hint: will change to "main" in Git 3.0. To configure the initial branch name
Build, Lint & Test	UNKNOWN STEP	2025-12-27T19:37:53.4196021Z hint: to use in all of your new repositories, which will suppress this warning,
Build, Lint & Test	UNKNOWN STEP	2025-12-27T19:37:53.4196555Z hint: call:
Build, Lint & Test	UNKNOWN STEP	2025-12-27T19:37:53.4196888Z hint:
Build, Lint & Test	UNKNOWN STEP	2025-12-27T19:37:53.4197343Z hint: 	git config --global init.defaultBranch <name>
Build, Lint & Test	UNKNOWN STEP	2025-12-27T19:37:53.4197822Z hint:
Build, Lint & Test	UNKNOWN STEP	2025-12-27T19:37:53.4198620Z hint: Names commonly chosen instead of 'master' are 'main', 'trunk' and
Build, Lint & Test	UNKNOWN STEP	2025-12-27T19:37:53.4199729Z hint: 'development'. The just-created branch can be renamed via this command:
Build, Lint & Test	UNKNOWN STEP	2025-12-27T19:37:53.4200260Z hint:
Build, Lint & Test	UNKNOWN STEP	2025-12-27T19:37:53.4200624Z hint: 	git branch -m <name>
Build, Lint & Test	UNKNOWN STEP	2025-12-27T19:37:53.4201003Z hint:
Build, Lint & Test	UNKNOWN STEP	2025-12-27T19:37:53.4201515Z hint: Disable this message with "git config set advice.defaultBranchName false"
Build, Lint & Test	UNKNOWN STEP	2025-12-27T19:37:53.4202433Z Initialized empty Git repository in /home/runner/work/protocol-silent-night/protocol-silent-night/.git/
Build, Lint & Test	UNKNOWN STEP	2025-12-27T19:37:53.4210584Z [command]/usr/bin/git remote add origin https://github.com/arcade-cabinet/protocol-silent-night
Build, Lint & Test	UNKNOWN STEP	2025-12-27T19:37:53.4245018Z ##[endgroup]
Build, Lint & Test	UNKNOWN STEP	2025-12-27T19:37:53.4245762Z ##[group]Disabling automatic garbage collection
Build, Lint & Test	UNKNOWN STEP	2025-12-27T19:37:53.4249424Z [command]/usr/bin/git config --local gc.auto 0
Build, Lint & Test	UNKNOWN STEP	2025-12-27T19:37:53.4276330Z ##[endgroup]
Build, Lint & Test	UNKNOWN STEP	2025-12-27T19:37:53.4277056Z ##[group]Setting up auth
Build, Lint & Test	UNKNOWN STEP	2025-12-27T19:37:53.4283385Z [command]/usr/bin/git config --local --name-only --get-regexp core\.sshCommand
Build, Lint & Test	UNKNOWN STEP	2025-12-27T19:37:53.4314104Z [command]/usr/bin/git submodule foreach --recursive sh -c "git config --local --name-only --get-regexp 'core\.sshCommand' && git config --local --unset-all 'core.sshCommand' || :"
Build, Lint & Test	UNKNOWN STEP	2025-12-27T19:37:53.4645942Z [command]/usr/bin/git config --local --name-only --get-regexp http\.https\:\/\/github\.com\/\.extraheader
Build, Lint & Test	UNKNOWN STEP	2025-12-27T19:37:53.4675733Z [command]/usr/bin/git submodule foreach --recursive sh -c "git config --local --name-only --get-regexp 'http\.https\:\/\/github\.com\/\.extraheader' && git config --local --unset-all 'http.https://github.com/.extraheader' || :"
Build, Lint & Test	UNKNOWN STEP	2025-12-27T19:37:53.4901934Z [command]/usr/bin/git config --local --name-only --get-regexp ^includeIf\.gitdir:
Build, Lint & Test	UNKNOWN STEP	2025-12-27T19:37:53.4932621Z [command]/usr/bin/git submodule foreach --recursive git config --local --show-origin --name-only --get-regexp remote.origin.url
Build, Lint & Test	UNKNOWN STEP	2025-12-27T19:37:53.5151118Z [command]/usr/bin/git config --local http.https://github.com/.extraheader AUTHORIZATION: basic ***
Build, Lint & Test	UNKNOWN STEP	2025-12-27T19:37:53.5184004Z ##[endgroup]
Build, Lint & Test	UNKNOWN STEP	2025-12-27T19:37:53.5185188Z ##[group]Fetching the repository
Build, Lint & Test	UNKNOWN STEP	2025-12-27T19:37:53.5193183Z [command]/usr/bin/git -c protocol.version=2 fetch --no-tags --prune --no-recurse-submodules --depth=1 origin +d26fde97af383a26a52494d4290a7ca081fd28cb:refs/remotes/pull/43/merge
Build, Lint & Test	UNKNOWN STEP	2025-12-27T19:37:53.9811068Z From https://github.com/arcade-cabinet/protocol-silent-night
Build, Lint & Test	UNKNOWN STEP	2025-12-27T19:37:53.9811870Z  * [new ref]         d26fde97af383a26a52494d4290a7ca081fd28cb -> pull/43/merge
Build, Lint & Test	UNKNOWN STEP	2025-12-27T19:37:53.9844066Z ##[endgroup]
Build, Lint & Test	UNKNOWN STEP	2025-12-27T19:37:53.9844866Z ##[group]Determining the checkout info
Build, Lint & Test	UNKNOWN STEP	2025-12-27T19:37:53.9847370Z ##[endgroup]
Build, Lint & Test	UNKNOWN STEP	2025-12-27T19:37:53.9852654Z [command]/usr/bin/git sparse-checkout disable
Build, Lint & Test	UNKNOWN STEP	2025-12-27T19:37:53.9892781Z [command]/usr/bin/git config --local --unset-all extensions.worktreeConfig
Build, Lint & Test	UNKNOWN STEP	2025-12-27T19:37:53.9918984Z ##[group]Checking out the ref
Build, Lint & Test	UNKNOWN STEP	2025-12-27T19:37:53.9923267Z [command]/usr/bin/git checkout --progress --force refs/remotes/pull/43/merge
Build, Lint & Test	UNKNOWN STEP	2025-12-27T19:37:54.0106591Z Note: switching to 'refs/remotes/pull/43/merge'.
Build, Lint & Test	UNKNOWN STEP	2025-12-27T19:37:54.0107305Z 
Build, Lint & Test	UNKNOWN STEP	2025-12-27T19:37:54.0107590Z You are in 'detached HEAD' state. You can look around, make experimental
Build, Lint & Test	UNKNOWN STEP	2025-12-27T19:37:54.0108360Z changes and commit them, and you can discard any commits you make in this
Build, Lint & Test	UNKNOWN STEP	2025-12-27T19:37:54.0108948Z state without impacting any branches by switching back to a branch.
Build, Lint & Test	UNKNOWN STEP	2025-12-27T19:37:54.0109265Z 
Build, Lint & Test	UNKNOWN STEP	2025-12-27T19:37:54.0109494Z If you want to create a new branch to retain commits you create, you may
Build, Lint & Test	UNKNOWN STEP	2025-12-27T19:37:54.0109978Z do so (now or later) by using -c with the switch command. Example:
Build, Lint & Test	UNKNOWN STEP	2025-12-27T19:37:54.0110264Z 
Build, Lint & Test	UNKNOWN STEP	2025-12-27T19:37:54.0110390Z   git switch -c <new-branch-name>
Build, Lint & Test	UNKNOWN STEP	2025-12-27T19:37:54.0110714Z 
Build, Lint & Test	UNKNOWN STEP	2025-12-27T19:37:54.0110915Z Or undo this operation with:
Build, Lint & Test	UNKNOWN STEP	2025-12-27T19:37:54.0111267Z 
Build, Lint & Test	UNKNOWN STEP	2025-12-27T19:37:54.0111459Z   git switch -
Build, Lint & Test	UNKNOWN STEP	2025-12-27T19:37:54.0111824Z 
Build, Lint & Test	UNKNOWN STEP	2025-12-27T19:37:54.0112272Z Turn off this advice by setting config variable advice.detachedHead to false
Build, Lint & Test	UNKNOWN STEP	2025-12-27T19:37:54.0112885Z 
Build, Lint & Test	UNKNOWN STEP	2025-12-27T19:37:54.0113532Z HEAD is now at d26fde9 Merge 86506188bb826a31a26eedd07b56d9e41bf1f1b4 into 3f902832d2301d323949bff08b3fe4c565ca83b7
Build, Lint & Test	UNKNOWN STEP	2025-12-27T19:37:54.0116023Z ##[endgroup]
Build, Lint & Test	UNKNOWN STEP	2025-12-27T19:37:54.0150277Z [command]/usr/bin/git log -1 --format=%H
Build, Lint & Test	UNKNOWN STEP	2025-12-27T19:37:54.0171836Z d26fde97af383a26a52494d4290a7ca081fd28cb
Build, Lint & Test	UNKNOWN STEP	2025-12-27T19:37:54.0363648Z ##[group]Run pnpm/action-setup@v4
Build, Lint & Test	UNKNOWN STEP	2025-12-27T19:37:54.0363967Z with:
Build, Lint & Test	UNKNOWN STEP	2025-12-27T19:37:54.0364167Z   version: 10
Build, Lint & Test	UNKNOWN STEP	2025-12-27T19:37:54.0364387Z   dest: ~/setup-pnpm
Build, Lint & Test	UNKNOWN STEP	2025-12-27T19:37:54.0364617Z   run_install: null
Build, Lint & Test	UNKNOWN STEP	2025-12-27T19:37:54.0364858Z   package_json_file: package.json
Build, Lint & Test	UNKNOWN STEP	2025-12-27T19:37:54.0365122Z   standalone: false
Build, Lint & Test	UNKNOWN STEP	2025-12-27T19:37:54.0365342Z env:
Build, Lint & Test	UNKNOWN STEP	2025-12-27T19:37:54.0365537Z   NODE_VERSION: 20
Build, Lint & Test	UNKNOWN STEP	2025-12-27T19:37:54.0365767Z   PNPM_VERSION: 10
Build, Lint & Test	UNKNOWN STEP	2025-12-27T19:37:54.0365980Z ##[endgroup]
Build, Lint & Test	UNKNOWN STEP	2025-12-27T19:37:54.0906772Z ##[group]Running self-installer...
Build, Lint & Test	UNKNOWN STEP	2025-12-27T19:37:54.6116974Z Progress: resolved 1, reused 0, downloaded 0, added 0
Build, Lint & Test	UNKNOWN STEP	2025-12-27T19:37:54.6203178Z Packages: +1
Build, Lint & Test	UNKNOWN STEP	2025-12-27T19:37:54.6203707Z +
Build, Lint & Test	UNKNOWN STEP	2025-12-27T19:37:55.0505215Z Progress: resolved 1, reused 0, downloaded 1, added 1, done
Build, Lint & Test	UNKNOWN STEP	2025-12-27T19:37:55.0796672Z 
Build, Lint & Test	UNKNOWN STEP	2025-12-27T19:37:55.0797137Z dependencies:
Build, Lint & Test	UNKNOWN STEP	2025-12-27T19:37:55.0798152Z + pnpm 10.26.2
Build, Lint & Test	UNKNOWN STEP	2025-12-27T19:37:55.0798451Z 
Build, Lint & Test	UNKNOWN STEP	2025-12-27T19:37:55.0835023Z Done in 827ms
Build, Lint & Test	UNKNOWN STEP	2025-12-27T19:37:55.1039664Z ##[endgroup]
Build, Lint & Test	UNKNOWN STEP	2025-12-27T19:37:55.1043986Z Installation Completed!
Build, Lint & Test	UNKNOWN STEP	2025-12-27T19:37:55.1197260Z ##[group]Run actions/setup-node@v4
Build, Lint & Test	UNKNOWN STEP	2025-12-27T19:37:55.1197577Z with:
Build, Lint & Test	UNKNOWN STEP	2025-12-27T19:37:55.1197793Z   node-version: 20
Build, Lint & Test	UNKNOWN STEP	2025-12-27T19:37:55.1198190Z   cache: pnpm
Build, Lint & Test	UNKNOWN STEP	2025-12-27T19:37:55.1198413Z   always-auth: false
Build, Lint & Test	UNKNOWN STEP	2025-12-27T19:37:55.1198651Z   check-latest: false
Build, Lint & Test	UNKNOWN STEP	2025-12-27T19:37:55.1199016Z   token: ***
Build, Lint & Test	UNKNOWN STEP	2025-12-27T19:37:55.1199229Z env:
Build, Lint & Test	UNKNOWN STEP	2025-12-27T19:37:55.1199420Z   NODE_VERSION: 20
Build, Lint & Test	UNKNOWN STEP	2025-12-27T19:37:55.1199641Z   PNPM_VERSION: 10
Build, Lint & Test	UNKNOWN STEP	2025-12-27T19:37:55.1199905Z   PNPM_HOME: /home/runner/setup-pnpm/node_modules/.bin
Build, Lint & Test	UNKNOWN STEP	2025-12-27T19:37:55.1200239Z ##[endgroup]
Build, Lint & Test	UNKNOWN STEP	2025-12-27T19:37:55.2951673Z Found in cache @ /opt/hostedtoolcache/node/20.19.6/x64
Build, Lint & Test	UNKNOWN STEP	2025-12-27T19:37:55.2957870Z ##[group]Environment details
Build, Lint & Test	UNKNOWN STEP	2025-12-27T19:37:55.6416804Z node: v20.19.6
Build, Lint & Test	UNKNOWN STEP	2025-12-27T19:37:55.6417401Z npm: 10.8.2
Build, Lint & Test	UNKNOWN STEP	2025-12-27T19:37:55.6417690Z yarn: 1.22.22
Build, Lint & Test	UNKNOWN STEP	2025-12-27T19:37:55.6418438Z ##[endgroup]
Build, Lint & Test	UNKNOWN STEP	2025-12-27T19:37:55.6440994Z [command]/home/runner/setup-pnpm/node_modules/.bin/pnpm store path --silent
Build, Lint & Test	UNKNOWN STEP	2025-12-27T19:37:55.9942346Z /home/runner/setup-pnpm/node_modules/.bin/store/v10
Build, Lint & Test	UNKNOWN STEP	2025-12-27T19:37:56.2758659Z Cache hit for: node-cache-Linux-x64-pnpm-afaa9031c02f1fbc66a03cb87cd0c5ad4733745e9e7e1b20aeaed4cf1d333ddc
Build, Lint & Test	UNKNOWN STEP	2025-12-27T19:37:57.5586875Z Received 4194304 of 106712096 (3.9%), 4.0 MBs/sec
Build, Lint & Test	UNKNOWN STEP	2025-12-27T19:37:58.3563477Z Received 106712096 of 106712096 (100.0%), 56.6 MBs/sec
Build, Lint & Test	UNKNOWN STEP	2025-12-27T19:37:58.3565583Z Cache Size: ~102 MB (106712096 B)
Build, Lint & Test	UNKNOWN STEP	2025-12-27T19:37:58.3680844Z [command]/usr/bin/tar -xf /home/runner/work/_temp/8d77f1f3-2956-4fe8-82c2-1507ef4e5478/cache.tzst -P -C /home/runner/work/protocol-silent-night/protocol-silent-night --use-compress-program unzstd
Build, Lint & Test	UNKNOWN STEP	2025-12-27T19:37:59.5606213Z Cache restored successfully
Build, Lint & Test	UNKNOWN STEP	2025-12-27T19:37:59.5817169Z Cache restored from key: node-cache-Linux-x64-pnpm-afaa9031c02f1fbc66a03cb87cd0c5ad4733745e9e7e1b20aeaed4cf1d333ddc
Build, Lint & Test	UNKNOWN STEP	2025-12-27T19:37:59.5955530Z ##[group]Run pnpm install --frozen-lockfile
Build, Lint & Test	UNKNOWN STEP	2025-12-27T19:37:59.5955926Z [36;1mpnpm install --frozen-lockfile[0m
Build, Lint & Test	UNKNOWN STEP	2025-12-27T19:37:59.5997856Z shell: /usr/bin/bash -e {0}
Build, Lint & Test	UNKNOWN STEP	2025-12-27T19:37:59.5998445Z env:
Build, Lint & Test	UNKNOWN STEP	2025-12-27T19:37:59.5998621Z   NODE_VERSION: 20
Build, Lint & Test	UNKNOWN STEP	2025-12-27T19:37:59.5998819Z   PNPM_VERSION: 10
Build, Lint & Test	UNKNOWN STEP	2025-12-27T19:37:59.5999069Z   PNPM_HOME: /home/runner/setup-pnpm/node_modules/.bin
Build, Lint & Test	UNKNOWN STEP	2025-12-27T19:37:59.5999359Z ##[endgroup]
Build, Lint & Test	UNKNOWN STEP	2025-12-27T19:37:59.9951608Z Lockfile is up to date, resolution step is skipped
Build, Lint & Test	UNKNOWN STEP	2025-12-27T19:38:00.0293082Z Progress: resolved 1, reused 0, downloaded 0, added 0
Build, Lint & Test	UNKNOWN STEP	2025-12-27T19:38:00.0959158Z Packages: +304
Build, Lint & Test	UNKNOWN STEP	2025-12-27T19:38:00.0968622Z ++++++++++++++++++++++++++++++++++++++++++++++++++++++++++++++++++++++++++++++++
Build, Lint & Test	UNKNOWN STEP	2025-12-27T19:38:00.7713548Z Progress: resolved 304, reused 304, downloaded 0, added 304, done
Build, Lint & Test	UNKNOWN STEP	2025-12-27T19:38:01.0926808Z 
Build, Lint & Test	UNKNOWN STEP	2025-12-27T19:38:01.0927374Z dependencies:
Build, Lint & Test	UNKNOWN STEP	2025-12-27T19:38:01.0927871Z + @jbcom/strata 1.4.10
Build, Lint & Test	UNKNOWN STEP	2025-12-27T19:38:01.0928639Z + @react-three/drei 10.7.7
Build, Lint & Test	UNKNOWN STEP	2025-12-27T19:38:01.0929006Z + @react-three/fiber 9.4.2
Build, Lint & Test	UNKNOWN STEP	2025-12-27T19:38:01.0929320Z + @react-three/postprocessing 3.0.4
Build, Lint & Test	UNKNOWN STEP	2025-12-27T19:38:01.0929640Z + @react-three/rapier 2.2.0
Build, Lint & Test	UNKNOWN STEP	2025-12-27T19:38:01.0929904Z + postprocessing 6.38.2
Build, Lint & Test	UNKNOWN STEP	2025-12-27T19:38:01.0930134Z + react 19.2.3
Build, Lint & Test	UNKNOWN STEP	2025-12-27T19:38:01.0930336Z + react-dom 19.2.3
Build, Lint & Test	UNKNOWN STEP	2025-12-27T19:38:01.0930531Z + three 0.182.0
Build, Lint & Test	UNKNOWN STEP	2025-12-27T19:38:01.0930718Z + tone 15.1.22
Build, Lint & Test	UNKNOWN STEP	2025-12-27T19:38:01.0930897Z + yuka 0.7.8
Build, Lint & Test	UNKNOWN STEP	2025-12-27T19:38:01.0931072Z + zustand 5.0.9
Build, Lint & Test	UNKNOWN STEP	2025-12-27T19:38:01.0931189Z 
Build, Lint & Test	UNKNOWN STEP	2025-12-27T19:38:01.0931277Z devDependencies:
Build, Lint & Test	UNKNOWN STEP	2025-12-27T19:38:01.0932296Z + @biomejs/biome 2.3.10
Build, Lint & Test	UNKNOWN STEP	2025-12-27T19:38:01.0932566Z + @playwright/test 1.57.0
Build, Lint & Test	UNKNOWN STEP	2025-12-27T19:38:01.0932857Z + @react-three/test-renderer 9.1.0
Build, Lint & Test	UNKNOWN STEP	2025-12-27T19:38:01.0933174Z + @testing-library/jest-dom 6.9.1
Build, Lint & Test	UNKNOWN STEP	2025-12-27T19:38:01.0933489Z + @testing-library/react 16.3.1
Build, Lint & Test	UNKNOWN STEP	2025-12-27T19:38:01.0933779Z + @testing-library/user-event 14.6.1
Build, Lint & Test	UNKNOWN STEP	2025-12-27T19:38:01.0934053Z + @types/node 25.0.3
Build, Lint & Test	UNKNOWN STEP	2025-12-27T19:38:01.0934329Z + @types/react 19.2.7
Build, Lint & Test	UNKNOWN STEP	2025-12-27T19:38:01.0934564Z + @types/react-dom 19.2.3
Build, Lint & Test	UNKNOWN STEP	2025-12-27T19:38:01.0934801Z + @types/three 0.182.0
Build, Lint & Test	UNKNOWN STEP	2025-12-27T19:38:01.0935030Z + @vitejs/plugin-react 5.1.2
Build, Lint & Test	UNKNOWN STEP	2025-12-27T19:38:01.0935278Z + @vitest/coverage-v8 4.0.16
Build, Lint & Test	UNKNOWN STEP	2025-12-27T19:38:01.0935550Z + @vitest/ui 4.0.16
Build, Lint & Test	UNKNOWN STEP	2025-12-27T19:38:01.0935924Z + happy-dom 20.0.11
Build, Lint & Test	UNKNOWN STEP	2025-12-27T19:38:01.0936378Z + typescript 5.9.3
Build, Lint & Test	UNKNOWN STEP	2025-12-27T19:38:01.0936622Z + vite 7.3.0
Build, Lint & Test	UNKNOWN STEP	2025-12-27T19:38:01.0936807Z + vitest 4.0.16
Build, Lint & Test	UNKNOWN STEP	2025-12-27T19:38:01.0937025Z + xvfb-maybe 0.2.1
Build, Lint & Test	UNKNOWN STEP	2025-12-27T19:38:01.0937140Z 
Build, Lint & Test	UNKNOWN STEP	2025-12-27T19:38:01.1241429Z Done in 1.4s using pnpm v10.26.2
Build, Lint & Test	UNKNOWN STEP	2025-12-27T19:38:01.1453333Z ##[group]Run pnpm lint
Build, Lint & Test	UNKNOWN STEP	2025-12-27T19:38:01.1453602Z [36;1mpnpm lint[0m
Build, Lint & Test	UNKNOWN STEP	2025-12-27T19:38:01.1485644Z shell: /usr/bin/bash -e {0}
Build, Lint & Test	UNKNOWN STEP	2025-12-27T19:38:01.1485882Z env:
Build, Lint & Test	UNKNOWN STEP	2025-12-27T19:38:01.1486050Z   NODE_VERSION: 20
Build, Lint & Test	UNKNOWN STEP	2025-12-27T19:38:01.1486277Z   PNPM_VERSION: 10
Build, Lint & Test	UNKNOWN STEP	2025-12-27T19:38:01.1486527Z   PNPM_HOME: /home/runner/setup-pnpm/node_modules/.bin
Build, Lint & Test	UNKNOWN STEP	2025-12-27T19:38:01.1486805Z ##[endgroup]
Build, Lint & Test	UNKNOWN STEP	2025-12-27T19:38:01.5006713Z 
Build, Lint & Test	UNKNOWN STEP	2025-12-27T19:38:01.5007634Z > protocol-silent-night@1.0.0 lint /home/runner/work/protocol-silent-night/protocol-silent-night
Build, Lint & Test	UNKNOWN STEP	2025-12-27T19:38:01.5008386Z > biome lint .
Build, Lint & Test	UNKNOWN STEP	2025-12-27T19:38:01.5008520Z 
Build, Lint & Test	UNKNOWN STEP	2025-12-27T19:38:01.6676699Z src/__tests__/unit/game/CameraController.test.tsx:31:44 lint/suspicious/noExplicitAny ━━━━━━━━━━━━━━
Build, Lint & Test	UNKNOWN STEP	2025-12-27T19:38:01.6678387Z 
Build, Lint & Test	UNKNOWN STEP	2025-12-27T19:38:01.6678667Z   ! Unexpected any. Specify a different type.
Build, Lint & Test	UNKNOWN STEP	2025-12-27T19:38:01.6679141Z   
Build, Lint & Test	UNKNOWN STEP	2025-12-27T19:38:01.6679561Z     29 │     const camera =
Build, Lint & Test	UNKNOWN STEP	2025-12-27T19:38:01.6680276Z     30 │       renderer.scene.instance.children[0]?.camera ||
Build, Lint & Test	UNKNOWN STEP	2025-12-27T19:38:01.6681345Z   > 31 │       (renderer.scene.allChildren.find((c: any) => (c as any).instance.camera) as any)?.instance
Build, Lint & Test	UNKNOWN STEP	2025-12-27T19:38:01.6682607Z        │                                            ^^^
Build, Lint & Test	UNKNOWN STEP	2025-12-27T19:38:01.6683110Z     32 │         .camera;
Build, Lint & Test	UNKNOWN STEP	2025-12-27T19:38:01.6683526Z     33 │     if (camera) {
Build, Lint & Test	UNKNOWN STEP	2025-12-27T19:38:01.6683864Z   
Build, Lint & Test	UNKNOWN STEP	2025-12-27T19:38:01.6684394Z   i any disables many type checking rules. Its use should be avoided.
Build, Lint & Test	UNKNOWN STEP	2025-12-27T19:38:01.6684954Z   
Build, Lint & Test	UNKNOWN STEP	2025-12-27T19:38:01.6685104Z 
Build, Lint & Test	UNKNOWN STEP	2025-12-27T19:38:01.6685970Z src/__tests__/unit/game/CameraController.test.tsx:31:58 lint/suspicious/noExplicitAny ━━━━━━━━━━━━━━
Build, Lint & Test	UNKNOWN STEP	2025-12-27T19:38:01.6686623Z 
Build, Lint & Test	UNKNOWN STEP	2025-12-27T19:38:01.6686866Z   ! Unexpected any. Specify a different type.
Build, Lint & Test	UNKNOWN STEP	2025-12-27T19:38:01.6687302Z   
Build, Lint & Test	UNKNOWN STEP	2025-12-27T19:38:01.6687635Z     29 │     const camera =
Build, Lint & Test	UNKNOWN STEP	2025-12-27T19:38:01.6688446Z     30 │       renderer.scene.instance.children[0]?.camera ||
Build, Lint & Test	UNKNOWN STEP	2025-12-27T19:38:01.6689519Z   > 31 │       (renderer.scene.allChildren.find((c: any) => (c as any).instance.camera) as any)?.instance
Build, Lint & Test	UNKNOWN STEP	2025-12-27T19:38:01.6690454Z        │                                                          ^^^
Build, Lint & Test	UNKNOWN STEP	2025-12-27T19:38:01.6690971Z     32 │         .camera;
Build, Lint & Test	UNKNOWN STEP	2025-12-27T19:38:01.6691365Z     33 │     if (camera) {
Build, Lint & Test	UNKNOWN STEP	2025-12-27T19:38:01.6691701Z   
Build, Lint & Test	UNKNOWN STEP	2025-12-27T19:38:01.6692211Z   i any disables many type checking rules. Its use should be avoided.
Build, Lint & Test	UNKNOWN STEP	2025-12-27T19:38:01.6692774Z   
Build, Lint & Test	UNKNOWN STEP	2025-12-27T19:38:01.6692935Z 
Build, Lint & Test	UNKNOWN STEP	2025-12-27T19:38:01.6693793Z src/__tests__/unit/game/CameraController.test.tsx:31:83 lint/suspicious/noExplicitAny ━━━━━━━━━━━━━━
Build, Lint & Test	UNKNOWN STEP	2025-12-27T19:38:01.6694450Z 
Build, Lint & Test	UNKNOWN STEP	2025-12-27T19:38:01.6694684Z   ! Unexpected any. Specify a different type.
Build, Lint & Test	UNKNOWN STEP	2025-12-27T19:38:01.6695125Z   
Build, Lint & Test	UNKNOWN STEP	2025-12-27T19:38:01.6695464Z     29 │     const camera =
Build, Lint & Test	UNKNOWN STEP	2025-12-27T19:38:01.6696079Z     30 │       renderer.scene.instance.children[0]?.camera ||
Build, Lint & Test	UNKNOWN STEP	2025-12-27T19:38:01.6697132Z   > 31 │       (renderer.scene.allChildren.find((c: any) => (c as any).instance.camera) as any)?.instance
Build, Lint & Test	UNKNOWN STEP	2025-12-27T19:38:01.6698276Z        │                                                                                   ^^^
Build, Lint & Test	UNKNOWN STEP	2025-12-27T19:38:01.6698808Z     32 │         .camera;
Build, Lint & Test	UNKNOWN STEP	2025-12-27T19:38:01.6699230Z     33 │     if (camera) {
Build, Lint & Test	UNKNOWN STEP	2025-12-27T19:38:01.6699554Z   
Build, Lint & Test	UNKNOWN STEP	2025-12-27T19:38:01.6700161Z   i any disables many type checking rules. Its use should be avoided.
Build, Lint & Test	UNKNOWN STEP	2025-12-27T19:38:01.6700710Z   
Build, Lint & Test	UNKNOWN STEP	2025-12-27T19:38:01.6700854Z 
Build, Lint & Test	UNKNOWN STEP	2025-12-27T19:38:01.6701760Z src/characters/StrataCharacter.tsx:238:53 lint/suspicious/noExplicitAny ━━━━━━━━━━━━━━━━━━━━━━━━━━━━
Build, Lint & Test	UNKNOWN STEP	2025-12-27T19:38:01.6702430Z 
Build, Lint & Test	UNKNOWN STEP	2025-12-27T19:38:01.6702664Z   ! Unexpected any. Specify a different type.
Build, Lint & Test	UNKNOWN STEP	2025-12-27T19:38:01.6703105Z   
Build, Lint & Test	UNKNOWN STEP	2025-12-27T19:38:01.6703574Z     236 │     const furGroups: THREE.Group[] = [];
Build, Lint & Test	UNKNOWN STEP	2025-12-27T19:38:01.6704224Z     237 │     character.root.traverse((child) => {
Build, Lint & Test	UNKNOWN STEP	2025-12-27T19:38:01.6705111Z   > 238 │       if (child instanceof THREE.Group && (child as any).userData.isFurGroup) {
Build, Lint & Test	UNKNOWN STEP	2025-12-27T19:38:01.6706244Z         │                                                     ^^^
Build, Lint & Test	UNKNOWN STEP	2025-12-27T19:38:01.6706686Z     239 │         furGroups.push(child as THREE.Group);
Build, Lint & Test	UNKNOWN STEP	2025-12-27T19:38:01.6707004Z     240 │       }
Build, Lint & Test	UNKNOWN STEP	2025-12-27T19:38:01.6707196Z   
Build, Lint & Test	UNKNOWN STEP	2025-12-27T19:38:01.6707485Z   i any disables many type checking rules. Its use should be avoided.
Build, Lint & Test	UNKNOWN STEP	2025-12-27T19:38:01.6707794Z   
Build, Lint & Test	UNKNOWN STEP	2025-12-27T19:38:01.6707883Z 
Build, Lint & Test	UNKNOWN STEP	2025-12-27T19:38:01.6708392Z Checked 118 files in 121ms. No fixes applied.
Build, Lint & Test	UNKNOWN STEP	2025-12-27T19:38:01.6708692Z Found 4 warnings.
Build, Lint & Test	UNKNOWN STEP	2025-12-27T19:38:01.6908771Z ##[group]Run pnpm test:coverage
Build, Lint & Test	UNKNOWN STEP	2025-12-27T19:38:01.6909097Z [36;1mpnpm test:coverage[0m
Build, Lint & Test	UNKNOWN STEP	2025-12-27T19:38:01.6941495Z shell: /usr/bin/bash -e {0}
Build, Lint & Test	UNKNOWN STEP	2025-12-27T19:38:01.6941729Z env:
Build, Lint & Test	UNKNOWN STEP	2025-12-27T19:38:01.6941893Z   NODE_VERSION: 20
Build, Lint & Test	UNKNOWN STEP	2025-12-27T19:38:01.6942083Z   PNPM_VERSION: 10
Build, Lint & Test	UNKNOWN STEP	2025-12-27T19:38:01.6942349Z   PNPM_HOME: /home/runner/setup-pnpm/node_modules/.bin
Build, Lint & Test	UNKNOWN STEP	2025-12-27T19:38:01.6942629Z ##[endgroup]
Build, Lint & Test	UNKNOWN STEP	2025-12-27T19:38:02.0473559Z 
Build, Lint & Test	UNKNOWN STEP	2025-12-27T19:38:02.0474332Z > protocol-silent-night@1.0.0 test:coverage /home/runner/work/protocol-silent-night/protocol-silent-night
Build, Lint & Test	UNKNOWN STEP	2025-12-27T19:38:02.0475093Z > vitest run --coverage
Build, Lint & Test	UNKNOWN STEP	2025-12-27T19:38:02.0475297Z 
Build, Lint & Test	UNKNOWN STEP	2025-12-27T19:38:02.4497696Z 
Build, Lint & Test	UNKNOWN STEP	2025-12-27T19:38:02.4501463Z [1m[46m RUN [49m[22m [36mv4.0.16 [39m[90m/home/runner/work/protocol-silent-night/protocol-silent-night[39m
Build, Lint & Test	UNKNOWN STEP	2025-12-27T19:38:02.4502611Z       [2mCoverage enabled with [22m[33mv8[39m
Build, Lint & Test	UNKNOWN STEP	2025-12-27T19:38:02.4502995Z 
Build, Lint & Test	UNKNOWN STEP	2025-12-27T19:38:04.4500065Z  [32m✓[39m src/__tests__/integration/game-flow.test.ts [2m([22m[2m16 tests[22m[2m)[22m[32m 37[2mms[22m[39m
Build, Lint & Test	UNKNOWN STEP	2025-12-27T19:38:04.4535678Z  [32m✓[39m src/__tests__/unit/gameStore.test.ts [2m([22m[2m44 tests[22m[2m)[22m[32m 31[2mms[22m[39m
Build, Lint & Test	UNKNOWN STEP	2025-12-27T19:38:04.5018343Z [90mstderr[2m | src/__tests__/unit/ui/InputControls.test.tsx[2m > [22m[2mInputControls[2m > [22m[2mKeyboard Input[2m > [22m[2mshould be case-insensitive for keyboard input
Build, Lint & Test	UNKNOWN STEP	2025-12-27T19:38:04.5024481Z [22m[39mAn update to InputControls inside a test was not wrapped in act(...).
Build, Lint & Test	UNKNOWN STEP	2025-12-27T19:38:04.5029147Z 
Build, Lint & Test	UNKNOWN STEP	2025-12-27T19:38:04.5033497Z When testing, code that causes React state updates should be wrapped into act(...):
Build, Lint & Test	UNKNOWN STEP	2025-12-27T19:38:04.5038199Z 
Build, Lint & Test	UNKNOWN STEP	2025-12-27T19:38:04.5040836Z act(() => {
Build, Lint & Test	UNKNOWN STEP	2025-12-27T19:38:04.5043590Z   /* fire events that update state */
Build, Lint & Test	UNKNOWN STEP	2025-12-27T19:38:04.5045285Z });
Build, Lint & Test	UNKNOWN STEP	2025-12-27T19:38:04.5047549Z /* assert on the output */
Build, Lint & Test	UNKNOWN STEP	2025-12-27T19:38:04.5050189Z 
Build, Lint & Test	UNKNOWN STEP	2025-12-27T19:38:04.5052699Z This ensures that you're testing the behavior the user would see in the browser. Learn more at https://react.dev/link/wrap-tests-with-act
Build, Lint & Test	UNKNOWN STEP	2025-12-27T19:38:04.5057026Z 
Build, Lint & Test	UNKNOWN STEP	2025-12-27T19:38:04.5058721Z [90mstderr[2m | src/__tests__/unit/ui/InputControls.test.tsx[2m > [22m[2mInputControls[2m > [22m[2mKeyboard Input[2m > [22m[2mshould prevent default for game keys
Build, Lint & Test	UNKNOWN STEP	2025-12-27T19:38:04.5060445Z [22m[39mAn update to InputControls inside a test was not wrapped in act(...).
Build, Lint & Test	UNKNOWN STEP	2025-12-27T19:38:04.5060999Z 
Build, Lint & Test	UNKNOWN STEP	2025-12-27T19:38:04.5061591Z When testing, code that causes React state updates should be wrapped into act(...):
Build, Lint & Test	UNKNOWN STEP	2025-12-27T19:38:04.5062161Z 
Build, Lint & Test	UNKNOWN STEP	2025-12-27T19:38:04.5062325Z act(() => {
Build, Lint & Test	UNKNOWN STEP	2025-12-27T19:38:04.5062744Z   /* fire events that update state */
Build, Lint & Test	UNKNOWN STEP	2025-12-27T19:38:04.5063198Z });
Build, Lint & Test	UNKNOWN STEP	2025-12-27T19:38:04.5063565Z /* assert on the output */
Build, Lint & Test	UNKNOWN STEP	2025-12-27T19:38:04.5063839Z 
Build, Lint & Test	UNKNOWN STEP	2025-12-27T19:38:04.5064854Z This ensures that you're testing the behavior the user would see in the browser. Learn more at https://react.dev/link/wrap-tests-with-act
Build, Lint & Test	UNKNOWN STEP	2025-12-27T19:38:04.5065733Z 
Build, Lint & Test	UNKNOWN STEP	2025-12-27T19:38:04.5851721Z [90mstderr[2m | src/__tests__/unit/ui/InputControls.test.tsx[2m > [22m[2mInputControls[2m > [22m[2mIntegration Scenarios[2m > [22m[2mshould handle simultaneous keyboard and touch input
Build, Lint & Test	UNKNOWN STEP	2025-12-27T19:38:04.5853643Z [22m[39mAn update to InputControls inside a test was not wrapped in act(...).
Build, Lint & Test	UNKNOWN STEP	2025-12-27T19:38:04.5854195Z 
Build, Lint & Test	UNKNOWN STEP	2025-12-27T19:38:04.5854796Z When testing, code that causes React state updates should be wrapped into act(...):
Build, Lint & Test	UNKNOWN STEP	2025-12-27T19:38:04.5855375Z 
Build, Lint & Test	UNKNOWN STEP	2025-12-27T19:38:04.5855524Z act(() => {
Build, Lint & Test	UNKNOWN STEP	2025-12-27T19:38:04.5855945Z   /* fire events that update state */
Build, Lint & Test	UNKNOWN STEP	2025-12-27T19:38:04.5856395Z });
Build, Lint & Test	UNKNOWN STEP	2025-12-27T19:38:04.5856747Z /* assert on the output */
Build, Lint & Test	UNKNOWN STEP	2025-12-27T19:38:04.5857043Z 
Build, Lint & Test	UNKNOWN STEP	2025-12-27T19:38:04.5858331Z This ensures that you're testing the behavior the user would see in the browser. Learn more at https://react.dev/link/wrap-tests-with-act
Build, Lint & Test	UNKNOWN STEP	2025-12-27T19:38:04.5859229Z 
Build, Lint & Test	UNKNOWN STEP	2025-12-27T19:38:04.6607064Z  [32m✓[39m src/__tests__/unit/ui/InputControls.test.tsx [2m([22m[2m32 tests[22m[2m)[22m[32m 188[2mms[22m[39m
Build, Lint & Test	UNKNOWN STEP	2025-12-27T19:38:05.4673184Z [90mstderr[2m | src/__tests__/unit/utils/haptics.test.ts[2m > [22m[2mHaptics Utility[2m > [22m[2mtriggerHaptic[2m > [22m[2mshould handle vibrate API errors gracefully
Build, Lint & Test	UNKNOWN STEP	2025-12-27T19:38:05.4678335Z [22m[39mHaptic feedback failed: Error: Vibration not allowed
Build, Lint & Test	UNKNOWN STEP	2025-12-27T19:38:05.4683472Z     at Navigator.<anonymous> [90m(/home/runner/work/protocol-silent-night/protocol-silent-night/[39msrc/__tests__/unit/utils/haptics.test.ts:111:15[90m)[39m
Build, Lint & Test	UNKNOWN STEP	2025-12-27T19:38:05.4689538Z     at Navigator.Mock [90m(file:///home/runner/work/protocol-silent-night/protocol-silent-night/[39mnode_modules/[4m.pnpm[24m/@vitest+spy@4.0.16/node_modules/[4m@vitest/spy[24m/dist/index.js:285:34[90m)[39m
Build, Lint & Test	UNKNOWN STEP	2025-12-27T19:38:05.4693719Z     at triggerHaptic [90m(/home/runner/work/protocol-silent-night/protocol-silent-night/[39msrc/utils/haptics.ts:35:15[90m)[39m
Build, Lint & Test	UNKNOWN STEP	2025-12-27T19:38:05.4696655Z     at [90m/home/runner/work/protocol-silent-night/protocol-silent-night/[39msrc/__tests__/unit/utils/haptics.test.ts:114:20
Build, Lint & Test	UNKNOWN STEP	2025-12-27T19:38:05.4702646Z     at Proxy.assertThrows [90m(file:///home/runner/work/protocol-silent-night/protocol-silent-night/[39mnode_modules/[4m.pnpm[24m/chai@6.2.2/node_modules/[4mchai[24m/index.js:2798:5[90m)[39m
Build, Lint & Test	UNKNOWN STEP	2025-12-27T19:38:05.4705949Z     at Proxy.methodWrapper [90m(file:///home/runner/work/protocol-silent-night/protocol-silent-night/[39mnode_modules/[4m.pnpm[24m/chai@6.2.2/node_modules/[4mchai[24m/index.js:1700:25[90m)[39m
Build, Lint & Test	UNKNOWN STEP	2025-12-27T19:38:05.4709162Z     at Proxy.<anonymous> [90m(file:///home/runner/work/protocol-silent-night/protocol-silent-night/[39mnode_modules/[4m.pnpm[24m/@vitest+expect@4.0.16/node_modules/[4m@vitest/expect[24m/dist/index.js:1149:12[90m)[39m
Build, Lint & Test	UNKNOWN STEP	2025-12-27T19:38:05.4712415Z     at Proxy.overwritingMethodWrapper [90m(file:///home/runner/work/protocol-silent-night/protocol-silent-night/[39mnode_modules/[4m.pnpm[24m/chai@6.2.2/node_modules/[4mchai[24m/index.js:1750:33[90m)[39m
Build, Lint & Test	UNKNOWN STEP	2025-12-27T19:38:05.4718170Z     at Proxy.<anonymous> [90m(file:///home/runner/work/protocol-silent-night/protocol-silent-night/[39mnode_modules/[4m.pnpm[24m/@vitest+expect@4.0.16/node_modules/[4m@vitest/expect[24m/dist/index.js:1485:16[90m)[39m
Build, Lint & Test	UNKNOWN STEP	2025-12-27T19:38:05.4721191Z     at Proxy.<anonymous> [90m(file:///home/runner/work/protocol-silent-night/protocol-silent-night/[39mnode_modules/[4m.pnpm[24m/@vitest+expect@4.0.16/node_modules/[4m@vitest/expect[24m/dist/index.js:1090:14[90m)[39m
Build, Lint & Test	UNKNOWN STEP	2025-12-27T19:38:05.4722522Z 
Build, Lint & Test	UNKNOWN STEP	2025-12-27T19:38:05.5189146Z  [32m✓[39m src/__tests__/unit/utils/haptics.test.ts [2m([22m[2m29 tests[22m[2m)[22m[32m 45[2mms[22m[39m
Build, Lint & Test	UNKNOWN STEP	2025-12-27T19:38:05.6383202Z  [32m✓[39m src/__tests__/unit/gameStore-entities.test.ts [2m([22m[2m34 tests[22m[2m)[22m[32m 29[2mms[22m[39m
Build, Lint & Test	UNKNOWN STEP	2025-12-27T19:38:06.3780857Z  [32m✓[39m src/__tests__/unit/App.test.tsx [2m([22m[2m19 tests[22m[2m)[22m[32m 192[2mms[22m[39m
Build, Lint & Test	UNKNOWN STEP	2025-12-27T19:38:06.5420165Z  [32m✓[39m src/__tests__/unit/types.test.ts [2m([22m[2m32 tests[22m[2m)[22m[32m 18[2mms[22m[39m
Build, Lint & Test	UNKNOWN STEP	2025-12-27T19:38:07.0683415Z  [32m✓[39m src/__tests__/unit/ui/EndScreen.test.tsx [2m([22m[2m19 tests[22m[2m)[22m[32m 192[2mms[22m[39m
Build, Lint & Test	UNKNOWN STEP	2025-12-27T19:38:07.7137806Z  [32m✓[39m src/__tests__/unit/ui/LevelUpScreen.test.tsx [2m([22m[2m9 tests[22m[2m)[22m[32m 89[2mms[22m[39m
Build, Lint & Test	UNKNOWN STEP	2025-12-27T19:38:07.8907825Z [90mstderr[2m | src/__tests__/unit/ui/HUD.test.tsx[2m > [22m[2mHUD Component[2m > [22m[2mshould update health display when damaged
Build, Lint & Test	UNKNOWN STEP	2025-12-27T19:38:07.8909551Z [22m[39mAn update to HUD inside a test was not wrapped in act(...).
Build, Lint & Test	UNKNOWN STEP	2025-12-27T19:38:07.8910088Z 
Build, Lint & Test	UNKNOWN STEP	2025-12-27T19:38:07.8910667Z When testing, code that causes React state updates should be wrapped into act(...):
Build, Lint & Test	UNKNOWN STEP	2025-12-27T19:38:07.8911248Z 
Build, Lint & Test	UNKNOWN STEP	2025-12-27T19:38:07.8911406Z act(() => {
Build, Lint & Test	UNKNOWN STEP	2025-12-27T19:38:07.8911834Z   /* fire events that update state */
Build, Lint & Test	UNKNOWN STEP	2025-12-27T19:38:07.8912284Z });
Build, Lint & Test	UNKNOWN STEP	2025-12-27T19:38:07.8913098Z /* assert on the output */
Build, Lint & Test	UNKNOWN STEP	2025-12-27T19:38:07.8913414Z 
Build, Lint & Test	UNKNOWN STEP	2025-12-27T19:38:07.8914407Z This ensures that you're testing the behavior the user would see in the browser. Learn more at https://react.dev/link/wrap-tests-with-act
Build, Lint & Test	UNKNOWN STEP	2025-12-27T19:38:07.8915301Z 
Build, Lint & Test	UNKNOWN STEP	2025-12-27T19:38:08.0858992Z  [32m✓[39m src/__tests__/unit/ui/HUD.test.tsx [2m([22m[2m14 tests[22m[2m)[22m[32m 219[2mms[22m[39m
Build, Lint & Test	UNKNOWN STEP	2025-12-27T19:38:08.1520277Z  [32m✓[39m src/__tests__/unit/main.test.tsx [2m([22m[2m15 tests[22m[2m)[22m[32m 19[2mms[22m[39m
Build, Lint & Test	UNKNOWN STEP	2025-12-27T19:38:09.5758420Z [90mstdout[2m | src/__tests__/unit/ui/StartScreen.test.tsx[2m > [22m[2mStartScreen Component[2m > [22m[2mshould select Santa when button clicked
Build, Lint & Test	UNKNOWN STEP	2025-12-27T19:38:09.5760727Z [22m[39m🎵 Audio system initialized
Build, Lint & Test	UNKNOWN STEP	2025-12-27T19:38:09.5761405Z 
Build, Lint & Test	UNKNOWN STEP	2025-12-27T19:38:09.6563552Z  [32m✓[39m src/__tests__/unit/ui/AudioSettings.test.tsx [2m([22m[2m9 tests[22m[2m)[22m[32m 193[2mms[22m[39m
Build, Lint & Test	UNKNOWN STEP	2025-12-27T19:38:09.6820038Z [90mstderr[2m | src/__tests__/unit/game/Bullets.test.tsx
Build, Lint & Test	UNKNOWN STEP	2025-12-27T19:38:09.6929403Z [22m[39mTHREE.WARNING: Multiple instances of Three.js being imported.
Build, Lint & Test	UNKNOWN STEP	2025-12-27T19:38:09.6930208Z 
Build, Lint & Test	UNKNOWN STEP	2025-12-27T19:38:09.7029309Z  [32m✓[39m src/__tests__/unit/ui/StartScreen.test.tsx [2m([22m[2m15 tests[22m[2m)[22m[33m 314[2mms[22m[39m
Build, Lint & Test	UNKNOWN STEP	2025-12-27T19:38:09.9048713Z  [32m✓[39m src/__tests__/unit/game/Bullets.test.tsx [2m([22m[2m3 tests[22m[2m)[22m[32m 88[2mms[22m[39m
Build, Lint & Test	UNKNOWN STEP	2025-12-27T19:38:10.8245998Z Sourcemap for "/home/runner/work/protocol-silent-night/protocol-silent-night/node_modules/.pnpm/@jbcom+strata@1.4.10_@react-three+drei@10.7.7_@react-three+fiber@9.4.2_@types+react@19._ae8a5c1856eada58be21737c94859724/node_modules/@jbcom/strata/dist/index.js" points to missing source files
Build, Lint & Test	UNKNOWN STEP	2025-12-27T19:38:10.9920305Z [90mstdout[2m | src/__tests__/unit/audio/AudioManager.test.ts[2m > [22m[2mAudioManager[2m > [22m[2mshould initialize correctly
Build, Lint & Test	UNKNOWN STEP	2025-12-27T19:38:10.9938799Z [22m[39m🎵 Audio system initialized
Build, Lint & Test	UNKNOWN STEP	2025-12-27T19:38:10.9939119Z 
Build, Lint & Test	UNKNOWN STEP	2025-12-27T19:38:10.9940511Z [90mstdout[2m | src/__tests__/unit/audio/AudioManager.test.ts[2m > [22m[2mAudioManager[2m > [22m[2mshould be idempotent during initialization
Build, Lint & Test	UNKNOWN STEP	2025-12-27T19:38:10.9941804Z [22m[39m🎵 Audio system initialized
Build, Lint & Test	UNKNOWN STEP	2025-12-27T19:38:10.9942236Z 
Build, Lint & Test	UNKNOWN STEP	2025-12-27T19:38:10.9943538Z [90mstdout[2m | src/__tests__/unit/audio/AudioManager.test.ts[2m > [22m[2mAudioManager[2m > [22m[2mshould toggle music
Build, Lint & Test	UNKNOWN STEP	2025-12-27T19:38:10.9944579Z [22m[39m🎵 Audio system initialized
Build, Lint & Test	UNKNOWN STEP	2025-12-27T19:38:10.9945130Z 
Build, Lint & Test	UNKNOWN STEP	2025-12-27T19:38:10.9985486Z [90mstdout[2m | src/__tests__/unit/audio/AudioManager.test.ts[2m > [22m[2mAudioManager[2m > [22m[2mshould toggle SFX
Build, Lint & Test	UNKNOWN STEP	2025-12-27T19:38:10.9986716Z [22m[39m🎵 Audio system initialized
Build, Lint & Test	UNKNOWN STEP	2025-12-27T19:38:10.9987017Z 
Build, Lint & Test	UNKNOWN STEP	2025-12-27T19:38:10.9992540Z [90mstdout[2m | src/__tests__/unit/audio/AudioManager.test.ts[2m > [22m[2mAudioManager[2m > [22m[2mshould set volumes correctly
Build, Lint & Test	UNKNOWN STEP	2025-12-27T19:38:10.9993890Z [22m[39m🎵 Audio system initialized
Build, Lint & Test	UNKNOWN STEP	2025-12-27T19:38:10.9994318Z 
Build, Lint & Test	UNKNOWN STEP	2025-12-27T19:38:11.0000127Z [90mstdout[2m | src/__tests__/unit/audio/AudioManager.test.ts[2m > [22m[2mAudioManager[2m > [22m[2mshould play all music tracks
Build, Lint & Test	UNKNOWN STEP	2025-12-27T19:38:11.0001245Z [22m[39m🎵 Audio system initialized
Build, Lint & Test	UNKNOWN STEP	2025-12-27T19:38:11.0001549Z 
Build, Lint & Test	UNKNOWN STEP	2025-12-27T19:38:11.0026250Z [90mstdout[2m | src/__tests__/unit/audio/AudioManager.test.ts[2m > [22m[2mAudioManager[2m > [22m[2mshould stop music
Build, Lint & Test	UNKNOWN STEP	2025-12-27T19:38:11.0027702Z [22m[39m🎵 Audio system initialized
Build, Lint & Test	UNKNOWN STEP	2025-12-27T19:38:11.0028270Z 
Build, Lint & Test	UNKNOWN STEP	2025-12-27T19:38:11.0033333Z [90mstdout[2m | src/__tests__/unit/audio/AudioManager.test.ts[2m > [22m[2mAudioManager[2m > [22m[2mshould play all SFX
Build, Lint & Test	UNKNOWN STEP	2025-12-27T19:38:11.0034389Z [22m[39m🎵 Audio system initialized
Build, Lint & Test	UNKNOWN STEP	2025-12-27T19:38:11.0034799Z 
Build, Lint & Test	UNKNOWN STEP	2025-12-27T19:38:11.0099770Z [90mstdout[2m | src/__tests__/unit/audio/AudioManager.test.ts[2m > [22m[2mAudioManager[2m > [22m[2mshould not play music if disabled
Build, Lint & Test	UNKNOWN STEP	2025-12-27T19:38:11.0108916Z [22m[39m🎵 Audio system initialized
Build, Lint & Test	UNKNOWN STEP	2025-12-27T19:38:11.0109935Z 
Build, Lint & Test	UNKNOWN STEP	2025-12-27T19:38:11.0457262Z  [32m✓[39m src/__tests__/unit/audio/AudioManager.test.ts [2m([22m[2m9 tests[22m[2m)[22m[32m 34[2mms[22m[39m
Build, Lint & Test	UNKNOWN STEP	2025-12-27T19:38:11.1098816Z [90mstderr[2m | src/__tests__/unit/game/Terrain.test.tsx
Build, Lint & Test	UNKNOWN STEP	2025-12-27T19:38:11.1100342Z [22m[39mTHREE.WARNING: Multiple instances of Three.js being imported.
Build, Lint & Test	UNKNOWN STEP	2025-12-27T19:38:11.1101111Z 
Build, Lint & Test	UNKNOWN STEP	2025-12-27T19:38:11.4497790Z [90mstderr[2m | src/__tests__/unit/ui/BossHUD.test.tsx[2m > [22m[2mBossHUD Component[2m > [22m[2mshould update health display when boss takes damage
Build, Lint & Test	UNKNOWN STEP	2025-12-27T19:38:11.4499978Z [22m[39mAn update to BossHUD inside a test was not wrapped in act(...).
Build, Lint & Test	UNKNOWN STEP	2025-12-27T19:38:11.4502164Z 
Build, Lint & Test	UNKNOWN STEP	2025-12-27T19:38:11.4520318Z When testing, code that causes React state updates should be wrapped into act(...):
Build, Lint & Test	UNKNOWN STEP	2025-12-27T19:38:11.4522278Z 
Build, Lint & Test	UNKNOWN STEP	2025-12-27T19:38:11.4522457Z act(() => {
Build, Lint & Test	UNKNOWN STEP	2025-12-27T19:38:11.4522906Z   /* fire events that update state */
Build, Lint & Test	UNKNOWN STEP	2025-12-27T19:38:11.4523374Z });
Build, Lint & Test	UNKNOWN STEP	2025-12-27T19:38:11.4523760Z /* assert on the output */
Build, Lint & Test	UNKNOWN STEP	2025-12-27T19:38:11.4524052Z 
Build, Lint & Test	UNKNOWN STEP	2025-12-27T19:38:11.4525034Z This ensures that you're testing the behavior the user would see in the browser. Learn more at https://react.dev/link/wrap-tests-with-act
Build, Lint & Test	UNKNOWN STEP	2025-12-27T19:38:11.4525933Z 
Build, Lint & Test	UNKNOWN STEP	2025-12-27T19:38:11.5040104Z  [32m✓[39m src/__tests__/unit/ui/BossHUD.test.tsx [2m([22m[2m9 tests[22m[2m)[22m[32m 99[2mms[22m[39m
Build, Lint & Test	UNKNOWN STEP	2025-12-27T19:38:11.7330607Z  [32m✓[39m src/__tests__/unit/game/Terrain.test.tsx [2m([22m[2m3 tests[22m[2m)[22m[33m 507[2mms[22m[39m
Build, Lint & Test	UNKNOWN STEP	2025-12-27T19:38:12.5431411Z [90mstderr[2m | src/__tests__/unit/game/Spawning.test.tsx
Build, Lint & Test	UNKNOWN STEP	2025-12-27T19:38:12.5436406Z [22m[39mTHREE.WARNING: Multiple instances of Three.js being imported.
Build, Lint & Test	UNKNOWN STEP	2025-12-27T19:38:12.5448501Z 
Build, Lint & Test	UNKNOWN STEP	2025-12-27T19:38:12.9285651Z  [32m✓[39m src/__tests__/unit/ui/MissionBriefing.test.tsx [2m([22m[2m5 tests[22m[2m)[22m[32m 88[2mms[22m[39m
Build, Lint & Test	UNKNOWN STEP	2025-12-27T19:38:13.0280770Z  [32m✓[39m src/__tests__/unit/ui/index.test.ts [2m([22m[2m13 tests[22m[2m)[22m[32m 7[2mms[22m[39m
Build, Lint & Test	UNKNOWN STEP	2025-12-27T19:38:13.8774736Z [90mstderr[2m | src/__tests__/unit/game/Enemies.test.tsx
Build, Lint & Test	UNKNOWN STEP	2025-12-27T19:38:13.8777095Z [22m[39mTHREE.WARNING: Multiple instances of Three.js being imported.
Build, Lint & Test	UNKNOWN STEP	2025-12-27T19:38:13.8777624Z 
Build, Lint & Test	UNKNOWN STEP	2025-12-27T19:38:13.9382540Z [90mstderr[2m | src/__tests__/unit/game/Enemies.test.tsx[2m > [22m[2mEnemies Component[2m > [22m[2mshould render enemies and handle movement
Build, Lint & Test	UNKNOWN STEP	2025-12-27T19:38:13.9384139Z [22m[39mAn update to Enemies inside a test was not wrapped in act(...).
Build, Lint & Test	UNKNOWN STEP	2025-12-27T19:38:13.9384670Z 
Build, Lint & Test	UNKNOWN STEP	2025-12-27T19:38:13.9385268Z When testing, code that causes React state updates should be wrapped into act(...):
Build, Lint & Test	UNKNOWN STEP	2025-12-27T19:38:13.9385845Z 
Build, Lint & Test	UNKNOWN STEP	2025-12-27T19:38:13.9386040Z act(() => {
Build, Lint & Test	UNKNOWN STEP	2025-12-27T19:38:13.9386467Z   /* fire events that update state */
Build, Lint & Test	UNKNOWN STEP	2025-12-27T19:38:13.9386908Z });
Build, Lint & Test	UNKNOWN STEP	2025-12-27T19:38:13.9387294Z /* assert on the output */
Build, Lint & Test	UNKNOWN STEP	2025-12-27T19:38:13.9387579Z 
Build, Lint & Test	UNKNOWN STEP	2025-12-27T19:38:13.9388804Z This ensures that you're testing the behavior the user would see in the browser. Learn more at https://react.dev/link/wrap-tests-with-act
Build, Lint & Test	UNKNOWN STEP	2025-12-27T19:38:13.9390107Z An update to Enemies inside a test was not wrapped in act(...).
Build, Lint & Test	UNKNOWN STEP	2025-12-27T19:38:13.9390564Z 
Build, Lint & Test	UNKNOWN STEP	2025-12-27T19:38:13.9391171Z When testing, code that causes React state updates should be wrapped into act(...):
Build, Lint & Test	UNKNOWN STEP	2025-12-27T19:38:13.9391752Z 
Build, Lint & Test	UNKNOWN STEP	2025-12-27T19:38:13.9391905Z act(() => {
Build, Lint & Test	UNKNOWN STEP	2025-12-27T19:38:13.9392290Z   /* fire events that update state */
Build, Lint & Test	UNKNOWN STEP	2025-12-27T19:38:13.9392731Z });
Build, Lint & Test	UNKNOWN STEP	2025-12-27T19:38:13.9393079Z /* assert on the output */
Build, Lint & Test	UNKNOWN STEP	2025-12-27T19:38:13.9393354Z 
Build, Lint & Test	UNKNOWN STEP	2025-12-27T19:38:13.9394338Z This ensures that you're testing the behavior the user would see in the browser. Learn more at https://react.dev/link/wrap-tests-with-act
Build, Lint & Test	UNKNOWN STEP	2025-12-27T19:38:13.9395654Z An update to Enemies inside a test was not wrapped in act(...).
Build, Lint & Test	UNKNOWN STEP	2025-12-27T19:38:13.9396120Z 
Build, Lint & Test	UNKNOWN STEP	2025-12-27T19:38:13.9396696Z When testing, code that causes React state updates should be wrapped into act(...):
Build, Lint & Test	UNKNOWN STEP	2025-12-27T19:38:13.9397299Z 
Build, Lint & Test	UNKNOWN STEP	2025-12-27T19:38:13.9397445Z act(() => {
Build, Lint & Test	UNKNOWN STEP	2025-12-27T19:38:13.9398489Z   /* fire events that update state */
Build, Lint & Test	UNKNOWN STEP	2025-12-27T19:38:13.9399001Z });
Build, Lint & Test	UNKNOWN STEP	2025-12-27T19:38:13.9399356Z /* assert on the output */
Build, Lint & Test	UNKNOWN STEP	2025-12-27T19:38:13.9399621Z 
Build, Lint & Test	UNKNOWN STEP	2025-12-27T19:38:13.9400593Z This ensures that you're testing the behavior the user would see in the browser. Learn more at https://react.dev/link/wrap-tests-with-act
Build, Lint & Test	UNKNOWN STEP	2025-12-27T19:38:13.9401933Z An update to Enemies inside a test was not wrapped in act(...).
Build, Lint & Test	UNKNOWN STEP	2025-12-27T19:38:13.9402381Z 
Build, Lint & Test	UNKNOWN STEP	2025-12-27T19:38:13.9402944Z When testing, code that causes React state updates should be wrapped into act(...):
Build, Lint & Test	UNKNOWN STEP	2025-12-27T19:38:13.9403504Z 
Build, Lint & Test	UNKNOWN STEP	2025-12-27T19:38:13.9403646Z act(() => {
Build, Lint & Test	UNKNOWN STEP	2025-12-27T19:38:13.9404036Z   /* fire events that update state */
Build, Lint & Test	UNKNOWN STEP	2025-12-27T19:38:13.9404786Z });
Build, Lint & Test	UNKNOWN STEP	2025-12-27T19:38:13.9405151Z /* assert on the output */
Build, Lint & Test	UNKNOWN STEP	2025-12-27T19:38:13.9405428Z 
Build, Lint & Test	UNKNOWN STEP	2025-12-27T19:38:13.9406414Z This ensures that you're testing the behavior the user would see in the browser. Learn more at https://react.dev/link/wrap-tests-with-act
Build, Lint & Test	UNKNOWN STEP	2025-12-27T19:38:13.9407736Z An update to Enemies inside a test was not wrapped in act(...).
Build, Lint & Test	UNKNOWN STEP	2025-12-27T19:38:13.9408418Z 
Build, Lint & Test	UNKNOWN STEP	2025-12-27T19:38:13.9408996Z When testing, code that causes React state updates should be wrapped into act(...):
Build, Lint & Test	UNKNOWN STEP	2025-12-27T19:38:13.9409579Z 
Build, Lint & Test	UNKNOWN STEP	2025-12-27T19:38:13.9409721Z act(() => {
Build, Lint & Test	UNKNOWN STEP	2025-12-27T19:38:13.9410122Z   /* fire events that update state */
Build, Lint & Test	UNKNOWN STEP	2025-12-27T19:38:13.9410553Z });
Build, Lint & Test	UNKNOWN STEP	2025-12-27T19:38:13.9410896Z /* assert on the output */
Build, Lint & Test	UNKNOWN STEP	2025-12-27T19:38:13.9411165Z 
Build, Lint & Test	UNKNOWN STEP	2025-12-27T19:38:13.9412124Z This ensures that you're testing the behavior the user would see in the browser. Learn more at https://react.dev/link/wrap-tests-with-act
Build, Lint & Test	UNKNOWN STEP	2025-12-27T19:38:13.9412991Z 
Build, Lint & Test	UNKNOWN STEP	2025-12-27T19:38:13.9439439Z [90mstderr[2m | src/__tests__/unit/game/Enemies.test.tsx[2m > [22m[2mEnemies Component[2m > [22m[2mshould damage player on collision
Build, Lint & Test	UNKNOWN STEP	2025-12-27T19:38:13.9440839Z [22m[39mAn update to Enemies inside a test was not wrapped in act(...).
Build, Lint & Test	UNKNOWN STEP	2025-12-27T19:38:13.9441328Z 
Build, Lint & Test	UNKNOWN STEP	2025-12-27T19:38:13.9441880Z When testing, code that causes React state updates should be wrapped into act(...):
Build, Lint & Test	UNKNOWN STEP	2025-12-27T19:38:13.9442459Z 
Build, Lint & Test	UNKNOWN STEP	2025-12-27T19:38:13.9442613Z act(() => {
Build, Lint & Test	UNKNOWN STEP	2025-12-27T19:38:13.9443019Z   /* fire events that update state */
Build, Lint & Test	UNKNOWN STEP	2025-12-27T19:38:13.9443457Z });
Build, Lint & Test	UNKNOWN STEP	2025-12-27T19:38:13.9443794Z /* assert on the output */
Build, Lint & Test	UNKNOWN STEP	2025-12-27T19:38:13.9444047Z 
Build, Lint & Test	UNKNOWN STEP	2025-12-27T19:38:13.9444994Z This ensures that you're testing the behavior the user would see in the browser. Learn more at https://react.dev/link/wrap-tests-with-act
Build, Lint & Test	UNKNOWN STEP	2025-12-27T19:38:13.9446267Z An update to Enemies inside a test was not wrapped in act(...).
Build, Lint & Test	UNKNOWN STEP	2025-12-27T19:38:13.9446727Z 
Build, Lint & Test	UNKNOWN STEP	2025-12-27T19:38:13.9447306Z When testing, code that causes React state updates should be wrapped into act(...):
Build, Lint & Test	UNKNOWN STEP	2025-12-27T19:38:13.9447895Z 
Build, Lint & Test	UNKNOWN STEP	2025-12-27T19:38:13.9448264Z act(() => {
Build, Lint & Test	UNKNOWN STEP	2025-12-27T19:38:13.9448666Z   /* fire events that update state */
Build, Lint & Test	UNKNOWN STEP	2025-12-27T19:38:13.9449092Z });
Build, Lint & Test	UNKNOWN STEP	2025-12-27T19:38:13.9449431Z /* assert on the output */
Build, Lint & Test	UNKNOWN STEP	2025-12-27T19:38:13.9449695Z 
Build, Lint & Test	UNKNOWN STEP	2025-12-27T19:38:13.9450661Z This ensures that you're testing the behavior the user would see in the browser. Learn more at https://react.dev/link/wrap-tests-with-act
Build, Lint & Test	UNKNOWN STEP	2025-12-27T19:38:13.9451516Z 
Build, Lint & Test	UNKNOWN STEP	2025-12-27T19:38:13.9620978Z [90mstderr[2m | src/__tests__/unit/characters/PlayerController.test.tsx
Build, Lint & Test	UNKNOWN STEP	2025-12-27T19:38:13.9622058Z [22m[39mTHREE.WARNING: Multiple instances of Three.js being imported.
Build, Lint & Test	UNKNOWN STEP	2025-12-27T19:38:13.9622530Z 
Build, Lint & Test	UNKNOWN STEP	2025-12-27T19:38:13.9960981Z  [32m✓[39m src/__tests__/unit/game/Enemies.test.tsx [2m([22m[2m2 tests[22m[2m)[22m[32m 39[2mms[22m[39m
Build, Lint & Test	UNKNOWN STEP	2025-12-27T19:38:14.0055452Z Sourcemap for "/home/runner/work/protocol-silent-night/protocol-silent-night/node_modules/.pnpm/@jbcom+strata@1.4.10_@react-three+drei@10.7.7_@react-three+fiber@9.4.2_@types+react@19._ae8a5c1856eada58be21737c94859724/node_modules/@jbcom/strata/dist/components/index.js" points to missing source files
Build, Lint & Test	UNKNOWN STEP	2025-12-27T19:38:14.0154691Z Sourcemap for "/home/runner/work/protocol-silent-night/protocol-silent-night/node_modules/.pnpm/@jbcom+strata@1.4.10_@react-three+drei@10.7.7_@react-three+fiber@9.4.2_@types+react@19._ae8a5c1856eada58be21737c94859724/node_modules/@jbcom/strata/dist/components/AI.js" points to missing source files
Build, Lint & Test	UNKNOWN STEP	2025-12-27T19:38:14.6165335Z Sourcemap for "/home/runner/work/protocol-silent-night/protocol-silent-night/node_modules/.pnpm/@jbcom+strata@1.4.10_@react-three+drei@10.7.7_@react-three+fiber@9.4.2_@types+react@19._ae8a5c1856eada58be21737c94859724/node_modules/@jbcom/strata/dist/components/Animation.js" points to missing source files
Build, Lint & Test	UNKNOWN STEP	2025-12-27T19:38:14.6334168Z Sourcemap for "/home/runner/work/protocol-silent-night/protocol-silent-night/node_modules/.pnpm/@jbcom+strata@1.4.10_@react-three+drei@10.7.7_@react-three+fiber@9.4.2_@types+react@19._ae8a5c1856eada58be21737c94859724/node_modules/@jbcom/strata/dist/core/animation.js" points to missing source files
Build, Lint & Test	UNKNOWN STEP	2025-12-27T19:38:14.6651493Z Sourcemap for "/home/runner/work/protocol-silent-night/protocol-silent-night/node_modules/.pnpm/@jbcom+strata@1.4.10_@react-three+drei@10.7.7_@react-three+fiber@9.4.2_@types+react@19._ae8a5c1856eada58be21737c94859724/node_modules/@jbcom/strata/dist/components/audio/index.js" points to missing source files
Build, Lint & Test	UNKNOWN STEP	2025-12-27T19:38:14.6671858Z Sourcemap for "/home/runner/work/protocol-silent-night/protocol-silent-night/node_modules/.pnpm/@jbcom+strata@1.4.10_@react-three+drei@10.7.7_@react-three+fiber@9.4.2_@types+react@19._ae8a5c1856eada58be21737c94859724/node_modules/@jbcom/strata/dist/components/audio/AmbientAudio.js" points to missing source files
Build, Lint & Test	UNKNOWN STEP	2025-12-27T19:38:14.6885602Z Sourcemap for "/home/runner/work/protocol-silent-night/protocol-silent-night/node_modules/.pnpm/@jbcom+strata@1.4.10_@react-three+drei@10.7.7_@react-three+fiber@9.4.2_@types+react@19._ae8a5c1856eada58be21737c94859724/node_modules/@jbcom/strata/dist/components/audio/context.js" points to missing source files
Build, Lint & Test	UNKNOWN STEP	2025-12-27T19:38:14.6929427Z Sourcemap for "/home/runner/work/protocol-silent-night/protocol-silent-night/node_modules/.pnpm/@jbcom+strata@1.4.10_@react-three+drei@10.7.7_@react-three+fiber@9.4.2_@types+react@19._ae8a5c1856eada58be21737c94859724/node_modules/@jbcom/strata/dist/core/audio/index.js" points to missing source files
Build, Lint & Test	UNKNOWN STEP	2025-12-27T19:38:14.6961057Z Sourcemap for "/home/runner/work/protocol-silent-night/protocol-silent-night/node_modules/.pnpm/@jbcom+strata@1.4.10_@react-three+drei@10.7.7_@react-three+fiber@9.4.2_@types+react@19._ae8a5c1856eada58be21737c94859724/node_modules/@jbcom/strata/dist/core/audio/adapters/web/index.js" points to missing source files
Build, Lint & Test	UNKNOWN STEP	2025-12-27T19:38:14.7011013Z Sourcemap for "/home/runner/work/protocol-silent-night/protocol-silent-night/node_modules/.pnpm/@jbcom+strata@1.4.10_@react-three+drei@10.7.7_@react-three+fiber@9.4.2_@types+react@19._ae8a5c1856eada58be21737c94859724/node_modules/@jbcom/strata/dist/core/audio/sound-manager.js" points to missing source files
Build, Lint & Test	UNKNOWN STEP	2025-12-27T19:38:14.7085794Z Sourcemap for "/home/runner/work/protocol-silent-night/protocol-silent-night/node_modules/.pnpm/@jbcom+strata@1.4.10_@react-three+drei@10.7.7_@react-three+fiber@9.4.2_@types+react@19._ae8a5c1856eada58be21737c94859724/node_modules/@jbcom/strata/dist/core/audio/spatial.js" points to missing source files
Build, Lint & Test	UNKNOWN STEP	2025-12-27T19:38:14.7256024Z Sourcemap for "/home/runner/work/protocol-silent-night/protocol-silent-night/node_modules/.pnpm/@jbcom+strata@1.4.10_@react-three+drei@10.7.7_@react-three+fiber@9.4.2_@types+react@19._ae8a5c1856eada58be21737c94859724/node_modules/@jbcom/strata/dist/core/audio/types.js" points to missing source files
Build, Lint & Test	UNKNOWN STEP	2025-12-27T19:38:14.7307622Z Sourcemap for "/home/runner/work/protocol-silent-night/protocol-silent-night/node_modules/.pnpm/@jbcom+strata@1.4.10_@react-three+drei@10.7.7_@react-three+fiber@9.4.2_@types+react@19._ae8a5c1856eada58be21737c94859724/node_modules/@jbcom/strata/dist/components/audio/AudioEmitter.js" points to missing source files
Build, Lint & Test	UNKNOWN STEP	2025-12-27T19:38:14.7391764Z Sourcemap for "/home/runner/work/protocol-silent-night/protocol-silent-night/node_modules/.pnpm/@jbcom+strata@1.4.10_@react-three+drei@10.7.7_@react-three+fiber@9.4.2_@types+react@19._ae8a5c1856eada58be21737c94859724/node_modules/@jbcom/strata/dist/components/audio/AudioEnvironment.js" points to missing source files
Build, Lint & Test	UNKNOWN STEP	2025-12-27T19:38:14.7447519Z Sourcemap for "/home/runner/work/protocol-silent-night/protocol-silent-night/node_modules/.pnpm/@jbcom+strata@1.4.10_@react-three+drei@10.7.7_@react-three+fiber@9.4.2_@types+react@19._ae8a5c1856eada58be21737c94859724/node_modules/@jbcom/strata/dist/components/audio/AudioListener.js" points to missing source files
Build, Lint & Test	UNKNOWN STEP	2025-12-27T19:38:14.7476707Z Sourcemap for "/home/runner/work/protocol-silent-night/protocol-silent-night/node_modules/.pnpm/@jbcom+strata@1.4.10_@react-three+drei@10.7.7_@react-three+fiber@9.4.2_@types+react@19._ae8a5c1856eada58be21737c94859724/node_modules/@jbcom/strata/dist/components/audio/AudioZone.js" points to missing source files
Build, Lint & Test	UNKNOWN STEP	2025-12-27T19:38:14.7532006Z Sourcemap for "/home/runner/work/protocol-silent-night/protocol-silent-night/node_modules/.pnpm/@jbcom+strata@1.4.10_@react-three+drei@10.7.7_@react-three+fiber@9.4.2_@types+react@19._ae8a5c1856eada58be21737c94859724/node_modules/@jbcom/strata/dist/components/audio/FootstepAudio.js" points to missing source files
Build, Lint & Test	UNKNOWN STEP	2025-12-27T19:38:14.7573241Z Sourcemap for "/home/runner/work/protocol-silent-night/protocol-silent-night/node_modules/.pnpm/@jbcom+strata@1.4.10_@react-three+drei@10.7.7_@react-three+fiber@9.4.2_@types+react@19._ae8a5c1856eada58be21737c94859724/node_modules/@jbcom/strata/dist/components/audio/PositionalAudio.js" points to missing source files
Build, Lint & Test	UNKNOWN STEP	2025-12-27T19:38:14.7619302Z Sourcemap for "/home/runner/work/protocol-silent-night/protocol-silent-night/node_modules/.pnpm/@jbcom+strata@1.4.10_@react-three+drei@10.7.7_@react-three+fiber@9.4.2_@types+react@19._ae8a5c1856eada58be21737c94859724/node_modules/@jbcom/strata/dist/components/audio/WeatherAudio.js" points to missing source files
Build, Lint & Test	UNKNOWN STEP	2025-12-27T19:38:14.7713514Z Sourcemap for "/home/runner/work/protocol-silent-night/protocol-silent-night/node_modules/.pnpm/@jbcom+strata@1.4.10_@react-three+drei@10.7.7_@react-three+fiber@9.4.2_@types+react@19._ae8a5c1856eada58be21737c94859724/node_modules/@jbcom/strata/dist/components/Camera.js" points to missing source files
Build, Lint & Test	UNKNOWN STEP	2025-12-27T19:38:14.7831578Z Sourcemap for "/home/runner/work/protocol-silent-night/protocol-silent-night/node_modules/.pnpm/@jbcom+strata@1.4.10_@react-three+drei@10.7.7_@react-three+fiber@9.4.2_@types+react@19._ae8a5c1856eada58be21737c94859724/node_modules/@jbcom/strata/dist/core/camera.js" points to missing source files
Build, Lint & Test	UNKNOWN STEP	2025-12-27T19:38:14.7945903Z Sourcemap for "/home/runner/work/protocol-silent-night/protocol-silent-night/node_modules/.pnpm/@jbcom+strata@1.4.10_@react-three+drei@10.7.7_@react-three+fiber@9.4.2_@types+react@19._ae8a5c1856eada58be21737c94859724/node_modules/@jbcom/strata/dist/components/Clouds.js" points to missing source files
Build, Lint & Test	UNKNOWN STEP	2025-12-27T19:38:14.8010392Z Sourcemap for "/home/runner/work/protocol-silent-night/protocol-silent-night/node_modules/.pnpm/@jbcom+strata@1.4.10_@react-three+drei@10.7.7_@react-three+fiber@9.4.2_@types+react@19._ae8a5c1856eada58be21737c94859724/node_modules/@jbcom/strata/dist/core/clouds.js" points to missing source files
Build, Lint & Test	UNKNOWN STEP	2025-12-27T19:38:14.8088292Z Sourcemap for "/home/runner/work/protocol-silent-night/protocol-silent-night/node_modules/.pnpm/@jbcom+strata@1.4.10_@react-three+drei@10.7.7_@react-three+fiber@9.4.2_@types+react@19._ae8a5c1856eada58be21737c94859724/node_modules/@jbcom/strata/dist/shaders/clouds.js" points to missing source files
Build, Lint & Test	UNKNOWN STEP	2025-12-27T19:38:14.8152468Z Sourcemap for "/home/runner/work/protocol-silent-night/protocol-silent-night/node_modules/.pnpm/@jbcom+strata@1.4.10_@react-three+drei@10.7.7_@react-three+fiber@9.4.2_@types+react@19._ae8a5c1856eada58be21737c94859724/node_modules/@jbcom/strata/dist/components/Decals.js" points to missing source files
Build, Lint & Test	UNKNOWN STEP	2025-12-27T19:38:14.8286445Z Sourcemap for "/home/runner/work/protocol-silent-night/protocol-silent-night/node_modules/.pnpm/@jbcom+strata@1.4.10_@react-three+drei@10.7.7_@react-three+fiber@9.4.2_@types+react@19._ae8a5c1856eada58be21737c94859724/node_modules/@jbcom/strata/dist/core/decals.js" points to missing source files
Build, Lint & Test	UNKNOWN STEP	2025-12-27T19:38:14.8514902Z Sourcemap for "/home/runner/work/protocol-silent-night/protocol-silent-night/node_modules/.pnpm/@jbcom+strata@1.4.10_@react-three+drei@10.7.7_@react-three+fiber@9.4.2_@types+react@19._ae8a5c1856eada58be21737c94859724/node_modules/@jbcom/strata/dist/components/GodRays.js" points to missing source files
Build, Lint & Test	UNKNOWN STEP	2025-12-27T19:38:14.8731305Z Sourcemap for "/home/runner/work/protocol-silent-night/protocol-silent-night/node_modules/.pnpm/@jbcom+strata@1.4.10_@react-three+drei@10.7.7_@react-three+fiber@9.4.2_@types+react@19._ae8a5c1856eada58be21737c94859724/node_modules/@jbcom/strata/dist/core/godRays.js" points to missing source files
Build, Lint & Test	UNKNOWN STEP	2025-12-27T19:38:14.8736482Z Sourcemap for "/home/runner/work/protocol-silent-night/protocol-silent-night/node_modules/.pnpm/@jbcom+strata@1.4.10_@react-three+drei@10.7.7_@react-three+fiber@9.4.2_@types+react@19._ae8a5c1856eada58be21737c94859724/node_modules/@jbcom/strata/dist/shaders/godRays.js" points to missing source files
Build, Lint & Test	UNKNOWN STEP	2025-12-27T19:38:14.8814558Z Sourcemap for "/home/runner/work/protocol-silent-night/protocol-silent-night/node_modules/.pnpm/@jbcom+strata@1.4.10_@react-three+drei@10.7.7_@react-three+fiber@9.4.2_@types+react@19._ae8a5c1856eada58be21737c94859724/node_modules/@jbcom/strata/dist/components/Input.js" points to missing source files
Build, Lint & Test	UNKNOWN STEP	2025-12-27T19:38:14.9124213Z Sourcemap for "/home/runner/work/protocol-silent-night/protocol-silent-night/node_modules/.pnpm/@jbcom+strata@1.4.10_@react-three+drei@10.7.7_@react-three+fiber@9.4.2_@types+react@19._ae8a5c1856eada58be21737c94859724/node_modules/@jbcom/strata/dist/core/input.js" points to missing source files
Build, Lint & Test	UNKNOWN STEP	2025-12-27T19:38:14.9268915Z Sourcemap for "/home/runner/work/protocol-silent-night/protocol-silent-night/node_modules/.pnpm/@jbcom+strata@1.4.10_@react-three+drei@10.7.7_@react-three+fiber@9.4.2_@types+react@19._ae8a5c1856eada58be21737c94859724/node_modules/@jbcom/strata/dist/components/Instancing.js" points to missing source files
Build, Lint & Test	UNKNOWN STEP	2025-12-27T19:38:14.9322698Z Sourcemap for "/home/runner/work/protocol-silent-night/protocol-silent-night/node_modules/.pnpm/@jbcom+strata@1.4.10_@react-three+drei@10.7.7_@react-three+fiber@9.4.2_@types+react@19._ae8a5c1856eada58be21737c94859724/node_modules/@jbcom/strata/dist/core/instancing.js" points to missing source files
Build, Lint & Test	UNKNOWN STEP	2025-12-27T19:38:14.9359271Z Sourcemap for "/home/runner/work/protocol-silent-night/protocol-silent-night/node_modules/.pnpm/@jbcom+strata@1.4.10_@react-three+drei@10.7.7_@react-three+fiber@9.4.2_@types+react@19._ae8a5c1856eada58be21737c94859724/node_modules/@jbcom/strata/dist/core/sdf.js" points to missing source files
Build, Lint & Test	UNKNOWN STEP	2025-12-27T19:38:14.9462048Z Sourcemap for "/home/runner/work/protocol-silent-night/protocol-silent-night/node_modules/.pnpm/@jbcom+strata@1.4.10_@react-three+drei@10.7.7_@react-three+fiber@9.4.2_@types+react@19._ae8a5c1856eada58be21737c94859724/node_modules/@jbcom/strata/dist/components/LOD.js" points to missing source files
Build, Lint & Test	UNKNOWN STEP	2025-12-27T19:38:14.9616018Z Sourcemap for "/home/runner/work/protocol-silent-night/protocol-silent-night/node_modules/.pnpm/@jbcom+strata@1.4.10_@react-three+drei@10.7.7_@react-three+fiber@9.4.2_@types+react@19._ae8a5c1856eada58be21737c94859724/node_modules/@jbcom/strata/dist/core/lod.js" points to missing source files
Build, Lint & Test	UNKNOWN STEP	2025-12-27T19:38:14.9717629Z Sourcemap for "/home/runner/work/protocol-silent-night/protocol-silent-night/node_modules/.pnpm/@jbcom+strata@1.4.10_@react-three+drei@10.7.7_@react-three+fiber@9.4.2_@types+react@19._ae8a5c1856eada58be21737c94859724/node_modules/@jbcom/strata/dist/components/Particles.js" points to missing source files
Build, Lint & Test	UNKNOWN STEP	2025-12-27T19:38:14.9858920Z Sourcemap for "/home/runner/work/protocol-silent-night/protocol-silent-night/node_modules/.pnpm/@jbcom+strata@1.4.10_@react-three+drei@10.7.7_@react-three+fiber@9.4.2_@types+react@19._ae8a5c1856eada58be21737c94859724/node_modules/@jbcom/strata/dist/core/particles.js" points to missing source files
Build, Lint & Test	UNKNOWN STEP	2025-12-27T19:38:15.0107306Z Sourcemap for "/home/runner/work/protocol-silent-night/protocol-silent-night/node_modules/.pnpm/@jbcom+strata@1.4.10_@react-three+drei@10.7.7_@react-three+fiber@9.4.2_@types+react@19._ae8a5c1856eada58be21737c94859724/node_modules/@jbcom/strata/dist/components/Physics.js" points to missing source files
Build, Lint & Test	UNKNOWN STEP	2025-12-27T19:38:15.0508979Z Sourcemap for "/home/runner/work/protocol-silent-night/protocol-silent-night/node_modules/.pnpm/@jbcom+strata@1.4.10_@react-three+drei@10.7.7_@react-three+fiber@9.4.2_@types+react@19._ae8a5c1856eada58be21737c94859724/node_modules/@jbcom/strata/dist/core/physics.js" points to missing source files
Build, Lint & Test	UNKNOWN STEP	2025-12-27T19:38:15.0634717Z  [32m✓[39m src/__tests__/integration/mission-briefing-flow.test.ts [2m([22m[2m6 tests[22m[2m)[22m[32m 10[2mms[22m[39m
Build, Lint & Test	UNKNOWN STEP	2025-12-27T19:38:15.0725022Z Sourcemap for "/home/runner/work/protocol-silent-night/protocol-silent-night/node_modules/.pnpm/@jbcom+strata@1.4.10_@react-three+drei@10.7.7_@react-three+fiber@9.4.2_@types+react@19._ae8a5c1856eada58be21737c94859724/node_modules/@jbcom/strata/dist/components/PostProcessing.js" points to missing source files
Build, Lint & Test	UNKNOWN STEP	2025-12-27T19:38:15.2072504Z [90mstderr[2m | src/__tests__/unit/characters/PlayerController.test.tsx
Build, Lint & Test	UNKNOWN STEP	2025-12-27T19:38:15.2090016Z [22m[39mTHREE.WARNING: Multiple instances of Three.js being imported.
Build, Lint & Test	UNKNOWN STEP	2025-12-27T19:38:15.2091039Z 
Build, Lint & Test	UNKNOWN STEP	2025-12-27T19:38:15.2383117Z Sourcemap for "/home/runner/work/protocol-silent-night/protocol-silent-night/node_modules/.pnpm/@jbcom+strata@1.4.10_@react-three+drei@10.7.7_@react-three+fiber@9.4.2_@types+react@19._ae8a5c1856eada58be21737c94859724/node_modules/@jbcom/strata/dist/core/postProcessing.js" points to missing source files
Build, Lint & Test	UNKNOWN STEP	2025-12-27T19:38:15.2536072Z Sourcemap for "/home/runner/work/protocol-silent-night/protocol-silent-night/node_modules/.pnpm/@jbcom+strata@1.4.10_@react-three+drei@10.7.7_@react-three+fiber@9.4.2_@types+react@19._ae8a5c1856eada58be21737c94859724/node_modules/@jbcom/strata/dist/components/Raymarching.js" points to missing source files
Build, Lint & Test	UNKNOWN STEP	2025-12-27T19:38:15.2577010Z Sourcemap for "/home/runner/work/protocol-silent-night/protocol-silent-night/node_modules/.pnpm/@jbcom+strata@1.4.10_@react-three+drei@10.7.7_@react-three+fiber@9.4.2_@types+react@19._ae8a5c1856eada58be21737c94859724/node_modules/@jbcom/strata/dist/core/raymarching.js" points to missing source files
Build, Lint & Test	UNKNOWN STEP	2025-12-27T19:38:15.2642424Z Sourcemap for "/home/runner/work/protocol-silent-night/protocol-silent-night/node_modules/.pnpm/@jbcom+strata@1.4.10_@react-three+drei@10.7.7_@react-three+fiber@9.4.2_@types+react@19._ae8a5c1856eada58be21737c94859724/node_modules/@jbcom/strata/dist/shaders/raymarching.js" points to missing source files
Build, Lint & Test	UNKNOWN STEP	2025-12-27T19:38:15.2682773Z Sourcemap for "/home/runner/work/protocol-silent-night/protocol-silent-night/node_modules/.pnpm/@jbcom+strata@1.4.10_@react-three+drei@10.7.7_@react-three+fiber@9.4.2_@types+react@19._ae8a5c1856eada58be21737c94859724/node_modules/@jbcom/strata/dist/components/Shaders.js" points to missing source files
Build, Lint & Test	UNKNOWN STEP	2025-12-27T19:38:15.2758127Z Sourcemap for "/home/runner/work/protocol-silent-night/protocol-silent-night/node_modules/.pnpm/@jbcom+strata@1.4.10_@react-three+drei@10.7.7_@react-three+fiber@9.4.2_@types+react@19._ae8a5c1856eada58be21737c94859724/node_modules/@jbcom/strata/dist/shaders/materials/index.js" points to missing source files
Build, Lint & Test	UNKNOWN STEP	2025-12-27T19:38:15.2832882Z Sourcemap for "/home/runner/work/protocol-silent-night/protocol-silent-night/node_modules/.pnpm/@jbcom+strata@1.4.10_@react-three+drei@10.7.7_@react-three+fiber@9.4.2_@types+react@19._ae8a5c1856eada58be21737c94859724/node_modules/@jbcom/strata/dist/components/Sky.js" points to missing source files
Build, Lint & Test	UNKNOWN STEP	2025-12-27T19:38:15.2881433Z Sourcemap for "/home/runner/work/protocol-silent-night/protocol-silent-night/node_modules/.pnpm/@jbcom+strata@1.4.10_@react-three+drei@10.7.7_@react-three+fiber@9.4.2_@types+react@19._ae8a5c1856eada58be21737c94859724/node_modules/@jbcom/strata/dist/core/sky.js" points to missing source files
Build, Lint & Test	UNKNOWN STEP	2025-12-27T19:38:15.2917151Z Sourcemap for "/home/runner/work/protocol-silent-night/protocol-silent-night/node_modules/.pnpm/@jbcom+strata@1.4.10_@react-three+drei@10.7.7_@react-three+fiber@9.4.2_@types+react@19._ae8a5c1856eada58be21737c94859724/node_modules/@jbcom/strata/dist/shaders/sky.js" points to missing source files
Build, Lint & Test	UNKNOWN STEP	2025-12-27T19:38:15.2954262Z Sourcemap for "/home/runner/work/protocol-silent-night/protocol-silent-night/node_modules/.pnpm/@jbcom+strata@1.4.10_@react-three+drei@10.7.7_@react-three+fiber@9.4.2_@types+react@19._ae8a5c1856eada58be21737c94859724/node_modules/@jbcom/strata/dist/components/State.js" points to missing source files
Build, Lint & Test	UNKNOWN STEP	2025-12-27T19:38:15.3065070Z Sourcemap for "/home/runner/work/protocol-silent-night/protocol-silent-night/node_modules/.pnpm/@jbcom+strata@1.4.10_@react-three+drei@10.7.7_@react-three+fiber@9.4.2_@types+react@19._ae8a5c1856eada58be21737c94859724/node_modules/@jbcom/strata/dist/components/state/context.js" points to missing source files
Build, Lint & Test	UNKNOWN STEP	2025-12-27T19:38:15.3180129Z Sourcemap for "/home/runner/work/protocol-silent-night/protocol-silent-night/node_modules/.pnpm/@jbcom+strata@1.4.10_@react-three+drei@10.7.7_@react-three+fiber@9.4.2_@types+react@19._ae8a5c1856eada58be21737c94859724/node_modules/@jbcom/strata/dist/core/state/index.js" points to missing source files
Build, Lint & Test	UNKNOWN STEP	2025-12-27T19:38:15.3344750Z Sourcemap for "/home/runner/work/protocol-silent-night/protocol-silent-night/node_modules/.pnpm/@jbcom+strata@1.4.10_@react-three+drei@10.7.7_@react-three+fiber@9.4.2_@types+react@19._ae8a5c1856eada58be21737c94859724/node_modules/@jbcom/strata/dist/core/state/adapters/web/persistence.js" points to missing source files
Build, Lint & Test	UNKNOWN STEP	2025-12-27T19:38:15.3405857Z Sourcemap for "/home/runner/work/protocol-silent-night/protocol-silent-night/node_modules/.pnpm/@jbcom+strata@1.4.10_@react-three+drei@10.7.7_@react-three+fiber@9.4.2_@types+react@19._ae8a5c1856eada58be21737c94859724/node_modules/@jbcom/strata/dist/core/state/store.js" points to missing source files
Build, Lint & Test	UNKNOWN STEP	2025-12-27T19:38:15.3490662Z Sourcemap for "/home/runner/work/protocol-silent-night/protocol-silent-night/node_modules/.pnpm/@jbcom+strata@1.4.10_@react-three+drei@10.7.7_@react-three+fiber@9.4.2_@types+react@19._ae8a5c1856eada58be21737c94859724/node_modules/@jbcom/strata/dist/core/state/types.js" points to missing source files
Build, Lint & Test	UNKNOWN STEP	2025-12-27T19:38:15.3532992Z Sourcemap for "/home/runner/work/protocol-silent-night/protocol-silent-night/node_modules/.pnpm/@jbcom+strata@1.4.10_@react-three+drei@10.7.7_@react-three+fiber@9.4.2_@types+react@19._ae8a5c1856eada58be21737c94859724/node_modules/@jbcom/strata/dist/components/state/hooks.js" points to missing source files
Build, Lint & Test	UNKNOWN STEP	2025-12-27T19:38:15.3615101Z Sourcemap for "/home/runner/work/protocol-silent-night/protocol-silent-night/node_modules/.pnpm/@jbcom+strata@1.4.10_@react-three+drei@10.7.7_@react-three+fiber@9.4.2_@types+react@19._ae8a5c1856eada58be21737c94859724/node_modules/@jbcom/strata/dist/components/UI.js" points to missing source files
Build, Lint & Test	UNKNOWN STEP	2025-12-27T19:38:15.3925453Z Sourcemap for "/home/runner/work/protocol-silent-night/protocol-silent-night/node_modules/.pnpm/@jbcom+strata@1.4.10_@react-three+drei@10.7.7_@react-three+fiber@9.4.2_@types+react@19._ae8a5c1856eada58be21737c94859724/node_modules/@jbcom/strata/dist/core/ui.js" points to missing source files
Build, Lint & Test	UNKNOWN STEP	2025-12-27T19:38:15.3957620Z Sourcemap for "/home/runner/work/protocol-silent-night/protocol-silent-night/node_modules/.pnpm/@jbcom+strata@1.4.10_@react-three+drei@10.7.7_@react-three+fiber@9.4.2_@types+react@19._ae8a5c1856eada58be21737c94859724/node_modules/@jbcom/strata/dist/components/VolumetricEffects.js" points to missing source files
Build, Lint & Test	UNKNOWN STEP	2025-12-27T19:38:15.4029611Z Sourcemap for "/home/runner/work/protocol-silent-night/protocol-silent-night/node_modules/.pnpm/@jbcom+strata@1.4.10_@react-three+drei@10.7.7_@react-three+fiber@9.4.2_@types+react@19._ae8a5c1856eada58be21737c94859724/node_modules/@jbcom/strata/dist/core/volumetrics.js" points to missing source files
Build, Lint & Test	UNKNOWN STEP	2025-12-27T19:38:15.4061529Z Sourcemap for "/home/runner/work/protocol-silent-night/protocol-silent-night/node_modules/.pnpm/@jbcom+strata@1.4.10_@react-three+drei@10.7.7_@react-three+fiber@9.4.2_@types+react@19._ae8a5c1856eada58be21737c94859724/node_modules/@jbcom/strata/dist/shaders/volumetrics-components.js" points to missing source files
Build, Lint & Test	UNKNOWN STEP	2025-12-27T19:38:15.4191371Z Sourcemap for "/home/runner/work/protocol-silent-night/protocol-silent-night/node_modules/.pnpm/@jbcom+strata@1.4.10_@react-three+drei@10.7.7_@react-three+fiber@9.4.2_@types+react@19._ae8a5c1856eada58be21737c94859724/node_modules/@jbcom/strata/dist/components/Water.js" points to missing source files
Build, Lint & Test	UNKNOWN STEP	2025-12-27T19:38:15.4226980Z Sourcemap for "/home/runner/work/protocol-silent-night/protocol-silent-night/node_modules/.pnpm/@jbcom+strata@1.4.10_@react-three+drei@10.7.7_@react-three+fiber@9.4.2_@types+react@19._ae8a5c1856eada58be21737c94859724/node_modules/@jbcom/strata/dist/core/water.js" points to missing source files
Build, Lint & Test	UNKNOWN STEP	2025-12-27T19:38:15.4272568Z Sourcemap for "/home/runner/work/protocol-silent-night/protocol-silent-night/node_modules/.pnpm/@jbcom+strata@1.4.10_@react-three+drei@10.7.7_@react-three+fiber@9.4.2_@types+react@19._ae8a5c1856eada58be21737c94859724/node_modules/@jbcom/strata/dist/shaders/water.js" points to missing source files
Build, Lint & Test	UNKNOWN STEP	2025-12-27T19:38:15.4323447Z Sourcemap for "/home/runner/work/protocol-silent-night/protocol-silent-night/node_modules/.pnpm/@jbcom+strata@1.4.10_@react-three+drei@10.7.7_@react-three+fiber@9.4.2_@types+react@19._ae8a5c1856eada58be21737c94859724/node_modules/@jbcom/strata/dist/components/Weather.js" points to missing source files
Build, Lint & Test	UNKNOWN STEP	2025-12-27T19:38:15.4479862Z Sourcemap for "/home/runner/work/protocol-silent-night/protocol-silent-night/node_modules/.pnpm/@jbcom+strata@1.4.10_@react-three+drei@10.7.7_@react-three+fiber@9.4.2_@types+react@19._ae8a5c1856eada58be21737c94859724/node_modules/@jbcom/strata/dist/core/index.js" points to missing source files
Build, Lint & Test	UNKNOWN STEP	2025-12-27T19:38:15.4562212Z Sourcemap for "/home/runner/work/protocol-silent-night/protocol-silent-night/node_modules/.pnpm/@jbcom+strata@1.4.10_@react-three+drei@10.7.7_@react-three+fiber@9.4.2_@types+react@19._ae8a5c1856eada58be21737c94859724/node_modules/@jbcom/strata/dist/core/ecs/index.js" points to missing source files
Build, Lint & Test	UNKNOWN STEP	2025-12-27T19:38:15.4768275Z Sourcemap for "/home/runner/work/protocol-silent-night/protocol-silent-night/node_modules/.pnpm/@jbcom+strata@1.4.10_@react-three+drei@10.7.7_@react-three+fiber@9.4.2_@types+react@19._ae8a5c1856eada58be21737c94859724/node_modules/@jbcom/strata/dist/core/ecs/systems.js" points to missing source files
Build, Lint & Test	UNKNOWN STEP	2025-12-27T19:38:15.4845069Z Sourcemap for "/home/runner/work/protocol-silent-night/protocol-silent-night/node_modules/.pnpm/@jbcom+strata@1.4.10_@react-three+drei@10.7.7_@react-three+fiber@9.4.2_@types+react@19._ae8a5c1856eada58be21737c94859724/node_modules/@jbcom/strata/dist/core/ecs/world.js" points to missing source files
Build, Lint & Test	UNKNOWN STEP	2025-12-27T19:38:15.4922331Z Sourcemap for "/home/runner/work/protocol-silent-night/protocol-silent-night/node_modules/.pnpm/@jbcom+strata@1.4.10_@react-three+drei@10.7.7_@react-three+fiber@9.4.2_@types+react@19._ae8a5c1856eada58be21737c94859724/node_modules/@jbcom/strata/dist/core/marching-cubes.js" points to missing source files
Build, Lint & Test	UNKNOWN STEP	2025-12-27T19:38:15.5149490Z Sourcemap for "/home/runner/work/protocol-silent-night/protocol-silent-night/node_modules/.pnpm/@jbcom+strata@1.4.10_@react-three+drei@10.7.7_@react-three+fiber@9.4.2_@types+react@19._ae8a5c1856eada58be21737c94859724/node_modules/@jbcom/strata/dist/core/shaders.js" points to missing source files
Build, Lint & Test	UNKNOWN STEP	2025-12-27T19:38:15.5225771Z Sourcemap for "/home/runner/work/protocol-silent-night/protocol-silent-night/node_modules/.pnpm/@jbcom+strata@1.4.10_@react-three+drei@10.7.7_@react-three+fiber@9.4.2_@types+react@19._ae8a5c1856eada58be21737c94859724/node_modules/@jbcom/strata/dist/core/shared/index.js" points to missing source files
Build, Lint & Test	UNKNOWN STEP	2025-12-27T19:38:15.5252677Z Sourcemap for "/home/runner/work/protocol-silent-night/protocol-silent-night/node_modules/.pnpm/@jbcom+strata@1.4.10_@react-three+drei@10.7.7_@react-three+fiber@9.4.2_@types+react@19._ae8a5c1856eada58be21737c94859724/node_modules/@jbcom/strata/dist/core/shared/platform.js" points to missing source files
Build, Lint & Test	UNKNOWN STEP	2025-12-27T19:38:15.5304812Z Sourcemap for "/home/runner/work/protocol-silent-night/protocol-silent-night/node_modules/.pnpm/@jbcom+strata@1.4.10_@react-three+drei@10.7.7_@react-three+fiber@9.4.2_@types+react@19._ae8a5c1856eada58be21737c94859724/node_modules/@jbcom/strata/dist/core/weather.js" points to missing source files
Build, Lint & Test	UNKNOWN STEP	2025-12-27T19:38:15.5401580Z Sourcemap for "/home/runner/work/protocol-silent-night/protocol-silent-night/node_modules/.pnpm/@jbcom+strata@1.4.10_@react-three+drei@10.7.7_@react-three+fiber@9.4.2_@types+react@19._ae8a5c1856eada58be21737c94859724/node_modules/@jbcom/strata/dist/hooks/index.js" points to missing source files
Build, Lint & Test	UNKNOWN STEP	2025-12-27T19:38:15.5447827Z Sourcemap for "/home/runner/work/protocol-silent-night/protocol-silent-night/node_modules/.pnpm/@jbcom+strata@1.4.10_@react-three+drei@10.7.7_@react-three+fiber@9.4.2_@types+react@19._ae8a5c1856eada58be21737c94859724/node_modules/@jbcom/strata/dist/hooks/useYuka.js" points to missing source files
Build, Lint & Test	UNKNOWN STEP	2025-12-27T19:38:15.5633540Z Sourcemap for "/home/runner/work/protocol-silent-night/protocol-silent-night/node_modules/.pnpm/@jbcom+strata@1.4.10_@react-three+drei@10.7.7_@react-three+fiber@9.4.2_@types+react@19._ae8a5c1856eada58be21737c94859724/node_modules/@jbcom/strata/dist/presets/index.js" points to missing source files
Build, Lint & Test	UNKNOWN STEP	2025-12-27T19:38:15.5725465Z Sourcemap for "/home/runner/work/protocol-silent-night/protocol-silent-night/node_modules/.pnpm/@jbcom+strata@1.4.10_@react-three+drei@10.7.7_@react-three+fiber@9.4.2_@types+react@19._ae8a5c1856eada58be21737c94859724/node_modules/@jbcom/strata/dist/presets/ai.js" points to missing source files
Build, Lint & Test	UNKNOWN STEP	2025-12-27T19:38:15.5861279Z Sourcemap for "/home/runner/work/protocol-silent-night/protocol-silent-night/node_modules/.pnpm/@jbcom+strata@1.4.10_@react-three+drei@10.7.7_@react-three+fiber@9.4.2_@types+react@19._ae8a5c1856eada58be21737c94859724/node_modules/@jbcom/strata/dist/presets/animation.js" points to missing source files
Build, Lint & Test	UNKNOWN STEP	2025-12-27T19:38:15.5946628Z Sourcemap for "/home/runner/work/protocol-silent-night/protocol-silent-night/node_modules/.pnpm/@jbcom+strata@1.4.10_@react-three+drei@10.7.7_@react-three+fiber@9.4.2_@types+react@19._ae8a5c1856eada58be21737c94859724/node_modules/@jbcom/strata/dist/presets/audio.js" points to missing source files
Build, Lint & Test	UNKNOWN STEP	2025-12-27T19:38:15.6027699Z Sourcemap for "/home/runner/work/protocol-silent-night/protocol-silent-night/node_modules/.pnpm/@jbcom+strata@1.4.10_@react-three+drei@10.7.7_@react-three+fiber@9.4.2_@types+react@19._ae8a5c1856eada58be21737c94859724/node_modules/@jbcom/strata/dist/presets/billboards/index.js" points to missing source files
Build, Lint & Test	UNKNOWN STEP	2025-12-27T19:38:15.6089958Z Sourcemap for "/home/runner/work/protocol-silent-night/protocol-silent-night/node_modules/.pnpm/@jbcom+strata@1.4.10_@react-three+drei@10.7.7_@react-three+fiber@9.4.2_@types+react@19._ae8a5c1856eada58be21737c94859724/node_modules/@jbcom/strata/dist/presets/camera.js" points to missing source files
Build, Lint & Test	UNKNOWN STEP	2025-12-27T19:38:15.6182897Z Sourcemap for "/home/runner/work/protocol-silent-night/protocol-silent-night/node_modules/.pnpm/@jbcom+strata@1.4.10_@react-three+drei@10.7.7_@react-three+fiber@9.4.2_@types+react@19._ae8a5c1856eada58be21737c94859724/node_modules/@jbcom/strata/dist/presets/characters/index.js" points to missing source files
Build, Lint & Test	UNKNOWN STEP	2025-12-27T19:38:15.6264536Z Sourcemap for "/home/runner/work/protocol-silent-night/protocol-silent-night/node_modules/.pnpm/@jbcom+strata@1.4.10_@react-three+drei@10.7.7_@react-three+fiber@9.4.2_@types+react@19._ae8a5c1856eada58be21737c94859724/node_modules/@jbcom/strata/dist/presets/fur/index.js" points to missing source files
Build, Lint & Test	UNKNOWN STEP	2025-12-27T19:38:15.6324597Z Sourcemap for "/home/runner/work/protocol-silent-night/protocol-silent-night/node_modules/.pnpm/@jbcom+strata@1.4.10_@react-three+drei@10.7.7_@react-three+fiber@9.4.2_@types+react@19._ae8a5c1856eada58be21737c94859724/node_modules/@jbcom/strata/dist/presets/fur/shaders.js" points to missing source files
Build, Lint & Test	UNKNOWN STEP	2025-12-27T19:38:15.6359152Z Sourcemap for "/home/runner/work/protocol-silent-night/protocol-silent-night/node_modules/.pnpm/@jbcom+strata@1.4.10_@react-three+drei@10.7.7_@react-three+fiber@9.4.2_@types+react@19._ae8a5c1856eada58be21737c94859724/node_modules/@jbcom/strata/dist/presets/clouds.js" points to missing source files
Build, Lint & Test	UNKNOWN STEP	2025-12-27T19:38:15.6459673Z Sourcemap for "/home/runner/work/protocol-silent-night/protocol-silent-night/node_modules/.pnpm/@jbcom+strata@1.4.10_@react-three+drei@10.7.7_@react-three+fiber@9.4.2_@types+react@19._ae8a5c1856eada58be21737c94859724/node_modules/@jbcom/strata/dist/presets/decals/index.js" points to missing source files
Build, Lint & Test	UNKNOWN STEP	2025-12-27T19:38:15.6533329Z Sourcemap for "/home/runner/work/protocol-silent-night/protocol-silent-night/node_modules/.pnpm/@jbcom+strata@1.4.10_@react-three+drei@10.7.7_@react-three+fiber@9.4.2_@types+react@19._ae8a5c1856eada58be21737c94859724/node_modules/@jbcom/strata/dist/presets/input.js" points to missing source files
Build, Lint & Test	UNKNOWN STEP	2025-12-27T19:38:15.6604314Z Sourcemap for "/home/runner/work/protocol-silent-night/protocol-silent-night/node_modules/.pnpm/@jbcom+strata@1.4.10_@react-three+drei@10.7.7_@react-three+fiber@9.4.2_@types+react@19._ae8a5c1856eada58be21737c94859724/node_modules/@jbcom/strata/dist/presets/lighting.js" points to missing source files
Build, Lint & Test	UNKNOWN STEP	2025-12-27T19:38:15.6688947Z Sourcemap for "/home/runner/work/protocol-silent-night/protocol-silent-night/node_modules/.pnpm/@jbcom+strata@1.4.10_@react-three+drei@10.7.7_@react-three+fiber@9.4.2_@types+react@19._ae8a5c1856eada58be21737c94859724/node_modules/@jbcom/strata/dist/presets/lod.js" points to missing source files
Build, Lint & Test	UNKNOWN STEP	2025-12-27T19:38:15.6785673Z Sourcemap for "/home/runner/work/protocol-silent-night/protocol-silent-night/node_modules/.pnpm/@jbcom+strata@1.4.10_@react-three+drei@10.7.7_@react-three+fiber@9.4.2_@types+react@19._ae8a5c1856eada58be21737c94859724/node_modules/@jbcom/strata/dist/presets/molecular/index.js" points to missing source files
Build, Lint & Test	UNKNOWN STEP	2025-12-27T19:38:15.6930513Z Sourcemap for "/home/runner/work/protocol-silent-night/protocol-silent-night/node_modules/.pnpm/@jbcom+strata@1.4.10_@react-three+drei@10.7.7_@react-three+fiber@9.4.2_@types+react@19._ae8a5c1856eada58be21737c94859724/node_modules/@jbcom/strata/dist/presets/particles/index.js" points to missing source files
Build, Lint & Test	UNKNOWN STEP	2025-12-27T19:38:15.7222163Z Sourcemap for "/home/runner/work/protocol-silent-night/protocol-silent-night/node_modules/.pnpm/@jbcom+strata@1.4.10_@react-three+drei@10.7.7_@react-three+fiber@9.4.2_@types+react@19._ae8a5c1856eada58be21737c94859724/node_modules/@jbcom/strata/dist/presets/physics.js" points to missing source files
Build, Lint & Test	UNKNOWN STEP	2025-12-27T19:38:15.7388842Z Sourcemap for "/home/runner/work/protocol-silent-night/protocol-silent-night/node_modules/.pnpm/@jbcom+strata@1.4.10_@react-three+drei@10.7.7_@react-three+fiber@9.4.2_@types+react@19._ae8a5c1856eada58be21737c94859724/node_modules/@jbcom/strata/dist/presets/postprocessing/index.js" points to missing source files
Build, Lint & Test	UNKNOWN STEP	2025-12-27T19:38:15.7631288Z Sourcemap for "/home/runner/work/protocol-silent-night/protocol-silent-night/node_modules/.pnpm/@jbcom+strata@1.4.10_@react-three+drei@10.7.7_@react-three+fiber@9.4.2_@types+react@19._ae8a5c1856eada58be21737c94859724/node_modules/@jbcom/strata/dist/presets/reflections/index.js" points to missing source files
Build, Lint & Test	UNKNOWN STEP	2025-12-27T19:38:15.7703897Z Sourcemap for "/home/runner/work/protocol-silent-night/protocol-silent-night/node_modules/.pnpm/@jbcom+strata@1.4.10_@react-three+drei@10.7.7_@react-three+fiber@9.4.2_@types+react@19._ae8a5c1856eada58be21737c94859724/node_modules/@jbcom/strata/dist/presets/shaders.js" points to missing source files
Build, Lint & Test	UNKNOWN STEP	2025-12-27T19:38:15.7834484Z Sourcemap for "/home/runner/work/protocol-silent-night/protocol-silent-night/node_modules/.pnpm/@jbcom+strata@1.4.10_@react-three+drei@10.7.7_@react-three+fiber@9.4.2_@types+react@19._ae8a5c1856eada58be21737c94859724/node_modules/@jbcom/strata/dist/presets/shadows/index.js" points to missing source files
Build, Lint & Test	UNKNOWN STEP	2025-12-27T19:38:15.7904031Z Sourcemap for "/home/runner/work/protocol-silent-night/protocol-silent-night/node_modules/.pnpm/@jbcom+strata@1.4.10_@react-three+drei@10.7.7_@react-three+fiber@9.4.2_@types+react@19._ae8a5c1856eada58be21737c94859724/node_modules/@jbcom/strata/dist/presets/state.js" points to missing source files
Build, Lint & Test	UNKNOWN STEP	2025-12-27T19:38:15.7980316Z Sourcemap for "/home/runner/work/protocol-silent-night/protocol-silent-night/node_modules/.pnpm/@jbcom+strata@1.4.10_@react-three+drei@10.7.7_@react-three+fiber@9.4.2_@types+react@19._ae8a5c1856eada58be21737c94859724/node_modules/@jbcom/strata/dist/presets/terrain/index.js" points to missing source files
Build, Lint & Test	UNKNOWN STEP	2025-12-27T19:38:15.8030171Z Sourcemap for "/home/runner/work/protocol-silent-night/protocol-silent-night/node_modules/.pnpm/@jbcom+strata@1.4.10_@react-three+drei@10.7.7_@react-three+fiber@9.4.2_@types+react@19._ae8a5c1856eada58be21737c94859724/node_modules/@jbcom/strata/dist/presets/ui.js" points to missing source files
Build, Lint & Test	UNKNOWN STEP	2025-12-27T19:38:15.8144475Z Sourcemap for "/home/runner/work/protocol-silent-night/protocol-silent-night/node_modules/.pnpm/@jbcom+strata@1.4.10_@react-three+drei@10.7.7_@react-three+fiber@9.4.2_@types+react@19._ae8a5c1856eada58be21737c94859724/node_modules/@jbcom/strata/dist/presets/vegetation/index.js" points to missing source files
Build, Lint & Test	UNKNOWN STEP	2025-12-27T19:38:15.8330888Z Sourcemap for "/home/runner/work/protocol-silent-night/protocol-silent-night/node_modules/.pnpm/@jbcom+strata@1.4.10_@react-three+drei@10.7.7_@react-three+fiber@9.4.2_@types+react@19._ae8a5c1856eada58be21737c94859724/node_modules/@jbcom/strata/dist/presets/water/index.js" points to missing source files
Build, Lint & Test	UNKNOWN STEP	2025-12-27T19:38:15.8431338Z Sourcemap for "/home/runner/work/protocol-silent-night/protocol-silent-night/node_modules/.pnpm/@jbcom+strata@1.4.10_@react-three+drei@10.7.7_@react-three+fiber@9.4.2_@types+react@19._ae8a5c1856eada58be21737c94859724/node_modules/@jbcom/strata/dist/presets/weather.js" points to missing source files
Build, Lint & Test	UNKNOWN STEP	2025-12-27T19:38:15.8513673Z Sourcemap for "/home/runner/work/protocol-silent-night/protocol-silent-night/node_modules/.pnpm/@jbcom+strata@1.4.10_@react-three+drei@10.7.7_@react-three+fiber@9.4.2_@types+react@19._ae8a5c1856eada58be21737c94859724/node_modules/@jbcom/strata/dist/shaders/index.js" points to missing source files
Build, Lint & Test	UNKNOWN STEP	2025-12-27T19:38:15.8550356Z Sourcemap for "/home/runner/work/protocol-silent-night/protocol-silent-night/node_modules/.pnpm/@jbcom+strata@1.4.10_@react-three+drei@10.7.7_@react-three+fiber@9.4.2_@types+react@19._ae8a5c1856eada58be21737c94859724/node_modules/@jbcom/strata/dist/shaders/fur.js" points to missing source files
Build, Lint & Test	UNKNOWN STEP	2025-12-27T19:38:15.8583299Z Sourcemap for "/home/runner/work/protocol-silent-night/protocol-silent-night/node_modules/.pnpm/@jbcom+strata@1.4.10_@react-three+drei@10.7.7_@react-three+fiber@9.4.2_@types+react@19._ae8a5c1856eada58be21737c94859724/node_modules/@jbcom/strata/dist/shaders/instancing-wind.js" points to missing source files
Build, Lint & Test	UNKNOWN STEP	2025-12-27T19:38:15.8657420Z Sourcemap for "/home/runner/work/protocol-silent-night/protocol-silent-night/node_modules/.pnpm/@jbcom+strata@1.4.10_@react-three+drei@10.7.7_@react-three+fiber@9.4.2_@types+react@19._ae8a5c1856eada58be21737c94859724/node_modules/@jbcom/strata/dist/shaders/terrain.js" points to missing source files
Build, Lint & Test	UNKNOWN STEP	2025-12-27T19:38:15.8720038Z Sourcemap for "/home/runner/work/protocol-silent-night/protocol-silent-night/node_modules/.pnpm/@jbcom+strata@1.4.10_@react-three+drei@10.7.7_@react-three+fiber@9.4.2_@types+react@19._ae8a5c1856eada58be21737c94859724/node_modules/@jbcom/strata/dist/shaders/volumetrics.js" points to missing source files
Build, Lint & Test	UNKNOWN STEP	2025-12-27T19:38:15.8801739Z Sourcemap for "/home/runner/work/protocol-silent-night/protocol-silent-night/node_modules/.pnpm/@jbcom+strata@1.4.10_@react-three+drei@10.7.7_@react-three+fiber@9.4.2_@types+react@19._ae8a5c1856eada58be21737c94859724/node_modules/@jbcom/strata/dist/utils/index.js" points to missing source files
Build, Lint & Test	UNKNOWN STEP	2025-12-27T19:38:15.8845290Z Sourcemap for "/home/runner/work/protocol-silent-night/protocol-silent-night/node_modules/.pnpm/@jbcom+strata@1.4.10_@react-three+drei@10.7.7_@react-three+fiber@9.4.2_@types+react@19._ae8a5c1856eada58be21737c94859724/node_modules/@jbcom/strata/dist/utils/texture-loader.js" points to missing source files
Build, Lint & Test	UNKNOWN STEP	2025-12-27T19:38:16.0433510Z  [32m✓[39m src/__tests__/unit/characters/PlayerController.test.tsx [2m([22m[2m5 tests[22m[2m)[22m[32m 6[2mms[22m[39m
Build, Lint & Test	UNKNOWN STEP	2025-12-27T19:38:16.7430472Z [90mstderr[2m | src/__tests__/unit/shaders/index.test.ts
Build, Lint & Test	UNKNOWN STEP	2025-12-27T19:38:16.7431594Z [22m[39mTHREE.WARNING: Multiple instances of Three.js being imported.
Build, Lint & Test	UNKNOWN STEP	2025-12-27T19:38:16.7432111Z 
Build, Lint & Test	UNKNOWN STEP	2025-12-27T19:38:16.9888529Z [90mstderr[2m | src/__tests__/unit/shaders/index.test.ts
Build, Lint & Test	UNKNOWN STEP	2025-12-27T19:38:16.9889689Z [22m[39mTHREE.WARNING: Multiple instances of Three.js being imported.
Build, Lint & Test	UNKNOWN STEP	2025-12-27T19:38:16.9890217Z 
Build, Lint & Test	UNKNOWN STEP	2025-12-27T19:38:17.2767834Z  [32m✓[39m src/__tests__/unit/shaders/index.test.ts [2m([22m[2m6 tests[22m[2m)[22m[32m 7[2mms[22m[39m
Build, Lint & Test	UNKNOWN STEP	2025-12-27T19:38:17.3479423Z [90mstderr[2m | src/__tests__/unit/game/index.test.ts
Build, Lint & Test	UNKNOWN STEP	2025-12-27T19:38:17.3480954Z [22m[39mTHREE.WARNING: Multiple instances of Three.js being imported.
Build, Lint & Test	UNKNOWN STEP	2025-12-27T19:38:17.3484311Z 
Build, Lint & Test	UNKNOWN STEP	2025-12-27T19:38:18.0286767Z [90mstderr[2m | src/__tests__/unit/game/index.test.ts
Build, Lint & Test	UNKNOWN STEP	2025-12-27T19:38:18.0292010Z [22m[39mTHREE.WARNING: Multiple instances of Three.js being imported.
Build, Lint & Test	UNKNOWN STEP	2025-12-27T19:38:18.0295799Z 
Build, Lint & Test	UNKNOWN STEP	2025-12-27T19:38:18.3235049Z  [32m✓[39m src/__tests__/unit/game/index.test.ts [2m([22m[2m9 tests[22m[2m)[22m[32m 9[2mms[22m[39m
Build, Lint & Test	UNKNOWN STEP	2025-12-27T19:38:18.5170661Z  [32m✓[39m src/__tests__/unit/ui/MessageOverlay.test.tsx [2m([22m[2m4 tests[22m[2m)[22m[32m 44[2mms[22m[39m
Build, Lint & Test	UNKNOWN STEP	2025-12-27T19:38:19.8311439Z  [32m✓[39m src/__tests__/unit/ui/KillStreak.test.tsx [2m([22m[2m5 tests[22m[2m)[22m[32m 54[2mms[22m[39m
Build, Lint & Test	UNKNOWN STEP	2025-12-27T19:38:19.9896012Z [90mstderr[2m | src/__tests__/unit/game/CameraController.test.tsx
Build, Lint & Test	UNKNOWN STEP	2025-12-27T19:38:19.9898117Z [22m[39mTHREE.WARNING: Multiple instances of Three.js being imported.
Build, Lint & Test	UNKNOWN STEP	2025-12-27T19:38:19.9898814Z 
Build, Lint & Test	UNKNOWN STEP	2025-12-27T19:38:20.0689252Z [90mstderr[2m | src/__tests__/unit/game/CameraController.test.tsx[2m > [22m[2mCameraController Component[2m > [22m[2mshould follow player position
Build, Lint & Test	UNKNOWN STEP	2025-12-27T19:38:20.0690900Z [22m[39mAn update to CameraController inside a test was not wrapped in act(...).
Build, Lint & Test	UNKNOWN STEP	2025-12-27T19:38:20.0691425Z 
Build, Lint & Test	UNKNOWN STEP	2025-12-27T19:38:20.0691797Z When testing, code that causes React state updates should be wrapped into act(...):
Build, Lint & Test	UNKNOWN STEP	2025-12-27T19:38:20.0692127Z 
Build, Lint & Test	UNKNOWN STEP	2025-12-27T19:38:20.0692205Z act(() => {
Build, Lint & Test	UNKNOWN STEP	2025-12-27T19:38:20.0692437Z   /* fire events that update state */
Build, Lint & Test	UNKNOWN STEP	2025-12-27T19:38:20.0692684Z });
Build, Lint & Test	UNKNOWN STEP	2025-12-27T19:38:20.0692870Z /* assert on the output */
Build, Lint & Test	UNKNOWN STEP	2025-12-27T19:38:20.0693021Z 
Build, Lint & Test	UNKNOWN STEP	2025-12-27T19:38:20.0693551Z This ensures that you're testing the behavior the user would see in the browser. Learn more at https://react.dev/link/wrap-tests-with-act
Build, Lint & Test	UNKNOWN STEP	2025-12-27T19:38:20.0694178Z 
Build, Lint & Test	UNKNOWN STEP	2025-12-27T19:38:20.0745376Z [90mstderr[2m | src/__tests__/unit/game/CameraController.test.tsx[2m > [22m[2mCameraController Component[2m > [22m[2mshould handle screen shake decay
Build, Lint & Test	UNKNOWN STEP	2025-12-27T19:38:20.0746982Z [22m[39mAn update to CameraController inside a test was not wrapped in act(...).
Build, Lint & Test	UNKNOWN STEP	2025-12-27T19:38:20.0747388Z 
Build, Lint & Test	UNKNOWN STEP	2025-12-27T19:38:20.0747799Z When testing, code that causes React state updates should be wrapped into act(...):
Build, Lint & Test	UNKNOWN STEP	2025-12-27T19:38:20.0748462Z 
Build, Lint & Test	UNKNOWN STEP	2025-12-27T19:38:20.0748583Z act(() => {
Build, Lint & Test	UNKNOWN STEP	2025-12-27T19:38:20.0748860Z   /* fire events that update state */
Build, Lint & Test	UNKNOWN STEP	2025-12-27T19:38:20.0749170Z });
Build, Lint & Test	UNKNOWN STEP	2025-12-27T19:38:20.0749409Z /* assert on the output */
Build, Lint & Test	UNKNOWN STEP	2025-12-27T19:38:20.0749554Z 
Build, Lint & Test	UNKNOWN STEP	2025-12-27T19:38:20.0750074Z This ensures that you're testing the behavior the user would see in the browser. Learn more at https://react.dev/link/wrap-tests-with-act
Build, Lint & Test	UNKNOWN STEP	2025-12-27T19:38:20.0750532Z 
Build, Lint & Test	UNKNOWN STEP	2025-12-27T19:38:20.1196978Z  [32m✓[39m src/__tests__/unit/game/CameraController.test.tsx [2m([22m[2m2 tests[22m[2m)[22m[32m 54[2mms[22m[39m
Build, Lint & Test	UNKNOWN STEP	2025-12-27T19:38:20.9810156Z [90mstderr[2m | src/__tests__/unit/game/HitParticles.test.tsx
Build, Lint & Test	UNKNOWN STEP	2025-12-27T19:38:20.9814771Z [22m[39mTHREE.WARNING: Multiple instances of Three.js being imported.
Build, Lint & Test	UNKNOWN STEP	2025-12-27T19:38:20.9819059Z 
Build, Lint & Test	UNKNOWN STEP	2025-12-27T19:38:21.0578925Z [90mstderr[2m | src/__tests__/unit/game/HitParticles.test.tsx[2m > [22m[2mHitParticles[2m > [22m[2mshould render and handle useFrame
Build, Lint & Test	UNKNOWN STEP	2025-12-27T19:38:21.0584748Z [22m[39mAn update to HitParticles inside a test was not wrapped in act(...).
Build, Lint & Test	UNKNOWN STEP	2025-12-27T19:38:21.0589532Z 
Build, Lint & Test	UNKNOWN STEP	2025-12-27T19:38:21.0590171Z When testing, code that causes React state updates should be wrapped into act(...):
Build, Lint & Test	UNKNOWN STEP	2025-12-27T19:38:21.0590713Z 
Build, Lint & Test	UNKNOWN STEP	2025-12-27T19:38:21.0591321Z act(() => {
Build, Lint & Test	UNKNOWN STEP	2025-12-27T19:38:21.0591995Z   /* fire events that update state */
Build, Lint & Test	UNKNOWN STEP	2025-12-27T19:38:21.0592860Z });
Build, Lint & Test	UNKNOWN STEP	2025-12-27T19:38:21.0593315Z /* assert on the output */
Build, Lint & Test	UNKNOWN STEP	2025-12-27T19:38:21.0593673Z 
Build, Lint & Test	UNKNOWN STEP	2025-12-27T19:38:21.0594726Z This ensures that you're testing the behavior the user would see in the browser. Learn more at https://react.dev/link/wrap-tests-with-act
Build, Lint & Test	UNKNOWN STEP	2025-12-27T19:38:21.0595981Z 
Build, Lint & Test	UNKNOWN STEP	2025-12-27T19:38:21.0608940Z [90mstderr[2m | src/__tests__/unit/game/HitParticles.test.tsx[2m > [22m[2mHitParticles[2m > [22m[2mshould render and handle useFrame
Build, Lint & Test	UNKNOWN STEP	2025-12-27T19:38:21.0611041Z [22m[39mAn update to HitParticles inside a test was not wrapped in act(...).
Build, Lint & Test	UNKNOWN STEP	2025-12-27T19:38:21.0612747Z 
Build, Lint & Test	UNKNOWN STEP	2025-12-27T19:38:21.0613973Z When testing, code that causes React state updates should be wrapped into act(...):
Build, Lint & Test	UNKNOWN STEP	2025-12-27T19:38:21.0614678Z 
Build, Lint & Test	UNKNOWN STEP	2025-12-27T19:38:21.0614901Z act(() => {
Build, Lint & Test	UNKNOWN STEP	2025-12-27T19:38:21.0615398Z   /* fire events that update state */
Build, Lint & Test	UNKNOWN STEP	2025-12-27T19:38:21.0615930Z });
Build, Lint & Test	UNKNOWN STEP	2025-12-27T19:38:21.0616370Z /* assert on the output */
Build, Lint & Test	UNKNOWN STEP	2025-12-27T19:38:21.0616728Z 
Build, Lint & Test	UNKNOWN STEP	2025-12-27T19:38:21.0617829Z This ensures that you're testing the behavior the user would see in the browser. Learn more at https://react.dev/link/wrap-tests-with-act
Build, Lint & Test	UNKNOWN STEP	2025-12-27T19:38:21.0619355Z 
Build, Lint & Test	UNKNOWN STEP	2025-12-27T19:38:21.1271910Z  [32m✓[39m src/__tests__/unit/game/HitParticles.test.tsx [2m([22m[2m1 test[22m[2m)[22m[32m 49[2mms[22m[39m
Build, Lint & Test	UNKNOWN STEP	2025-12-27T19:38:21.2715607Z  [32m✓[39m src/__tests__/unit/ui/BossVignette.test.tsx [2m([22m[2m4 tests[22m[2m)[22m[32m 34[2mms[22m[39m
Build, Lint & Test	UNKNOWN STEP	2025-12-27T19:38:21.2974703Z  [32m✓[39m src/__tests__/unit/game/Spawning.test.tsx [2m([22m[2m3 tests[22m[2m)[22m[33m 8665[2mms[22m[39m
Build, Lint & Test	UNKNOWN STEP	2025-12-27T19:38:21.2980454Z      [33m[2m✓[22m[39m Enemies should spawn when state transitions to PHASE_1 [33m 2034[2mms[22m[39m
Build, Lint & Test	UNKNOWN STEP	2025-12-27T19:38:21.2984780Z      [33m[2m✓[22m[39m Obstacles should spawn if noise is above threshold [33m 6627[2mms[22m[39m
Build, Lint & Test	UNKNOWN STEP	2025-12-27T19:38:22.1206503Z  [32m✓[39m src/__tests__/unit/characters/StrataCharacter.test.tsx [2m([22m[2m1 test[22m[2m)[22m[32m 5[2mms[22m[39m
Build, Lint & Test	UNKNOWN STEP	2025-12-27T19:38:22.4878077Z  [32m✓[39m src/__tests__/unit/ui/LoadingScreen.test.tsx [2m([22m[2m4 tests[22m[2m)[22m[32m 69[2mms[22m[39m
Build, Lint & Test	UNKNOWN STEP	2025-12-27T19:38:22.5235172Z  [32m✓[39m src/__tests__/unit/ui/DamageFlash.test.tsx [2m([22m[2m3 tests[22m[2m)[22m[32m 36[2mms[22m[39m
Build, Lint & Test	UNKNOWN STEP	2025-12-27T19:38:23.4225556Z [90mstderr[2m | src/__tests__/unit/characters/index.test.ts
Build, Lint & Test	UNKNOWN STEP	2025-12-27T19:38:23.4228243Z [22m[39mTHREE.WARNING: Multiple instances of Three.js being imported.
Build, Lint & Test	UNKNOWN STEP	2025-12-27T19:38:23.4230294Z 
Build, Lint & Test	UNKNOWN STEP	2025-12-27T19:38:23.4695230Z [90mstderr[2m | src/__tests__/unit/game/Lighting.test.tsx[2m > [22m[2mLighting[2m > [22m[2mshould render correctly
Build, Lint & Test	UNKNOWN STEP	2025-12-27T19:38:23.4697072Z [22m[39m<ambientLight /> is using incorrect casing. Use PascalCase for React components, or lowercase for HTML elements.
Build, Lint & Test	UNKNOWN STEP	2025-12-27T19:38:23.4698958Z The tag <ambientLight> is unrecognized in this browser. If you meant to render a React component, start its name with an uppercase letter.
Build, Lint & Test	UNKNOWN STEP	2025-12-27T19:38:23.4700572Z <directionalLight /> is using incorrect casing. Use PascalCase for React components, or lowercase for HTML elements.
Build, Lint & Test	UNKNOWN STEP	2025-12-27T19:38:23.4702216Z The tag <directionalLight> is unrecognized in this browser. If you meant to render a React component, start its name with an uppercase letter.
Build, Lint & Test	UNKNOWN STEP	2025-12-27T19:38:23.4704904Z React does not recognize the `castShadow` prop on a DOM element. If you intentionally want it to appear in the DOM as a custom attribute, spell it as lowercase `castshadow` instead. If you accidentally passed it from a parent component, remove it from the DOM element.
Build, Lint & Test	UNKNOWN STEP	2025-12-27T19:38:23.4709377Z React does not recognize the `shadow-mapSize-width` prop on a DOM element. If you intentionally want it to appear in the DOM as a custom attribute, spell it as lowercase `shadow-mapsize-width` instead. If you accidentally passed it from a parent component, remove it from the DOM element.
Build, Lint & Test	UNKNOWN STEP	2025-12-27T19:38:23.4713370Z React does not recognize the `shadow-mapSize-height` prop on a DOM element. If you intentionally want it to appear in the DOM as a custom attribute, spell it as lowercase `shadow-mapsize-height` instead. If you accidentally passed it from a parent component, remove it from the DOM element.
Build, Lint & Test	UNKNOWN STEP	2025-12-27T19:38:23.4715823Z <directionalLight /> is using incorrect casing. Use PascalCase for React components, or lowercase for HTML elements.
Build, Lint & Test	UNKNOWN STEP	2025-12-27T19:38:23.4717579Z <hemisphereLight /> is using incorrect casing. Use PascalCase for React components, or lowercase for HTML elements.
Build, Lint & Test	UNKNOWN STEP	2025-12-27T19:38:23.4729741Z The tag <hemisphereLight> is unrecognized in this browser. If you meant to render a React component, start its name with an uppercase letter.
Build, Lint & Test	UNKNOWN STEP	2025-12-27T19:38:23.4731454Z <fogExp2 /> is using incorrect casing. Use PascalCase for React components, or lowercase for HTML elements.
Build, Lint & Test	UNKNOWN STEP	2025-12-27T19:38:23.4733117Z The tag <fogExp2> is unrecognized in this browser. If you meant to render a React component, start its name with an uppercase letter.
Build, Lint & Test	UNKNOWN STEP	2025-12-27T19:38:23.4733952Z 
Build, Lint & Test	UNKNOWN STEP	2025-12-27T19:38:23.5144221Z  [32m✓[39m src/__tests__/unit/game/Lighting.test.tsx [2m([22m[2m1 test[22m[2m)[22m[32m 51[2mms[22m[39m
Build, Lint & Test	UNKNOWN STEP	2025-12-27T19:38:23.9570259Z [90mstderr[2m | src/__tests__/unit/characters/index.test.ts
Build, Lint & Test	UNKNOWN STEP	2025-12-27T19:38:23.9571373Z [22m[39mTHREE.WARNING: Multiple instances of Three.js being imported.
Build, Lint & Test	UNKNOWN STEP	2025-12-27T19:38:23.9571882Z 
Build, Lint & Test	UNKNOWN STEP	2025-12-27T19:38:24.0121879Z [90mstderr[2m | src/__tests__/unit/game/GameScene.test.tsx
Build, Lint & Test	UNKNOWN STEP	2025-12-27T19:38:24.0123096Z [22m[39mTHREE.WARNING: Multiple instances of Three.js being imported.
Build, Lint & Test	UNKNOWN STEP	2025-12-27T19:38:24.0123645Z 
Build, Lint & Test	UNKNOWN STEP	2025-12-27T19:38:24.2102248Z [90mstderr[2m | src/__tests__/unit/game/GameScene.test.tsx
Build, Lint & Test	UNKNOWN STEP	2025-12-27T19:38:24.2103469Z [22m[39mTHREE.WARNING: Multiple instances of Three.js being imported.
Build, Lint & Test	UNKNOWN STEP	2025-12-27T19:38:24.2103886Z 
Build, Lint & Test	UNKNOWN STEP	2025-12-27T19:38:24.2119705Z  [32m✓[39m src/__tests__/unit/characters/index.test.ts [2m([22m[2m3 tests[22m[2m)[22m[32m 6[2mms[22m[39m
Build, Lint & Test	UNKNOWN STEP	2025-12-27T19:38:24.4258225Z  [32m✓[39m src/__tests__/unit/game/GameScene.test.tsx [2m([22m[2m1 test[22m[2m)[22m[32m 4[2mms[22m[39m
Build, Lint & Test	UNKNOWN STEP	2025-12-27T19:38:24.7676507Z 
Build, Lint & Test	UNKNOWN STEP	2025-12-27T19:38:24.7682820Z [2m Test Files [22m [1m[32m36 passed[39m[22m[90m (36)[39m
Build, Lint & Test	UNKNOWN STEP	2025-12-27T19:38:24.7684028Z [2m      Tests [22m [1m[32m389 passed[39m[22m[90m (389)[39m
Build, Lint & Test	UNKNOWN STEP	2025-12-27T19:38:24.7684502Z [2m   Start at [22m 19:38:02
Build, Lint & Test	UNKNOWN STEP	2025-12-27T19:38:24.7686889Z [2m   Duration [22m 22.31s[2m (transform 3.96s, setup 11.04s, import 16.70s, tests 11.53s, environment 15.17s)[22m
Build, Lint & Test	UNKNOWN STEP	2025-12-27T19:38:24.7687817Z 
Build, Lint & Test	UNKNOWN STEP	2025-12-27T19:38:24.7708461Z [34m % [39m[2mCoverage report from [22m[33mv8[39m
Build, Lint & Test	UNKNOWN STEP	2025-12-27T19:38:24.7761839Z -------------------|---------|----------|---------|---------|-------------------
Build, Lint & Test	UNKNOWN STEP	2025-12-27T19:38:24.7762822Z File               | % Stmts | % Branch | % Funcs | % Lines | Uncovered Line #s 
Build, Lint & Test	UNKNOWN STEP	2025-12-27T19:38:24.7763711Z -------------------|---------|----------|---------|---------|-------------------
Build, Lint & Test	UNKNOWN STEP	2025-12-27T19:38:24.7771030Z All files          |   61.55 |    43.39 |    62.7 |   61.84 |                   
Build, Lint & Test	UNKNOWN STEP	2025-12-27T19:38:24.7771810Z  src               |     100 |      100 |     100 |     100 |                   
Build, Lint & Test	UNKNOWN STEP	2025-12-27T19:38:24.7773044Z   App.tsx          |     100 |      100 |     100 |     100 |                   
Build, Lint & Test	UNKNOWN STEP	2025-12-27T19:38:24.7773798Z  src/audio         |   88.97 |    67.12 |   93.33 |    89.6 |                   
Build, Lint & Test	UNKNOWN STEP	2025-12-27T19:38:24.7775098Z   AudioManager.ts  |   88.97 |    67.12 |   93.33 |    89.6 | ...53,218,293,317 
Build, Lint & Test	UNKNOWN STEP	2025-12-27T19:38:24.7775919Z  src/characters    |    4.67 |     1.82 |    6.25 |     4.9 |                   
Build, Lint & Test	UNKNOWN STEP	2025-12-27T19:38:24.7776766Z   ...ontroller.tsx |     9.7 |     4.68 |   16.66 |     9.9 | 40-280            
Build, Lint & Test	UNKNOWN STEP	2025-12-27T19:38:24.7778520Z   ...Character.tsx |       0 |        0 |       0 |       0 | 53-283            
Build, Lint & Test	UNKNOWN STEP	2025-12-27T19:38:24.7779381Z   index.ts         |       0 |        0 |       0 |       0 |                   
Build, Lint & Test	UNKNOWN STEP	2025-12-27T19:38:24.7780247Z  src/data          |     100 |      100 |     100 |     100 |                   
Build, Lint & Test	UNKNOWN STEP	2025-12-27T19:38:24.7781021Z   audio.json       |       0 |        0 |       0 |       0 |                   
Build, Lint & Test	UNKNOWN STEP	2025-12-27T19:38:24.7781681Z   briefing.json    |       0 |        0 |       0 |       0 |                   
Build, Lint & Test	UNKNOWN STEP	2025-12-27T19:38:24.7782450Z   classes.json     |       0 |        0 |       0 |       0 |                   
Build, Lint & Test	UNKNOWN STEP	2025-12-27T19:38:24.7782990Z   config.json      |       0 |        0 |       0 |       0 |                   
Build, Lint & Test	UNKNOWN STEP	2025-12-27T19:38:24.7783609Z   enemies.json     |       0 |        0 |       0 |       0 |                   
Build, Lint & Test	UNKNOWN STEP	2025-12-27T19:38:24.7784330Z   index.ts         |     100 |      100 |     100 |     100 |                   
Build, Lint & Test	UNKNOWN STEP	2025-12-27T19:38:24.7785074Z   terrain.json     |       0 |        0 |       0 |       0 |                   
Build, Lint & Test	UNKNOWN STEP	2025-12-27T19:38:24.7785794Z   themes.json      |       0 |        0 |       0 |       0 |                   
Build, Lint & Test	UNKNOWN STEP	2025-12-27T19:38:24.7786518Z   upgrades.json    |       0 |        0 |       0 |       0 |                   
Build, Lint & Test	UNKNOWN STEP	2025-12-27T19:38:24.7787250Z   weapons.json     |       0 |        0 |       0 |       0 |                   
Build, Lint & Test	UNKNOWN STEP	2025-12-27T19:38:24.7788261Z   workshop.json    |       0 |        0 |       0 |       0 |                   
Build, Lint & Test	UNKNOWN STEP	2025-12-27T19:38:24.7788974Z  src/game          |   65.95 |     40.3 |   62.65 |   66.79 |                   
Build, Lint & Test	UNKNOWN STEP	2025-12-27T19:38:24.7789698Z   Bullets.tsx      |   85.36 |    63.33 |    87.5 |   86.44 | ...34-237,242-244 
Build, Lint & Test	UNKNOWN STEP	2025-12-27T19:38:24.7790452Z   ...ontroller.tsx |   65.43 |    35.13 |      50 |   67.08 | ...13-120,148-150 
Build, Lint & Test	UNKNOWN STEP	2025-12-27T19:38:24.7791197Z   Enemies.tsx      |   66.32 |    34.61 |   61.53 |   66.85 | ...08,229,290-564 
Build, Lint & Test	UNKNOWN STEP	2025-12-27T19:38:24.7791925Z   GameScene.tsx    |       0 |        0 |       0 |       0 | 23-26             
Build, Lint & Test	UNKNOWN STEP	2025-12-27T19:38:24.7792654Z   HitParticles.tsx |   25.42 |    21.05 |      50 |   27.27 | 50-108,126-131    
Build, Lint & Test	UNKNOWN STEP	2025-12-27T19:38:24.7793409Z   Lighting.tsx     |   44.44 |        0 |      50 |   44.44 | 18-22             
Build, Lint & Test	UNKNOWN STEP	2025-12-27T19:38:24.7794159Z   Terrain.tsx      |   70.52 |    41.66 |   60.86 |   69.23 | ...00-302,362-424 
Build, Lint & Test	UNKNOWN STEP	2025-12-27T19:38:24.7794850Z   index.ts         |       0 |        0 |       0 |       0 |                   
Build, Lint & Test	UNKNOWN STEP	2025-12-27T19:38:24.7795549Z  src/shaders       |   66.66 |      100 |       0 |   66.66 |                   
Build, Lint & Test	UNKNOWN STEP	2025-12-27T19:38:24.7796231Z   fur.ts           |       0 |        0 |       0 |       0 |                   
Build, Lint & Test	UNKNOWN STEP	2025-12-27T19:38:24.7796886Z   index.ts         |       0 |        0 |       0 |       0 |                   
Build, Lint & Test	UNKNOWN STEP	2025-12-27T19:38:24.7797554Z   terrain.ts       |   66.66 |      100 |       0 |   66.66 | 50                
Build, Lint & Test	UNKNOWN STEP	2025-12-27T19:38:24.7806124Z  src/store         |   69.97 |    55.37 |   84.05 |   70.39 |                   
Build, Lint & Test	UNKNOWN STEP	2025-12-27T19:38:24.7807053Z   gameStore.ts     |   69.97 |    55.37 |   84.05 |   70.39 | ...33,878-879,905 
Build, Lint & Test	UNKNOWN STEP	2025-12-27T19:38:24.7807851Z  src/ui            |   65.27 |    52.49 |    52.5 |   65.98 |                   
Build, Lint & Test	UNKNOWN STEP	2025-12-27T19:38:24.7808822Z   ...gs.module.css |       0 |        0 |       0 |       0 |                   
Build, Lint & Test	UNKNOWN STEP	2025-12-27T19:38:24.7809609Z   ...oSettings.tsx |   78.94 |      100 |   71.42 |   78.94 | 25-26,30-31       
Build, Lint & Test	UNKNOWN STEP	2025-12-27T19:38:24.7810414Z   ...UD.module.css |       0 |        0 |       0 |       0 |                   
Build, Lint & Test	UNKNOWN STEP	2025-12-27T19:38:24.7811180Z   BossHUD.tsx      |     100 |      100 |     100 |     100 |                   
Build, Lint & Test	UNKNOWN STEP	2025-12-27T19:38:24.7811925Z   ...te.module.css |       0 |        0 |       0 |       0 |                   
Build, Lint & Test	UNKNOWN STEP	2025-12-27T19:38:24.7812708Z   BossVignette.tsx |     100 |      100 |     100 |     100 |                   
Build, Lint & Test	UNKNOWN STEP	2025-12-27T19:38:24.7813496Z   ...sh.module.css |       0 |        0 |       0 |       0 |                   
Build, Lint & Test	UNKNOWN STEP	2025-12-27T19:38:24.7814496Z   DamageFlash.tsx  |     100 |      100 |     100 |     100 |                   
Build, Lint & Test	UNKNOWN STEP	2025-12-27T19:38:24.7815318Z   ...en.module.css |       0 |        0 |       0 |       0 |                   
Build, Lint & Test	UNKNOWN STEP	2025-12-27T19:38:24.7816073Z   EndScreen.tsx    |      60 |    80.76 |      50 |   66.66 | 70-73             
Build, Lint & Test	UNKNOWN STEP	2025-12-27T19:38:24.7816806Z   HUD.module.css   |       0 |        0 |       0 |       0 |                   
Build, Lint & Test	UNKNOWN STEP	2025-12-27T19:38:24.7817488Z   HUD.tsx          |   83.33 |    57.69 |      60 |   86.36 | 94-96             
Build, Lint & Test	UNKNOWN STEP	2025-12-27T19:38:24.7818396Z   ...ls.module.css |       0 |        0 |       0 |       0 |                   
Build, Lint & Test	UNKNOWN STEP	2025-12-27T19:38:24.7819125Z   ...tControls.tsx |     100 |    90.38 |     100 |     100 | 44,89,106-107,135 
Build, Lint & Test	UNKNOWN STEP	2025-12-27T19:38:24.7820071Z   ...ak.module.css |       0 |        0 |       0 |       0 |                   
Build, Lint & Test	UNKNOWN STEP	2025-12-27T19:38:24.7820810Z   KillStreak.tsx   |   94.11 |      100 |      75 |   93.33 | 32                
Build, Lint & Test	UNKNOWN STEP	2025-12-27T19:38:24.7821548Z   ...en.module.css |       0 |        0 |       0 |       0 |                   
Build, Lint & Test	UNKNOWN STEP	2025-12-27T19:38:24.7822259Z   ...lUpScreen.tsx |   81.48 |    80.76 |     100 |   80.76 | 26-30,43-45       
Build, Lint & Test	UNKNOWN STEP	2025-12-27T19:38:24.7823017Z   ...en.module.css |       0 |        0 |       0 |       0 |                   
Build, Lint & Test	UNKNOWN STEP	2025-12-27T19:38:24.7823744Z   ...ingScreen.tsx |   58.82 |    46.66 |      50 |    62.5 | 20-25,31          
Build, Lint & Test	UNKNOWN STEP	2025-12-27T19:38:24.7824608Z   ...ay.module.css |       0 |        0 |       0 |       0 |                   
Build, Lint & Test	UNKNOWN STEP	2025-12-27T19:38:24.7825367Z   ...geOverlay.tsx |   95.23 |      100 |      80 |   94.73 | 23                
Build, Lint & Test	UNKNOWN STEP	2025-12-27T19:38:24.7826102Z   ...ng.module.css |       0 |        0 |       0 |       0 |                   
Build, Lint & Test	UNKNOWN STEP	2025-12-27T19:38:24.7826873Z   ...nBriefing.tsx |     100 |      100 |     100 |     100 |                   
Build, Lint & Test	UNKNOWN STEP	2025-12-27T19:38:24.7827755Z   ...op.module.css |       0 |        0 |       0 |       0 |                   
Build, Lint & Test	UNKNOWN STEP	2025-12-27T19:38:24.7828921Z   ...sWorkshop.tsx |    5.08 |        0 |       0 |    5.55 | 25-278            
Build, Lint & Test	UNKNOWN STEP	2025-12-27T19:38:24.7829849Z   ...or.module.css |       0 |        0 |       0 |       0 |                   
Build, Lint & Test	UNKNOWN STEP	2025-12-27T19:38:24.7830851Z   SkinSelector.tsx |       0 |        0 |       0 |       0 | 17-81             
Build, Lint & Test	UNKNOWN STEP	2025-12-27T19:38:24.7831759Z   ...en.module.css |       0 |        0 |       0 |       0 |                   
Build, Lint & Test	UNKNOWN STEP	2025-12-27T19:38:24.7832595Z   StartScreen.tsx  |   90.62 |      100 |   76.92 |      90 | 55,141-142        
Build, Lint & Test	UNKNOWN STEP	2025-12-27T19:38:24.7833610Z   ...UD.module.css |       0 |        0 |       0 |       0 |                   
Build, Lint & Test	UNKNOWN STEP	2025-12-27T19:38:24.7834459Z   WeaponHUD.tsx    |       0 |        0 |       0 |       0 | 13-63             
Build, Lint & Test	UNKNOWN STEP	2025-12-27T19:38:24.7835209Z   ...op.module.css |       0 |        0 |       0 |       0 |                   
Build, Lint & Test	UNKNOWN STEP	2025-12-27T19:38:24.7836205Z   WeaponShop.tsx   |       0 |        0 |       0 |       0 | 13-73             
Build, Lint & Test	UNKNOWN STEP	2025-12-27T19:38:24.7837076Z   index.ts         |       0 |        0 |       0 |       0 |                   
Build, Lint & Test	UNKNOWN STEP	2025-12-27T19:38:24.7838287Z  src/utils         |     100 |      100 |     100 |     100 |                   
Build, Lint & Test	UNKNOWN STEP	2025-12-27T19:38:24.7839151Z   haptics.ts       |     100 |      100 |     100 |     100 |                   
Build, Lint & Test	UNKNOWN STEP	2025-12-27T19:38:24.7840029Z -------------------|---------|----------|---------|---------|-------------------
Build, Lint & Test	UNKNOWN STEP	2025-12-27T19:38:24.9404265Z ##[group]Run coverallsapp/github-action@v2
Build, Lint & Test	UNKNOWN STEP	2025-12-27T19:38:24.9404578Z with:
Build, Lint & Test	UNKNOWN STEP	2025-12-27T19:38:24.9405118Z   github-token: ***
Build, Lint & Test	UNKNOWN STEP	2025-12-27T19:38:24.9405325Z   format: lcov
Build, Lint & Test	UNKNOWN STEP	2025-12-27T19:38:24.9405508Z   file: ./coverage/lcov.info
Build, Lint & Test	UNKNOWN STEP	2025-12-27T19:38:24.9405763Z   coveralls-endpoint: https://coveralls.io
Build, Lint & Test	UNKNOWN STEP	2025-12-27T19:38:24.9406050Z   allow-empty: false
Build, Lint & Test	UNKNOWN STEP	2025-12-27T19:38:24.9406267Z   debug: false
Build, Lint & Test	UNKNOWN STEP	2025-12-27T19:38:24.9406435Z   measure: false
Build, Lint & Test	UNKNOWN STEP	2025-12-27T19:38:24.9406618Z   fail-on-error: true
Build, Lint & Test	UNKNOWN STEP	2025-12-27T19:38:24.9406829Z   coverage-reporter-version: latest
Build, Lint & Test	UNKNOWN STEP	2025-12-27T19:38:24.9407097Z   coverage-reporter-platform: auto-detect
Build, Lint & Test	UNKNOWN STEP	2025-12-27T19:38:24.9407353Z env:
Build, Lint & Test	UNKNOWN STEP	2025-12-27T19:38:24.9407515Z   NODE_VERSION: 20
Build, Lint & Test	UNKNOWN STEP	2025-12-27T19:38:24.9407695Z   PNPM_VERSION: 10
Build, Lint & Test	UNKNOWN STEP	2025-12-27T19:38:24.9408165Z   PNPM_HOME: /home/runner/setup-pnpm/node_modules/.bin
Build, Lint & Test	UNKNOWN STEP	2025-12-27T19:38:24.9408518Z ##[endgroup]
Build, Lint & Test	UNKNOWN STEP	2025-12-27T19:38:24.9517709Z ##[group]Run # Enable debugging if 'debug' is true
Build, Lint & Test	UNKNOWN STEP	2025-12-27T19:38:24.9518318Z [36;1m# Enable debugging if 'debug' is true[0m
Build, Lint & Test	UNKNOWN STEP	2025-12-27T19:38:24.9518602Z [36;1m[ "false" == "true" ] && set -x[0m
Build, Lint & Test	UNKNOWN STEP	2025-12-27T19:38:24.9518843Z [36;1m[0m
Build, Lint & Test	UNKNOWN STEP	2025-12-27T19:38:24.9519026Z [36;1mmkdir -p ~/bin/[0m
Build, Lint & Test	UNKNOWN STEP	2025-12-27T19:38:24.9519240Z [36;1mcd ~/bin/[0m
Build, Lint & Test	UNKNOWN STEP	2025-12-27T19:38:24.9519415Z [36;1m[0m
Build, Lint & Test	UNKNOWN STEP	2025-12-27T19:38:24.9519686Z [36;1m# Determine which version of coverage-reporter to download[0m
Build, Lint & Test	UNKNOWN STEP	2025-12-27T19:38:24.9520345Z [36;1mif [ -z "$COVERAGE_REPORTER_VERSION" ] || [ "$COVERAGE_REPORTER_VERSION" == "latest" ]; then[0m
Build, Lint & Test	UNKNOWN STEP	2025-12-27T19:38:24.9520749Z [36;1m  asset_path="latest/download"[0m
Build, Lint & Test	UNKNOWN STEP	2025-12-27T19:38:24.9521014Z [36;1m  version_message="latest"[0m
Build, Lint & Test	UNKNOWN STEP	2025-12-27T19:38:24.9521244Z [36;1melse[0m
Build, Lint & Test	UNKNOWN STEP	2025-12-27T19:38:24.9521481Z [36;1m  asset_path="download/${COVERAGE_REPORTER_VERSION}"[0m
Build, Lint & Test	UNKNOWN STEP	2025-12-27T19:38:24.9521823Z [36;1m  version_message="$COVERAGE_REPORTER_VERSION"[0m
Build, Lint & Test	UNKNOWN STEP	2025-12-27T19:38:24.9522091Z [36;1mfi[0m
Build, Lint & Test	UNKNOWN STEP	2025-12-27T19:38:24.9522253Z [36;1m[0m
Build, Lint & Test	UNKNOWN STEP	2025-12-27T19:38:24.9522444Z [36;1m# Function to compare version numbers[0m
Build, Lint & Test	UNKNOWN STEP	2025-12-27T19:38:24.9522700Z [36;1mversion_ge() {[0m
Build, Lint & Test	UNKNOWN STEP	2025-12-27T19:38:24.9522918Z [36;1m  # Compare two version numbers[0m
Build, Lint & Test	UNKNOWN STEP	2025-12-27T19:38:24.9523210Z [36;1m  [ "$(printf '%s\n' "$@" | sort -V | head -n 1)" != "$1" ][0m
Build, Lint & Test	UNKNOWN STEP	2025-12-27T19:38:24.9523487Z [36;1m}[0m
Build, Lint & Test	UNKNOWN STEP	2025-12-27T19:38:24.9523649Z [36;1m[0m
Build, Lint & Test	UNKNOWN STEP	2025-12-27T19:38:24.9523851Z [36;1m# Determine the platform-specific filename:[0m
Build, Lint & Test	UNKNOWN STEP	2025-12-27T19:38:24.9524325Z [36;1m# This logic is necessary due to the introduction of multiple platform support starting from v0.6.15.[0m
Build, Lint & Test	UNKNOWN STEP	2025-12-27T19:38:24.9524916Z [36;1m# It selects the correct filename based on the specified platform and version, while ensuring[0m
Build, Lint & Test	UNKNOWN STEP	2025-12-27T19:38:24.9525526Z [36;1m# backward compatibility with earlier versions that only supported a generic Linux binary for x86_64.[0m
Build, Lint & Test	UNKNOWN STEP	2025-12-27T19:38:24.9526143Z [36;1mif [ -z "$COVERAGE_REPORTER_PLATFORM" ] || [ "$COVERAGE_REPORTER_PLATFORM" == "auto-detect" ]; then[0m
Build, Lint & Test	UNKNOWN STEP	2025-12-27T19:38:24.9526582Z [36;1m  COVERAGE_REPORTER_PLATFORM="$(uname -m)"[0m
Build, Lint & Test	UNKNOWN STEP	2025-12-27T19:38:24.9526839Z [36;1mfi[0m
Build, Lint & Test	UNKNOWN STEP	2025-12-27T19:38:24.9527047Z [36;1mcase "$COVERAGE_REPORTER_PLATFORM" in[0m
Build, Lint & Test	UNKNOWN STEP	2025-12-27T19:38:24.9527305Z [36;1m  x86_64|"")[0m
Build, Lint & Test	UNKNOWN STEP	2025-12-27T19:38:24.9527573Z [36;1m    if version_ge "$COVERAGE_REPORTER_VERSION" "v0.6.15"; then[0m
Build, Lint & Test	UNKNOWN STEP	2025-12-27T19:38:24.9528110Z [36;1m      platform_filename="coveralls-linux-x86_64.tar.gz"[0m
Build, Lint & Test	UNKNOWN STEP	2025-12-27T19:38:24.9528406Z [36;1m    else[0m
Build, Lint & Test	UNKNOWN STEP	2025-12-27T19:38:24.9528634Z [36;1m      platform_filename="coveralls-linux.tar.gz"[0m
Build, Lint & Test	UNKNOWN STEP	2025-12-27T19:38:24.9528909Z [36;1m    fi[0m
Build, Lint & Test	UNKNOWN STEP	2025-12-27T19:38:24.9529080Z [36;1m    ;;[0m
Build, Lint & Test	UNKNOWN STEP	2025-12-27T19:38:24.9529253Z [36;1m  aarch64|arm64)[0m
Build, Lint & Test	UNKNOWN STEP	2025-12-27T19:38:24.9529525Z [36;1m    if version_ge "$COVERAGE_REPORTER_VERSION" "v0.6.15"; then[0m
Build, Lint & Test	UNKNOWN STEP	2025-12-27T19:38:24.9529899Z [36;1m      platform_filename="coveralls-linux-aarch64.tar.gz"[0m
Build, Lint & Test	UNKNOWN STEP	2025-12-27T19:38:24.9530185Z [36;1m    else[0m
Build, Lint & Test	UNKNOWN STEP	2025-12-27T19:38:24.9530783Z [36;1m      echo "Warning: The aarch64/arm64 platform is only supported from version v0.6.15 onwards. Proceeding with v0.6.15." >&2[0m
Build, Lint & Test	UNKNOWN STEP	2025-12-27T19:38:24.9531299Z [36;1m      asset_path="download/v0.6.15"[0m
Build, Lint & Test	UNKNOWN STEP	2025-12-27T19:38:24.9531615Z [36;1m      platform_filename="coveralls-linux-aarch64.tar.gz"[0m
Build, Lint & Test	UNKNOWN STEP	2025-12-27T19:38:24.9531900Z [36;1m    fi[0m
Build, Lint & Test	UNKNOWN STEP	2025-12-27T19:38:24.9532069Z [36;1m    ;;[0m
Build, Lint & Test	UNKNOWN STEP	2025-12-27T19:38:24.9532237Z [36;1m  *)[0m
Build, Lint & Test	UNKNOWN STEP	2025-12-27T19:38:24.9532705Z [36;1m    echo "Warning: Unsupported platform: $COVERAGE_REPORTER_PLATFORM. The default x86_64 version ($version_message) will be used." >&2[0m
Build, Lint & Test	UNKNOWN STEP	2025-12-27T19:38:24.9533296Z [36;1m    if version_ge "$COVERAGE_REPORTER_VERSION" "v0.6.15"; then[0m
Build, Lint & Test	UNKNOWN STEP	2025-12-27T19:38:24.9533658Z [36;1m      platform_filename="coveralls-linux-x86_64.tar.gz"[0m
Build, Lint & Test	UNKNOWN STEP	2025-12-27T19:38:24.9533944Z [36;1m    else[0m
Build, Lint & Test	UNKNOWN STEP	2025-12-27T19:38:24.9534160Z [36;1m      platform_filename="coveralls-linux.tar.gz"[0m
Build, Lint & Test	UNKNOWN STEP	2025-12-27T19:38:24.9534438Z [36;1m    fi[0m
Build, Lint & Test	UNKNOWN STEP	2025-12-27T19:38:24.9534607Z [36;1m    ;;[0m
Build, Lint & Test	UNKNOWN STEP	2025-12-27T19:38:24.9534771Z [36;1mesac[0m
Build, Lint & Test	UNKNOWN STEP	2025-12-27T19:38:24.9534938Z [36;1m[0m
Build, Lint & Test	UNKNOWN STEP	2025-12-27T19:38:24.9535114Z [36;1m# Checksum verification:[0m
Build, Lint & Test	UNKNOWN STEP	2025-12-27T19:38:24.9535505Z [36;1m# The following code was chosen to replace the more simple `sha256sum -c` because it provides[0m
Build, Lint & Test	UNKNOWN STEP	2025-12-27T19:38:24.9536138Z [36;1m# clearer debugging information around our new matrix of supported coverage-reporter versions and platforms.[0m
Build, Lint & Test	UNKNOWN STEP	2025-12-27T19:38:24.9536990Z [36;1m# We may drop back to `${platform_filename}" coveralls-checksums.txt | sha256sum -c` when we're more confidently handling these.[0m
Build, Lint & Test	UNKNOWN STEP	2025-12-27T19:38:24.9537490Z [36;1m[0m
Build, Lint & Test	UNKNOWN STEP	2025-12-27T19:38:24.9537699Z [36;1m# Try to download the binary and checksum file[0m
Build, Lint & Test	UNKNOWN STEP	2025-12-27T19:38:24.9538339Z [36;1mif ! curl -sLO "https://github.com/coverallsapp/coverage-reporter/releases/${asset_path}/${platform_filename}" ||[0m
Build, Lint & Test	UNKNOWN STEP	2025-12-27T19:38:24.9539115Z [36;1m  ! curl -sLO "https://github.com/coverallsapp/coverage-reporter/releases/${asset_path}/coveralls-checksums.txt"; then[0m
Build, Lint & Test	UNKNOWN STEP	2025-12-27T19:38:24.9539712Z [36;1m  echo "Failed to download coveralls binary or checksum (Linux)."[0m
Build, Lint & Test	UNKNOWN STEP	2025-12-27T19:38:24.9540053Z [36;1m  [ "true" == "false" ] && exit 0[0m
Build, Lint & Test	UNKNOWN STEP	2025-12-27T19:38:24.9540283Z [36;1m  exit 1[0m
Build, Lint & Test	UNKNOWN STEP	2025-12-27T19:38:24.9540456Z [36;1mfi[0m
Build, Lint & Test	UNKNOWN STEP	2025-12-27T19:38:24.9540617Z [36;1m[0m
Build, Lint & Test	UNKNOWN STEP	2025-12-27T19:38:24.9540853Z [36;1m# DEBUG: Print contents of checksum file for debugging[0m
Build, Lint & Test	UNKNOWN STEP	2025-12-27T19:38:24.9541208Z [36;1mecho "Contents of coveralls-checksums.txt:"[0m
Build, Lint & Test	UNKNOWN STEP	2025-12-27T19:38:24.9541502Z [36;1mcat coveralls-checksums.txt[0m
Build, Lint & Test	UNKNOWN STEP	2025-12-27T19:38:24.9541731Z [36;1m[0m
Build, Lint & Test	UNKNOWN STEP	2025-12-27T19:38:24.9541908Z [36;1m# Extract expected checksum[0m
Build, Lint & Test	UNKNOWN STEP	2025-12-27T19:38:24.9542320Z [36;1mexpected_checksum=$(grep "${platform_filename}" coveralls-checksums.txt | awk '{print $1}')[0m
Build, Lint & Test	UNKNOWN STEP	2025-12-27T19:38:24.9542762Z [36;1mif [ -z "$expected_checksum" ]; then[0m
Build, Lint & Test	UNKNOWN STEP	2025-12-27T19:38:24.9543089Z [36;1m  echo "Failed to extract checksum for ${platform_filename}"[0m
Build, Lint & Test	UNKNOWN STEP	2025-12-27T19:38:24.9543417Z [36;1m  [ "true" == "false" ] && exit 0[0m
Build, Lint & Test	UNKNOWN STEP	2025-12-27T19:38:24.9543651Z [36;1m  exit 1[0m
Build, Lint & Test	UNKNOWN STEP	2025-12-27T19:38:24.9543820Z [36;1mfi[0m
Build, Lint & Test	UNKNOWN STEP	2025-12-27T19:38:24.9543983Z [36;1m[0m
Build, Lint & Test	UNKNOWN STEP	2025-12-27T19:38:24.9544158Z [36;1m# Compute actual checksum[0m
Build, Lint & Test	UNKNOWN STEP	2025-12-27T19:38:24.9544502Z [36;1mactual_checksum=$(sha256sum "${platform_filename}" | awk '{print $1}')[0m
Build, Lint & Test	UNKNOWN STEP	2025-12-27T19:38:24.9544836Z [36;1m[0m
Build, Lint & Test	UNKNOWN STEP	2025-12-27T19:38:24.9545104Z [36;1m# Perform verification by comparing expected and actual checksums[0m
Build, Lint & Test	UNKNOWN STEP	2025-12-27T19:38:24.9545501Z [36;1mif [ "$expected_checksum" != "$actual_checksum" ]; then[0m
Build, Lint & Test	UNKNOWN STEP	2025-12-27T19:38:24.9545834Z [36;1m  echo "Checksum verification failed (Linux)."[0m
Build, Lint & Test	UNKNOWN STEP	2025-12-27T19:38:24.9546135Z [36;1m  echo "Expected: $expected_checksum"[0m
Build, Lint & Test	UNKNOWN STEP	2025-12-27T19:38:24.9546408Z [36;1m  echo "Actual: $actual_checksum"[0m
Build, Lint & Test	UNKNOWN STEP	2025-12-27T19:38:24.9546662Z [36;1m  [ "true" == "false" ] && exit 0[0m
Build, Lint & Test	UNKNOWN STEP	2025-12-27T19:38:24.9546888Z [36;1m  exit 1[0m
Build, Lint & Test	UNKNOWN STEP	2025-12-27T19:38:24.9547060Z [36;1mfi[0m
Build, Lint & Test	UNKNOWN STEP	2025-12-27T19:38:24.9547347Z [36;1m[0m
Build, Lint & Test	UNKNOWN STEP	2025-12-27T19:38:24.9547568Z [36;1mtar -xzf "${platform_filename}"[0m
Build, Lint & Test	UNKNOWN STEP	2025-12-27T19:38:24.9547796Z [36;1m[0m
Build, Lint & Test	UNKNOWN STEP	2025-12-27T19:38:24.9548070Z [36;1m# Check if the binary exists[0m
Build, Lint & Test	UNKNOWN STEP	2025-12-27T19:38:24.9548321Z [36;1mif [ ! -f ~/bin/coveralls ]; then[0m
Build, Lint & Test	UNKNOWN STEP	2025-12-27T19:38:24.9548643Z [36;1m  echo "Coveralls binary not found after extraction (Linux)."[0m
Build, Lint & Test	UNKNOWN STEP	2025-12-27T19:38:24.9548972Z [36;1m  [ "true" == "false" ] && exit 0[0m
Build, Lint & Test	UNKNOWN STEP	2025-12-27T19:38:24.9549204Z [36;1m  exit 1[0m
Build, Lint & Test	UNKNOWN STEP	2025-12-27T19:38:24.9549374Z [36;1mfi[0m
Build, Lint & Test	UNKNOWN STEP	2025-12-27T19:38:24.9549530Z [36;1m[0m
Build, Lint & Test	UNKNOWN STEP	2025-12-27T19:38:24.9549692Z [36;1m# Cleanup[0m
Build, Lint & Test	UNKNOWN STEP	2025-12-27T19:38:24.9549901Z [36;1mrm coveralls-checksums.txt[0m
Build, Lint & Test	UNKNOWN STEP	2025-12-27T19:38:24.9550141Z [36;1mecho ~/bin >> $GITHUB_PATH[0m
Build, Lint & Test	UNKNOWN STEP	2025-12-27T19:38:24.9583034Z shell: /usr/bin/bash --noprofile --norc -e -o pipefail {0}
Build, Lint & Test	UNKNOWN STEP	2025-12-27T19:38:24.9583357Z env:
Build, Lint & Test	UNKNOWN STEP	2025-12-27T19:38:24.9583535Z   NODE_VERSION: 20
Build, Lint & Test	UNKNOWN STEP	2025-12-27T19:38:24.9583760Z   PNPM_VERSION: 10
Build, Lint & Test	UNKNOWN STEP	2025-12-27T19:38:24.9584009Z   PNPM_HOME: /home/runner/setup-pnpm/node_modules/.bin
Build, Lint & Test	UNKNOWN STEP	2025-12-27T19:38:24.9584315Z   COVERAGE_REPORTER_VERSION: latest
Build, Lint & Test	UNKNOWN STEP	2025-12-27T19:38:24.9584583Z   COVERAGE_REPORTER_PLATFORM: auto-detect
Build, Lint & Test	UNKNOWN STEP	2025-12-27T19:38:24.9584835Z ##[endgroup]
Build, Lint & Test	UNKNOWN STEP	2025-12-27T19:38:25.7712575Z Contents of coveralls-checksums.txt:
Build, Lint & Test	UNKNOWN STEP	2025-12-27T19:38:25.7723374Z 07a957742c6dd3f344d0dbf03e02997b7fb45125858b0face577a430ec256f0a  coveralls-linux
Build, Lint & Test	UNKNOWN STEP	2025-12-27T19:38:25.7724468Z 2c8a1fb352499e03f82a20e0681d91f5cc1d8e3c15cf4c229fba56f700e84e9d  coveralls-linux-aarch64
Build, Lint & Test	UNKNOWN STEP	2025-12-27T19:38:25.7725270Z 77d35ee96e9947095082a52de05eccf2b2bbc3f17d5324c88687bb5149b7b372  coveralls-linux-aarch64.tar.gz
Build, Lint & Test	UNKNOWN STEP	2025-12-27T19:38:25.7726049Z 07a957742c6dd3f344d0dbf03e02997b7fb45125858b0face577a430ec256f0a  coveralls-linux-x86_64
Build, Lint & Test	UNKNOWN STEP	2025-12-27T19:38:25.7726816Z f3c837413f66a6402953eee9ba3486366bd3de536100adb4a670bbd83c0382e0  coveralls-linux-x86_64.tar.gz
Build, Lint & Test	UNKNOWN STEP	2025-12-27T19:38:25.7727568Z f3c837413f66a6402953eee9ba3486366bd3de536100adb4a670bbd83c0382e0  coveralls-linux.tar.gz
Build, Lint & Test	UNKNOWN STEP	2025-12-27T19:38:25.7728538Z a7e365ae7759f42a9c1c1dde10d40af5f88a2305a19d2ed366314811bbe67a09  coveralls-windows.exe
Build, Lint & Test	UNKNOWN STEP	2025-12-27T19:38:25.7729420Z 62889f0cd3ff31cb966bef872702e1ebf30c187378d78f5760a74eb7d520c1cc  coveralls-windows.zip
Build, Lint & Test	UNKNOWN STEP	2025-12-27T19:38:25.8453741Z ##[group]Run # Check if coveralls binary exists
Build, Lint & Test	UNKNOWN STEP	2025-12-27T19:38:25.8454081Z [36;1m# Check if coveralls binary exists[0m
Build, Lint & Test	UNKNOWN STEP	2025-12-27T19:38:25.8454386Z [36;1mif ! command -v coveralls &> /dev/null; then[0m
Build, Lint & Test	UNKNOWN STEP	2025-12-27T19:38:25.8454766Z [36;1m  echo "Coveralls binary not found. Skipping coverage report."[0m
Build, Lint & Test	UNKNOWN STEP	2025-12-27T19:38:25.8455107Z [36;1m  [ "true" == "false" ] && exit 0[0m
Build, Lint & Test	UNKNOWN STEP	2025-12-27T19:38:25.8455339Z [36;1m  exit 1[0m
Build, Lint & Test	UNKNOWN STEP	2025-12-27T19:38:25.8455514Z [36;1mfi[0m
Build, Lint & Test	UNKNOWN STEP	2025-12-27T19:38:25.8455778Z [36;1mcoveralls report       --format lcov ./coverage/lcov.info [0m
Build, Lint & Test	UNKNOWN STEP	2025-12-27T19:38:25.8487876Z shell: /usr/bin/bash --noprofile --norc -e -o pipefail {0}
Build, Lint & Test	UNKNOWN STEP	2025-12-27T19:38:25.8488349Z env:
Build, Lint & Test	UNKNOWN STEP	2025-12-27T19:38:25.8488514Z   NODE_VERSION: 20
Build, Lint & Test	UNKNOWN STEP	2025-12-27T19:38:25.8488721Z   PNPM_VERSION: 10
Build, Lint & Test	UNKNOWN STEP	2025-12-27T19:38:25.8488964Z   PNPM_HOME: /home/runner/setup-pnpm/node_modules/.bin
Build, Lint & Test	UNKNOWN STEP	2025-12-27T19:38:25.8489258Z   COVERALLS_DEBUG: false
Build, Lint & Test	UNKNOWN STEP	2025-12-27T19:38:25.8489485Z   COVERALLS_CARRYFORWARD_FLAGS: 
Build, Lint & Test	UNKNOWN STEP	2025-12-27T19:38:25.8489713Z   COVERALLS_FLAG_NAME: 
Build, Lint & Test	UNKNOWN STEP	2025-12-27T19:38:25.8489913Z   COVERALLS_PARALLEL: 
Build, Lint & Test	UNKNOWN STEP	2025-12-27T19:38:25.8490140Z   COVERALLS_ENDPOINT: https://coveralls.io
Build, Lint & Test	UNKNOWN STEP	2025-12-27T19:38:25.8490413Z   COVERALLS_GIT_BRANCH: 
Build, Lint & Test	UNKNOWN STEP	2025-12-27T19:38:25.8490611Z   COVERALLS_GIT_COMMIT: 
Build, Lint & Test	UNKNOWN STEP	2025-12-27T19:38:25.8491047Z   COVERALLS_REPO_TOKEN: ***
Build, Lint & Test	UNKNOWN STEP	2025-12-27T19:38:25.8491284Z   COVERALLS_COMPARE_REF: 
Build, Lint & Test	UNKNOWN STEP	2025-12-27T19:38:25.8491498Z   COVERALLS_COMPARE_SHA: 
Build, Lint & Test	UNKNOWN STEP	2025-12-27T19:38:25.8491719Z   COVERALLS_SOURCE_HEADER: github-action
Build, Lint & Test	UNKNOWN STEP	2025-12-27T19:38:25.8491960Z ##[endgroup]
Build, Lint & Test	UNKNOWN STEP	2025-12-27T19:38:25.8558403Z  
Build, Lint & Test	UNKNOWN STEP	2025-12-27T19:38:25.8558937Z ⠀⠀⠀⠀⠀⠀⣿
Build, Lint & Test	UNKNOWN STEP	2025-12-27T19:38:25.8559640Z ⠀⠀⠀⠀⠀⣼⣿⣧⠀⠀⠀⠀⠀⠀⠀ ⣠⣶⣾⣿⡇⢀⣴⣾⣿⣷⣆ ⣿⣿⠀⣰⣿⡟⢸⣿⣿⣿⡇ ⣿⣿⣿⣷⣦⠀⠀⢠⣿⣿⣿⠀⠀⣿⣿⠁⠀⣼⣿⡇⠀⢀⣴⣾⣿⡷
Build, Lint & Test	UNKNOWN STEP	2025-12-27T19:38:25.8560747Z ⠶⣶⣶⣶⣾⣿⣿⣿⣷⣶⣶⣶⠶  ⣸⣿⡟ ⠀⢠⣿⣿⠃⠈⣿⣿⠀⣿⣿⢠⣿⡿⠀⣿⣿⣧⣤⠀⢸⣿⡇⣠⣿⡿⠀⢠⣿⡟⣿⣿⠀⢸⣿⡿⠀⠀⣿⣿⠃⠀⢸⣿⣧⣄
Build, Lint & Test	UNKNOWN STEP	2025-12-27T19:38:25.8561627Z ⠀⠀⠙⢻⣿⣿⣿⣿⣿⡟⠋⠁⠀⠀ ⣿⣿⡇⠀ ⢸⣿⣿⠀⣸⣿⡟⠀⣿⣿⣾⡿⠁ ⣿⣿⠛⠛⠀⣿⣿⢿⣿⣏⠀⢀⣿⣿⣁⣿⣿⠀⣾⣿⡇⠀⢸⣿⡿⠀⠀⡀⠙⣿⣿⡆
Build, Lint & Test	UNKNOWN STEP	2025-12-27T19:38:25.8562474Z ⠀⠀⢠⣿⣿⣿⠿⣿⣿⣿⡄⠀⠀⠀ ⠙⢿⣿⣿⠇⠈⠿⣿⣿⡿⠋⠀⠀⢿⣿⡿⠁⠀⢸⣿⣿⣿⡇⢸⣿⣿⠀⣿⣿⣄⣾⣿⠛⠛⣿⣿⢠⣿⣿⣿ ⣼⣿⣿⣿ ⣿⣿⡿⠋⠀
Build, Lint & Test	UNKNOWN STEP	2025-12-27T19:38:25.8562999Z ⠀⢀⣾⠟⠋⠀⠀⠀⠙⠻⣷⡀⠀⠀
Build, Lint & Test	UNKNOWN STEP	2025-12-27T19:38:25.8563301Z  
Build, Lint & Test	UNKNOWN STEP	2025-12-27T19:38:25.8563582Z   v0.6.17
Build, Lint & Test	UNKNOWN STEP	2025-12-27T19:38:25.8563757Z 
Build, Lint & Test	UNKNOWN STEP	2025-12-27T19:38:25.8564073Z ✏️ Forced coverage format: lcov
Build, Lint & Test	UNKNOWN STEP	2025-12-27T19:38:25.8564736Z 📄 Using coverage file: ./coverage/lcov.info
Build, Lint & Test	UNKNOWN STEP	2025-12-27T19:38:25.8640537Z 🚀 Posting coverage data to https://coveralls.io/api/v1/jobs
Build, Lint & Test	UNKNOWN STEP	2025-12-27T19:38:27.8823110Z ---
Build, Lint & Test	UNKNOWN STEP	2025-12-27T19:38:27.8824385Z ✅ API Response: {"message":"Job #20543488941.1","url":"https://coveralls.io/jobs/176145095"}
Build, Lint & Test	UNKNOWN STEP	2025-12-27T19:38:27.8824977Z - 💛, Coveralls
Build, Lint & Test	UNKNOWN STEP	2025-12-27T19:38:27.8879510Z ##[group]Run pnpm typecheck
Build, Lint & Test	UNKNOWN STEP	2025-12-27T19:38:27.8879786Z [36;1mpnpm typecheck[0m
Build, Lint & Test	UNKNOWN STEP	2025-12-27T19:38:27.8911805Z shell: /usr/bin/bash -e {0}
Build, Lint & Test	UNKNOWN STEP	2025-12-27T19:38:27.8912030Z env:
Build, Lint & Test	UNKNOWN STEP	2025-12-27T19:38:27.8912196Z   NODE_VERSION: 20
Build, Lint & Test	UNKNOWN STEP	2025-12-27T19:38:27.8912386Z   PNPM_VERSION: 10
Build, Lint & Test	UNKNOWN STEP	2025-12-27T19:38:27.8912634Z   PNPM_HOME: /home/runner/setup-pnpm/node_modules/.bin
Build, Lint & Test	UNKNOWN STEP	2025-12-27T19:38:27.8912919Z ##[endgroup]
Build, Lint & Test	UNKNOWN STEP	2025-12-27T19:38:28.2389994Z 
Build, Lint & Test	UNKNOWN STEP	2025-12-27T19:38:28.2391030Z > protocol-silent-night@1.0.0 typecheck /home/runner/work/protocol-silent-night/protocol-silent-night
Build, Lint & Test	UNKNOWN STEP	2025-12-27T19:38:28.2391615Z > tsc --noEmit
Build, Lint & Test	UNKNOWN STEP	2025-12-27T19:38:28.2392095Z 
Build, Lint & Test	UNKNOWN STEP	2025-12-27T19:38:32.9673435Z ##[group]Run pnpm build
Build, Lint & Test	UNKNOWN STEP	2025-12-27T19:38:32.9673702Z [36;1mpnpm build[0m
Build, Lint & Test	UNKNOWN STEP	2025-12-27T19:38:32.9705644Z shell: /usr/bin/bash -e {0}
Build, Lint & Test	UNKNOWN STEP	2025-12-27T19:38:32.9705876Z env:
Build, Lint & Test	UNKNOWN STEP	2025-12-27T19:38:32.9706042Z   NODE_VERSION: 20
Build, Lint & Test	UNKNOWN STEP	2025-12-27T19:38:32.9706245Z   PNPM_VERSION: 10
Build, Lint & Test	UNKNOWN STEP	2025-12-27T19:38:32.9706489Z   PNPM_HOME: /home/runner/setup-pnpm/node_modules/.bin
Build, Lint & Test	UNKNOWN STEP	2025-12-27T19:38:32.9706778Z ##[endgroup]
Build, Lint & Test	UNKNOWN STEP	2025-12-27T19:38:33.3188211Z 
Build, Lint & Test	UNKNOWN STEP	2025-12-27T19:38:33.3189263Z > protocol-silent-night@1.0.0 build /home/runner/work/protocol-silent-night/protocol-silent-night
Build, Lint & Test	UNKNOWN STEP	2025-12-27T19:38:33.3189837Z > tsc -b && vite build
Build, Lint & Test	UNKNOWN STEP	2025-12-27T19:38:33.3189985Z 
Build, Lint & Test	UNKNOWN STEP	2025-12-27T19:38:38.6378941Z [36mvite v7.3.0 [32mbuilding client environment for production...[36m[39m
Build, Lint & Test	UNKNOWN STEP	2025-12-27T19:38:38.6946160Z transforming...
Build, Lint & Test	UNKNOWN STEP	2025-12-27T19:38:45.9448852Z [32m✓[39m 1776 modules transformed.
Build, Lint & Test	UNKNOWN STEP	2025-12-27T19:38:46.4329474Z rendering chunks...
Build, Lint & Test	UNKNOWN STEP	2025-12-27T19:38:47.4806825Z computing gzip size...
Build, Lint & Test	UNKNOWN STEP	2025-12-27T19:38:47.5526757Z [2mdist/[22m[32mindex.html                      [39m[1m[2m  1.90 kB[22m[1m[22m[2m │ gzip:   0.78 kB[22m
Build, Lint & Test	UNKNOWN STEP	2025-12-27T19:38:47.5528549Z [2mdist/[22m[2massets/[22m[35mindex-BhBV7Gfc.css       [39m[1m[2m 27.24 kB[22m[1m[22m[2m │ gzip:   5.98 kB[22m
Build, Lint & Test	UNKNOWN STEP	2025-12-27T19:38:47.5530368Z [2mdist/[22m[2massets/[22m[36mvendor-DUt6StBN.js       [39m[1m[2m  0.39 kB[22m[1m[22m[2m │ gzip:   0.29 kB[22m[2m │ map:     1.63 kB[22m
Build, Lint & Test	UNKNOWN STEP	2025-12-27T19:38:47.5532290Z [2mdist/[22m[2massets/[22m[36mreact-three-5Wf0xUMv.js  [39m[1m[2m243.80 kB[22m[1m[22m[2m │ gzip:  71.64 kB[22m[2m │ map: 1,612.95 kB[22m
Build, Lint & Test	UNKNOWN STEP	2025-12-27T19:38:47.5533333Z [33m
Build, Lint & Test	UNKNOWN STEP	2025-12-27T19:38:47.5533981Z (!) Some chunks are larger than 700 kB after minification. Consider:
Build, Lint & Test	UNKNOWN STEP	2025-12-27T19:38:47.5534805Z - Using dynamic import() to code-split the application
Build, Lint & Test	UNKNOWN STEP	2025-12-27T19:38:47.5536270Z - Use build.rollupOptions.output.manualChunks to improve chunking: https://rollupjs.org/configuration-options/#output-manualchunks
Build, Lint & Test	UNKNOWN STEP	2025-12-27T19:38:47.5537867Z - Adjust chunk size limit for this warning via build.chunkSizeWarningLimit.[39m
Build, Lint & Test	UNKNOWN STEP	2025-12-27T19:38:47.5539529Z [2mdist/[22m[2massets/[22m[36mindex-yk6SJZdR.js        [39m[1m[2m340.07 kB[22m[1m[22m[2m │ gzip:  91.55 kB[22m[2m │ map: 1,648.76 kB[22m
Build, Lint & Test	UNKNOWN STEP	2025-12-27T19:38:47.5541122Z [2mdist/[22m[2massets/[22m[36mstrata-_SrlPGld.js       [39m[1m[2m547.63 kB[22m[1m[22m[2m │ gzip: 159.75 kB[22m[2m │ map: 4,966.09 kB[22m
Build, Lint & Test	UNKNOWN STEP	2025-12-27T19:38:47.5542862Z [2mdist/[22m[2massets/[22m[36mthree-ktc9h70V.js        [39m[1m[33m719.24 kB[39m[22m[2m │ gzip: 187.02 kB[22m[2m │ map: 3,050.00 kB[22m
Build, Lint & Test	UNKNOWN STEP	2025-12-27T19:38:47.5543812Z [32m✓ built in 8.89s[39m
Build, Lint & Test	UNKNOWN STEP	2025-12-27T19:38:47.6876089Z ##[group]Run echo "version=$(pnpm list @playwright/test --json | jq -r '.[0].devDependencies["@playwright/test"].version')" >> $GITHUB_OUTPUT
Build, Lint & Test	UNKNOWN STEP	2025-12-27T19:38:47.6878284Z [36;1mecho "version=$(pnpm list @playwright/test --json | jq -r '.[0].devDependencies["@playwright/test"].version')" >> $GITHUB_OUTPUT[0m
Build, Lint & Test	UNKNOWN STEP	2025-12-27T19:38:47.6926119Z shell: /usr/bin/bash -e {0}
Build, Lint & Test	UNKNOWN STEP	2025-12-27T19:38:47.6926601Z env:
Build, Lint & Test	UNKNOWN STEP	2025-12-27T19:38:47.6927085Z   NODE_VERSION: 20
Build, Lint & Test	UNKNOWN STEP	2025-12-27T19:38:47.6927650Z   PNPM_VERSION: 10
Build, Lint & Test	UNKNOWN STEP	2025-12-27T19:38:47.6928431Z   PNPM_HOME: /home/runner/setup-pnpm/node_modules/.bin
Build, Lint & Test	UNKNOWN STEP	2025-12-27T19:38:47.6929136Z ##[endgroup]
Build, Lint & Test	UNKNOWN STEP	2025-12-27T19:38:48.1214001Z ##[group]Run actions/cache@v4
Build, Lint & Test	UNKNOWN STEP	2025-12-27T19:38:48.1214362Z with:
Build, Lint & Test	UNKNOWN STEP	2025-12-27T19:38:48.1214699Z   path: ~/.cache/ms-playwright
Build, Lint & Test	UNKNOWN STEP	2025-12-27T19:38:48.1215037Z   key: playwright-Linux-1.57.0
Build, Lint & Test	UNKNOWN STEP	2025-12-27T19:38:48.1215383Z   enableCrossOsArchive: false
Build, Lint & Test	UNKNOWN STEP	2025-12-27T19:38:48.1215780Z   fail-on-cache-miss: false
Build, Lint & Test	UNKNOWN STEP	2025-12-27T19:38:48.1216072Z   lookup-only: false
Build, Lint & Test	UNKNOWN STEP	2025-12-27T19:38:48.1216362Z   save-always: false
Build, Lint & Test	UNKNOWN STEP	2025-12-27T19:38:48.1216674Z env:
Build, Lint & Test	UNKNOWN STEP	2025-12-27T19:38:48.1216918Z   NODE_VERSION: 20
Build, Lint & Test	UNKNOWN STEP	2025-12-27T19:38:48.1217197Z   PNPM_VERSION: 10
Build, Lint & Test	UNKNOWN STEP	2025-12-27T19:38:48.1217594Z   PNPM_HOME: /home/runner/setup-pnpm/node_modules/.bin
Build, Lint & Test	UNKNOWN STEP	2025-12-27T19:38:48.1218221Z ##[endgroup]
Build, Lint & Test	UNKNOWN STEP	2025-12-27T19:38:48.5449264Z Cache not found for input keys: playwright-Linux-1.57.0
Build, Lint & Test	UNKNOWN STEP	2025-12-27T19:38:48.5529418Z ##[group]Run pnpm exec playwright install --with-deps chromium
Build, Lint & Test	UNKNOWN STEP	2025-12-27T19:38:48.5529848Z [36;1mpnpm exec playwright install --with-deps chromium[0m
Build, Lint & Test	UNKNOWN STEP	2025-12-27T19:38:48.5562783Z shell: /usr/bin/bash -e {0}
Build, Lint & Test	UNKNOWN STEP	2025-12-27T19:38:48.5563020Z env:
Build, Lint & Test	UNKNOWN STEP	2025-12-27T19:38:48.5563185Z   NODE_VERSION: 20
Build, Lint & Test	UNKNOWN STEP	2025-12-27T19:38:48.5563375Z   PNPM_VERSION: 10
Build, Lint & Test	UNKNOWN STEP	2025-12-27T19:38:48.5563619Z   PNPM_HOME: /home/runner/setup-pnpm/node_modules/.bin
Build, Lint & Test	UNKNOWN STEP	2025-12-27T19:38:48.5563893Z ##[endgroup]
Build, Lint & Test	UNKNOWN STEP	2025-12-27T19:38:49.4558537Z Installing dependencies...
Build, Lint & Test	UNKNOWN STEP	2025-12-27T19:38:49.4624004Z Switching to root user to install dependencies...
Build, Lint & Test	UNKNOWN STEP	2025-12-27T19:38:49.5382376Z Get:1 file:/etc/apt/apt-mirrors.txt Mirrorlist [144 B]
Build, Lint & Test	UNKNOWN STEP	2025-12-27T19:38:49.5690380Z Hit:2 http://azure.archive.ubuntu.com/ubuntu noble InRelease
Build, Lint & Test	UNKNOWN STEP	2025-12-27T19:38:49.5709672Z Get:3 http://azure.archive.ubuntu.com/ubuntu noble-updates InRelease [126 kB]
Build, Lint & Test	UNKNOWN STEP	2025-12-27T19:38:49.5714991Z Hit:6 https://packages.microsoft.com/repos/azure-cli noble InRelease
Build, Lint & Test	UNKNOWN STEP	2025-12-27T19:38:49.5752478Z Get:4 http://azure.archive.ubuntu.com/ubuntu noble-backports InRelease [126 kB]
Build, Lint & Test	UNKNOWN STEP	2025-12-27T19:38:49.5790798Z Get:7 https://packages.microsoft.com/ubuntu/24.04/prod noble InRelease [3600 B]
Build, Lint & Test	UNKNOWN STEP	2025-12-27T19:38:49.5802629Z Get:5 http://azure.archive.ubuntu.com/ubuntu noble-security InRelease [126 kB]
Build, Lint & Test	UNKNOWN STEP	2025-12-27T19:38:49.7461702Z Get:8 http://azure.archive.ubuntu.com/ubuntu noble-updates/main amd64 Packages [1684 kB]
Build, Lint & Test	UNKNOWN STEP	2025-12-27T19:38:49.7678520Z Get:9 http://azure.archive.ubuntu.com/ubuntu noble-updates/main Translation-en [311 kB]
Build, Lint & Test	UNKNOWN STEP	2025-12-27T19:38:49.7710715Z Get:10 http://azure.archive.ubuntu.com/ubuntu noble-updates/main amd64 Components [175 kB]
Build, Lint & Test	UNKNOWN STEP	2025-12-27T19:38:49.7731023Z Get:11 http://azure.archive.ubuntu.com/ubuntu noble-updates/main amd64 c-n-f Metadata [15.8 kB]
Build, Lint & Test	UNKNOWN STEP	2025-12-27T19:38:49.7741631Z Get:12 http://azure.archive.ubuntu.com/ubuntu noble-updates/universe amd64 Packages [1506 kB]
Build, Lint & Test	UNKNOWN STEP	2025-12-27T19:38:49.7850479Z Get:13 http://azure.archive.ubuntu.com/ubuntu noble-updates/universe Translation-en [306 kB]
Build, Lint & Test	UNKNOWN STEP	2025-12-27T19:38:49.7875453Z Get:14 http://azure.archive.ubuntu.com/ubuntu noble-updates/universe amd64 Components [378 kB]
Build, Lint & Test	UNKNOWN STEP	2025-12-27T19:38:49.7969892Z Get:15 http://azure.archive.ubuntu.com/ubuntu noble-updates/universe amd64 c-n-f Metadata [31.4 kB]
Build, Lint & Test	UNKNOWN STEP	2025-12-27T19:38:49.7971785Z Get:16 http://azure.archive.ubuntu.com/ubuntu noble-updates/restricted amd64 Packages [2413 kB]
Build, Lint & Test	UNKNOWN STEP	2025-12-27T19:38:49.8063417Z Get:17 http://azure.archive.ubuntu.com/ubuntu noble-updates/restricted Translation-en [550 kB]
Build, Lint & Test	UNKNOWN STEP	2025-12-27T19:38:49.8564932Z Get:33 https://packages.microsoft.com/ubuntu/24.04/prod noble/main amd64 Packages [77.4 kB]
Build, Lint & Test	UNKNOWN STEP	2025-12-27T19:38:49.8571807Z Get:18 http://azure.archive.ubuntu.com/ubuntu noble-updates/restricted amd64 Components [212 B]
Build, Lint & Test	UNKNOWN STEP	2025-12-27T19:38:49.8580200Z Get:19 http://azure.archive.ubuntu.com/ubuntu noble-updates/restricted amd64 c-n-f Metadata [516 B]
Build, Lint & Test	UNKNOWN STEP	2025-12-27T19:38:49.8595553Z Get:20 http://azure.archive.ubuntu.com/ubuntu noble-updates/multiverse amd64 Packages [30.3 kB]
Build, Lint & Test	UNKNOWN STEP	2025-12-27T19:38:49.8605278Z Get:34 https://packages.microsoft.com/ubuntu/24.04/prod noble/main armhf Packages [11.4 kB]
Build, Lint & Test	UNKNOWN STEP	2025-12-27T19:38:49.8610468Z Get:21 http://azure.archive.ubuntu.com/ubuntu noble-updates/multiverse Translation-en [6048 B]
Build, Lint & Test	UNKNOWN STEP	2025-12-27T19:38:49.8620939Z Get:22 http://azure.archive.ubuntu.com/ubuntu noble-updates/multiverse amd64 Components [940 B]
Build, Lint & Test	UNKNOWN STEP	2025-12-27T19:38:49.8630075Z Get:23 http://azure.archive.ubuntu.com/ubuntu noble-updates/multiverse amd64 c-n-f Metadata [488 B]
Build, Lint & Test	UNKNOWN STEP	2025-12-27T19:38:49.8643068Z Get:24 http://azure.archive.ubuntu.com/ubuntu noble-backports/main amd64 Packages [40.4 kB]
Build, Lint & Test	UNKNOWN STEP	2025-12-27T19:38:49.8654335Z Get:25 http://azure.archive.ubuntu.com/ubuntu noble-backports/main amd64 Components [7300 B]
Build, Lint & Test	UNKNOWN STEP	2025-12-27T19:38:49.8663970Z Get:26 http://azure.archive.ubuntu.com/ubuntu noble-backports/main amd64 c-n-f Metadata [368 B]
Build, Lint & Test	UNKNOWN STEP	2025-12-27T19:38:49.8667638Z Get:35 https://packages.microsoft.com/ubuntu/24.04/prod noble/main arm64 Packages [58.9 kB]
Build, Lint & Test	UNKNOWN STEP	2025-12-27T19:38:49.8680133Z Get:27 http://azure.archive.ubuntu.com/ubuntu noble-backports/universe amd64 Packages [29.5 kB]
Build, Lint & Test	UNKNOWN STEP	2025-12-27T19:38:49.8689706Z Get:28 http://azure.archive.ubuntu.com/ubuntu noble-backports/universe Translation-en [17.9 kB]
Build, Lint & Test	UNKNOWN STEP	2025-12-27T19:38:49.8701906Z Get:29 http://azure.archive.ubuntu.com/ubuntu noble-backports/universe amd64 Components [10.5 kB]
Build, Lint & Test	UNKNOWN STEP	2025-12-27T19:38:49.8718659Z Get:30 http://azure.archive.ubuntu.com/ubuntu noble-backports/universe amd64 c-n-f Metadata [1444 B]
Build, Lint & Test	UNKNOWN STEP	2025-12-27T19:38:49.8723851Z Get:31 http://azure.archive.ubuntu.com/ubuntu noble-backports/restricted amd64 Components [216 B]
Build, Lint & Test	UNKNOWN STEP	2025-12-27T19:38:49.9146892Z Get:32 http://azure.archive.ubuntu.com/ubuntu noble-backports/multiverse amd64 Components [212 B]
Build, Lint & Test	UNKNOWN STEP	2025-12-27T19:38:49.9161147Z Get:36 http://azure.archive.ubuntu.com/ubuntu noble-security/main Translation-en [225 kB]
Build, Lint & Test	UNKNOWN STEP	2025-12-27T19:38:49.9180977Z Get:37 http://azure.archive.ubuntu.com/ubuntu noble-security/main amd64 Components [21.5 kB]
Build, Lint & Test	UNKNOWN STEP	2025-12-27T19:38:49.9190321Z Get:38 http://azure.archive.ubuntu.com/ubuntu noble-security/main amd64 c-n-f Metadata [9504 B]
Build, Lint & Test	UNKNOWN STEP	2025-12-27T19:38:49.9201044Z Get:39 http://azure.archive.ubuntu.com/ubuntu noble-security/universe amd64 Components [71.5 kB]
Build, Lint & Test	UNKNOWN STEP	2025-12-27T19:38:49.9211444Z Get:40 http://azure.archive.ubuntu.com/ubuntu noble-security/restricted amd64 Components [212 B]
Build, Lint & Test	UNKNOWN STEP	2025-12-27T19:38:49.9220448Z Get:41 http://azure.archive.ubuntu.com/ubuntu noble-security/multiverse amd64 Components [212 B]
Build, Lint & Test	UNKNOWN STEP	2025-12-27T19:38:58.0766227Z Fetched 8375 kB in 1s (7694 kB/s)
Build, Lint & Test	UNKNOWN STEP	2025-12-27T19:38:58.8395261Z Reading package lists...
Build, Lint & Test	UNKNOWN STEP	2025-12-27T19:38:58.8654401Z Reading package lists...
Build, Lint & Test	UNKNOWN STEP	2025-12-27T19:38:59.0464774Z Building dependency tree...
Build, Lint & Test	UNKNOWN STEP	2025-12-27T19:38:59.0472415Z Reading state information...
Build, Lint & Test	UNKNOWN STEP	2025-12-27T19:38:59.2165470Z libasound2t64 is already the newest version (1.2.11-1ubuntu0.1).
Build, Lint & Test	UNKNOWN STEP	2025-12-27T19:38:59.2166452Z libasound2t64 set to manually installed.
Build, Lint & Test	UNKNOWN STEP	2025-12-27T19:38:59.2167436Z libatk-bridge2.0-0t64 is already the newest version (2.52.0-1build1).
Build, Lint & Test	UNKNOWN STEP	2025-12-27T19:38:59.2168811Z libatk-bridge2.0-0t64 set to manually installed.
Build, Lint & Test	UNKNOWN STEP	2025-12-27T19:38:59.2169761Z libatk1.0-0t64 is already the newest version (2.52.0-1build1).
Build, Lint & Test	UNKNOWN STEP	2025-12-27T19:38:59.2170573Z libatk1.0-0t64 set to manually installed.
Build, Lint & Test	UNKNOWN STEP	2025-12-27T19:38:59.2171435Z libatspi2.0-0t64 is already the newest version (2.52.0-1build1).
Build, Lint & Test	UNKNOWN STEP	2025-12-27T19:38:59.2172287Z libatspi2.0-0t64 set to manually installed.
Build, Lint & Test	UNKNOWN STEP	2025-12-27T19:38:59.2173103Z libcairo2 is already the newest version (1.18.0-3build1).
Build, Lint & Test	UNKNOWN STEP	2025-12-27T19:38:59.2173861Z libcairo2 set to manually installed.
Build, Lint & Test	UNKNOWN STEP	2025-12-27T19:38:59.2174703Z libcups2t64 is already the newest version (2.4.7-1.2ubuntu7.9).
Build, Lint & Test	UNKNOWN STEP	2025-12-27T19:38:59.2175479Z libcups2t64 set to manually installed.
Build, Lint & Test	UNKNOWN STEP	2025-12-27T19:38:59.2176059Z libdbus-1-3 is already the newest version (1.14.10-4ubuntu4.1).
Build, Lint & Test	UNKNOWN STEP	2025-12-27T19:38:59.2176451Z libdbus-1-3 set to manually installed.
Build, Lint & Test	UNKNOWN STEP	2025-12-27T19:38:59.2176866Z libdrm2 is already the newest version (2.4.122-1~ubuntu0.24.04.2).
Build, Lint & Test	UNKNOWN STEP	2025-12-27T19:38:59.2177257Z libdrm2 set to manually installed.
Build, Lint & Test	UNKNOWN STEP	2025-12-27T19:38:59.2177658Z libgbm1 is already the newest version (25.0.7-0ubuntu0.24.04.2).
Build, Lint & Test	UNKNOWN STEP	2025-12-27T19:38:59.2178366Z libgbm1 set to manually installed.
Build, Lint & Test	UNKNOWN STEP	2025-12-27T19:38:59.2178996Z libnspr4 is already the newest version (2:4.35-1.1build1).
Build, Lint & Test	UNKNOWN STEP	2025-12-27T19:38:59.2179435Z libnspr4 set to manually installed.
Build, Lint & Test	UNKNOWN STEP	2025-12-27T19:38:59.2179798Z libnss3 is already the newest version (2:3.98-1build1).
Build, Lint & Test	UNKNOWN STEP	2025-12-27T19:38:59.2180152Z libnss3 set to manually installed.
Build, Lint & Test	UNKNOWN STEP	2025-12-27T19:38:59.2180559Z libpango-1.0-0 is already the newest version (1.52.1+ds-1build1).
Build, Lint & Test	UNKNOWN STEP	2025-12-27T19:38:59.2180958Z libpango-1.0-0 set to manually installed.
Build, Lint & Test	UNKNOWN STEP	2025-12-27T19:38:59.2181344Z libx11-6 is already the newest version (2:1.8.7-1build1).
Build, Lint & Test	UNKNOWN STEP	2025-12-27T19:38:59.2181689Z libx11-6 set to manually installed.
Build, Lint & Test	UNKNOWN STEP	2025-12-27T19:38:59.2182043Z libxcb1 is already the newest version (1.15-1ubuntu2).
Build, Lint & Test	UNKNOWN STEP	2025-12-27T19:38:59.2182389Z libxcb1 set to manually installed.
Build, Lint & Test	UNKNOWN STEP	2025-12-27T19:38:59.2182790Z libxcomposite1 is already the newest version (1:0.4.5-1build3).
Build, Lint & Test	UNKNOWN STEP	2025-12-27T19:38:59.2183674Z libxcomposite1 set to manually installed.
Build, Lint & Test	UNKNOWN STEP	2025-12-27T19:38:59.2184086Z libxdamage1 is already the newest version (1:1.1.6-1build1).
Build, Lint & Test	UNKNOWN STEP	2025-12-27T19:38:59.2184462Z libxdamage1 set to manually installed.
Build, Lint & Test	UNKNOWN STEP	2025-12-27T19:38:59.2184840Z libxext6 is already the newest version (2:1.3.4-1build2).
Build, Lint & Test	UNKNOWN STEP	2025-12-27T19:38:59.2185196Z libxext6 set to manually installed.
Build, Lint & Test	UNKNOWN STEP	2025-12-27T19:38:59.2185576Z libxfixes3 is already the newest version (1:6.0.0-2build1).
Build, Lint & Test	UNKNOWN STEP	2025-12-27T19:38:59.2185945Z libxfixes3 set to manually installed.
Build, Lint & Test	UNKNOWN STEP	2025-12-27T19:38:59.2186326Z libxkbcommon0 is already the newest version (1.6.0-1build1).
Build, Lint & Test	UNKNOWN STEP	2025-12-27T19:38:59.2186686Z libxkbcommon0 set to manually installed.
Build, Lint & Test	UNKNOWN STEP	2025-12-27T19:38:59.2187052Z libxrandr2 is already the newest version (2:1.5.2-2build1).
Build, Lint & Test	UNKNOWN STEP	2025-12-27T19:38:59.2187390Z libxrandr2 set to manually installed.
Build, Lint & Test	UNKNOWN STEP	2025-12-27T19:38:59.2187746Z xvfb is already the newest version (2:21.1.12-1ubuntu1.5).
Build, Lint & Test	UNKNOWN STEP	2025-12-27T19:38:59.2188443Z fonts-noto-color-emoji is already the newest version (2.047-0ubuntu0.24.04.1).
Build, Lint & Test	UNKNOWN STEP	2025-12-27T19:38:59.2188970Z libfontconfig1 is already the newest version (2.15.0-1.1ubuntu2).
Build, Lint & Test	UNKNOWN STEP	2025-12-27T19:38:59.2189350Z libfontconfig1 set to manually installed.
Build, Lint & Test	UNKNOWN STEP	2025-12-27T19:38:59.2189748Z libfreetype6 is already the newest version (2.13.2+dfsg-1build3).
Build, Lint & Test	UNKNOWN STEP	2025-12-27T19:38:59.2190121Z libfreetype6 set to manually installed.
Build, Lint & Test	UNKNOWN STEP	2025-12-27T19:38:59.2190500Z fonts-liberation is already the newest version (1:2.1.5-3).
Build, Lint & Test	UNKNOWN STEP	2025-12-27T19:38:59.2190881Z fonts-liberation set to manually installed.
Build, Lint & Test	UNKNOWN STEP	2025-12-27T19:38:59.2191261Z The following additional packages will be installed:
Build, Lint & Test	UNKNOWN STEP	2025-12-27T19:38:59.2191748Z   gir1.2-glib-2.0 libglib2.0-bin libglib2.0-data xfonts-encodings xfonts-utils
Build, Lint & Test	UNKNOWN STEP	2025-12-27T19:38:59.2192127Z Suggested packages:
Build, Lint & Test	UNKNOWN STEP	2025-12-27T19:38:59.2192323Z   low-memory-monitor
Build, Lint & Test	UNKNOWN STEP	2025-12-27T19:38:59.2192535Z Recommended packages:
Build, Lint & Test	UNKNOWN STEP	2025-12-27T19:38:59.2192783Z   fonts-ipafont-mincho fonts-tlwg-loma
Build, Lint & Test	UNKNOWN STEP	2025-12-27T19:38:59.2389334Z The following NEW packages will be installed:
Build, Lint & Test	UNKNOWN STEP	2025-12-27T19:38:59.2390045Z   fonts-freefont-ttf fonts-ipafont-gothic fonts-tlwg-loma-otf fonts-unifont
Build, Lint & Test	UNKNOWN STEP	2025-12-27T19:38:59.2395221Z   fonts-wqy-zenhei xfonts-cyrillic xfonts-encodings xfonts-scalable
Build, Lint & Test	UNKNOWN STEP	2025-12-27T19:38:59.2395816Z   xfonts-utils
Build, Lint & Test	UNKNOWN STEP	2025-12-27T19:38:59.2398923Z The following packages will be upgraded:
Build, Lint & Test	UNKNOWN STEP	2025-12-27T19:38:59.2404469Z   gir1.2-glib-2.0 libglib2.0-0t64 libglib2.0-bin libglib2.0-data
Build, Lint & Test	UNKNOWN STEP	2025-12-27T19:38:59.2567360Z 4 upgraded, 9 newly installed, 0 to remove and 65 not upgraded.
Build, Lint & Test	UNKNOWN STEP	2025-12-27T19:38:59.2568148Z Need to get 23.0 MB of archives.
Build, Lint & Test	UNKNOWN STEP	2025-12-27T19:38:59.2568581Z After this operation, 79.5 MB of additional disk space will be used.
Build, Lint & Test	UNKNOWN STEP	2025-12-27T19:38:59.2569049Z Get:1 file:/etc/apt/apt-mirrors.txt Mirrorlist [144 B]
Build, Lint & Test	UNKNOWN STEP	2025-12-27T19:38:59.3459775Z Get:2 http://azure.archive.ubuntu.com/ubuntu noble/universe amd64 fonts-ipafont-gothic all 00303-21ubuntu1 [3513 kB]
Build, Lint & Test	UNKNOWN STEP	2025-12-27T19:38:59.8357523Z Get:3 http://azure.archive.ubuntu.com/ubuntu noble-updates/main amd64 libglib2.0-data all 2.80.0-6ubuntu3.5 [48.8 kB]
Build, Lint & Test	UNKNOWN STEP	2025-12-27T19:38:59.9050943Z Get:4 http://azure.archive.ubuntu.com/ubuntu noble-updates/main amd64 libglib2.0-bin amd64 2.80.0-6ubuntu3.5 [97.9 kB]
Build, Lint & Test	UNKNOWN STEP	2025-12-27T19:38:59.9757314Z Get:5 http://azure.archive.ubuntu.com/ubuntu noble-updates/main amd64 gir1.2-glib-2.0 amd64 2.80.0-6ubuntu3.5 [183 kB]
Build, Lint & Test	UNKNOWN STEP	2025-12-27T19:39:00.0479019Z Get:6 http://azure.archive.ubuntu.com/ubuntu noble-updates/main amd64 libglib2.0-0t64 amd64 2.80.0-6ubuntu3.5 [1544 kB]
Build, Lint & Test	UNKNOWN STEP	2025-12-27T19:39:00.1378230Z Get:7 http://azure.archive.ubuntu.com/ubuntu noble/main amd64 fonts-freefont-ttf all 20211204+svn4273-2 [5641 kB]
Build, Lint & Test	UNKNOWN STEP	2025-12-27T19:39:00.3068467Z Get:8 http://azure.archive.ubuntu.com/ubuntu noble/universe amd64 fonts-tlwg-loma-otf all 1:0.7.3-1 [107 kB]
Build, Lint & Test	UNKNOWN STEP	2025-12-27T19:39:00.3768096Z Get:9 http://azure.archive.ubuntu.com/ubuntu noble/universe amd64 fonts-unifont all 1:15.1.01-1build1 [2993 kB]
Build, Lint & Test	UNKNOWN STEP	2025-12-27T19:39:00.4726669Z Get:10 http://azure.archive.ubuntu.com/ubuntu noble/universe amd64 fonts-wqy-zenhei all 0.9.45-8 [7472 kB]
Build, Lint & Test	UNKNOWN STEP	2025-12-27T19:39:00.6914521Z Get:11 http://azure.archive.ubuntu.com/ubuntu noble/main amd64 xfonts-encodings all 1:1.0.5-0ubuntu2 [578 kB]
Build, Lint & Test	UNKNOWN STEP	2025-12-27T19:39:00.7677206Z Get:12 http://azure.archive.ubuntu.com/ubuntu noble/main amd64 xfonts-utils amd64 1:7.7+6build3 [94.4 kB]
Build, Lint & Test	UNKNOWN STEP	2025-12-27T19:39:00.8381545Z Get:13 http://azure.archive.ubuntu.com/ubuntu noble/universe amd64 xfonts-cyrillic all 1:1.0.5+nmu1 [384 kB]
Build, Lint & Test	UNKNOWN STEP	2025-12-27T19:39:00.9100647Z Get:14 http://azure.archive.ubuntu.com/ubuntu noble/main amd64 xfonts-scalable all 1:1.0.3-1.3 [304 kB]
Build, Lint & Test	UNKNOWN STEP	2025-12-27T19:39:01.1808184Z Fetched 23.0 MB in 2s (13.8 MB/s)
Build, Lint & Test	UNKNOWN STEP	2025-12-27T19:39:01.2037778Z Selecting previously unselected package fonts-ipafont-gothic.
Build, Lint & Test	UNKNOWN STEP	2025-12-27T19:39:01.2311730Z (Reading database ... 
Build, Lint & Test	UNKNOWN STEP	2025-12-27T19:39:01.2312259Z (Reading database ... 5%
Build, Lint & Test	UNKNOWN STEP	2025-12-27T19:39:01.2312764Z (Reading database ... 10%
Build, Lint & Test	UNKNOWN STEP	2025-12-27T19:39:01.2313098Z (Reading database ... 15%
Build, Lint & Test	UNKNOWN STEP	2025-12-27T19:39:01.2313410Z (Reading database ... 20%
Build, Lint & Test	UNKNOWN STEP	2025-12-27T19:39:01.2313720Z (Reading database ... 25%
Build, Lint & Test	UNKNOWN STEP	2025-12-27T19:39:01.2314065Z (Reading database ... 30%
Build, Lint & Test	UNKNOWN STEP	2025-12-27T19:39:01.2314371Z (Reading database ... 35%
Build, Lint & Test	UNKNOWN STEP	2025-12-27T19:39:01.2314670Z (Reading database ... 40%
Build, Lint & Test	UNKNOWN STEP	2025-12-27T19:39:01.2314986Z (Reading database ... 45%
Build, Lint & Test	UNKNOWN STEP	2025-12-27T19:39:01.2315295Z (Reading database ... 50%
Build, Lint & Test	UNKNOWN STEP	2025-12-27T19:39:01.2411284Z (Reading database ... 55%
Build, Lint & Test	UNKNOWN STEP	2025-12-27T19:39:01.3081877Z (Reading database ... 60%
Build, Lint & Test	UNKNOWN STEP	2025-12-27T19:39:01.3839698Z (Reading database ... 65%
Build, Lint & Test	UNKNOWN STEP	2025-12-27T19:39:01.4215461Z (Reading database ... 70%
Build, Lint & Test	UNKNOWN STEP	2025-12-27T19:39:01.4589006Z (Reading database ... 75%
Build, Lint & Test	UNKNOWN STEP	2025-12-27T19:39:01.5669785Z (Reading database ... 80%
Build, Lint & Test	UNKNOWN STEP	2025-12-27T19:39:01.7067766Z (Reading database ... 85%
Build, Lint & Test	UNKNOWN STEP	2025-12-27T19:39:01.8301628Z (Reading database ... 90%
Build, Lint & Test	UNKNOWN STEP	2025-12-27T19:39:01.9710032Z (Reading database ... 95%
Build, Lint & Test	UNKNOWN STEP	2025-12-27T19:39:01.9710450Z (Reading database ... 100%
Build, Lint & Test	UNKNOWN STEP	2025-12-27T19:39:01.9711057Z (Reading database ... 217374 files and directories currently installed.)
Build, Lint & Test	UNKNOWN STEP	2025-12-27T19:39:01.9754013Z Preparing to unpack .../00-fonts-ipafont-gothic_00303-21ubuntu1_all.deb ...
Build, Lint & Test	UNKNOWN STEP	2025-12-27T19:39:01.9849285Z Unpacking fonts-ipafont-gothic (00303-21ubuntu1) ...
Build, Lint & Test	UNKNOWN STEP	2025-12-27T19:39:02.2265860Z Preparing to unpack .../01-libglib2.0-data_2.80.0-6ubuntu3.5_all.deb ...
Build, Lint & Test	UNKNOWN STEP	2025-12-27T19:39:02.2292481Z Unpacking libglib2.0-data (2.80.0-6ubuntu3.5) over (2.80.0-6ubuntu3.4) ...
Build, Lint & Test	UNKNOWN STEP	2025-12-27T19:39:02.2642750Z Preparing to unpack .../02-libglib2.0-bin_2.80.0-6ubuntu3.5_amd64.deb ...
Build, Lint & Test	UNKNOWN STEP	2025-12-27T19:39:02.2668388Z Unpacking libglib2.0-bin (2.80.0-6ubuntu3.5) over (2.80.0-6ubuntu3.4) ...
Build, Lint & Test	UNKNOWN STEP	2025-12-27T19:39:02.3178954Z Preparing to unpack .../03-gir1.2-glib-2.0_2.80.0-6ubuntu3.5_amd64.deb ...
Build, Lint & Test	UNKNOWN STEP	2025-12-27T19:39:02.3204342Z Unpacking gir1.2-glib-2.0:amd64 (2.80.0-6ubuntu3.5) over (2.80.0-6ubuntu3.4) ...
Build, Lint & Test	UNKNOWN STEP	2025-12-27T19:39:02.3624178Z Preparing to unpack .../04-libglib2.0-0t64_2.80.0-6ubuntu3.5_amd64.deb ...
Build, Lint & Test	UNKNOWN STEP	2025-12-27T19:39:02.3699078Z Unpacking libglib2.0-0t64:amd64 (2.80.0-6ubuntu3.5) over (2.80.0-6ubuntu3.4) ...
Build, Lint & Test	UNKNOWN STEP	2025-12-27T19:39:02.4140453Z Selecting previously unselected package fonts-freefont-ttf.
Build, Lint & Test	UNKNOWN STEP	2025-12-27T19:39:02.4274424Z Preparing to unpack .../05-fonts-freefont-ttf_20211204+svn4273-2_all.deb ...
Build, Lint & Test	UNKNOWN STEP	2025-12-27T19:39:02.4282476Z Unpacking fonts-freefont-ttf (20211204+svn4273-2) ...
Build, Lint & Test	UNKNOWN STEP	2025-12-27T19:39:02.5093277Z Selecting previously unselected package fonts-tlwg-loma-otf.
Build, Lint & Test	UNKNOWN STEP	2025-12-27T19:39:02.5225390Z Preparing to unpack .../06-fonts-tlwg-loma-otf_1%3a0.7.3-1_all.deb ...
Build, Lint & Test	UNKNOWN STEP	2025-12-27T19:39:02.5238385Z Unpacking fonts-tlwg-loma-otf (1:0.7.3-1) ...
Build, Lint & Test	UNKNOWN STEP	2025-12-27T19:39:02.5461018Z Selecting previously unselected package fonts-unifont.
Build, Lint & Test	UNKNOWN STEP	2025-12-27T19:39:02.5592343Z Preparing to unpack .../07-fonts-unifont_1%3a15.1.01-1build1_all.deb ...
Build, Lint & Test	UNKNOWN STEP	2025-12-27T19:39:02.5602454Z Unpacking fonts-unifont (1:15.1.01-1build1) ...
Build, Lint & Test	UNKNOWN STEP	2025-12-27T19:39:02.6810066Z Selecting previously unselected package fonts-wqy-zenhei.
Build, Lint & Test	UNKNOWN STEP	2025-12-27T19:39:02.6941950Z Preparing to unpack .../08-fonts-wqy-zenhei_0.9.45-8_all.deb ...
Build, Lint & Test	UNKNOWN STEP	2025-12-27T19:39:02.7042720Z Unpacking fonts-wqy-zenhei (0.9.45-8) ...
Build, Lint & Test	UNKNOWN STEP	2025-12-27T19:39:03.1659885Z Selecting previously unselected package xfonts-encodings.
Build, Lint & Test	UNKNOWN STEP	2025-12-27T19:39:03.1790636Z Preparing to unpack .../09-xfonts-encodings_1%3a1.0.5-0ubuntu2_all.deb ...
Build, Lint & Test	UNKNOWN STEP	2025-12-27T19:39:03.1815523Z Unpacking xfonts-encodings (1:1.0.5-0ubuntu2) ...
Build, Lint & Test	UNKNOWN STEP	2025-12-27T19:39:03.2125617Z Selecting previously unselected package xfonts-utils.
Build, Lint & Test	UNKNOWN STEP	2025-12-27T19:39:03.2256821Z Preparing to unpack .../10-xfonts-utils_1%3a7.7+6build3_amd64.deb ...
Build, Lint & Test	UNKNOWN STEP	2025-12-27T19:39:03.2265542Z Unpacking xfonts-utils (1:7.7+6build3) ...
Build, Lint & Test	UNKNOWN STEP	2025-12-27T19:39:03.2617092Z Selecting previously unselected package xfonts-cyrillic.
Build, Lint & Test	UNKNOWN STEP	2025-12-27T19:39:03.2751004Z Preparing to unpack .../11-xfonts-cyrillic_1%3a1.0.5+nmu1_all.deb ...
Build, Lint & Test	UNKNOWN STEP	2025-12-27T19:39:03.2759941Z Unpacking xfonts-cyrillic (1:1.0.5+nmu1) ...
Build, Lint & Test	UNKNOWN STEP	2025-12-27T19:39:03.3126250Z Selecting previously unselected package xfonts-scalable.
Build, Lint & Test	UNKNOWN STEP	2025-12-27T19:39:03.3257202Z Preparing to unpack .../12-xfonts-scalable_1%3a1.0.3-1.3_all.deb ...
Build, Lint & Test	UNKNOWN STEP	2025-12-27T19:39:03.3265550Z Unpacking xfonts-scalable (1:1.0.3-1.3) ...
Build, Lint & Test	UNKNOWN STEP	2025-12-27T19:39:03.3691213Z Setting up fonts-wqy-zenhei (0.9.45-8) ...
Build, Lint & Test	UNKNOWN STEP	2025-12-27T19:39:03.3836407Z Setting up fonts-freefont-ttf (20211204+svn4273-2) ...
Build, Lint & Test	UNKNOWN STEP	2025-12-27T19:39:03.3859936Z Setting up libglib2.0-0t64:amd64 (2.80.0-6ubuntu3.5) ...
Build, Lint & Test	UNKNOWN STEP	2025-12-27T19:39:03.3974498Z Setting up libglib2.0-data (2.80.0-6ubuntu3.5) ...
Build, Lint & Test	UNKNOWN STEP	2025-12-27T19:39:03.4001924Z Setting up fonts-tlwg-loma-otf (1:0.7.3-1) ...
Build, Lint & Test	UNKNOWN STEP	2025-12-27T19:39:03.4024497Z Setting up xfonts-encodings (1:1.0.5-0ubuntu2) ...
Build, Lint & Test	UNKNOWN STEP	2025-12-27T19:39:03.4048449Z Setting up gir1.2-glib-2.0:amd64 (2.80.0-6ubuntu3.5) ...
Build, Lint & Test	UNKNOWN STEP	2025-12-27T19:39:03.4079358Z Setting up fonts-ipafont-gothic (00303-21ubuntu1) ...
Build, Lint & Test	UNKNOWN STEP	2025-12-27T19:39:03.4149549Z update-alternatives: using /usr/share/fonts/opentype/ipafont-gothic/ipag.ttf to provide /usr/share/fonts/truetype/fonts-japanese-gothic.ttf (fonts-japanese-gothic.ttf) in auto mode
Build, Lint & Test	UNKNOWN STEP	2025-12-27T19:39:03.4176604Z Setting up fonts-unifont (1:15.1.01-1build1) ...
Build, Lint & Test	UNKNOWN STEP	2025-12-27T19:39:03.4203772Z Setting up libglib2.0-bin (2.80.0-6ubuntu3.5) ...
Build, Lint & Test	UNKNOWN STEP	2025-12-27T19:39:03.4230002Z Setting up xfonts-utils (1:7.7+6build3) ...
Build, Lint & Test	UNKNOWN STEP	2025-12-27T19:39:03.4281047Z Setting up xfonts-cyrillic (1:1.0.5+nmu1) ...
Build, Lint & Test	UNKNOWN STEP	2025-12-27T19:39:03.4569649Z Setting up xfonts-scalable (1:1.0.3-1.3) ...
Build, Lint & Test	UNKNOWN STEP	2025-12-27T19:39:03.4844442Z Processing triggers for libc-bin (2.39-0ubuntu8.6) ...
Build, Lint & Test	UNKNOWN STEP	2025-12-27T19:39:03.5180279Z Processing triggers for man-db (2.12.0-4build2) ...
Build, Lint & Test	UNKNOWN STEP	2025-12-27T19:39:03.5207355Z Not building database; man-db/auto-update is not 'true'.
Build, Lint & Test	UNKNOWN STEP	2025-12-27T19:39:03.5219434Z Processing triggers for fontconfig (2.15.0-1.1ubuntu2) ...
Build, Lint & Test	UNKNOWN STEP	2025-12-27T19:39:04.1712958Z 
Build, Lint & Test	UNKNOWN STEP	2025-12-27T19:39:04.1713495Z Running kernel seems to be up-to-date.
Build, Lint & Test	UNKNOWN STEP	2025-12-27T19:39:04.1713854Z 
Build, Lint & Test	UNKNOWN STEP	2025-12-27T19:39:04.1713980Z Restarting services...
Build, Lint & Test	UNKNOWN STEP	2025-12-27T19:39:04.2138367Z  systemctl restart packagekit.service php8.3-fpm.service polkit.service udisks2.service
Build, Lint & Test	UNKNOWN STEP	2025-12-27T19:39:04.3345349Z 
Build, Lint & Test	UNKNOWN STEP	2025-12-27T19:39:04.3346203Z Service restarts being deferred:
Build, Lint & Test	UNKNOWN STEP	2025-12-27T19:39:04.3346945Z  systemctl restart ModemManager.service
Build, Lint & Test	UNKNOWN STEP	2025-12-27T19:39:04.3349071Z  systemctl restart networkd-dispatcher.service
Build, Lint & Test	UNKNOWN STEP	2025-12-27T19:39:04.3349474Z 
Build, Lint & Test	UNKNOWN STEP	2025-12-27T19:39:04.3349724Z No containers need to be restarted.
Build, Lint & Test	UNKNOWN STEP	2025-12-27T19:39:04.3350022Z 
Build, Lint & Test	UNKNOWN STEP	2025-12-27T19:39:04.3350301Z No user sessions are running outdated binaries.
Build, Lint & Test	UNKNOWN STEP	2025-12-27T19:39:04.3350627Z 
Build, Lint & Test	UNKNOWN STEP	2025-12-27T19:39:04.3351075Z No VM guests are running outdated hypervisor (qemu) binaries on this host.
Build, Lint & Test	UNKNOWN STEP	2025-12-27T19:39:05.2105177Z Downloading Chromium 143.0.7499.4 (playwright build v1200) from https://cdn.playwright.dev/dbazure/download/playwright/builds/chromium/1200/chromium-linux.zip
Build, Lint & Test	UNKNOWN STEP	2025-12-27T19:39:05.4218591Z |                                                                                |   0% of 164.7 MiB
Build, Lint & Test	UNKNOWN STEP	2025-12-27T19:39:05.6064617Z |■■■■■■■■                                                                        |  10% of 164.7 MiB
Build, Lint & Test	UNKNOWN STEP	2025-12-27T19:39:05.6896603Z |■■■■■■■■■■■■■■■■                                                                |  20% of 164.7 MiB
Build, Lint & Test	UNKNOWN STEP	2025-12-27T19:39:05.7727647Z |■■■■■■■■■■■■■■■■■■■■■■■■                                                        |  30% of 164.7 MiB
Build, Lint & Test	UNKNOWN STEP	2025-12-27T19:39:05.8843883Z |■■■■■■■■■■■■■■■■■■■■■■■■■■■■■■■■                                                |  40% of 164.7 MiB
Build, Lint & Test	UNKNOWN STEP	2025-12-27T19:39:05.9760052Z |■■■■■■■■■■■■■■■■■■■■■■■■■■■■■■■■■■■■■■■■                                        |  50% of 164.7 MiB
Build, Lint & Test	UNKNOWN STEP	2025-12-27T19:39:06.0528245Z |■■■■■■■■■■■■■■■■■■■■■■■■■■■■■■■■■■■■■■■■■■■■■■■■                                |  60% of 164.7 MiB
Build, Lint & Test	UNKNOWN STEP	2025-12-27T19:39:06.1598866Z |■■■■■■■■■■■■■■■■■■■■■■■■■■■■■■■■■■■■■■■■■■■■■■■■■■■■■■■■                        |  70% of 164.7 MiB
Build, Lint & Test	UNKNOWN STEP	2025-12-27T19:39:06.2480659Z |■■■■■■■■■■■■■■■■■■■■■■■■■■■■■■■■■■■■■■■■■■■■■■■■■■■■■■■■■■■■■■■■                |  80% of 164.7 MiB
Build, Lint & Test	UNKNOWN STEP	2025-12-27T19:39:06.3427213Z |■■■■■■■■■■■■■■■■■■■■■■■■■■■■■■■■■■■■■■■■■■■■■■■■■■■■■■■■■■■■■■■■■■■■■■■■        |  90% of 164.7 MiB
Build, Lint & Test	UNKNOWN STEP	2025-12-27T19:39:06.4518686Z |■■■■■■■■■■■■■■■■■■■■■■■■■■■■■■■■■■■■■■■■■■■■■■■■■■■■■■■■■■■■■■■■■■■■■■■■■■■■■■■■| 100% of 164.7 MiB
Build, Lint & Test	UNKNOWN STEP	2025-12-27T19:39:09.3651375Z Chromium 143.0.7499.4 (playwright build v1200) downloaded to /home/runner/.cache/ms-playwright/chromium-1200
Build, Lint & Test	UNKNOWN STEP	2025-12-27T19:39:09.3655193Z Downloading FFMPEG playwright build v1011 from https://cdn.playwright.dev/dbazure/download/playwright/builds/ffmpeg/1011/ffmpeg-linux.zip
Build, Lint & Test	UNKNOWN STEP	2025-12-27T19:39:09.5128638Z |                                                                                |   0% of 2.3 MiB
Build, Lint & Test	UNKNOWN STEP	2025-12-27T19:39:09.5173497Z |■■■■■■■■                                                                        |  10% of 2.3 MiB
Build, Lint & Test	UNKNOWN STEP	2025-12-27T19:39:09.5200808Z |■■■■■■■■■■■■■■■■                                                                |  20% of 2.3 MiB
Build, Lint & Test	UNKNOWN STEP	2025-12-27T19:39:09.5223658Z |■■■■■■■■■■■■■■■■■■■■■■■■                                                        |  30% of 2.3 MiB
Build, Lint & Test	UNKNOWN STEP	2025-12-27T19:39:09.5245089Z |■■■■■■■■■■■■■■■■■■■■■■■■■■■■■■■■                                                |  40% of 2.3 MiB
Build, Lint & Test	UNKNOWN STEP	2025-12-27T19:39:09.5267247Z |■■■■■■■■■■■■■■■■■■■■■■■■■■■■■■■■■■■■■■■■                                        |  50% of 2.3 MiB
Build, Lint & Test	UNKNOWN STEP	2025-12-27T19:39:09.5290882Z |■■■■■■■■■■■■■■■■■■■■■■■■■■■■■■■■■■■■■■■■■■■■■■■■                                |  60% of 2.3 MiB
Build, Lint & Test	UNKNOWN STEP	2025-12-27T19:39:09.5320463Z |■■■■■■■■■■■■■■■■■■■■■■■■■■■■■■■■■■■■■■■■■■■■■■■■■■■■■■■■                        |  70% of 2.3 MiB
Build, Lint & Test	UNKNOWN STEP	2025-12-27T19:39:09.5348409Z |■■■■■■■■■■■■■■■■■■■■■■■■■■■■■■■■■■■■■■■■■■■■■■■■■■■■■■■■■■■■■■■■                |  80% of 2.3 MiB
Build, Lint & Test	UNKNOWN STEP	2025-12-27T19:39:09.5375787Z |■■■■■■■■■■■■■■■■■■■■■■■■■■■■■■■■■■■■■■■■■■■■■■■■■■■■■■■■■■■■■■■■■■■■■■■■        |  90% of 2.3 MiB
Build, Lint & Test	UNKNOWN STEP	2025-12-27T19:39:09.5398193Z |■■■■■■■■■■■■■■■■■■■■■■■■■■■■■■■■■■■■■■■■■■■■■■■■■■■■■■■■■■■■■■■■■■■■■■■■■■■■■■■■| 100% of 2.3 MiB
Build, Lint & Test	UNKNOWN STEP	2025-12-27T19:39:09.6047436Z FFMPEG playwright build v1011 downloaded to /home/runner/.cache/ms-playwright/ffmpeg-1011
Build, Lint & Test	UNKNOWN STEP	2025-12-27T19:39:09.6051420Z Downloading Chromium Headless Shell 143.0.7499.4 (playwright build v1200) from https://cdn.playwright.dev/dbazure/download/playwright/builds/chromium/1200/chromium-headless-shell-linux.zip
Build, Lint & Test	UNKNOWN STEP	2025-12-27T19:39:09.8085151Z |                                                                                |   0% of 109.7 MiB
Build, Lint & Test	UNKNOWN STEP	2025-12-27T19:39:09.9337509Z |■■■■■■■■                                                                        |  10% of 109.7 MiB
Build, Lint & Test	UNKNOWN STEP	2025-12-27T19:39:10.0104767Z |■■■■■■■■■■■■■■■■                                                                |  20% of 109.7 MiB
Build, Lint & Test	UNKNOWN STEP	2025-12-27T19:39:10.0683794Z |■■■■■■■■■■■■■■■■■■■■■■■■                                                        |  30% of 109.7 MiB
Build, Lint & Test	UNKNOWN STEP	2025-12-27T19:39:10.1232238Z |■■■■■■■■■■■■■■■■■■■■■■■■■■■■■■■■                                                |  40% of 109.7 MiB
Build, Lint & Test	UNKNOWN STEP	2025-12-27T19:39:10.1926768Z |■■■■■■■■■■■■■■■■■■■■■■■■■■■■■■■■■■■■■■■■                                        |  50% of 109.7 MiB
Build, Lint & Test	UNKNOWN STEP	2025-12-27T19:39:10.2443564Z |■■■■■■■■■■■■■■■■■■■■■■■■■■■■■■■■■■■■■■■■■■■■■■■■                                |  60% of 109.7 MiB
Build, Lint & Test	UNKNOWN STEP	2025-12-27T19:39:10.2988116Z |■■■■■■■■■■■■■■■■■■■■■■■■■■■■■■■■■■■■■■■■■■■■■■■■■■■■■■■■                        |  70% of 109.7 MiB
Build, Lint & Test	UNKNOWN STEP	2025-12-27T19:39:10.3593841Z |■■■■■■■■■■■■■■■■■■■■■■■■■■■■■■■■■■■■■■■■■■■■■■■■■■■■■■■■■■■■■■■■                |  80% of 109.7 MiB
Build, Lint & Test	UNKNOWN STEP	2025-12-27T19:39:10.4147671Z |■■■■■■■■■■■■■■■■■■■■■■■■■■■■■■■■■■■■■■■■■■■■■■■■■■■■■■■■■■■■■■■■■■■■■■■■        |  90% of 109.7 MiB
Build, Lint & Test	UNKNOWN STEP	2025-12-27T19:39:10.4784175Z |■■■■■■■■■■■■■■■■■■■■■■■■■■■■■■■■■■■■■■■■■■■■■■■■■■■■■■■■■■■■■■■■■■■■■■■■■■■■■■■■| 100% of 109.7 MiB
Build, Lint & Test	UNKNOWN STEP	2025-12-27T19:39:12.6129085Z Chromium Headless Shell 143.0.7499.4 (playwright build v1200) downloaded to /home/runner/.cache/ms-playwright/chromium_headless_shell-1200
Build, Lint & Test	UNKNOWN STEP	2025-12-27T19:39:12.6325934Z ##[group]Run pnpm test:e2e
Build, Lint & Test	UNKNOWN STEP	2025-12-27T19:39:12.6326203Z [36;1mpnpm test:e2e[0m
Build, Lint & Test	UNKNOWN STEP	2025-12-27T19:39:12.6358747Z shell: /usr/bin/bash -e {0}
Build, Lint & Test	UNKNOWN STEP	2025-12-27T19:39:12.6358987Z env:
Build, Lint & Test	UNKNOWN STEP	2025-12-27T19:39:12.6359154Z   NODE_VERSION: 20
Build, Lint & Test	UNKNOWN STEP	2025-12-27T19:39:12.6359354Z   PNPM_VERSION: 10
Build, Lint & Test	UNKNOWN STEP	2025-12-27T19:39:12.6359609Z   PNPM_HOME: /home/runner/setup-pnpm/node_modules/.bin
Build, Lint & Test	UNKNOWN STEP	2025-12-27T19:39:12.6359902Z ##[endgroup]
Build, Lint & Test	UNKNOWN STEP	2025-12-27T19:39:12.9917357Z 
Build, Lint & Test	UNKNOWN STEP	2025-12-27T19:39:12.9918587Z > protocol-silent-night@1.0.0 test:e2e /home/runner/work/protocol-silent-night/protocol-silent-night
Build, Lint & Test	UNKNOWN STEP	2025-12-27T19:39:12.9919869Z > playwright test
Build, Lint & Test	UNKNOWN STEP	2025-12-27T19:39:12.9920100Z 
Build, Lint & Test	UNKNOWN STEP	2025-12-27T19:39:15.9122208Z 
Build, Lint & Test	UNKNOWN STEP	2025-12-27T19:39:15.9122838Z Running 79 tests using 2 workers
Build, Lint & Test	UNKNOWN STEP	2025-12-27T19:39:15.9123185Z 
Build, Lint & Test	UNKNOWN STEP	2025-12-27T19:39:19.1059616Z Console error: THREE.THREE.WebGLProgram: Shader Error 0 - VALIDATE_STATUS false
Build, Lint & Test	UNKNOWN STEP	2025-12-27T19:39:19.1060588Z 
Build, Lint & Test	UNKNOWN STEP	2025-12-27T19:39:19.1060975Z Material Name: 
Build, Lint & Test	UNKNOWN STEP	2025-12-27T19:39:19.1062068Z Material Type: MeshStandardMaterial
Build, Lint & Test	UNKNOWN STEP	2025-12-27T19:39:19.1064070Z 
Build, Lint & Test	UNKNOWN STEP	2025-12-27T19:39:19.1066077Z Program Info Log: FRAGMENT shader uniforms count exceeds MAX_FRAGMENT_UNIFORM_VECTORS(4096)
Build, Lint & Test	UNKNOWN STEP	2025-12-27T19:39:19.1067825Z  
Build, Lint & Test	UNKNOWN STEP	2025-12-27T19:39:19.1068551Z 
Build, Lint & Test	UNKNOWN STEP	2025-12-27T19:39:19.1068950Z 
Build, Lint & Test	UNKNOWN STEP	2025-12-27T19:39:19.2002082Z Console error: THREE.THREE.WebGLProgram: Shader Error 0 - VALIDATE_STATUS false
Build, Lint & Test	UNKNOWN STEP	2025-12-27T19:39:19.2003124Z 
Build, Lint & Test	UNKNOWN STEP	2025-12-27T19:39:19.2003491Z Material Name: 
Build, Lint & Test	UNKNOWN STEP	2025-12-27T19:39:19.2004187Z Material Type: MeshStandardMaterial
Build, Lint & Test	UNKNOWN STEP	2025-12-27T19:39:19.2004745Z 
Build, Lint & Test	UNKNOWN STEP	2025-12-27T19:39:19.2005524Z Program Info Log: FRAGMENT shader uniforms count exceeds MAX_FRAGMENT_UNIFORM_VECTORS(4096)
Build, Lint & Test	UNKNOWN STEP	2025-12-27T19:39:19.2006760Z  
Build, Lint & Test	UNKNOWN STEP	2025-12-27T19:39:19.2007149Z 
Build, Lint & Test	UNKNOWN STEP	2025-12-27T19:39:19.2007317Z 
Build, Lint & Test	UNKNOWN STEP	2025-12-27T19:39:23.7524094Z   -   2 [chromium] › e2e/character-classes.spec.ts:66:3 › Character Class Tests › MECHA-SANTA: should display correct stats and move/fight
Build, Lint & Test	UNKNOWN STEP	2025-12-27T19:39:23.8183654Z   -   1 [chromium] › e2e/character-classes.spec.ts:36:3 › Character Class Tests › MECHA-SANTA: should select character and start game
Build, Lint & Test	UNKNOWN STEP	2025-12-27T19:39:25.8251507Z Console error: THREE.THREE.WebGLProgram: Shader Error 0 - VALIDATE_STATUS false
Build, Lint & Test	UNKNOWN STEP	2025-12-27T19:39:25.8253565Z 
Build, Lint & Test	UNKNOWN STEP	2025-12-27T19:39:25.8254020Z Material Name: 
Build, Lint & Test	UNKNOWN STEP	2025-12-27T19:39:25.8254654Z Material Type: MeshStandardMaterial
Build, Lint & Test	UNKNOWN STEP	2025-12-27T19:39:25.8254971Z 
Build, Lint & Test	UNKNOWN STEP	2025-12-27T19:39:25.8255574Z Program Info Log: FRAGMENT shader uniforms count exceeds MAX_FRAGMENT_UNIFORM_VECTORS(4096)
Build, Lint & Test	UNKNOWN STEP	2025-12-27T19:39:25.8256475Z  
Build, Lint & Test	UNKNOWN STEP	2025-12-27T19:39:25.8256619Z 
Build, Lint & Test	UNKNOWN STEP	2025-12-27T19:39:25.8256674Z 
Build, Lint & Test	UNKNOWN STEP	2025-12-27T19:39:26.0119495Z Console error: THREE.THREE.WebGLProgram: Shader Error 0 - VALIDATE_STATUS false
Build, Lint & Test	UNKNOWN STEP	2025-12-27T19:39:26.0151415Z 
Build, Lint & Test	UNKNOWN STEP	2025-12-27T19:39:26.0151929Z Material Name: 
Build, Lint & Test	UNKNOWN STEP	2025-12-27T19:39:26.0152444Z Material Type: MeshStandardMaterial
Build, Lint & Test	UNKNOWN STEP	2025-12-27T19:39:26.0152768Z 
Build, Lint & Test	UNKNOWN STEP	2025-12-27T19:39:26.0153399Z Program Info Log: FRAGMENT shader uniforms count exceeds MAX_FRAGMENT_UNIFORM_VECTORS(4096)
Build, Lint & Test	UNKNOWN STEP	2025-12-27T19:39:26.0154348Z  
Build, Lint & Test	UNKNOWN STEP	2025-12-27T19:39:26.0154514Z 
Build, Lint & Test	UNKNOWN STEP	2025-12-27T19:39:26.0154551Z 
Build, Lint & Test	UNKNOWN STEP	2025-12-27T19:39:31.1468699Z   -   4 [chromium] › e2e/character-classes.spec.ts:160:3 › Character Class Tests › CYBER-ELF: should display correct stats and move/fight
Build, Lint & Test	UNKNOWN STEP	2025-12-27T19:39:31.3945028Z   -   3 [chromium] › e2e/character-classes.spec.ts:136:3 › Character Class Tests › CYBER-ELF: should select character and start game
Build, Lint & Test	UNKNOWN STEP	2025-12-27T19:39:33.2657556Z Console error: THREE.THREE.WebGLProgram: Shader Error 0 - VALIDATE_STATUS false
Build, Lint & Test	UNKNOWN STEP	2025-12-27T19:39:33.2659145Z 
Build, Lint & Test	UNKNOWN STEP	2025-12-27T19:39:33.2659696Z Material Name: 
Build, Lint & Test	UNKNOWN STEP	2025-12-27T19:39:33.2660461Z Material Type: MeshStandardMaterial
Build, Lint & Test	UNKNOWN STEP	2025-12-27T19:39:33.2661002Z 
Build, Lint & Test	UNKNOWN STEP	2025-12-27T19:39:33.2664855Z Program Info Log: FRAGMENT shader uniforms count exceeds MAX_FRAGMENT_UNIFORM_VECTORS(4096)
Build, Lint & Test	UNKNOWN STEP	2025-12-27T19:39:33.2666307Z  
Build, Lint & Test	UNKNOWN STEP	2025-12-27T19:39:33.2666937Z 
Build, Lint & Test	UNKNOWN STEP	2025-12-27T19:39:33.2668205Z 
Build, Lint & Test	UNKNOWN STEP	2025-12-27T19:39:33.3800745Z Console error: THREE.THREE.WebGLProgram: Shader Error 0 - VALIDATE_STATUS false
Build, Lint & Test	UNKNOWN STEP	2025-12-27T19:39:33.3804561Z 
Build, Lint & Test	UNKNOWN STEP	2025-12-27T19:39:33.3805213Z Material Name: 
Build, Lint & Test	UNKNOWN STEP	2025-12-27T19:39:33.3806379Z Material Type: MeshStandardMaterial
Build, Lint & Test	UNKNOWN STEP	2025-12-27T19:39:33.3807109Z 
Build, Lint & Test	UNKNOWN STEP	2025-12-27T19:39:33.3809384Z Program Info Log: FRAGMENT shader uniforms count exceeds MAX_FRAGMENT_UNIFORM_VECTORS(4096)
Build, Lint & Test	UNKNOWN STEP	2025-12-27T19:39:33.3810608Z  
Build, Lint & Test	UNKNOWN STEP	2025-12-27T19:39:33.3814521Z 
Build, Lint & Test	UNKNOWN STEP	2025-12-27T19:39:33.3814767Z 
Build, Lint & Test	UNKNOWN STEP	2025-12-27T19:39:37.7267827Z   -   5 [chromium] › e2e/character-classes.spec.ts:232:3 › Character Class Tests › THE BUMBLE: should select character and start game
Build, Lint & Test	UNKNOWN STEP	2025-12-27T19:39:37.9913228Z   -   6 [chromium] › e2e/character-classes.spec.ts:256:3 › Character Class Tests › THE BUMBLE: should display correct stats and move/fight
Build, Lint & Test	UNKNOWN STEP	2025-12-27T19:39:39.5519795Z Console error: THREE.THREE.WebGLProgram: Shader Error 0 - VALIDATE_STATUS false
Build, Lint & Test	UNKNOWN STEP	2025-12-27T19:39:39.5520760Z 
Build, Lint & Test	UNKNOWN STEP	2025-12-27T19:39:39.5521077Z Material Name: 
Build, Lint & Test	UNKNOWN STEP	2025-12-27T19:39:39.5521700Z Material Type: MeshStandardMaterial
Build, Lint & Test	UNKNOWN STEP	2025-12-27T19:39:39.5522184Z 
Build, Lint & Test	UNKNOWN STEP	2025-12-27T19:39:39.5522890Z Program Info Log: FRAGMENT shader uniforms count exceeds MAX_FRAGMENT_UNIFORM_VECTORS(4096)
Build, Lint & Test	UNKNOWN STEP	2025-12-27T19:39:39.5523905Z  
Build, Lint & Test	UNKNOWN STEP	2025-12-27T19:39:39.5524078Z 
Build, Lint & Test	UNKNOWN STEP	2025-12-27T19:39:39.5524088Z 
Build, Lint & Test	UNKNOWN STEP	2025-12-27T19:39:39.9279277Z Console error: THREE.THREE.WebGLProgram: Shader Error 0 - VALIDATE_STATUS false
Build, Lint & Test	UNKNOWN STEP	2025-12-27T19:39:39.9280201Z 
Build, Lint & Test	UNKNOWN STEP	2025-12-27T19:39:39.9280606Z Material Name: 
Build, Lint & Test	UNKNOWN STEP	2025-12-27T19:39:39.9281300Z Material Type: MeshStandardMaterial
Build, Lint & Test	UNKNOWN STEP	2025-12-27T19:39:39.9281831Z 
Build, Lint & Test	UNKNOWN STEP	2025-12-27T19:39:39.9282757Z Program Info Log: FRAGMENT shader uniforms count exceeds MAX_FRAGMENT_UNIFORM_VECTORS(4096)
Build, Lint & Test	UNKNOWN STEP	2025-12-27T19:39:39.9284125Z  
Build, Lint & Test	UNKNOWN STEP	2025-12-27T19:39:39.9284487Z 
Build, Lint & Test	UNKNOWN STEP	2025-12-27T19:39:39.9284653Z 
Build, Lint & Test	UNKNOWN STEP	2025-12-27T19:39:44.0231734Z   -   7 [chromium] › e2e/character-classes.spec.ts:322:3 › Character Class Tests › Touch controls should work with all characters
Build, Lint & Test	UNKNOWN STEP	2025-12-27T19:39:44.4025927Z   -   8 [chromium] › e2e/character-classes.spec.ts:353:3 › Character Class Tests › Score should update when enemies are killed
Build, Lint & Test	UNKNOWN STEP	2025-12-27T19:39:44.7829092Z   -  10 [chromium] › e2e/character-classes.spec.ts:432:3 › Character Class Tests › All characters should survive basic gameplay loop
Build, Lint & Test	UNKNOWN STEP	2025-12-27T19:39:45.8210574Z Console error: THREE.THREE.WebGLProgram: Shader Error 0 - VALIDATE_STATUS false
Build, Lint & Test	UNKNOWN STEP	2025-12-27T19:39:45.8211645Z 
Build, Lint & Test	UNKNOWN STEP	2025-12-27T19:39:45.8211957Z Material Name: 
Build, Lint & Test	UNKNOWN STEP	2025-12-27T19:39:45.8212445Z Material Type: MeshStandardMaterial
Build, Lint & Test	UNKNOWN STEP	2025-12-27T19:39:45.8212751Z 
Build, Lint & Test	UNKNOWN STEP	2025-12-27T19:39:45.8213354Z Program Info Log: FRAGMENT shader uniforms count exceeds MAX_FRAGMENT_UNIFORM_VECTORS(4096)
Build, Lint & Test	UNKNOWN STEP	2025-12-27T19:39:45.8214253Z  
Build, Lint & Test	UNKNOWN STEP	2025-12-27T19:39:45.8214407Z 
Build, Lint & Test	UNKNOWN STEP	2025-12-27T19:39:45.8214416Z 
Build, Lint & Test	UNKNOWN STEP	2025-12-27T19:39:50.1370067Z   -   9 [chromium] › e2e/character-classes.spec.ts:396:3 › Character Class Tests › Character selection and game state should persist correctly
Build, Lint & Test	UNKNOWN STEP	2025-12-27T19:40:05.3526476Z   ✘  11 [chromium] › e2e/component-snapshots.spec.ts:13:3 › Component Snapshots - 3D Character Rendering › should render Santa character model (20.4s)
Build, Lint & Test	UNKNOWN STEP	2025-12-27T19:40:11.4363103Z   ✘  12 [chromium] › e2e/component-snapshots.spec.ts:40:3 › Component Snapshots - 3D Character Rendering › should render Elf character model (21.2s)
Build, Lint & Test	UNKNOWN STEP	2025-12-27T19:40:32.6823139Z   ✘  13 [chromium] › e2e/component-snapshots.spec.ts:13:3 › Component Snapshots - 3D Character Rendering › should render Santa character model (retry #1) (26.1s)
Build, Lint & Test	UNKNOWN STEP	2025-12-27T19:40:40.8195498Z   ✘  14 [chromium] › e2e/component-snapshots.spec.ts:40:3 › Component Snapshots - 3D Character Rendering › should render Elf character model (retry #1) (28.0s)
Build, Lint & Test	UNKNOWN STEP	2025-12-27T19:40:53.6850606Z   ✘  15 [chromium] › e2e/component-snapshots.spec.ts:13:3 › Component Snapshots - 3D Character Rendering › should render Santa character model (retry #2) (19.9s)
Build, Lint & Test	UNKNOWN STEP	2025-12-27T19:41:01.8991426Z   ✘  16 [chromium] › e2e/component-snapshots.spec.ts:40:3 › Component Snapshots - 3D Character Rendering › should render Elf character model (retry #2) (19.8s)
Build, Lint & Test	UNKNOWN STEP	2025-12-27T19:41:14.2639080Z   ✘  17 [chromium] › e2e/component-snapshots.spec.ts:57:3 › Component Snapshots - 3D Character Rendering › should render Bumble character model (19.4s)
Build, Lint & Test	UNKNOWN STEP	2025-12-27T19:41:22.7578504Z   ✘  18 [chromium] › e2e/component-snapshots.spec.ts:76:3 › Component Snapshots - Terrain and Environment › should render terrain correctly (19.8s)
Build, Lint & Test	UNKNOWN STEP	2025-12-27T19:41:42.4271406Z   ✘  19 [chromium] › e2e/component-snapshots.spec.ts:57:3 › Component Snapshots - 3D Character Rendering › should render Bumble character model (retry #1) (26.9s)
Build, Lint & Test	UNKNOWN STEP	2025-12-27T19:41:52.4263807Z   ✘  20 [chromium] › e2e/component-snapshots.spec.ts:76:3 › Component Snapshots - Terrain and Environment › should render terrain correctly (retry #1) (28.4s)
Build, Lint & Test	UNKNOWN STEP	2025-12-27T19:42:03.7040054Z   ✘  21 [chromium] › e2e/component-snapshots.spec.ts:57:3 › Component Snapshots - 3D Character Rendering › should render Bumble character model (retry #2) (20.1s)
Build, Lint & Test	UNKNOWN STEP	2025-12-27T19:42:14.4684498Z   ✘  22 [chromium] › e2e/component-snapshots.spec.ts:76:3 › Component Snapshots - Terrain and Environment › should render terrain correctly (retry #2) (20.9s)
Build, Lint & Test	UNKNOWN STEP	2025-12-27T19:42:24.9462040Z   ✘  23 [chromium] › e2e/component-snapshots.spec.ts:102:3 › Component Snapshots - Terrain and Environment › should render lighting and atmosphere (20.1s)
Build, Lint & Test	UNKNOWN STEP	2025-12-27T19:42:35.7856749Z   ✘  24 [chromium] › e2e/component-snapshots.spec.ts:121:3 › Component Snapshots - Enemy Rendering › should render enemies when spawned (20.2s)
Build, Lint & Test	UNKNOWN STEP	2025-12-27T19:42:52.6241158Z   ✘  25 [chromium] › e2e/component-snapshots.spec.ts:102:3 › Component Snapshots - Terrain and Environment › should render lighting and atmosphere (retry #1) (26.4s)
Build, Lint & Test	UNKNOWN STEP	2025-12-27T19:43:04.4599387Z   ✘  26 [chromium] › e2e/component-snapshots.spec.ts:121:3 › Component Snapshots - Enemy Rendering › should render enemies when spawned (retry #1) (27.5s)
Build, Lint & Test	UNKNOWN STEP	2025-12-27T19:43:14.1220909Z   ✘  27 [chromium] › e2e/component-snapshots.spec.ts:102:3 › Component Snapshots - Terrain and Environment › should render lighting and atmosphere (retry #2) (20.3s)
Build, Lint & Test	UNKNOWN STEP	2025-12-27T19:43:25.0755488Z   ✘  28 [chromium] › e2e/component-snapshots.spec.ts:121:3 › Component Snapshots - Enemy Rendering › should render enemies when spawned (retry #2) (19.3s)
Build, Lint & Test	UNKNOWN STEP	2025-12-27T19:43:35.6178745Z   ✘  29 [chromium] › e2e/component-snapshots.spec.ts:138:3 › Component Snapshots - Enemy Rendering › should render enemy death effects (20.4s)
Build, Lint & Test	UNKNOWN STEP	2025-12-27T19:43:45.6067145Z   ✘  30 [chromium] › e2e/component-snapshots.spec.ts:158:3 › Component Snapshots - Weapon Effects › should render Santa cannon weapon (19.4s)
Build, Lint & Test	UNKNOWN STEP	2025-12-27T19:44:03.4233143Z   ✘  31 [chromium] › e2e/component-snapshots.spec.ts:138:3 › Component Snapshots - Enemy Rendering › should render enemy death effects (retry #1) (26.5s)
Build, Lint & Test	UNKNOWN STEP	2025-12-27T19:44:14.4231629Z   ✘  32 [chromium] › e2e/component-snapshots.spec.ts:158:3 › Component Snapshots - Weapon Effects › should render Santa cannon weapon (retry #1) (27.6s)
Build, Lint & Test	UNKNOWN STEP	2025-12-27T19:44:24.7411071Z   ✘  33 [chromium] › e2e/component-snapshots.spec.ts:138:3 › Component Snapshots - Enemy Rendering › should render enemy death effects (retry #2) (20.2s)
Build, Lint & Test	UNKNOWN STEP	2025-12-27T19:44:35.0813688Z   ✘  34 [chromium] › e2e/component-snapshots.spec.ts:158:3 › Component Snapshots - Weapon Effects › should render Santa cannon weapon (retry #2) (19.5s)
Build, Lint & Test	UNKNOWN STEP	2025-12-27T19:44:46.0431921Z   ✘  35 [chromium] › e2e/component-snapshots.spec.ts:179:3 › Component Snapshots - Weapon Effects › should render Elf SMG weapon (20.1s)
Build, Lint & Test	UNKNOWN STEP	2025-12-27T19:44:56.1459029Z   ✘  36 [chromium] › e2e/component-snapshots.spec.ts:201:3 › Component Snapshots - Weapon Effects › should render Bumble star weapon (20.0s)
Build, Lint & Test	UNKNOWN STEP	2025-12-27T19:45:13.6016305Z   ✘  37 [chromium] › e2e/component-snapshots.spec.ts:179:3 › Component Snapshots - Weapon Effects › should render Elf SMG weapon (retry #1) (26.3s)
Build, Lint & Test	UNKNOWN STEP	2025-12-27T19:45:24.0785974Z   ✘  38 [chromium] › e2e/component-snapshots.spec.ts:201:3 › Component Snapshots - Weapon Effects › should render Bumble star weapon (retry #1) (26.6s)
Build, Lint & Test	UNKNOWN STEP	2025-12-27T19:45:33.8295674Z   ✘  39 [chromium] › e2e/component-snapshots.spec.ts:179:3 › Component Snapshots - Weapon Effects › should render Elf SMG weapon (retry #2) (19.0s)
Build, Lint & Test	UNKNOWN STEP	2025-12-27T19:45:44.7615582Z   ✘  40 [chromium] › e2e/component-snapshots.spec.ts:201:3 › Component Snapshots - Weapon Effects › should render Bumble star weapon (retry #2) (19.5s)
Build, Lint & Test	UNKNOWN STEP	2025-12-27T19:45:55.1138242Z   ✘  41 [chromium] › e2e/component-snapshots.spec.ts:224:3 › Component Snapshots - Particle Effects › should render hit particles on impact (20.1s)
Build, Lint & Test	UNKNOWN STEP	2025-12-27T19:46:05.4460454Z   ✘  42 [chromium] › e2e/component-snapshots.spec.ts:244:3 › Component Snapshots - Camera System › should render correct camera perspective (19.5s)
Build, Lint & Test	UNKNOWN STEP	2025-12-27T19:46:22.9212163Z   ✘  43 [chromium] › e2e/component-snapshots.spec.ts:224:3 › Component Snapshots - Particle Effects › should render hit particles on impact (retry #1) (26.5s)
Build, Lint & Test	UNKNOWN STEP	2025-12-27T19:46:33.1224785Z   ✘  44 [chromium] › e2e/component-snapshots.spec.ts:244:3 › Component Snapshots - Camera System › should render correct camera perspective (retry #1) (26.4s)
Build, Lint & Test	UNKNOWN STEP	2025-12-27T19:46:43.5205146Z   ✘  45 [chromium] › e2e/component-snapshots.spec.ts:224:3 › Component Snapshots - Particle Effects › should render hit particles on impact (retry #2) (19.3s)
Build, Lint & Test	UNKNOWN STEP	2025-12-27T19:46:53.5963171Z   ✘  46 [chromium] › e2e/component-snapshots.spec.ts:244:3 › Component Snapshots - Camera System › should render correct camera perspective (retry #2) (19.3s)
Build, Lint & Test	UNKNOWN STEP	2025-12-27T19:47:03.9523756Z   ✘  47 [chromium] › e2e/component-snapshots.spec.ts:261:3 › Component Snapshots - Camera System › should render camera following player movement (19.3s)
Build, Lint & Test	UNKNOWN STEP	2025-12-27T19:47:14.0848794Z   ✘  48 [chromium] › e2e/component-snapshots.spec.ts:287:3 › Component Snapshots - UI Overlays › should render damage flash effect (19.4s)
Build, Lint & Test	UNKNOWN STEP	2025-12-27T19:47:31.1551593Z   ✘  49 [chromium] › e2e/component-snapshots.spec.ts:261:3 › Component Snapshots - Camera System › should render camera following player movement (retry #1) (26.0s)
Build, Lint & Test	UNKNOWN STEP	2025-12-27T19:47:41.7245371Z   ✘  50 [chromium] › e2e/component-snapshots.spec.ts:287:3 › Component Snapshots - UI Overlays › should render damage flash effect (retry #1) (26.4s)
Build, Lint & Test	UNKNOWN STEP	2025-12-27T19:47:52.5564781Z   ✘  51 [chromium] › e2e/component-snapshots.spec.ts:261:3 › Component Snapshots - Camera System › should render camera following player movement (retry #2) (20.3s)
Build, Lint & Test	UNKNOWN STEP	2025-12-27T19:48:02.9960988Z   ✘  52 [chromium] › e2e/component-snapshots.spec.ts:287:3 › Component Snapshots - UI Overlays › should render damage flash effect (retry #2) (20.2s)
Build, Lint & Test	UNKNOWN STEP	2025-12-27T19:48:14.3270800Z   ✘  53 [chromium] › e2e/component-snapshots.spec.ts:307:3 › Component Snapshots - UI Overlays › should render kill streak notification (20.6s)
Build, Lint & Test	UNKNOWN STEP	2025-12-27T19:48:35.1628974Z   ✘  54 [chromium] › e2e/full-gameplay.spec.ts:97:3 › Full Gameplay - MECHA-SANTA (Tank Class) › should complete full game loop with Santa (31.1s)
Build, Lint & Test	UNKNOWN STEP	2025-12-27T19:48:41.7516713Z   ✘  55 [chromium] › e2e/component-snapshots.spec.ts:307:3 › Component Snapshots - UI Overlays › should render kill streak notification (retry #1) (26.2s)
Build, Lint & Test	UNKNOWN STEP	2025-12-27T19:49:02.5291732Z   ✘  57 [chromium] › e2e/component-snapshots.spec.ts:307:3 › Component Snapshots - UI Overlays › should render kill streak notification (retry #2) (19.6s)
Build, Lint & Test	UNKNOWN STEP	2025-12-27T19:49:12.8702562Z   ✘  56 [chromium] › e2e/full-gameplay.spec.ts:97:3 › Full Gameplay - MECHA-SANTA (Tank Class) › should complete full game loop with Santa (retry #1) (36.4s)
Build, Lint & Test	UNKNOWN STEP	2025-12-27T19:49:22.3220533Z   ✘  58 [chromium] › e2e/full-gameplay.spec.ts:127:3 › Full Gameplay - MECHA-SANTA (Tank Class) › should have correct Santa stats and weapon (18.6s)
Build, Lint & Test	UNKNOWN STEP	2025-12-27T19:49:43.2185394Z   ✘  59 [chromium] › e2e/full-gameplay.spec.ts:97:3 › Full Gameplay - MECHA-SANTA (Tank Class) › should complete full game loop with Santa (retry #2) (29.2s)
Build, Lint & Test	UNKNOWN STEP	2025-12-27T19:49:49.4824182Z   ✘  60 [chromium] › e2e/full-gameplay.spec.ts:127:3 › Full Gameplay - MECHA-SANTA (Tank Class) › should have correct Santa stats and weapon (retry #1) (26.0s)
Build, Lint & Test	UNKNOWN STEP	2025-12-27T19:50:02.7257153Z   ✘  61 [chromium] › e2e/full-gameplay.spec.ts:153:3 › Full Gameplay - MECHA-SANTA (Tank Class) › should survive longer due to high HP (18.2s)
Build, Lint & Test	UNKNOWN STEP	2025-12-27T19:50:09.9522503Z   ✘  62 [chromium] › e2e/full-gameplay.spec.ts:127:3 › Full Gameplay - MECHA-SANTA (Tank Class) › should have correct Santa stats and weapon (retry #2) (19.3s)
Build, Lint & Test	UNKNOWN STEP	2025-12-27T19:50:30.5407767Z   ✘  64 [chromium] › e2e/full-gameplay.spec.ts:181:3 › Full Gameplay - MECHA-SANTA (Tank Class) › should trigger game over when HP reaches 0 (19.4s)
Build, Lint & Test	UNKNOWN STEP	2025-12-27T19:50:31.2312152Z   ✘  63 [chromium] › e2e/full-gameplay.spec.ts:153:3 › Full Gameplay - MECHA-SANTA (Tank Class) › should survive longer due to high HP (retry #1) (27.2s)
Build, Lint & Test	UNKNOWN STEP	2025-12-27T19:50:51.8055724Z   ✘  66 [chromium] › e2e/full-gameplay.spec.ts:153:3 › Full Gameplay - MECHA-SANTA (Tank Class) › should survive longer due to high HP (retry #2) (19.5s)
Build, Lint & Test	UNKNOWN STEP	2025-12-27T19:50:58.6241984Z   ✘  65 [chromium] › e2e/full-gameplay.spec.ts:181:3 › Full Gameplay - MECHA-SANTA (Tank Class) › should trigger game over when HP reaches 0 (retry #1) (26.9s)
Build, Lint & Test	UNKNOWN STEP	2025-12-27T19:51:11.2194377Z   ✘  67 [chromium] › e2e/full-gameplay.spec.ts:207:3 › Full Gameplay - MECHA-SANTA (Tank Class) › should accumulate score and kills (18.3s)
Build, Lint & Test	UNKNOWN STEP	2025-12-27T19:51:18.3223588Z   ✘  68 [chromium] › e2e/full-gameplay.spec.ts:181:3 › Full Gameplay - MECHA-SANTA (Tank Class) › should trigger game over when HP reaches 0 (retry #2) (18.4s)
Build, Lint & Test	UNKNOWN STEP	2025-12-27T19:51:38.0878746Z   ✘  69 [chromium] › e2e/full-gameplay.spec.ts:207:3 › Full Gameplay - MECHA-SANTA (Tank Class) › should accumulate score and kills (retry #1) (25.7s)
Build, Lint & Test	UNKNOWN STEP	2025-12-27T19:51:38.5421607Z   ✘  70 [chromium] › e2e/full-gameplay.spec.ts:238:3 › Full Gameplay - CYBER-ELF (Scout Class) › should complete full game loop with Elf (19.0s)
Build, Lint & Test	UNKNOWN STEP	2025-12-27T19:51:57.5702318Z   ✘  71 [chromium] › e2e/full-gameplay.spec.ts:207:3 › Full Gameplay - MECHA-SANTA (Tank Class) › should accumulate score and kills (retry #2) (18.5s)
Build, Lint & Test	UNKNOWN STEP	2025-12-27T19:52:05.9187376Z   ✘  72 [chromium] › e2e/full-gameplay.spec.ts:238:3 › Full Gameplay - CYBER-ELF (Scout Class) › should complete full game loop with Elf (retry #1) (26.2s)
Build, Lint & Test	UNKNOWN STEP	2025-12-27T19:52:17.9371568Z   ✘  73 [chromium] › e2e/full-gameplay.spec.ts:256:3 › Full Gameplay - CYBER-ELF (Scout Class) › should have low HP but rapid fire weapon (19.2s)
Build, Lint & Test	UNKNOWN STEP	2025-12-27T19:52:25.5616575Z   ✘  74 [chromium] › e2e/full-gameplay.spec.ts:238:3 › Full Gameplay - CYBER-ELF (Scout Class) › should complete full game loop with Elf (retry #2) (18.5s)
Build, Lint & Test	UNKNOWN STEP	2025-12-27T19:52:45.3578314Z   ✘  76 [chromium] › e2e/full-gameplay.spec.ts:282:3 › Full Gameplay - CYBER-ELF (Scout Class) › should die quickly with low HP (18.6s)
Build, Lint & Test	UNKNOWN STEP	2025-12-27T19:52:49.5821674Z   ✘  75 [chromium] › e2e/full-gameplay.spec.ts:256:3 › Full Gameplay - CYBER-ELF (Scout Class) › should have low HP but rapid fire weapon (retry #1) (30.3s)
Build, Lint & Test	UNKNOWN STEP	2025-12-27T19:53:09.6075102Z   ✘  78 [chromium] › e2e/full-gameplay.spec.ts:256:3 › Full Gameplay - CYBER-ELF (Scout Class) › should have low HP but rapid fire weapon (retry #2) (18.6s)
Build, Lint & Test	UNKNOWN STEP	2025-12-27T19:53:13.5342678Z   ✘  77 [chromium] › e2e/full-gameplay.spec.ts:282:3 › Full Gameplay - CYBER-ELF (Scout Class) › should die quickly with low HP (retry #1) (26.9s)
Build, Lint & Test	UNKNOWN STEP	2025-12-27T19:53:29.1409191Z   ✘  79 [chromium] › e2e/full-gameplay.spec.ts:304:3 › Full Gameplay - THE BUMBLE (Bruiser Class) › should complete full game loop with Bumble (18.4s)
Build, Lint & Test	UNKNOWN STEP	2025-12-27T19:53:33.3439537Z   ✘  80 [chromium] › e2e/full-gameplay.spec.ts:282:3 › Full Gameplay - CYBER-ELF (Scout Class) › should die quickly with low HP (retry #2) (18.5s)
Build, Lint & Test	UNKNOWN STEP	2025-12-27T19:53:54.9975483Z   ✘  82 [chromium] › e2e/full-gameplay.spec.ts:322:3 › Full Gameplay - THE BUMBLE (Bruiser Class) › should fire spread pattern weapon (20.2s)
Build, Lint & Test	UNKNOWN STEP	2025-12-27T19:53:56.5933415Z   ✘  81 [chromium] › e2e/full-gameplay.spec.ts:304:3 › Full Gameplay - THE BUMBLE (Bruiser Class) › should complete full game loop with Bumble (retry #1) (26.2s)
Build, Lint & Test	UNKNOWN STEP	2025-12-27T19:54:16.3878527Z   ✘  84 [chromium] › e2e/full-gameplay.spec.ts:304:3 › Full Gameplay - THE BUMBLE (Bruiser Class) › should complete full game loop with Bumble (retry #2) (18.8s)
Build, Lint & Test	UNKNOWN STEP	2025-12-27T19:54:22.9710026Z   ✘  83 [chromium] › e2e/full-gameplay.spec.ts:322:3 › Full Gameplay - THE BUMBLE (Bruiser Class) › should fire spread pattern weapon (retry #1) (26.7s)
Build, Lint & Test	UNKNOWN STEP	2025-12-27T19:54:36.3719680Z   ✘  85 [chromium] › e2e/full-gameplay.spec.ts:348:3 › Full Gameplay - THE BUMBLE (Bruiser Class) › should have balanced survivability (18.8s)
Build, Lint & Test	UNKNOWN STEP	2025-12-27T19:54:43.4226066Z   ✘  86 [chromium] › e2e/full-gameplay.spec.ts:322:3 › Full Gameplay - THE BUMBLE (Bruiser Class) › should fire spread pattern weapon (retry #2) (19.1s)
Build, Lint & Test	UNKNOWN STEP	2025-12-27T19:55:03.5754874Z   ✘  88 [chromium] › e2e/full-gameplay.spec.ts:377:3 › Full Gameplay - Boss Battle › should spawn boss after 10 kills (18.8s)
Build, Lint & Test	UNKNOWN STEP	2025-12-27T19:55:04.5848885Z   ✘  87 [chromium] › e2e/full-gameplay.spec.ts:348:3 › Full Gameplay - THE BUMBLE (Bruiser Class) › should have balanced survivability (retry #1) (27.0s)
Build, Lint & Test	UNKNOWN STEP	2025-12-27T19:55:24.1983084Z   ✘  90 [chromium] › e2e/full-gameplay.spec.ts:348:3 › Full Gameplay - THE BUMBLE (Bruiser Class) › should have balanced survivability (retry #2) (18.5s)
Build, Lint & Test	UNKNOWN STEP	2025-12-27T19:55:32.5616349Z   ✘  89 [chromium] › e2e/full-gameplay.spec.ts:377:3 › Full Gameplay - Boss Battle › should spawn boss after 10 kills (retry #1) (27.6s)
Build, Lint & Test	UNKNOWN STEP	2025-12-27T19:55:44.1319665Z   ✘  91 [chromium] › e2e/full-gameplay.spec.ts:406:3 › Full Gameplay - Boss Battle › should defeat boss and win game (18.8s)
Build, Lint & Test	UNKNOWN STEP	2025-12-27T19:55:52.6586837Z   ✘  92 [chromium] › e2e/full-gameplay.spec.ts:377:3 › Full Gameplay - Boss Battle › should spawn boss after 10 kills (retry #2) (18.9s)
Build, Lint & Test	UNKNOWN STEP	2025-12-27T19:56:12.3198755Z   ✘  94 [chromium] › e2e/full-gameplay.spec.ts:442:3 › Full Gameplay - Boss Battle › should show boss health decreasing (18.5s)
Build, Lint & Test	UNKNOWN STEP	2025-12-27T19:56:12.4318661Z   ✘  93 [chromium] › e2e/full-gameplay.spec.ts:406:3 › Full Gameplay - Boss Battle › should defeat boss and win game (retry #1) (27.1s)
Build, Lint & Test	UNKNOWN STEP	2025-12-27T19:56:32.5597719Z   ✘  96 [chromium] › e2e/full-gameplay.spec.ts:406:3 › Full Gameplay - Boss Battle › should defeat boss and win game (retry #2) (19.1s)
Build, Lint & Test	UNKNOWN STEP	2025-12-27T19:56:41.5308842Z   ✘  95 [chromium] › e2e/full-gameplay.spec.ts:442:3 › Full Gameplay - Boss Battle › should show boss health decreasing (retry #1) (28.1s)
Build, Lint & Test	UNKNOWN STEP	2025-12-27T19:56:52.7973724Z   ✘  97 [chromium] › e2e/full-gameplay.spec.ts:479:3 › Full Gameplay - Kill Streaks › should trigger kill streak notifications (19.1s)
Build, Lint & Test	UNKNOWN STEP	2025-12-27T19:57:01.7422740Z   ✘  98 [chromium] › e2e/full-gameplay.spec.ts:442:3 › Full Gameplay - Boss Battle › should show boss health decreasing (retry #2) (19.0s)
Build, Lint & Test	UNKNOWN STEP	2025-12-27T19:57:20.2492624Z   ✘  99 [chromium] › e2e/full-gameplay.spec.ts:479:3 › Full Gameplay - Kill Streaks › should trigger kill streak notifications (retry #1) (26.1s)
Build, Lint & Test	UNKNOWN STEP	2025-12-27T19:57:21.9260734Z   ✘  100 [chromium] › e2e/full-gameplay.spec.ts:513:3 › Full Gameplay - Kill Streaks › should reset streak after timeout (19.0s)
Build, Lint & Test	UNKNOWN STEP	2025-12-27T19:57:40.2782296Z   ✘  101 [chromium] › e2e/full-gameplay.spec.ts:479:3 › Full Gameplay - Kill Streaks › should trigger kill streak notifications (retry #2) (18.9s)
Build, Lint & Test	UNKNOWN STEP	2025-12-27T19:57:49.2516420Z   ✘  102 [chromium] › e2e/full-gameplay.spec.ts:513:3 › Full Gameplay - Kill Streaks › should reset streak after timeout (retry #1) (26.3s)
Build, Lint & Test	UNKNOWN STEP	2025-12-27T19:58:01.1483772Z   ✘  103 [chromium] › e2e/full-gameplay.spec.ts:544:3 › Full Gameplay - Kill Streaks › should apply streak bonus to score (19.7s)
Build, Lint & Test	UNKNOWN STEP	2025-12-27T19:58:08.9476212Z   ✘  104 [chromium] › e2e/full-gameplay.spec.ts:513:3 › Full Gameplay - Kill Streaks › should reset streak after timeout (retry #2) (18.5s)
Build, Lint & Test	UNKNOWN STEP	2025-12-27T19:58:29.4035293Z   ✘  105 [chromium] › e2e/full-gameplay.spec.ts:544:3 › Full Gameplay - Kill Streaks › should apply streak bonus to score (retry #1) (26.9s)
Build, Lint & Test	UNKNOWN STEP	2025-12-27T19:58:30.0099033Z   ✘  106 [chromium] › e2e/full-gameplay.spec.ts:581:3 › Full Gameplay - Game Reset › should reset game and return to menu (19.9s)
Build, Lint & Test	UNKNOWN STEP	2025-12-27T19:58:49.8633793Z   ✘  107 [chromium] › e2e/full-gameplay.spec.ts:544:3 › Full Gameplay - Kill Streaks › should apply streak bonus to score (retry #2) (19.4s)
Build, Lint & Test	UNKNOWN STEP	2025-12-27T19:58:59.5279565Z   ✘  108 [chromium] › e2e/full-gameplay.spec.ts:581:3 › Full Gameplay - Game Reset › should reset game and return to menu (retry #1) (28.4s)
Build, Lint & Test	UNKNOWN STEP	2025-12-27T19:59:09.3680801Z   ✘  109 [chromium] › e2e/full-gameplay.spec.ts:613:3 › Full Gameplay - Game Reset › should preserve high score after reset (18.4s)
Build, Lint & Test	UNKNOWN STEP	2025-12-27T19:59:18.9112029Z   ✘  110 [chromium] › e2e/full-gameplay.spec.ts:581:3 › Full Gameplay - Game Reset › should reset game and return to menu (retry #2) (18.3s)
Build, Lint & Test	UNKNOWN STEP	2025-12-27T19:59:36.4191357Z   ✘  111 [chromium] › e2e/full-gameplay.spec.ts:613:3 › Full Gameplay - Game Reset › should preserve high score after reset (retry #1) (25.9s)
Build, Lint & Test	UNKNOWN STEP	2025-12-27T19:59:46.4542420Z   ✘  112 [chromium] › e2e/full-gameplay.spec.ts:658:3 › Full Gameplay - Complete Playthrough › should complete entire game as Santa (26.3s)
Build, Lint & Test	UNKNOWN STEP	2025-12-27T19:59:56.1662203Z   ✘  113 [chromium] › e2e/full-gameplay.spec.ts:613:3 › Full Gameplay - Game Reset › should preserve high score after reset (retry #2) (18.6s)
Build, Lint & Test	UNKNOWN STEP	2025-12-27T20:00:16.3268348Z   ✘  115 [chromium] › e2e/full-gameplay.spec.ts:705:3 › Full Gameplay - Complete Playthrough › should complete entire game as Elf (19.1s)
Build, Lint & Test	UNKNOWN STEP	2025-12-27T20:00:23.2550514Z   ✘  114 [chromium] › e2e/full-gameplay.spec.ts:658:3 › Full Gameplay - Complete Playthrough › should complete entire game as Santa (retry #1) (35.4s)
Build, Lint & Test	UNKNOWN STEP	2025-12-27T20:00:45.8994500Z   ✘  116 [chromium] › e2e/full-gameplay.spec.ts:705:3 › Full Gameplay - Complete Playthrough › should complete entire game as Elf (retry #1) (28.3s)
Build, Lint & Test	UNKNOWN STEP	2025-12-27T20:00:51.4613326Z   ✘  117 [chromium] › e2e/full-gameplay.spec.ts:658:3 › Full Gameplay - Complete Playthrough › should complete entire game as Santa (retry #2) (26.9s)
Build, Lint & Test	UNKNOWN STEP	2025-12-27T20:01:05.9443148Z   ✘  118 [chromium] › e2e/full-gameplay.spec.ts:705:3 › Full Gameplay - Complete Playthrough › should complete entire game as Elf (retry #2) (18.9s)
Build, Lint & Test	UNKNOWN STEP	2025-12-27T20:01:11.9062272Z   ✘  119 [chromium] › e2e/full-gameplay.spec.ts:737:3 › Full Gameplay - Complete Playthrough › should complete entire game as Bumble (19.3s)
Build, Lint & Test	UNKNOWN STEP	2025-12-27T20:01:26.2963530Z   ✘  120 [chromium] › e2e/full-gameplay.spec.ts:771:3 › Full Gameplay - Input Controls › should respond to WASD movement (19.2s)
Build, Lint & Test	UNKNOWN STEP	2025-12-27T20:01:38.8176119Z   ✘  121 [chromium] › e2e/full-gameplay.spec.ts:737:3 › Full Gameplay - Complete Playthrough › should complete entire game as Bumble (retry #1) (25.6s)
Build, Lint & Test	UNKNOWN STEP	2025-12-27T20:01:54.2262931Z   ✘  122 [chromium] › e2e/full-gameplay.spec.ts:771:3 › Full Gameplay - Input Controls › should respond to WASD movement (retry #1) (26.5s)
Build, Lint & Test	UNKNOWN STEP	2025-12-27T20:01:59.3538967Z   ✘  123 [chromium] › e2e/full-gameplay.spec.ts:737:3 › Full Gameplay - Complete Playthrough › should complete entire game as Bumble (retry #2) (19.4s)
Build, Lint & Test	UNKNOWN STEP	2025-12-27T20:02:14.3098278Z   ✘  124 [chromium] › e2e/full-gameplay.spec.ts:771:3 › Full Gameplay - Input Controls › should respond to WASD movement (retry #2) (18.9s)
Build, Lint & Test	UNKNOWN STEP	2025-12-27T20:02:19.3692936Z   ✘  125 [chromium] › e2e/full-gameplay.spec.ts:799:3 › Full Gameplay - Input Controls › should respond to arrow key movement (18.7s)
Build, Lint & Test	UNKNOWN STEP	2025-12-27T20:02:33.7681385Z   ✘  126 [chromium] › e2e/full-gameplay.spec.ts:824:3 › Full Gameplay - Input Controls › should fire with spacebar (18.3s)
Build, Lint & Test	UNKNOWN STEP	2025-12-27T20:02:47.2400896Z   ✘  127 [chromium] › e2e/full-gameplay.spec.ts:799:3 › Full Gameplay - Input Controls › should respond to arrow key movement (retry #1) (26.6s)
Build, Lint & Test	UNKNOWN STEP	2025-12-27T20:03:02.0141670Z   ✘  128 [chromium] › e2e/full-gameplay.spec.ts:824:3 › Full Gameplay - Input Controls › should fire with spacebar (retry #1) (26.9s)
Build, Lint & Test	UNKNOWN STEP	2025-12-27T20:03:08.4799231Z   ✘  129 [chromium] › e2e/full-gameplay.spec.ts:799:3 › Full Gameplay - Input Controls › should respond to arrow key movement (retry #2) (20.1s)
Build, Lint & Test	UNKNOWN STEP	2025-12-27T20:03:22.1546997Z   ✘  130 [chromium] › e2e/full-gameplay.spec.ts:824:3 › Full Gameplay - Input Controls › should fire with spacebar (retry #2) (19.0s)
Build, Lint & Test	UNKNOWN STEP	2025-12-27T20:03:25.6986290Z Console error: THREE.THREE.WebGLProgram: Shader Error 0 - VALIDATE_STATUS false
Build, Lint & Test	UNKNOWN STEP	2025-12-27T20:03:25.6988867Z 
Build, Lint & Test	UNKNOWN STEP	2025-12-27T20:03:25.6990238Z Material Name: 
Build, Lint & Test	UNKNOWN STEP	2025-12-27T20:03:25.6991934Z Material Type: MeshStandardMaterial
Build, Lint & Test	UNKNOWN STEP	2025-12-27T20:03:25.6993478Z 
Build, Lint & Test	UNKNOWN STEP	2025-12-27T20:03:25.6995301Z Program Info Log: FRAGMENT shader uniforms count exceeds MAX_FRAGMENT_UNIFORM_VECTORS(4096)
Build, Lint & Test	UNKNOWN STEP	2025-12-27T20:03:25.7000005Z  
Build, Lint & Test	UNKNOWN STEP	2025-12-27T20:03:25.7003825Z 
Build, Lint & Test	UNKNOWN STEP	2025-12-27T20:03:25.7007557Z 
Build, Lint & Test	UNKNOWN STEP	2025-12-27T20:03:28.7070286Z   ✘  131 [chromium] › e2e/full-gameplay.spec.ts:857:3 › Full Gameplay - Input Controls › should show touch controls on mobile viewport (19.1s)
Build, Lint & Test	UNKNOWN STEP	2025-12-27T20:03:29.5979911Z   ✓  132 [chromium] › e2e/game.spec.ts:33:3 › Protocol: Silent Night › should load the page with correct title (6.4s)
Build, Lint & Test	UNKNOWN STEP	2025-12-27T20:03:31.3931986Z Console error: THREE.THREE.WebGLProgram: Shader Error 0 - VALIDATE_STATUS false
Build, Lint & Test	UNKNOWN STEP	2025-12-27T20:03:31.3932863Z 
Build, Lint & Test	UNKNOWN STEP	2025-12-27T20:03:31.3933437Z Material Name: 
Build, Lint & Test	UNKNOWN STEP	2025-12-27T20:03:31.3933944Z Material Type: MeshStandardMaterial
Build, Lint & Test	UNKNOWN STEP	2025-12-27T20:03:31.3934285Z 
Build, Lint & Test	UNKNOWN STEP	2025-12-27T20:03:31.3934972Z Program Info Log: FRAGMENT shader uniforms count exceeds MAX_FRAGMENT_UNIFORM_VECTORS(4096)
Build, Lint & Test	UNKNOWN STEP	2025-12-27T20:03:31.3935927Z  
Build, Lint & Test	UNKNOWN STEP	2025-12-27T20:03:31.3936084Z 
Build, Lint & Test	UNKNOWN STEP	2025-12-27T20:03:31.3936102Z 
Build, Lint & Test	UNKNOWN STEP	2025-12-27T20:03:35.6843652Z   ✓  133 [chromium] › e2e/game.spec.ts:40:3 › Protocol: Silent Night › should have correct meta tags (6.1s)
Build, Lint & Test	UNKNOWN STEP	2025-12-27T20:03:37.7639475Z Console error: THREE.THREE.WebGLProgram: Shader Error 0 - VALIDATE_STATUS false
Build, Lint & Test	UNKNOWN STEP	2025-12-27T20:03:37.7640056Z 
Build, Lint & Test	UNKNOWN STEP	2025-12-27T20:03:37.7640240Z Material Name: 
Build, Lint & Test	UNKNOWN STEP	2025-12-27T20:03:37.7640682Z Material Type: MeshStandardMaterial
Build, Lint & Test	UNKNOWN STEP	2025-12-27T20:03:37.7640985Z 
Build, Lint & Test	UNKNOWN STEP	2025-12-27T20:03:37.7641592Z Program Info Log: FRAGMENT shader uniforms count exceeds MAX_FRAGMENT_UNIFORM_VECTORS(4096)
Build, Lint & Test	UNKNOWN STEP	2025-12-27T20:03:37.7642497Z  
Build, Lint & Test	UNKNOWN STEP	2025-12-27T20:03:37.7642648Z 
Build, Lint & Test	UNKNOWN STEP	2025-12-27T20:03:37.7642656Z 
Build, Lint & Test	UNKNOWN STEP	2025-12-27T20:03:42.0035200Z   ✓  135 [chromium] › e2e/game.spec.ts:48:3 › Protocol: Silent Night › should have localStorage available (6.3s)
Build, Lint & Test	UNKNOWN STEP	2025-12-27T20:03:43.9916019Z Console error: THREE.THREE.WebGLProgram: Shader Error 0 - VALIDATE_STATUS false
Build, Lint & Test	UNKNOWN STEP	2025-12-27T20:03:43.9920339Z 
Build, Lint & Test	UNKNOWN STEP	2025-12-27T20:03:43.9924105Z Material Name: 
Build, Lint & Test	UNKNOWN STEP	2025-12-27T20:03:43.9928124Z Material Type: MeshStandardMaterial
Build, Lint & Test	UNKNOWN STEP	2025-12-27T20:03:43.9931847Z 
Build, Lint & Test	UNKNOWN STEP	2025-12-27T20:03:43.9933199Z Program Info Log: FRAGMENT shader uniforms count exceeds MAX_FRAGMENT_UNIFORM_VECTORS(4096)
Build, Lint & Test	UNKNOWN STEP	2025-12-27T20:03:43.9934556Z  
Build, Lint & Test	UNKNOWN STEP	2025-12-27T20:03:43.9934810Z 
Build, Lint & Test	UNKNOWN STEP	2025-12-27T20:03:43.9934912Z 
Build, Lint & Test	UNKNOWN STEP	2025-12-27T20:03:48.0664845Z   ✓  136 [chromium] › e2e/game.spec.ts:64:3 › Protocol: Silent Night › should load fonts from Google Fonts (6.0s)
Build, Lint & Test	UNKNOWN STEP	2025-12-27T20:03:50.0590644Z Console error: THREE.THREE.WebGLProgram: Shader Error 0 - VALIDATE_STATUS false
Build, Lint & Test	UNKNOWN STEP	2025-12-27T20:03:50.0591491Z 
Build, Lint & Test	UNKNOWN STEP	2025-12-27T20:03:50.0595097Z Material Name: 
Build, Lint & Test	UNKNOWN STEP	2025-12-27T20:03:50.0595829Z Material Type: MeshStandardMaterial
Build, Lint & Test	UNKNOWN STEP	2025-12-27T20:03:50.0597257Z 
Build, Lint & Test	UNKNOWN STEP	2025-12-27T20:03:50.0599519Z Program Info Log: FRAGMENT shader uniforms count exceeds MAX_FRAGMENT_UNIFORM_VECTORS(4096)
Build, Lint & Test	UNKNOWN STEP	2025-12-27T20:03:50.0600475Z  
Build, Lint & Test	UNKNOWN STEP	2025-12-27T20:03:50.0600631Z 
Build, Lint & Test	UNKNOWN STEP	2025-12-27T20:03:50.0600677Z 
Build, Lint & Test	UNKNOWN STEP	2025-12-27T20:03:53.7062370Z   ✘  134 [chromium] › e2e/full-gameplay.spec.ts:857:3 › Full Gameplay - Input Controls › should show touch controls on mobile viewport (retry #1) (23.7s)
Build, Lint & Test	UNKNOWN STEP	2025-12-27T20:03:54.1171007Z   ✓  137 [chromium] › e2e/game.spec.ts:69:3 › Protocol: Silent Night › should have PWA manifest (6.0s)
Build, Lint & Test	UNKNOWN STEP	2025-12-27T20:03:55.7972274Z Console error: THREE.THREE.WebGLProgram: Shader Error 0 - VALIDATE_STATUS false
Build, Lint & Test	UNKNOWN STEP	2025-12-27T20:03:55.7972871Z 
Build, Lint & Test	UNKNOWN STEP	2025-12-27T20:03:55.7973412Z Material Name: 
Build, Lint & Test	UNKNOWN STEP	2025-12-27T20:03:55.7973869Z Material Type: MeshStandardMaterial
Build, Lint & Test	UNKNOWN STEP	2025-12-27T20:03:55.7974184Z 
Build, Lint & Test	UNKNOWN STEP	2025-12-27T20:03:55.7974816Z Program Info Log: FRAGMENT shader uniforms count exceeds MAX_FRAGMENT_UNIFORM_VECTORS(4096)
Build, Lint & Test	UNKNOWN STEP	2025-12-27T20:03:55.7975751Z  
Build, Lint & Test	UNKNOWN STEP	2025-12-27T20:03:55.7975898Z 
Build, Lint & Test	UNKNOWN STEP	2025-12-27T20:03:55.7975907Z 
Build, Lint & Test	UNKNOWN STEP	2025-12-27T20:04:04.1696045Z Canvas elements found: 1
Build, Lint & Test	UNKNOWN STEP	2025-12-27T20:04:10.3995556Z   ✓  138 [chromium] › e2e/game.spec.ts:84:3 › Protocol: Silent Night › should render canvas element (16.3s)
Build, Lint & Test	UNKNOWN STEP	2025-12-27T20:04:12.4085037Z Console error: THREE.THREE.WebGLProgram: Shader Error 0 - VALIDATE_STATUS false
Build, Lint & Test	UNKNOWN STEP	2025-12-27T20:04:12.4085980Z 
Build, Lint & Test	UNKNOWN STEP	2025-12-27T20:04:12.4086260Z Material Name: 
Build, Lint & Test	UNKNOWN STEP	2025-12-27T20:04:12.4086914Z Material Type: MeshStandardMaterial
Build, Lint & Test	UNKNOWN STEP	2025-12-27T20:04:12.4089047Z 
Build, Lint & Test	UNKNOWN STEP	2025-12-27T20:04:12.4091479Z Program Info Log: FRAGMENT shader uniforms count exceeds MAX_FRAGMENT_UNIFORM_VECTORS(4096)
Build, Lint & Test	UNKNOWN STEP	2025-12-27T20:04:12.4092983Z  
Build, Lint & Test	UNKNOWN STEP	2025-12-27T20:04:12.4093397Z 
Build, Lint & Test	UNKNOWN STEP	2025-12-27T20:04:12.4093996Z 
Build, Lint & Test	UNKNOWN STEP	2025-12-27T20:04:13.1015226Z   ✘  139 [chromium] › e2e/full-gameplay.spec.ts:857:3 › Full Gameplay - Input Controls › should show touch controls on mobile viewport (retry #2) (18.4s)
Build, Lint & Test	UNKNOWN STEP	2025-12-27T20:04:16.8795685Z Console error: THREE.THREE.WebGLProgram: Shader Error 0 - VALIDATE_STATUS false
Build, Lint & Test	UNKNOWN STEP	2025-12-27T20:04:16.8800774Z 
Build, Lint & Test	UNKNOWN STEP	2025-12-27T20:04:16.8804692Z Material Name: 
Build, Lint & Test	UNKNOWN STEP	2025-12-27T20:04:16.8806261Z Material Type: MeshStandardMaterial
Build, Lint & Test	UNKNOWN STEP	2025-12-27T20:04:16.8807718Z 
Build, Lint & Test	UNKNOWN STEP	2025-12-27T20:04:16.8809583Z Program Info Log: FRAGMENT shader uniforms count exceeds MAX_FRAGMENT_UNIFORM_VECTORS(4096)
Build, Lint & Test	UNKNOWN STEP	2025-12-27T20:04:16.8812115Z  
Build, Lint & Test	UNKNOWN STEP	2025-12-27T20:04:16.8812740Z 
Build, Lint & Test	UNKNOWN STEP	2025-12-27T20:04:16.8812975Z 
Build, Lint & Test	UNKNOWN STEP	2025-12-27T20:04:20.8515487Z   -  141 [chromium] › e2e/game.spec.ts:128:3 › Protocol: Silent Night › should start game when selecting character
Build, Lint & Test	UNKNOWN STEP	2025-12-27T20:04:22.8965955Z Console error: THREE.THREE.WebGLProgram: Shader Error 0 - VALIDATE_STATUS false
Build, Lint & Test	UNKNOWN STEP	2025-12-27T20:04:22.8970666Z 
Build, Lint & Test	UNKNOWN STEP	2025-12-27T20:04:22.8973385Z Material Name: 
Build, Lint & Test	UNKNOWN STEP	2025-12-27T20:04:22.8977322Z Material Type: MeshStandardMaterial
Build, Lint & Test	UNKNOWN STEP	2025-12-27T20:04:22.8977892Z 
Build, Lint & Test	UNKNOWN STEP	2025-12-27T20:04:22.8978930Z Program Info Log: FRAGMENT shader uniforms count exceeds MAX_FRAGMENT_UNIFORM_VECTORS(4096)
Build, Lint & Test	UNKNOWN STEP	2025-12-27T20:04:22.8980013Z  
Build, Lint & Test	UNKNOWN STEP	2025-12-27T20:04:22.8980313Z 
Build, Lint & Test	UNKNOWN STEP	2025-12-27T20:04:22.8980449Z 
Build, Lint & Test	UNKNOWN STEP	2025-12-27T20:04:26.2434975Z   ✓  140 [chromium] › e2e/game.spec.ts:104:3 › Protocol: Silent Night › should display character selection UI (15.8s)
Build, Lint & Test	UNKNOWN STEP	2025-12-27T20:04:26.8384864Z   -  142 [chromium] › e2e/game.spec.ts:151:3 › Protocol: Silent Night › should display HUD elements during gameplay
Build, Lint & Test	UNKNOWN STEP	2025-12-27T20:04:27.1453396Z WebGL Info: {
Build, Lint & Test	UNKNOWN STEP	2025-12-27T20:04:27.1457752Z   "available": true,
Build, Lint & Test	UNKNOWN STEP	2025-12-27T20:04:27.1462268Z   "renderer": "WebKit WebGL",
Build, Lint & Test	UNKNOWN STEP	2025-12-27T20:04:27.1466459Z   "vendor": "WebKit",
Build, Lint & Test	UNKNOWN STEP	2025-12-27T20:04:27.1470849Z   "version": "WebGL 2.0 (OpenGL ES 3.0 Chromium)"
Build, Lint & Test	UNKNOWN STEP	2025-12-27T20:04:27.1475123Z }
Build, Lint & Test	UNKNOWN STEP	2025-12-27T20:04:27.1480890Z MCP Support: false
Build, Lint & Test	UNKNOWN STEP	2025-12-27T20:04:27.2493176Z   ✓  144 [chromium] › e2e/game.spec.ts:209:3 › Protocol: Silent Night › should report WebGL capabilities (374ms)
Build, Lint & Test	UNKNOWN STEP	2025-12-27T20:04:28.0366767Z Console error: THREE.THREE.WebGLProgram: Shader Error 0 - VALIDATE_STATUS false
Build, Lint & Test	UNKNOWN STEP	2025-12-27T20:04:28.0373678Z 
Build, Lint & Test	UNKNOWN STEP	2025-12-27T20:04:28.0374026Z Material Name: 
Build, Lint & Test	UNKNOWN STEP	2025-12-27T20:04:28.0376877Z Material Type: MeshStandardMaterial
Build, Lint & Test	UNKNOWN STEP	2025-12-27T20:04:28.0377582Z 
Build, Lint & Test	UNKNOWN STEP	2025-12-27T20:04:28.0379579Z Program Info Log: FRAGMENT shader uniforms count exceeds MAX_FRAGMENT_UNIFORM_VECTORS(4096)
Build, Lint & Test	UNKNOWN STEP	2025-12-27T20:04:28.0380892Z  
Build, Lint & Test	UNKNOWN STEP	2025-12-27T20:04:28.0381195Z 
Build, Lint & Test	UNKNOWN STEP	2025-12-27T20:04:28.0381336Z 
Build, Lint & Test	UNKNOWN STEP	2025-12-27T20:04:32.3778473Z   -  143 [chromium] › e2e/game.spec.ts:175:3 › Protocol: Silent Night › should persist high score to localStorage
Build, Lint & Test	UNKNOWN STEP	2025-12-27T20:04:48.2149973Z   ✘  145 [chromium] › e2e/visual-regression.spec.ts:15:3 › Visual Regression - Character Selection › should match character selection screen (20.8s)
Build, Lint & Test	UNKNOWN STEP	2025-12-27T20:04:52.8722712Z   ✘  146 [chromium] › e2e/visual-regression.spec.ts:27:3 › Visual Regression - Character Selection › should show Santa character card correctly (20.3s)
Build, Lint & Test	UNKNOWN STEP	2025-12-27T20:05:18.0172616Z   ✘  147 [chromium] › e2e/visual-regression.spec.ts:15:3 › Visual Regression - Character Selection › should match character selection screen (retry #1) (28.6s)
Build, Lint & Test	UNKNOWN STEP	2025-12-27T20:05:20.6016557Z   ✘  148 [chromium] › e2e/visual-regression.spec.ts:27:3 › Visual Regression - Character Selection › should show Santa character card correctly (retry #1) (26.4s)
Build, Lint & Test	UNKNOWN STEP	2025-12-27T20:05:39.2940524Z   ✘  149 [chromium] › e2e/visual-regression.spec.ts:15:3 › Visual Regression - Character Selection › should match character selection screen (retry #2) (20.1s)
Build, Lint & Test	UNKNOWN STEP	2025-12-27T20:05:40.2743300Z   ✘  150 [chromium] › e2e/visual-regression.spec.ts:27:3 › Visual Regression - Character Selection › should show Santa character card correctly (retry #2) (18.5s)
Build, Lint & Test	UNKNOWN STEP	2025-12-27T20:05:59.0255227Z   ✘  151 [chromium] › e2e/visual-regression.spec.ts:37:3 › Visual Regression - Character Selection › should show Elf character card correctly (18.6s)
Build, Lint & Test	UNKNOWN STEP	2025-12-27T20:05:59.5891320Z   ✘  152 [chromium] › e2e/visual-regression.spec.ts:47:3 › Visual Regression - Character Selection › should show Bumble character card correctly (18.3s)
Build, Lint & Test	UNKNOWN STEP	2025-12-27T20:06:28.3950158Z   ✘  153 [chromium] › e2e/visual-regression.spec.ts:37:3 › Visual Regression - Character Selection › should show Elf character card correctly (retry #1) (28.3s)
Build, Lint & Test	UNKNOWN STEP	2025-12-27T20:06:28.9673424Z   ✘  154 [chromium] › e2e/visual-regression.spec.ts:47:3 › Visual Regression - Character Selection › should show Bumble character card correctly (retry #1) (28.3s)
Build, Lint & Test	UNKNOWN STEP	2025-12-27T20:06:48.3781791Z   ✘  155 [chromium] › e2e/visual-regression.spec.ts:37:3 › Visual Regression - Character Selection › should show Elf character card correctly (retry #2) (19.0s)
Build, Lint & Test	UNKNOWN STEP	2025-12-27T20:06:49.0840637Z   ✘  156 [chromium] › e2e/visual-regression.spec.ts:47:3 › Visual Regression - Character Selection › should show Bumble character card correctly (retry #2) (19.2s)
Build, Lint & Test	UNKNOWN STEP	2025-12-27T20:07:09.1264422Z   ✘  157 [chromium] › e2e/visual-regression.spec.ts:59:3 › Visual Regression - Game Start › should render Santa gameplay correctly (19.7s)
Build, Lint & Test	UNKNOWN STEP	2025-12-27T20:07:09.6921534Z   ✘  158 [chromium] › e2e/visual-regression.spec.ts:79:3 › Visual Regression - Game Start › should render Elf gameplay correctly (19.6s)
Build, Lint & Test	UNKNOWN STEP	2025-12-27T20:07:36.4842875Z   ✘  159 [chromium] › e2e/visual-regression.spec.ts:59:3 › Visual Regression - Game Start › should render Santa gameplay correctly (retry #1) (26.3s)
Build, Lint & Test	UNKNOWN STEP	2025-12-27T20:07:36.9675787Z   ✘  160 [chromium] › e2e/visual-regression.spec.ts:79:3 › Visual Regression - Game Start › should render Elf gameplay correctly (retry #1) (26.2s)
Build, Lint & Test	UNKNOWN STEP	2025-12-27T20:07:57.4381665Z   ✘  161 [chromium] › e2e/visual-regression.spec.ts:59:3 › Visual Regression - Game Start › should render Santa gameplay correctly (retry #2) (20.0s)
Build, Lint & Test	UNKNOWN STEP	2025-12-27T20:07:57.4572311Z   ✘  162 [chromium] › e2e/visual-regression.spec.ts:79:3 › Visual Regression - Game Start › should render Elf gameplay correctly (retry #2) (19.5s)
Build, Lint & Test	UNKNOWN STEP	2025-12-27T20:08:18.0907352Z   ✘  164 [chromium] › e2e/visual-regression.spec.ts:121:3 › Visual Regression - HUD Elements › should render HUD correctly during gameplay (19.7s)
Build, Lint & Test	UNKNOWN STEP	2025-12-27T20:08:18.1136794Z   ✘  163 [chromium] › e2e/visual-regression.spec.ts:99:3 › Visual Regression - Game Start › should render Bumble gameplay correctly (19.8s)
Build, Lint & Test	UNKNOWN STEP	2025-12-27T20:08:44.7261873Z   ✘  166 [chromium] › e2e/visual-regression.spec.ts:99:3 › Visual Regression - Game Start › should render Bumble gameplay correctly (retry #1) (25.6s)
Build, Lint & Test	UNKNOWN STEP	2025-12-27T20:08:45.3029999Z   ✘  165 [chromium] › e2e/visual-regression.spec.ts:121:3 › Visual Regression - HUD Elements › should render HUD correctly during gameplay (retry #1) (26.3s)
Build, Lint & Test	UNKNOWN STEP	2025-12-27T20:09:05.6745153Z   ✘  168 [chromium] › e2e/visual-regression.spec.ts:121:3 › Visual Regression - HUD Elements › should render HUD correctly during gameplay (retry #2) (19.4s)
Build, Lint & Test	UNKNOWN STEP	2025-12-27T20:09:05.6766027Z   ✘  167 [chromium] › e2e/visual-regression.spec.ts:99:3 › Visual Regression - Game Start › should render Bumble gameplay correctly (retry #2) (20.0s)
Build, Lint & Test	UNKNOWN STEP	2025-12-27T20:09:26.0495126Z   ✘  170 [chromium] › e2e/visual-regression.spec.ts:154:3 › Visual Regression - Game Movement › should render character movement correctly (19.5s)
Build, Lint & Test	UNKNOWN STEP	2025-12-27T20:09:26.8843262Z   ✘  169 [chromium] › e2e/visual-regression.spec.ts:135:3 › Visual Regression - HUD Elements › should render score and objectives correctly (20.3s)
Build, Lint & Test	UNKNOWN STEP	2025-12-27T20:09:53.9680399Z   ✘  171 [chromium] › e2e/visual-regression.spec.ts:154:3 › Visual Regression - Game Movement › should render character movement correctly (retry #1) (26.7s)
Build, Lint & Test	UNKNOWN STEP	2025-12-27T20:09:54.2463791Z   ✘  172 [chromium] › e2e/visual-regression.spec.ts:135:3 › Visual Regression - HUD Elements › should render score and objectives correctly (retry #1) (26.2s)
Build, Lint & Test	UNKNOWN STEP	2025-12-27T20:10:14.8762087Z   ✘  173 [chromium] › e2e/visual-regression.spec.ts:154:3 › Visual Regression - Game Movement › should render character movement correctly (retry #2) (20.0s)
Build, Lint & Test	UNKNOWN STEP	2025-12-27T20:10:15.4199010Z   ✘  174 [chromium] › e2e/visual-regression.spec.ts:135:3 › Visual Regression - HUD Elements › should render score and objectives correctly (retry #2) (20.2s)
Build, Lint & Test	UNKNOWN STEP	2025-12-27T20:10:35.4300470Z   ✘  175 [chromium] › e2e/visual-regression.spec.ts:172:3 › Visual Regression - Game Movement › should render firing animation correctly (19.5s)
Build, Lint & Test	UNKNOWN STEP	2025-12-27T20:10:36.9992930Z   ✘  176 [chromium] › e2e/visual-regression.spec.ts:191:3 › Visual Regression - Combat Scenarios › should render combat with enemies (20.6s)
Build, Lint & Test	UNKNOWN STEP	2025-12-27T20:11:02.3780558Z   ✘  177 [chromium] › e2e/visual-regression.spec.ts:172:3 › Visual Regression - Game Movement › should render firing animation correctly (retry #1) (25.7s)
Build, Lint & Test	UNKNOWN STEP	2025-12-27T20:11:04.5987715Z   ✘  178 [chromium] › e2e/visual-regression.spec.ts:191:3 › Visual Regression - Combat Scenarios › should render combat with enemies (retry #1) (26.5s)
Build, Lint & Test	UNKNOWN STEP	2025-12-27T20:11:24.3555247Z   ✘  179 [chromium] › e2e/visual-regression.spec.ts:172:3 › Visual Regression - Game Movement › should render firing animation correctly (retry #2) (20.8s)
Build, Lint & Test	UNKNOWN STEP	2025-12-27T20:11:25.5207669Z   ✘  180 [chromium] › e2e/visual-regression.spec.ts:191:3 › Visual Regression - Combat Scenarios › should render combat with enemies (retry #2) (19.8s)
Build, Lint & Test	UNKNOWN STEP	2025-12-27T20:11:45.1410436Z   ✘  181 [chromium] › e2e/visual-regression.spec.ts:209:3 › Visual Regression - Combat Scenarios › should render player taking damage (19.6s)
Build, Lint & Test	UNKNOWN STEP	2025-12-27T20:11:45.6814212Z   ✘  182 [chromium] › e2e/visual-regression.spec.ts:227:3 › Visual Regression - End Game States › should render game over screen (19.2s)
Build, Lint & Test	UNKNOWN STEP	2025-12-27T20:12:14.1743539Z   ✘  183 [chromium] › e2e/visual-regression.spec.ts:209:3 › Visual Regression - Combat Scenarios › should render player taking damage (retry #1) (27.9s)
Build, Lint & Test	UNKNOWN STEP	2025-12-27T20:12:15.4969651Z   ✘  184 [chromium] › e2e/visual-regression.spec.ts:227:3 › Visual Regression - End Game States › should render game over screen (retry #1) (28.7s)
Build, Lint & Test	UNKNOWN STEP	2025-12-27T20:12:35.1983805Z   ✘  185 [chromium] › e2e/visual-regression.spec.ts:209:3 › Visual Regression - Combat Scenarios › should render player taking damage (retry #2) (19.9s)
Build, Lint & Test	UNKNOWN STEP	2025-12-27T20:12:35.8986535Z   ✘  186 [chromium] › e2e/visual-regression.spec.ts:227:3 › Visual Regression - End Game States › should render game over screen (retry #2) (19.4s)
Build, Lint & Test	UNKNOWN STEP	2025-12-27T20:12:56.1009201Z   ✘  187 [chromium] › e2e/visual-regression.spec.ts:259:3 › Visual Regression - Responsive Design › should render correctly on mobile viewport (19.9s)
Build, Lint & Test	UNKNOWN STEP	2025-12-27T20:12:56.2882562Z   ✘  188 [chromium] › e2e/visual-regression.spec.ts:269:3 › Visual Regression - Responsive Design › should render mobile gameplay correctly (19.4s)
Build, Lint & Test	UNKNOWN STEP	2025-12-27T20:13:22.3487270Z   ✘  190 [chromium] › e2e/visual-regression.spec.ts:269:3 › Visual Regression - Responsive Design › should render mobile gameplay correctly (retry #1) (25.0s)
Build, Lint & Test	UNKNOWN STEP	2025-12-27T20:13:22.3744058Z   ✘  189 [chromium] › e2e/visual-regression.spec.ts:259:3 › Visual Regression - Responsive Design › should render correctly on mobile viewport (retry #1) (25.3s)
Build, Lint & Test	UNKNOWN STEP	2025-12-27T20:13:42.7183506Z   ✘  191 [chromium] › e2e/visual-regression.spec.ts:269:3 › Visual Regression - Responsive Design › should render mobile gameplay correctly (retry #2) (19.5s)
Build, Lint & Test	UNKNOWN STEP	2025-12-27T20:13:43.1230852Z   ✘  192 [chromium] › e2e/visual-regression.spec.ts:259:3 › Visual Regression - Responsive Design › should render correctly on mobile viewport (retry #2) (19.9s)
Build, Lint & Test	UNKNOWN STEP	2025-12-27T20:14:11.1321069Z   ✘  193 [chromium] › e2e/visual-regression.spec.ts:283:3 › Visual Regression - Responsive Design › should render touch controls on mobile (27.5s)
Build, Lint & Test	UNKNOWN STEP	2025-12-27T20:14:43.9732903Z   ✘  194 [chromium] › e2e/visual-regression.spec.ts:283:3 › Visual Regression - Responsive Design › should render touch controls on mobile (retry #1) (31.9s)
Build, Lint & Test	UNKNOWN STEP	2025-12-27T20:15:12.4470517Z   ✘  195 [chromium] › e2e/visual-regression.spec.ts:283:3 › Visual Regression - Responsive Design › should render touch controls on mobile (retry #2) (27.7s)
Build, Lint & Test	UNKNOWN STEP	2025-12-27T20:15:12.6944201Z 
Build, Lint & Test	UNKNOWN STEP	2025-12-27T20:15:12.6957151Z 
Build, Lint & Test	UNKNOWN STEP	2025-12-27T20:15:12.6971153Z   1) [chromium] › e2e/component-snapshots.spec.ts:13:3 › Component Snapshots - 3D Character Rendering › should render Santa character model 
Build, Lint & Test	UNKNOWN STEP	2025-12-27T20:15:12.6972152Z 
Build, Lint & Test	UNKNOWN STEP	2025-12-27T20:15:12.6972530Z     TimeoutError: locator.click: Timeout 10000ms exceeded.
Build, Lint & Test	UNKNOWN STEP	2025-12-27T20:15:12.6973101Z     Call log:
Build, Lint & Test	UNKNOWN STEP	2025-12-27T20:15:12.6973844Z     [2m  - waiting for getByRole('button', { name: /MECHA-SANTA/ })[22m
Build, Lint & Test	UNKNOWN STEP	2025-12-27T20:15:12.6975009Z     [2m    - locator resolved to <button type="button" class="_classCard_1nl30_56">…</button>[22m
Build, Lint & Test	UNKNOWN STEP	2025-12-27T20:15:12.6975895Z     [2m  - attempting click action[22m
Build, Lint & Test	UNKNOWN STEP	2025-12-27T20:15:12.6976708Z     [2m    - waiting for element to be visible, enabled and stable[22m
Build, Lint & Test	UNKNOWN STEP	2025-12-27T20:15:12.6977192Z 
Build, Lint & Test	UNKNOWN STEP	2025-12-27T20:15:12.6977202Z 
Build, Lint & Test	UNKNOWN STEP	2025-12-27T20:15:12.6977395Z       17 |     // Start with Santa
Build, Lint & Test	UNKNOWN STEP	2025-12-27T20:15:12.6978343Z       18 |     const santaButton = page.getByRole('button', { name: /MECHA-SANTA/ });
Build, Lint & Test	UNKNOWN STEP	2025-12-27T20:15:12.6979078Z     > 19 |     await santaButton.click();
Build, Lint & Test	UNKNOWN STEP	2025-12-27T20:15:12.6979565Z          |                       ^
Build, Lint & Test	UNKNOWN STEP	2025-12-27T20:15:12.6979956Z       20 |
Build, Lint & Test	UNKNOWN STEP	2025-12-27T20:15:12.6980435Z       21 |     // Click "COMMENCE OPERATION" on the briefing screen
Build, Lint & Test	UNKNOWN STEP	2025-12-27T20:15:12.6981286Z       22 |     await page.getByRole('button', { name: /COMMENCE OPERATION/i }).click();
Build, Lint & Test	UNKNOWN STEP	2025-12-27T20:15:12.6982534Z         at /home/runner/work/protocol-silent-night/protocol-silent-night/e2e/component-snapshots.spec.ts:19:23
Build, Lint & Test	UNKNOWN STEP	2025-12-27T20:15:12.6983296Z 
Build, Lint & Test	UNKNOWN STEP	2025-12-27T20:15:12.6984058Z     attachment #1: screenshot (image/png) ──────────────────────────────────────────────────────────
Build, Lint & Test	UNKNOWN STEP	2025-12-27T20:15:12.6985389Z     test-results/component-snapshots-Compon-a02b8-ender-Santa-character-model-chromium/test-failed-1.png
Build, Lint & Test	UNKNOWN STEP	2025-12-27T20:15:12.6986802Z     ────────────────────────────────────────────────────────────────────────────────────────────────
Build, Lint & Test	UNKNOWN STEP	2025-12-27T20:15:12.6987236Z 
Build, Lint & Test	UNKNOWN STEP	2025-12-27T20:15:12.6988263Z     Error Context: test-results/component-snapshots-Compon-a02b8-ender-Santa-character-model-chromium/error-context.md
Build, Lint & Test	UNKNOWN STEP	2025-12-27T20:15:12.6989153Z 
Build, Lint & Test	UNKNOWN STEP	2025-12-27T20:15:12.6989813Z     Retry #1 ───────────────────────────────────────────────────────────────────────────────────────
Build, Lint & Test	UNKNOWN STEP	2025-12-27T20:15:12.6990275Z 
Build, Lint & Test	UNKNOWN STEP	2025-12-27T20:15:12.6990598Z     TimeoutError: locator.click: Timeout 10000ms exceeded.
Build, Lint & Test	UNKNOWN STEP	2025-12-27T20:15:12.6991140Z     Call log:
Build, Lint & Test	UNKNOWN STEP	2025-12-27T20:15:12.6991845Z     [2m  - waiting for getByRole('button', { name: /MECHA-SANTA/ })[22m
Build, Lint & Test	UNKNOWN STEP	2025-12-27T20:15:12.6992994Z     [2m    - locator resolved to <button type="button" class="_classCard_1nl30_56">…</button>[22m
Build, Lint & Test	UNKNOWN STEP	2025-12-27T20:15:12.6993887Z     [2m  - attempting click action[22m
Build, Lint & Test	UNKNOWN STEP	2025-12-27T20:15:12.6994697Z     [2m    - waiting for element to be visible, enabled and stable[22m
Build, Lint & Test	UNKNOWN STEP	2025-12-27T20:15:12.6995845Z     [2m    - element is visible, enabled and stable[22m
Build, Lint & Test	UNKNOWN STEP	2025-12-27T20:15:12.6996530Z     [2m    - scrolling into view if needed[22m
Build, Lint & Test	UNKNOWN STEP	2025-12-27T20:15:12.6997144Z     [2m    - done scrolling[22m
Build, Lint & Test	UNKNOWN STEP	2025-12-27T20:15:12.6997440Z 
Build, Lint & Test	UNKNOWN STEP	2025-12-27T20:15:12.6997450Z 
Build, Lint & Test	UNKNOWN STEP	2025-12-27T20:15:12.6997637Z       17 |     // Start with Santa
Build, Lint & Test	UNKNOWN STEP	2025-12-27T20:15:12.6998799Z       18 |     const santaButton = page.getByRole('button', { name: /MECHA-SANTA/ });
Build, Lint & Test	UNKNOWN STEP	2025-12-27T20:15:12.6999541Z     > 19 |     await santaButton.click();
Build, Lint & Test	UNKNOWN STEP	2025-12-27T20:15:12.7000033Z          |                       ^
Build, Lint & Test	UNKNOWN STEP	2025-12-27T20:15:12.7000415Z       20 |
Build, Lint & Test	UNKNOWN STEP	2025-12-27T20:15:12.7000881Z       21 |     // Click "COMMENCE OPERATION" on the briefing screen
Build, Lint & Test	UNKNOWN STEP	2025-12-27T20:15:12.7001694Z       22 |     await page.getByRole('button', { name: /COMMENCE OPERATION/i }).click();
Build, Lint & Test	UNKNOWN STEP	2025-12-27T20:15:12.7002892Z         at /home/runner/work/protocol-silent-night/protocol-silent-night/e2e/component-snapshots.spec.ts:19:23
Build, Lint & Test	UNKNOWN STEP	2025-12-27T20:15:12.7003664Z 
Build, Lint & Test	UNKNOWN STEP	2025-12-27T20:15:12.7004568Z     Error Context: test-results/component-snapshots-Compon-a02b8-ender-Santa-character-model-chromium-retry1/error-context.md
Build, Lint & Test	UNKNOWN STEP	2025-12-27T20:15:12.7005508Z 
Build, Lint & Test	UNKNOWN STEP	2025-12-27T20:15:12.7006252Z     attachment #2: trace (application/zip) ─────────────────────────────────────────────────────────
Build, Lint & Test	UNKNOWN STEP	2025-12-27T20:15:12.7007557Z     test-results/component-snapshots-Compon-a02b8-ender-Santa-character-model-chromium-retry1/trace.zip
Build, Lint & Test	UNKNOWN STEP	2025-12-27T20:15:12.7008688Z     Usage:
Build, Lint & Test	UNKNOWN STEP	2025-12-27T20:15:12.7008860Z 
Build, Lint & Test	UNKNOWN STEP	2025-12-27T20:15:12.7009827Z         pnpm exec playwright show-trace test-results/component-snapshots-Compon-a02b8-ender-Santa-character-model-chromium-retry1/trace.zip
Build, Lint & Test	UNKNOWN STEP	2025-12-27T20:15:12.7010828Z 
Build, Lint & Test	UNKNOWN STEP	2025-12-27T20:15:12.7011447Z     ────────────────────────────────────────────────────────────────────────────────────────────────
Build, Lint & Test	UNKNOWN STEP	2025-12-27T20:15:12.7011867Z 
Build, Lint & Test	UNKNOWN STEP	2025-12-27T20:15:12.7012483Z     Retry #2 ───────────────────────────────────────────────────────────────────────────────────────
Build, Lint & Test	UNKNOWN STEP	2025-12-27T20:15:12.7012946Z 
Build, Lint & Test	UNKNOWN STEP	2025-12-27T20:15:12.7013260Z     TimeoutError: locator.click: Timeout 10000ms exceeded.
Build, Lint & Test	UNKNOWN STEP	2025-12-27T20:15:12.7013795Z     Call log:
Build, Lint & Test	UNKNOWN STEP	2025-12-27T20:15:12.7014494Z     [2m  - waiting for getByRole('button', { name: /MECHA-SANTA/ })[22m
Build, Lint & Test	UNKNOWN STEP	2025-12-27T20:15:12.7015607Z     [2m    - locator resolved to <button type="button" class="_classCard_1nl30_56">…</button>[22m
Build, Lint & Test	UNKNOWN STEP	2025-12-27T20:15:12.7016502Z     [2m  - attempting click action[22m
Build, Lint & Test	UNKNOWN STEP	2025-12-27T20:15:12.7017301Z     [2m    - waiting for element to be visible, enabled and stable[22m
Build, Lint & Test	UNKNOWN STEP	2025-12-27T20:15:12.7017748Z 
Build, Lint & Test	UNKNOWN STEP	2025-12-27T20:15:12.7017757Z 
Build, Lint & Test	UNKNOWN STEP	2025-12-27T20:15:12.7018126Z       17 |     // Start with Santa
Build, Lint & Test	UNKNOWN STEP	2025-12-27T20:15:12.7018859Z       18 |     const santaButton = page.getByRole('button', { name: /MECHA-SANTA/ });
Build, Lint & Test	UNKNOWN STEP	2025-12-27T20:15:12.7019589Z     > 19 |     await santaButton.click();
Build, Lint & Test	UNKNOWN STEP	2025-12-27T20:15:12.7020069Z          |                       ^
Build, Lint & Test	UNKNOWN STEP	2025-12-27T20:15:12.7020442Z       20 |
Build, Lint & Test	UNKNOWN STEP	2025-12-27T20:15:12.7020933Z       21 |     // Click "COMMENCE OPERATION" on the briefing screen
Build, Lint & Test	UNKNOWN STEP	2025-12-27T20:15:12.7021738Z       22 |     await page.getByRole('button', { name: /COMMENCE OPERATION/i }).click();
Build, Lint & Test	UNKNOWN STEP	2025-12-27T20:15:12.7022941Z         at /home/runner/work/protocol-silent-night/protocol-silent-night/e2e/component-snapshots.spec.ts:19:23
Build, Lint & Test	UNKNOWN STEP	2025-12-27T20:15:12.7023702Z 
Build, Lint & Test	UNKNOWN STEP	2025-12-27T20:15:12.7024450Z     attachment #1: screenshot (image/png) ──────────────────────────────────────────────────────────
Build, Lint & Test	UNKNOWN STEP	2025-12-27T20:15:12.7026067Z     test-results/component-snapshots-Compon-a02b8-ender-Santa-character-model-chromium-retry2/test-failed-1.png
Build, Lint & Test	UNKNOWN STEP	2025-12-27T20:15:12.7027547Z     ────────────────────────────────────────────────────────────────────────────────────────────────
Build, Lint & Test	UNKNOWN STEP	2025-12-27T20:15:12.7028156Z 
Build, Lint & Test	UNKNOWN STEP	2025-12-27T20:15:12.7029065Z     Error Context: test-results/component-snapshots-Compon-a02b8-ender-Santa-character-model-chromium-retry2/error-context.md
Build, Lint & Test	UNKNOWN STEP	2025-12-27T20:15:12.7030024Z 
Build, Lint & Test	UNKNOWN STEP	2025-12-27T20:15:12.7031082Z   2) [chromium] › e2e/component-snapshots.spec.ts:40:3 › Component Snapshots - 3D Character Rendering › should render Elf character model 
Build, Lint & Test	UNKNOWN STEP	2025-12-27T20:15:12.7032171Z 
Build, Lint & Test	UNKNOWN STEP	2025-12-27T20:15:12.7032503Z     TimeoutError: locator.click: Timeout 10000ms exceeded.
Build, Lint & Test	UNKNOWN STEP	2025-12-27T20:15:12.7033036Z     Call log:
Build, Lint & Test	UNKNOWN STEP	2025-12-27T20:15:12.7033727Z     [2m  - waiting for getByRole('button', { name: /CYBER-ELF/ })[22m
Build, Lint & Test	UNKNOWN STEP	2025-12-27T20:15:12.7034845Z     [2m    - locator resolved to <button type="button" class="_classCard_1nl30_56">…</button>[22m
Build, Lint & Test	UNKNOWN STEP	2025-12-27T20:15:12.7035740Z     [2m  - attempting click action[22m
Build, Lint & Test	UNKNOWN STEP	2025-12-27T20:15:12.7036522Z     [2m    - waiting for element to be visible, enabled and stable[22m
Build, Lint & Test	UNKNOWN STEP	2025-12-27T20:15:12.7036966Z 
Build, Lint & Test	UNKNOWN STEP	2025-12-27T20:15:12.7036975Z 
Build, Lint & Test	UNKNOWN STEP	2025-12-27T20:15:12.7037123Z       43 |     
Build, Lint & Test	UNKNOWN STEP	2025-12-27T20:15:12.7037725Z       44 |     const elfButton = page.getByRole('button', { name: /CYBER-ELF/ });
Build, Lint & Test	UNKNOWN STEP	2025-12-27T20:15:12.7038657Z     > 45 |     await elfButton.click();
Build, Lint & Test	UNKNOWN STEP	2025-12-27T20:15:12.7039148Z          |                     ^
Build, Lint & Test	UNKNOWN STEP	2025-12-27T20:15:12.7039545Z       46 |
Build, Lint & Test	UNKNOWN STEP	2025-12-27T20:15:12.7040025Z       47 |     // Click "COMMENCE OPERATION" on the briefing screen
Build, Lint & Test	UNKNOWN STEP	2025-12-27T20:15:12.7040856Z       48 |     await page.getByRole('button', { name: /COMMENCE OPERATION/i }).click();
Build, Lint & Test	UNKNOWN STEP	2025-12-27T20:15:12.7042067Z         at /home/runner/work/protocol-silent-night/protocol-silent-night/e2e/component-snapshots.spec.ts:45:21
Build, Lint & Test	UNKNOWN STEP	2025-12-27T20:15:12.7042835Z 
Build, Lint & Test	UNKNOWN STEP	2025-12-27T20:15:12.7043582Z     attachment #1: screenshot (image/png) ──────────────────────────────────────────────────────────
Build, Lint & Test	UNKNOWN STEP	2025-12-27T20:15:12.7044899Z     test-results/component-snapshots-Compon-f322e--render-Elf-character-model-chromium/test-failed-1.png
Build, Lint & Test	UNKNOWN STEP	2025-12-27T20:15:12.7046336Z     ────────────────────────────────────────────────────────────────────────────────────────────────
Build, Lint & Test	UNKNOWN STEP	2025-12-27T20:15:12.7046750Z 
Build, Lint & Test	UNKNOWN STEP	2025-12-27T20:15:12.7047581Z     Error Context: test-results/component-snapshots-Compon-f322e--render-Elf-character-model-chromium/error-context.md
Build, Lint & Test	UNKNOWN STEP	2025-12-27T20:15:12.7048673Z 
Build, Lint & Test	UNKNOWN STEP	2025-12-27T20:15:12.7049310Z     Retry #1 ───────────────────────────────────────────────────────────────────────────────────────
Build, Lint & Test	UNKNOWN STEP	2025-12-27T20:15:12.7049752Z 
Build, Lint & Test	UNKNOWN STEP	2025-12-27T20:15:12.7050068Z     TimeoutError: locator.click: Timeout 10000ms exceeded.
Build, Lint & Test	UNKNOWN STEP	2025-12-27T20:15:12.7050598Z     Call log:
Build, Lint & Test	UNKNOWN STEP	2025-12-27T20:15:12.7051264Z     [2m  - waiting for getByRole('button', { name: /CYBER-ELF/ })[22m
Build, Lint & Test	UNKNOWN STEP	2025-12-27T20:15:12.7052579Z     [2m    - locator resolved to <button type="button" class="_classCard_1nl30_56">…</button>[22m
Build, Lint & Test	UNKNOWN STEP	2025-12-27T20:15:12.7053474Z     [2m  - attempting click action[22m
Build, Lint & Test	UNKNOWN STEP	2025-12-27T20:15:12.7054269Z     [2m    - waiting for element to be visible, enabled and stable[22m
Build, Lint & Test	UNKNOWN STEP	2025-12-27T20:15:12.7055062Z     [2m    - element is visible, enabled and stable[22m
Build, Lint & Test	UNKNOWN STEP	2025-12-27T20:15:12.7055744Z     [2m    - scrolling into view if needed[22m
Build, Lint & Test	UNKNOWN STEP	2025-12-27T20:15:12.7056357Z     [2m    - done scrolling[22m
Build, Lint & Test	UNKNOWN STEP	2025-12-27T20:15:12.7056938Z     [2m    - performing click action[22m
Build, Lint & Test	UNKNOWN STEP	2025-12-27T20:15:12.7057500Z 
Build, Lint & Test	UNKNOWN STEP	2025-12-27T20:15:12.7057510Z 
Build, Lint & Test	UNKNOWN STEP	2025-12-27T20:15:12.7057644Z       43 |     
Build, Lint & Test	UNKNOWN STEP	2025-12-27T20:15:12.7058440Z       44 |     const elfButton = page.getByRole('button', { name: /CYBER-ELF/ });
Build, Lint & Test	UNKNOWN STEP	2025-12-27T20:15:12.7059145Z     > 45 |     await elfButton.click();
Build, Lint & Test	UNKNOWN STEP	2025-12-27T20:15:12.7059626Z          |                     ^
Build, Lint & Test	UNKNOWN STEP	2025-12-27T20:15:12.7060003Z       46 |
Build, Lint & Test	UNKNOWN STEP	2025-12-27T20:15:12.7060470Z       47 |     // Click "COMMENCE OPERATION" on the briefing screen
Build, Lint & Test	UNKNOWN STEP	2025-12-27T20:15:12.7061314Z       48 |     await page.getByRole('button', { name: /COMMENCE OPERATION/i }).click();
Build, Lint & Test	UNKNOWN STEP	2025-12-27T20:15:12.7062544Z         at /home/runner/work/protocol-silent-night/protocol-silent-night/e2e/component-snapshots.spec.ts:45:21
Build, Lint & Test	UNKNOWN STEP	2025-12-27T20:15:12.7063304Z 
Build, Lint & Test	UNKNOWN STEP	2025-12-27T20:15:12.7064197Z     Error Context: test-results/component-snapshots-Compon-f322e--render-Elf-character-model-chromium-retry1/error-context.md
Build, Lint & Test	UNKNOWN STEP	2025-12-27T20:15:12.7065144Z 
Build, Lint & Test	UNKNOWN STEP	2025-12-27T20:15:12.7065893Z     attachment #2: trace (application/zip) ─────────────────────────────────────────────────────────
Build, Lint & Test	UNKNOWN STEP	2025-12-27T20:15:12.7067215Z     test-results/component-snapshots-Compon-f322e--render-Elf-character-model-chromium-retry1/trace.zip
Build, Lint & Test	UNKNOWN STEP	2025-12-27T20:15:12.7068342Z     Usage:
Build, Lint & Test	UNKNOWN STEP	2025-12-27T20:15:12.7068528Z 
Build, Lint & Test	UNKNOWN STEP	2025-12-27T20:15:12.7069509Z         pnpm exec playwright show-trace test-results/component-snapshots-Compon-f322e--render-Elf-character-model-chromium-retry1/trace.zip
Build, Lint & Test	UNKNOWN STEP	2025-12-27T20:15:12.7070526Z 
Build, Lint & Test	UNKNOWN STEP	2025-12-27T20:15:12.7071158Z     ────────────────────────────────────────────────────────────────────────────────────────────────
Build, Lint & Test	UNKNOWN STEP	2025-12-27T20:15:12.7071583Z 
Build, Lint & Test	UNKNOWN STEP	2025-12-27T20:15:12.7072190Z     Retry #2 ───────────────────────────────────────────────────────────────────────────────────────
Build, Lint & Test	UNKNOWN STEP	2025-12-27T20:15:12.7072636Z 
Build, Lint & Test	UNKNOWN STEP	2025-12-27T20:15:12.7072946Z     TimeoutError: locator.click: Timeout 10000ms exceeded.
Build, Lint & Test	UNKNOWN STEP	2025-12-27T20:15:12.7073490Z     Call log:
Build, Lint & Test	UNKNOWN STEP	2025-12-27T20:15:12.7074189Z     [2m  - waiting for getByRole('button', { name: /CYBER-ELF/ })[22m
Build, Lint & Test	UNKNOWN STEP	2025-12-27T20:15:12.7075285Z     [2m    - locator resolved to <button type="button" class="_classCard_1nl30_56">…</button>[22m
Build, Lint & Test	UNKNOWN STEP	2025-12-27T20:15:12.7076162Z     [2m  - attempting click action[22m
Build, Lint & Test	UNKNOWN STEP	2025-12-27T20:15:12.7076834Z     [2m    - waiting for element to be visible, enabled and stable[22m
Build, Lint & Test	UNKNOWN STEP	2025-12-27T20:15:12.7077213Z 
Build, Lint & Test	UNKNOWN STEP	2025-12-27T20:15:12.7077222Z 
Build, Lint & Test	UNKNOWN STEP	2025-12-27T20:15:12.7077338Z       43 |     
Build, Lint & Test	UNKNOWN STEP	2025-12-27T20:15:12.7077852Z       44 |     const elfButton = page.getByRole('button', { name: /CYBER-ELF/ });
Build, Lint & Test	UNKNOWN STEP	2025-12-27T20:15:12.7078735Z     > 45 |     await elfButton.click();
Build, Lint & Test	UNKNOWN STEP	2025-12-27T20:15:12.7079214Z          |                     ^
Build, Lint & Test	UNKNOWN STEP	2025-12-27T20:15:12.7079591Z       46 |
Build, Lint & Test	UNKNOWN STEP	2025-12-27T20:15:12.7080054Z       47 |     // Click "COMMENCE OPERATION" on the briefing screen
Build, Lint & Test	UNKNOWN STEP	2025-12-27T20:15:12.7080874Z       48 |     await page.getByRole('button', { name: /COMMENCE OPERATION/i }).click();
Build, Lint & Test	UNKNOWN STEP	2025-12-27T20:15:12.7082097Z         at /home/runner/work/protocol-silent-night/protocol-silent-night/e2e/component-snapshots.spec.ts:45:21
Build, Lint & Test	UNKNOWN STEP	2025-12-27T20:15:12.7083100Z 
Build, Lint & Test	UNKNOWN STEP	2025-12-27T20:15:12.7084008Z     Error Context: test-results/component-snapshots-Compon-f322e--render-Elf-character-model-chromium-retry2/error-context.md
Build, Lint & Test	UNKNOWN STEP	2025-12-27T20:15:12.7084951Z 
Build, Lint & Test	UNKNOWN STEP	2025-12-27T20:15:12.7086045Z   3) [chromium] › e2e/component-snapshots.spec.ts:57:3 › Component Snapshots - 3D Character Rendering › should render Bumble character model 
Build, Lint & Test	UNKNOWN STEP	2025-12-27T20:15:12.7086799Z 
Build, Lint & Test	UNKNOWN STEP	2025-12-27T20:15:12.7087066Z     TimeoutError: locator.click: Timeout 10000ms exceeded.
Build, Lint & Test	UNKNOWN STEP	2025-12-27T20:15:12.7087755Z     Call log:
Build, Lint & Test	UNKNOWN STEP	2025-12-27T20:15:12.7088639Z     [2m  - waiting for getByRole('button', { name: /BUMBLE/ })[22m
Build, Lint & Test	UNKNOWN STEP	2025-12-27T20:15:12.7089661Z     [2m    - locator resolved to <button type="button" class="_classCard_1nl30_56">…</button>[22m
Build, Lint & Test	UNKNOWN STEP	2025-12-27T20:15:12.7090508Z     [2m  - attempting click action[22m
Build, Lint & Test	UNKNOWN STEP	2025-12-27T20:15:12.7091269Z     [2m    - waiting for element to be visible, enabled and stable[22m
Build, Lint & Test	UNKNOWN STEP	2025-12-27T20:15:12.7091722Z 
Build, Lint & Test	UNKNOWN STEP	2025-12-27T20:15:12.7091732Z 
Build, Lint & Test	UNKNOWN STEP	2025-12-27T20:15:12.7091871Z       60 |     
Build, Lint & Test	UNKNOWN STEP	2025-12-27T20:15:12.7092499Z       61 |     const bumbleButton = page.getByRole('button', { name: /BUMBLE/ });
Build, Lint & Test	UNKNOWN STEP	2025-12-27T20:15:12.7093214Z     > 62 |     await bumbleButton.click();
Build, Lint & Test	UNKNOWN STEP	2025-12-27T20:15:12.7093714Z          |                        ^
Build, Lint & Test	UNKNOWN STEP	2025-12-27T20:15:12.7094107Z       63 |
Build, Lint & Test	UNKNOWN STEP	2025-12-27T20:15:12.7094566Z       64 |     // Click "COMMENCE OPERATION" on the briefing screen
Build, Lint & Test	UNKNOWN STEP	2025-12-27T20:15:12.7095414Z       65 |     await page.getByRole('button', { name: /COMMENCE OPERATION/i }).click();
Build, Lint & Test	UNKNOWN STEP	2025-12-27T20:15:12.7096633Z         at /home/runner/work/protocol-silent-night/protocol-silent-night/e2e/component-snapshots.spec.ts:62:24
Build, Lint & Test	UNKNOWN STEP	2025-12-27T20:15:12.7097396Z 
Build, Lint & Test	UNKNOWN STEP	2025-12-27T20:15:12.7098335Z     attachment #1: screenshot (image/png) ──────────────────────────────────────────────────────────
Build, Lint & Test	UNKNOWN STEP	2025-12-27T20:15:12.7099666Z     test-results/component-snapshots-Compon-3c83f-nder-Bumble-character-model-chromium/test-failed-1.png
Build, Lint & Test	UNKNOWN STEP	2025-12-27T20:15:12.7101078Z     ────────────────────────────────────────────────────────────────────────────────────────────────
Build, Lint & Test	UNKNOWN STEP	2025-12-27T20:15:12.7101511Z 
Build, Lint & Test	UNKNOWN STEP	2025-12-27T20:15:12.7102354Z     Error Context: test-results/component-snapshots-Compon-3c83f-nder-Bumble-character-model-chromium/error-context.md
Build, Lint & Test	UNKNOWN STEP	2025-12-27T20:15:12.7103237Z 
Build, Lint & Test	UNKNOWN STEP	2025-12-27T20:15:12.7103863Z     Retry #1 ───────────────────────────────────────────────────────────────────────────────────────
Build, Lint & Test	UNKNOWN STEP	2025-12-27T20:15:12.7104303Z 
Build, Lint & Test	UNKNOWN STEP	2025-12-27T20:15:12.7104659Z     TimeoutError: locator.click: Timeout 10000ms exceeded.
Build, Lint & Test	UNKNOWN STEP	2025-12-27T20:15:12.7105196Z     Call log:
Build, Lint & Test	UNKNOWN STEP	2025-12-27T20:15:12.7105857Z     [2m  - waiting for getByRole('button', { name: /BUMBLE/ })[22m
Build, Lint & Test	UNKNOWN STEP	2025-12-27T20:15:12.7106951Z     [2m    - locator resolved to <button type="button" class="_classCard_1nl30_56">…</button>[22m
Build, Lint & Test	UNKNOWN STEP	2025-12-27T20:15:12.7107842Z     [2m  - attempting click action[22m
Build, Lint & Test	UNKNOWN STEP	2025-12-27T20:15:12.7108839Z     [2m    - waiting for element to be visible, enabled and stable[22m
Build, Lint & Test	UNKNOWN STEP	2025-12-27T20:15:12.7109664Z     [2m    - element is visible, enabled and stable[22m
Build, Lint & Test	UNKNOWN STEP	2025-12-27T20:15:12.7110380Z     [2m    - scrolling into view if needed[22m
Build, Lint & Test	UNKNOWN STEP	2025-12-27T20:15:12.7110982Z     [2m    - done scrolling[22m
Build, Lint & Test	UNKNOWN STEP	2025-12-27T20:15:12.7111266Z 
Build, Lint & Test	UNKNOWN STEP	2025-12-27T20:15:12.7111275Z 
Build, Lint & Test	UNKNOWN STEP	2025-12-27T20:15:12.7111403Z       60 |     
Build, Lint & Test	UNKNOWN STEP	2025-12-27T20:15:12.7112007Z       61 |     const bumbleButton = page.getByRole('button', { name: /BUMBLE/ });
Build, Lint & Test	UNKNOWN STEP	2025-12-27T20:15:12.7112725Z     > 62 |     await bumbleButton.click();
Build, Lint & Test	UNKNOWN STEP	2025-12-27T20:15:12.7113462Z          |                        ^
Build, Lint & Test	UNKNOWN STEP	2025-12-27T20:15:12.7113906Z       63 |
Build, Lint & Test	UNKNOWN STEP	2025-12-27T20:15:12.7114397Z       64 |     // Click "COMMENCE OPERATION" on the briefing screen
Build, Lint & Test	UNKNOWN STEP	2025-12-27T20:15:12.7115220Z       65 |     await page.getByRole('button', { name: /COMMENCE OPERATION/i }).click();
Build, Lint & Test	UNKNOWN STEP	2025-12-27T20:15:12.7116402Z         at /home/runner/work/protocol-silent-night/protocol-silent-night/e2e/component-snapshots.spec.ts:62:24
Build, Lint & Test	UNKNOWN STEP	2025-12-27T20:15:12.7117167Z 
Build, Lint & Test	UNKNOWN STEP	2025-12-27T20:15:12.7118106Z     attachment #1: screenshot (image/png) ──────────────────────────────────────────────────────────
Build, Lint & Test	UNKNOWN STEP	2025-12-27T20:15:12.7119791Z     test-results/component-snapshots-Compon-3c83f-nder-Bumble-character-model-chromium-retry1/test-failed-1.png
Build, Lint & Test	UNKNOWN STEP	2025-12-27T20:15:12.7121157Z     ────────────────────────────────────────────────────────────────────────────────────────────────
Build, Lint & Test	UNKNOWN STEP	2025-12-27T20:15:12.7121579Z 
Build, Lint & Test	UNKNOWN STEP	2025-12-27T20:15:12.7122521Z     Error Context: test-results/component-snapshots-Compon-3c83f-nder-Bumble-character-model-chromium-retry1/error-context.md
Build, Lint & Test	UNKNOWN STEP	2025-12-27T20:15:12.7123535Z 
Build, Lint & Test	UNKNOWN STEP	2025-12-27T20:15:12.7124346Z     attachment #3: trace (application/zip) ─────────────────────────────────────────────────────────
Build, Lint & Test	UNKNOWN STEP	2025-12-27T20:15:12.7125715Z     test-results/component-snapshots-Compon-3c83f-nder-Bumble-character-model-chromium-retry1/trace.zip
Build, Lint & Test	UNKNOWN STEP	2025-12-27T20:15:12.7126685Z     Usage:
Build, Lint & Test	UNKNOWN STEP	2025-12-27T20:15:12.7126879Z 
Build, Lint & Test	UNKNOWN STEP	2025-12-27T20:15:12.7128146Z         pnpm exec playwright show-trace test-results/component-snapshots-Compon-3c83f-nder-Bumble-character-model-chromium-retry1/trace.zip
Build, Lint & Test	UNKNOWN STEP	2025-12-27T20:15:12.7129224Z 
Build, Lint & Test	UNKNOWN STEP	2025-12-27T20:15:12.7129881Z     ────────────────────────────────────────────────────────────────────────────────────────────────
Build, Lint & Test	UNKNOWN STEP	2025-12-27T20:15:12.7130314Z 
Build, Lint & Test	UNKNOWN STEP	2025-12-27T20:15:12.7130962Z     Retry #2 ───────────────────────────────────────────────────────────────────────────────────────
Build, Lint & Test	UNKNOWN STEP	2025-12-27T20:15:12.7131417Z 
Build, Lint & Test	UNKNOWN STEP	2025-12-27T20:15:12.7131760Z     TimeoutError: locator.click: Timeout 10000ms exceeded.
Build, Lint & Test	UNKNOWN STEP	2025-12-27T20:15:12.7132314Z     Call log:
Build, Lint & Test	UNKNOWN STEP	2025-12-27T20:15:12.7133029Z     [2m  - waiting for getByRole('button', { name: /BUMBLE/ })[22m
Build, Lint & Test	UNKNOWN STEP	2025-12-27T20:15:12.7134165Z     [2m    - locator resolved to <button type="button" class="_classCard_1nl30_56">…</button>[22m
Build, Lint & Test	UNKNOWN STEP	2025-12-27T20:15:12.7134867Z     [2m  - attempting click action[22m
Build, Lint & Test	UNKNOWN STEP	2025-12-27T20:15:12.7135300Z     [2m    - waiting for element to be visible, enabled and stable[22m
Build, Lint & Test	UNKNOWN STEP	2025-12-27T20:15:12.7135542Z 
Build, Lint & Test	UNKNOWN STEP	2025-12-27T20:15:12.7135548Z 
Build, Lint & Test	UNKNOWN STEP	2025-12-27T20:15:12.7135629Z       60 |     
Build, Lint & Test	UNKNOWN STEP	2025-12-27T20:15:12.7135968Z       61 |     const bumbleButton = page.getByRole('button', { name: /BUMBLE/ });
Build, Lint & Test	UNKNOWN STEP	2025-12-27T20:15:12.7136383Z     > 62 |     await bumbleButton.click();
Build, Lint & Test	UNKNOWN STEP	2025-12-27T20:15:12.7136662Z          |                        ^
Build, Lint & Test	UNKNOWN STEP	2025-12-27T20:15:12.7136886Z       63 |
Build, Lint & Test	UNKNOWN STEP	2025-12-27T20:15:12.7137143Z       64 |     // Click "COMMENCE OPERATION" on the briefing screen
Build, Lint & Test	UNKNOWN STEP	2025-12-27T20:15:12.7137602Z       65 |     await page.getByRole('button', { name: /COMMENCE OPERATION/i }).click();
Build, Lint & Test	UNKNOWN STEP	2025-12-27T20:15:12.7138503Z         at /home/runner/work/protocol-silent-night/protocol-silent-night/e2e/component-snapshots.spec.ts:62:24
Build, Lint & Test	UNKNOWN STEP	2025-12-27T20:15:12.7138921Z 
Build, Lint & Test	UNKNOWN STEP	2025-12-27T20:15:12.7139304Z     attachment #1: screenshot (image/png) ──────────────────────────────────────────────────────────
Build, Lint & Test	UNKNOWN STEP	2025-12-27T20:15:12.7140049Z     test-results/component-snapshots-Compon-3c83f-nder-Bumble-character-model-chromium-retry2/test-failed-1.png
Build, Lint & Test	UNKNOWN STEP	2025-12-27T20:15:12.7140797Z     ────────────────────────────────────────────────────────────────────────────────────────────────
Build, Lint & Test	UNKNOWN STEP	2025-12-27T20:15:12.7141208Z 
Build, Lint & Test	UNKNOWN STEP	2025-12-27T20:15:12.7141699Z     Error Context: test-results/component-snapshots-Compon-3c83f-nder-Bumble-character-model-chromium-retry2/error-context.md
Build, Lint & Test	UNKNOWN STEP	2025-12-27T20:15:12.7142198Z 
Build, Lint & Test	UNKNOWN STEP	2025-12-27T20:15:12.7143287Z   4) [chromium] › e2e/component-snapshots.spec.ts:76:3 › Component Snapshots - Terrain and Environment › should render terrain correctly 
Build, Lint & Test	UNKNOWN STEP	2025-12-27T20:15:12.7143749Z 
Build, Lint & Test	UNKNOWN STEP	2025-12-27T20:15:12.7144052Z     TimeoutError: locator.click: Timeout 10000ms exceeded.
Build, Lint & Test	UNKNOWN STEP	2025-12-27T20:15:12.7144351Z     Call log:
Build, Lint & Test	UNKNOWN STEP	2025-12-27T20:15:12.7144724Z     [2m  - waiting for getByRole('button', { name: /MECHA-SANTA/ })[22m
Build, Lint & Test	UNKNOWN STEP	2025-12-27T20:15:12.7145328Z     [2m    - locator resolved to <button type="button" class="_classCard_1nl30_56">…</button>[22m
Build, Lint & Test	UNKNOWN STEP	2025-12-27T20:15:12.7145800Z     [2m  - attempting click action[22m
Build, Lint & Test	UNKNOWN STEP	2025-12-27T20:15:12.7146257Z     [2m    - waiting for element to be visible, enabled and stable[22m
Build, Lint & Test	UNKNOWN STEP	2025-12-27T20:15:12.7146502Z 
Build, Lint & Test	UNKNOWN STEP	2025-12-27T20:15:12.7146508Z 
Build, Lint & Test	UNKNOWN STEP	2025-12-27T20:15:12.7146593Z       79 |     
Build, Lint & Test	UNKNOWN STEP	2025-12-27T20:15:12.7146955Z       80 |     const santaButton = page.getByRole('button', { name: /MECHA-SANTA/ });
Build, Lint & Test	UNKNOWN STEP	2025-12-27T20:15:12.7147351Z     > 81 |     await santaButton.click();
Build, Lint & Test	UNKNOWN STEP	2025-12-27T20:15:12.7147622Z          |                       ^
Build, Lint & Test	UNKNOWN STEP	2025-12-27T20:15:12.7147831Z       82 |
Build, Lint & Test	UNKNOWN STEP	2025-12-27T20:15:12.7148211Z       83 |     // Click "COMMENCE OPERATION" on the briefing screen
Build, Lint & Test	UNKNOWN STEP	2025-12-27T20:15:12.7148661Z       84 |     await page.getByRole('button', { name: /COMMENCE OPERATION/i }).click();
Build, Lint & Test	UNKNOWN STEP	2025-12-27T20:15:12.7149316Z         at /home/runner/work/protocol-silent-night/protocol-silent-night/e2e/component-snapshots.spec.ts:81:23
Build, Lint & Test	UNKNOWN STEP	2025-12-27T20:15:12.7149719Z 
Build, Lint & Test	UNKNOWN STEP	2025-12-27T20:15:12.7150157Z     Error Context: test-results/component-snapshots-Compon-44488-ld-render-terrain-correctly-chromium/error-context.md
Build, Lint & Test	UNKNOWN STEP	2025-12-27T20:15:12.7150614Z 
Build, Lint & Test	UNKNOWN STEP	2025-12-27T20:15:12.7150926Z     Retry #1 ───────────────────────────────────────────────────────────────────────────────────────
Build, Lint & Test	UNKNOWN STEP	2025-12-27T20:15:12.7151176Z 
Build, Lint & Test	UNKNOWN STEP	2025-12-27T20:15:12.7151346Z     TimeoutError: locator.click: Timeout 10000ms exceeded.
Build, Lint & Test	UNKNOWN STEP	2025-12-27T20:15:12.7151638Z     Call log:
Build, Lint & Test	UNKNOWN STEP	2025-12-27T20:15:12.7152000Z     [2m  - waiting for getByRole('button', { name: /MECHA-SANTA/ })[22m
Build, Lint & Test	UNKNOWN STEP	2025-12-27T20:15:12.7152588Z     [2m    - locator resolved to <button type="button" class="_classCard_1nl30_56">…</button>[22m
Build, Lint & Test	UNKNOWN STEP	2025-12-27T20:15:12.7153050Z     [2m  - attempting click action[22m
Build, Lint & Test	UNKNOWN STEP	2025-12-27T20:15:12.7153471Z     [2m    - waiting for element to be visible, enabled and stable[22m
Build, Lint & Test	UNKNOWN STEP	2025-12-27T20:15:12.7153897Z     [2m    - element is visible, enabled and stable[22m
Build, Lint & Test	UNKNOWN STEP	2025-12-27T20:15:12.7154260Z     [2m    - scrolling into view if needed[22m
Build, Lint & Test	UNKNOWN STEP	2025-12-27T20:15:12.7154579Z     [2m    - done scrolling[22m
Build, Lint & Test	UNKNOWN STEP	2025-12-27T20:15:12.7154880Z     [2m    - performing click action[22m
Build, Lint & Test	UNKNOWN STEP	2025-12-27T20:15:12.7155056Z 
Build, Lint & Test	UNKNOWN STEP	2025-12-27T20:15:12.7155062Z 
Build, Lint & Test	UNKNOWN STEP	2025-12-27T20:15:12.7155131Z       79 |     
Build, Lint & Test	UNKNOWN STEP	2025-12-27T20:15:12.7155471Z       80 |     const santaButton = page.getByRole('button', { name: /MECHA-SANTA/ });
Build, Lint & Test	UNKNOWN STEP	2025-12-27T20:15:12.7155870Z     > 81 |     await santaButton.click();
Build, Lint & Test	UNKNOWN STEP	2025-12-27T20:15:12.7156135Z          |                       ^
Build, Lint & Test	UNKNOWN STEP	2025-12-27T20:15:12.7156342Z       82 |
Build, Lint & Test	UNKNOWN STEP	2025-12-27T20:15:12.7156598Z       83 |     // Click "COMMENCE OPERATION" on the briefing screen
Build, Lint & Test	UNKNOWN STEP	2025-12-27T20:15:12.7157040Z       84 |     await page.getByRole('button', { name: /COMMENCE OPERATION/i }).click();
Build, Lint & Test	UNKNOWN STEP	2025-12-27T20:15:12.7157811Z         at /home/runner/work/protocol-silent-night/protocol-silent-night/e2e/component-snapshots.spec.ts:81:23
Build, Lint & Test	UNKNOWN STEP	2025-12-27T20:15:12.7158351Z 
Build, Lint & Test	UNKNOWN STEP	2025-12-27T20:15:12.7158834Z     Error Context: test-results/component-snapshots-Compon-44488-ld-render-terrain-correctly-chromium-retry1/error-context.md
Build, Lint & Test	UNKNOWN STEP	2025-12-27T20:15:12.7159330Z 
Build, Lint & Test	UNKNOWN STEP	2025-12-27T20:15:12.7159713Z     attachment #2: trace (application/zip) ─────────────────────────────────────────────────────────
Build, Lint & Test	UNKNOWN STEP	2025-12-27T20:15:12.7160397Z     test-results/component-snapshots-Compon-44488-ld-render-terrain-correctly-chromium-retry1/trace.zip
Build, Lint & Test	UNKNOWN STEP	2025-12-27T20:15:12.7161002Z     Usage:
Build, Lint & Test	UNKNOWN STEP	2025-12-27T20:15:12.7161100Z 
Build, Lint & Test	UNKNOWN STEP	2025-12-27T20:15:12.7161611Z         pnpm exec playwright show-trace test-results/component-snapshots-Compon-44488-ld-render-terrain-correctly-chromium-retry1/trace.zip
Build, Lint & Test	UNKNOWN STEP	2025-12-27T20:15:12.7162143Z 
Build, Lint & Test	UNKNOWN STEP	2025-12-27T20:15:12.7162441Z     ────────────────────────────────────────────────────────────────────────────────────────────────
Build, Lint & Test	UNKNOWN STEP	2025-12-27T20:15:12.7162658Z 
Build, Lint & Test	UNKNOWN STEP	2025-12-27T20:15:12.7162972Z     Retry #2 ───────────────────────────────────────────────────────────────────────────────────────
Build, Lint & Test	UNKNOWN STEP	2025-12-27T20:15:12.7163204Z 
Build, Lint & Test	UNKNOWN STEP	2025-12-27T20:15:12.7163379Z     TimeoutError: locator.click: Timeout 10000ms exceeded.
Build, Lint & Test	UNKNOWN STEP	2025-12-27T20:15:12.7163664Z     Call log:
Build, Lint & Test	UNKNOWN STEP	2025-12-27T20:15:12.7164021Z     [2m  - waiting for getByRole('button', { name: /MECHA-SANTA/ })[22m
Build, Lint & Test	UNKNOWN STEP	2025-12-27T20:15:12.7164609Z     [2m    - locator resolved to <button type="button" class="_classCard_1nl30_56">…</button>[22m
Build, Lint & Test	UNKNOWN STEP	2025-12-27T20:15:12.7165084Z     [2m  - attempting click action[22m
Build, Lint & Test	UNKNOWN STEP	2025-12-27T20:15:12.7165491Z     [2m    - waiting for element to be visible, enabled and stable[22m
Build, Lint & Test	UNKNOWN STEP	2025-12-27T20:15:12.7165725Z 
Build, Lint & Test	UNKNOWN STEP	2025-12-27T20:15:12.7165730Z 
Build, Lint & Test	UNKNOWN STEP	2025-12-27T20:15:12.7165805Z       79 |     
Build, Lint & Test	UNKNOWN STEP	2025-12-27T20:15:12.7166144Z       80 |     const santaButton = page.getByRole('button', { name: /MECHA-SANTA/ });
Build, Lint & Test	UNKNOWN STEP	2025-12-27T20:15:12.7166539Z     > 81 |     await santaButton.click();
Build, Lint & Test	UNKNOWN STEP	2025-12-27T20:15:12.7166800Z          |                       ^
Build, Lint & Test	UNKNOWN STEP	2025-12-27T20:15:12.7167020Z       82 |
Build, Lint & Test	UNKNOWN STEP	2025-12-27T20:15:12.7167305Z       83 |     // Click "COMMENCE OPERATION" on the briefing screen
Build, Lint & Test	UNKNOWN STEP	2025-12-27T20:15:12.7168159Z       84 |     await page.getByRole('button', { name: /COMMENCE OPERATION/i }).click();
Build, Lint & Test	UNKNOWN STEP	2025-12-27T20:15:12.7169407Z         at /home/runner/work/protocol-silent-night/protocol-silent-night/e2e/component-snapshots.spec.ts:81:23
Build, Lint & Test	UNKNOWN STEP	2025-12-27T20:15:12.7170168Z 
Build, Lint & Test	UNKNOWN STEP	2025-12-27T20:15:12.7170908Z     attachment #1: screenshot (image/png) ──────────────────────────────────────────────────────────
Build, Lint & Test	UNKNOWN STEP	2025-12-27T20:15:12.7172211Z     test-results/component-snapshots-Compon-44488-ld-render-terrain-correctly-chromium-retry2/test-failed-1.png
Build, Lint & Test	UNKNOWN STEP	2025-12-27T20:15:12.7173529Z     ────────────────────────────────────────────────────────────────────────────────────────────────
Build, Lint & Test	UNKNOWN STEP	2025-12-27T20:15:12.7173915Z 
Build, Lint & Test	UNKNOWN STEP	2025-12-27T20:15:12.7174697Z     Error Context: test-results/component-snapshots-Compon-44488-ld-render-terrain-correctly-chromium-retry2/error-context.md
Build, Lint & Test	UNKNOWN STEP	2025-12-27T20:15:12.7175755Z 
Build, Lint & Test	UNKNOWN STEP	2025-12-27T20:15:12.7176721Z   5) [chromium] › e2e/component-snapshots.spec.ts:102:3 › Component Snapshots - Terrain and Environment › should render lighting and atmosphere 
Build, Lint & Test	UNKNOWN STEP	2025-12-27T20:15:12.7177553Z 
Build, Lint & Test	UNKNOWN STEP	2025-12-27T20:15:12.7177741Z     TimeoutError: locator.click: Timeout 10000ms exceeded.
Build, Lint & Test	UNKNOWN STEP	2025-12-27T20:15:12.7178293Z     Call log:
Build, Lint & Test	UNKNOWN STEP	2025-12-27T20:15:12.7178691Z     [2m  - waiting for getByRole('button', { name: /MECHA-SANTA/ })[22m
Build, Lint & Test	UNKNOWN STEP	2025-12-27T20:15:12.7179295Z     [2m    - locator resolved to <button type="button" class="_classCard_1nl30_56">…</button>[22m
Build, Lint & Test	UNKNOWN STEP	2025-12-27T20:15:12.7179972Z     [2m  - attempting click action[22m
Build, Lint & Test	UNKNOWN STEP	2025-12-27T20:15:12.7180384Z     [2m    - waiting for element to be visible, enabled and stable[22m
Build, Lint & Test	UNKNOWN STEP	2025-12-27T20:15:12.7180628Z 
Build, Lint & Test	UNKNOWN STEP	2025-12-27T20:15:12.7180633Z 
Build, Lint & Test	UNKNOWN STEP	2025-12-27T20:15:12.7180706Z       105 |     
Build, Lint & Test	UNKNOWN STEP	2025-12-27T20:15:12.7181058Z       106 |     const santaButton = page.getByRole('button', { name: /MECHA-SANTA/ });
Build, Lint & Test	UNKNOWN STEP	2025-12-27T20:15:12.7181483Z     > 107 |     await santaButton.click();
Build, Lint & Test	UNKNOWN STEP	2025-12-27T20:15:12.7181748Z           |                       ^
Build, Lint & Test	UNKNOWN STEP	2025-12-27T20:15:12.7181964Z       108 |
Build, Lint & Test	UNKNOWN STEP	2025-12-27T20:15:12.7182228Z       109 |     // Click "COMMENCE OPERATION" on the briefing screen
Build, Lint & Test	UNKNOWN STEP	2025-12-27T20:15:12.7182676Z       110 |     await page.getByRole('button', { name: /COMMENCE OPERATION/i }).click();
Build, Lint & Test	UNKNOWN STEP	2025-12-27T20:15:12.7183330Z         at /home/runner/work/protocol-silent-night/protocol-silent-night/e2e/component-snapshots.spec.ts:107:23
Build, Lint & Test	UNKNOWN STEP	2025-12-27T20:15:12.7183735Z 
Build, Lint & Test	UNKNOWN STEP	2025-12-27T20:15:12.7184110Z     attachment #1: screenshot (image/png) ──────────────────────────────────────────────────────────
Build, Lint & Test	UNKNOWN STEP	2025-12-27T20:15:12.7184802Z     test-results/component-snapshots-Compon-336c6-der-lighting-and-atmosphere-chromium/test-failed-1.png
Build, Lint & Test	UNKNOWN STEP	2025-12-27T20:15:12.7185512Z     ────────────────────────────────────────────────────────────────────────────────────────────────
Build, Lint & Test	UNKNOWN STEP	2025-12-27T20:15:12.7185736Z 
Build, Lint & Test	UNKNOWN STEP	2025-12-27T20:15:12.7186184Z     Error Context: test-results/component-snapshots-Compon-336c6-der-lighting-and-atmosphere-chromium/error-context.md
Build, Lint & Test	UNKNOWN STEP	2025-12-27T20:15:12.7186656Z 
Build, Lint & Test	UNKNOWN STEP	2025-12-27T20:15:12.7186954Z     Retry #1 ───────────────────────────────────────────────────────────────────────────────────────
Build, Lint & Test	UNKNOWN STEP	2025-12-27T20:15:12.7187186Z 
Build, Lint & Test	UNKNOWN STEP	2025-12-27T20:15:12.7187361Z     TimeoutError: locator.click: Timeout 10000ms exceeded.
Build, Lint & Test	UNKNOWN STEP	2025-12-27T20:15:12.7187652Z     Call log:
Build, Lint & Test	UNKNOWN STEP	2025-12-27T20:15:12.7206770Z     [2m  - waiting for getByRole('button', { name: /MECHA-SANTA/ })[22m
Build, Lint & Test	UNKNOWN STEP	2025-12-27T20:15:12.7207540Z     [2m    - locator resolved to <button type="button" class="_classCard_1nl30_56">…</button>[22m
Build, Lint & Test	UNKNOWN STEP	2025-12-27T20:15:12.7208242Z     [2m  - attempting click action[22m
Build, Lint & Test	UNKNOWN STEP	2025-12-27T20:15:12.7208688Z     [2m    - waiting for element to be visible, enabled and stable[22m
Build, Lint & Test	UNKNOWN STEP	2025-12-27T20:15:12.7209130Z     [2m    - element is visible, enabled and stable[22m
Build, Lint & Test	UNKNOWN STEP	2025-12-27T20:15:12.7209504Z     [2m    - scrolling into view if needed[22m
Build, Lint & Test	UNKNOWN STEP	2025-12-27T20:15:12.7209836Z     [2m    - done scrolling[22m
Build, Lint & Test	UNKNOWN STEP	2025-12-27T20:15:12.7210002Z 
Build, Lint & Test	UNKNOWN STEP	2025-12-27T20:15:12.7210009Z 
Build, Lint & Test	UNKNOWN STEP	2025-12-27T20:15:12.7210090Z       105 |     
Build, Lint & Test	UNKNOWN STEP	2025-12-27T20:15:12.7210459Z       106 |     const santaButton = page.getByRole('button', { name: /MECHA-SANTA/ });
Build, Lint & Test	UNKNOWN STEP	2025-12-27T20:15:12.7210870Z     > 107 |     await santaButton.click();
Build, Lint & Test	UNKNOWN STEP	2025-12-27T20:15:12.7211145Z           |                       ^
Build, Lint & Test	UNKNOWN STEP	2025-12-27T20:15:12.7211366Z       108 |
Build, Lint & Test	UNKNOWN STEP	2025-12-27T20:15:12.7211636Z       109 |     // Click "COMMENCE OPERATION" on the briefing screen
Build, Lint & Test	UNKNOWN STEP	2025-12-27T20:15:12.7212084Z       110 |     await page.getByRole('button', { name: /COMMENCE OPERATION/i }).click();
Build, Lint & Test	UNKNOWN STEP	2025-12-27T20:15:12.7212920Z         at /home/runner/work/protocol-silent-night/protocol-silent-night/e2e/component-snapshots.spec.ts:107:23
Build, Lint & Test	UNKNOWN STEP	2025-12-27T20:15:12.7213331Z 
Build, Lint & Test	UNKNOWN STEP	2025-12-27T20:15:12.7213811Z     Error Context: test-results/component-snapshots-Compon-336c6-der-lighting-and-atmosphere-chromium-retry1/error-context.md
Build, Lint & Test	UNKNOWN STEP	2025-12-27T20:15:12.7214307Z 
Build, Lint & Test	UNKNOWN STEP	2025-12-27T20:15:12.7214799Z     attachment #2: trace (application/zip) ─────────────────────────────────────────────────────────
Build, Lint & Test	UNKNOWN STEP	2025-12-27T20:15:12.7215504Z     test-results/component-snapshots-Compon-336c6-der-lighting-and-atmosphere-chromium-retry1/trace.zip
Build, Lint & Test	UNKNOWN STEP	2025-12-27T20:15:12.7215997Z     Usage:
Build, Lint & Test	UNKNOWN STEP	2025-12-27T20:15:12.7216095Z 
Build, Lint & Test	UNKNOWN STEP	2025-12-27T20:15:12.7216609Z         pnpm exec playwright show-trace test-results/component-snapshots-Compon-336c6-der-lighting-and-atmosphere-chromium-retry1/trace.zip
Build, Lint & Test	UNKNOWN STEP	2025-12-27T20:15:12.7217131Z 
Build, Lint & Test	UNKNOWN STEP	2025-12-27T20:15:12.7217426Z     ────────────────────────────────────────────────────────────────────────────────────────────────
Build, Lint & Test	UNKNOWN STEP	2025-12-27T20:15:12.7217663Z 
Build, Lint & Test	UNKNOWN STEP	2025-12-27T20:15:12.7218189Z     Retry #2 ───────────────────────────────────────────────────────────────────────────────────────
Build, Lint & Test	UNKNOWN STEP	2025-12-27T20:15:12.7218448Z 
Build, Lint & Test	UNKNOWN STEP	2025-12-27T20:15:12.7218626Z     TimeoutError: locator.click: Timeout 10000ms exceeded.
Build, Lint & Test	UNKNOWN STEP	2025-12-27T20:15:12.7218924Z     Call log:
Build, Lint & Test	UNKNOWN STEP	2025-12-27T20:15:12.7219314Z     [2m  - waiting for getByRole('button', { name: /MECHA-SANTA/ })[22m
Build, Lint & Test	UNKNOWN STEP	2025-12-27T20:15:12.7219909Z     [2m    - locator resolved to <button type="button" class="_classCard_1nl30_56">…</button>[22m
Build, Lint & Test	UNKNOWN STEP	2025-12-27T20:15:12.7220365Z     [2m  - attempting click action[22m
Build, Lint & Test	UNKNOWN STEP	2025-12-27T20:15:12.7220777Z     [2m    - waiting for element to be visible, enabled and stable[22m
Build, Lint & Test	UNKNOWN STEP	2025-12-27T20:15:12.7221016Z 
Build, Lint & Test	UNKNOWN STEP	2025-12-27T20:15:12.7221022Z 
Build, Lint & Test	UNKNOWN STEP	2025-12-27T20:15:12.7221093Z       105 |     
Build, Lint & Test	UNKNOWN STEP	2025-12-27T20:15:12.7221446Z       106 |     const santaButton = page.getByRole('button', { name: /MECHA-SANTA/ });
Build, Lint & Test	UNKNOWN STEP	2025-12-27T20:15:12.7221855Z     > 107 |     await santaButton.click();
Build, Lint & Test	UNKNOWN STEP	2025-12-27T20:15:12.7222118Z           |                       ^
Build, Lint & Test	UNKNOWN STEP	2025-12-27T20:15:12.7222334Z       108 |
Build, Lint & Test	UNKNOWN STEP	2025-12-27T20:15:12.7222598Z       109 |     // Click "COMMENCE OPERATION" on the briefing screen
Build, Lint & Test	UNKNOWN STEP	2025-12-27T20:15:12.7223053Z       110 |     await page.getByRole('button', { name: /COMMENCE OPERATION/i }).click();
Build, Lint & Test	UNKNOWN STEP	2025-12-27T20:15:12.7223718Z         at /home/runner/work/protocol-silent-night/protocol-silent-night/e2e/component-snapshots.spec.ts:107:23
Build, Lint & Test	UNKNOWN STEP	2025-12-27T20:15:12.7224123Z 
Build, Lint & Test	UNKNOWN STEP	2025-12-27T20:15:12.7224601Z     Error Context: test-results/component-snapshots-Compon-336c6-der-lighting-and-atmosphere-chromium-retry2/error-context.md
Build, Lint & Test	UNKNOWN STEP	2025-12-27T20:15:12.7225099Z 
Build, Lint & Test	UNKNOWN STEP	2025-12-27T20:15:12.7225627Z   6) [chromium] › e2e/component-snapshots.spec.ts:121:3 › Component Snapshots - Enemy Rendering › should render enemies when spawned 
Build, Lint & Test	UNKNOWN STEP	2025-12-27T20:15:12.7226078Z 
Build, Lint & Test	UNKNOWN STEP	2025-12-27T20:15:12.7226250Z     TimeoutError: locator.click: Timeout 10000ms exceeded.
Build, Lint & Test	UNKNOWN STEP	2025-12-27T20:15:12.7226546Z     Call log:
Build, Lint & Test	UNKNOWN STEP	2025-12-27T20:15:12.7226906Z     [2m  - waiting for getByRole('button', { name: /MECHA-SANTA/ })[22m
Build, Lint & Test	UNKNOWN STEP	2025-12-27T20:15:12.7227489Z     [2m    - locator resolved to <button type="button" class="_classCard_1nl30_56">…</button>[22m
Build, Lint & Test	UNKNOWN STEP	2025-12-27T20:15:12.7228110Z     [2m  - attempting click action[22m
Build, Lint & Test	UNKNOWN STEP	2025-12-27T20:15:12.7228533Z     [2m    - waiting for element to be visible, enabled and stable[22m
Build, Lint & Test	UNKNOWN STEP	2025-12-27T20:15:12.7228777Z 
Build, Lint & Test	UNKNOWN STEP	2025-12-27T20:15:12.7228921Z 
Build, Lint & Test	UNKNOWN STEP	2025-12-27T20:15:12.7228996Z       124 |     
Build, Lint & Test	UNKNOWN STEP	2025-12-27T20:15:12.7229344Z       125 |     const santaButton = page.getByRole('button', { name: /MECHA-SANTA/ });
Build, Lint & Test	UNKNOWN STEP	2025-12-27T20:15:12.7229740Z     > 126 |     await santaButton.click();
Build, Lint & Test	UNKNOWN STEP	2025-12-27T20:15:12.7230006Z           |                       ^
Build, Lint & Test	UNKNOWN STEP	2025-12-27T20:15:12.7230224Z       127 |
Build, Lint & Test	UNKNOWN STEP	2025-12-27T20:15:12.7230492Z       128 |     // Click "COMMENCE OPERATION" on the briefing screen
Build, Lint & Test	UNKNOWN STEP	2025-12-27T20:15:12.7230937Z       129 |     await page.getByRole('button', { name: /COMMENCE OPERATION/i }).click();
Build, Lint & Test	UNKNOWN STEP	2025-12-27T20:15:12.7231713Z         at /home/runner/work/protocol-silent-night/protocol-silent-night/e2e/component-snapshots.spec.ts:126:23
Build, Lint & Test	UNKNOWN STEP	2025-12-27T20:15:12.7232120Z 
Build, Lint & Test	UNKNOWN STEP	2025-12-27T20:15:12.7232494Z     attachment #1: screenshot (image/png) ──────────────────────────────────────────────────────────
Build, Lint & Test	UNKNOWN STEP	2025-12-27T20:15:12.7233191Z     test-results/component-snapshots-Compon-43378-render-enemies-when-spawned-chromium/test-failed-1.png
Build, Lint & Test	UNKNOWN STEP	2025-12-27T20:15:12.7233905Z     ────────────────────────────────────────────────────────────────────────────────────────────────
Build, Lint & Test	UNKNOWN STEP	2025-12-27T20:15:12.7234132Z 
Build, Lint & Test	UNKNOWN STEP	2025-12-27T20:15:12.7234567Z     Error Context: test-results/component-snapshots-Compon-43378-render-enemies-when-spawned-chromium/error-context.md
Build, Lint & Test	UNKNOWN STEP	2025-12-27T20:15:12.7235026Z 
Build, Lint & Test	UNKNOWN STEP	2025-12-27T20:15:12.7235335Z     Retry #1 ───────────────────────────────────────────────────────────────────────────────────────
Build, Lint & Test	UNKNOWN STEP	2025-12-27T20:15:12.7235565Z 
Build, Lint & Test	UNKNOWN STEP	2025-12-27T20:15:12.7235741Z     TimeoutError: locator.click: Timeout 10000ms exceeded.
Build, Lint & Test	UNKNOWN STEP	2025-12-27T20:15:12.7236050Z     Call log:
Build, Lint & Test	UNKNOWN STEP	2025-12-27T20:15:12.7236407Z     [2m  - waiting for getByRole('button', { name: /MECHA-SANTA/ })[22m
Build, Lint & Test	UNKNOWN STEP	2025-12-27T20:15:12.7236992Z     [2m    - locator resolved to <button type="button" class="_classCard_1nl30_56">…</button>[22m
Build, Lint & Test	UNKNOWN STEP	2025-12-27T20:15:12.7237450Z     [2m  - attempting click action[22m
Build, Lint & Test	UNKNOWN STEP	2025-12-27T20:15:12.7237860Z     [2m    - waiting for element to be visible, enabled and stable[22m
Build, Lint & Test	UNKNOWN STEP	2025-12-27T20:15:12.7238488Z     [2m    - element is visible, enabled and stable[22m
Build, Lint & Test	UNKNOWN STEP	2025-12-27T20:15:12.7238862Z     [2m    - scrolling into view if needed[22m
Build, Lint & Test	UNKNOWN STEP	2025-12-27T20:15:12.7239184Z     [2m    - done scrolling[22m
Build, Lint & Test	UNKNOWN STEP	2025-12-27T20:15:12.7239338Z 
Build, Lint & Test	UNKNOWN STEP	2025-12-27T20:15:12.7239349Z 
Build, Lint & Test	UNKNOWN STEP	2025-12-27T20:15:12.7239420Z       124 |     
Build, Lint & Test	UNKNOWN STEP	2025-12-27T20:15:12.7239767Z       125 |     const santaButton = page.getByRole('button', { name: /MECHA-SANTA/ });
Build, Lint & Test	UNKNOWN STEP	2025-12-27T20:15:12.7240159Z     > 126 |     await santaButton.click();
Build, Lint & Test	UNKNOWN STEP	2025-12-27T20:15:12.7240433Z           |                       ^
Build, Lint & Test	UNKNOWN STEP	2025-12-27T20:15:12.7240649Z       127 |
Build, Lint & Test	UNKNOWN STEP	2025-12-27T20:15:12.7240914Z       128 |     // Click "COMMENCE OPERATION" on the briefing screen
Build, Lint & Test	UNKNOWN STEP	2025-12-27T20:15:12.7241361Z       129 |     await page.getByRole('button', { name: /COMMENCE OPERATION/i }).click();
Build, Lint & Test	UNKNOWN STEP	2025-12-27T20:15:12.7242018Z         at /home/runner/work/protocol-silent-night/protocol-silent-night/e2e/component-snapshots.spec.ts:126:23
Build, Lint & Test	UNKNOWN STEP	2025-12-27T20:15:12.7242429Z 
Build, Lint & Test	UNKNOWN STEP	2025-12-27T20:15:12.7242798Z     attachment #1: screenshot (image/png) ──────────────────────────────────────────────────────────
Build, Lint & Test	UNKNOWN STEP	2025-12-27T20:15:12.7243522Z     test-results/component-snapshots-Compon-43378-render-enemies-when-spawned-chromium-retry1/test-failed-1.png
Build, Lint & Test	UNKNOWN STEP	2025-12-27T20:15:12.7244264Z     ────────────────────────────────────────────────────────────────────────────────────────────────
Build, Lint & Test	UNKNOWN STEP	2025-12-27T20:15:12.7244479Z 
Build, Lint & Test	UNKNOWN STEP	2025-12-27T20:15:12.7244959Z     Error Context: test-results/component-snapshots-Compon-43378-render-enemies-when-spawned-chromium-retry1/error-context.md
Build, Lint & Test	UNKNOWN STEP	2025-12-27T20:15:12.7245670Z 
Build, Lint & Test	UNKNOWN STEP	2025-12-27T20:15:12.7246041Z     attachment #3: trace (application/zip) ─────────────────────────────────────────────────────────
Build, Lint & Test	UNKNOWN STEP	2025-12-27T20:15:12.7246762Z     test-results/component-snapshots-Compon-43378-render-enemies-when-spawned-chromium-retry1/trace.zip
Build, Lint & Test	UNKNOWN STEP	2025-12-27T20:15:12.7247246Z     Usage:
Build, Lint & Test	UNKNOWN STEP	2025-12-27T20:15:12.7247347Z 
Build, Lint & Test	UNKNOWN STEP	2025-12-27T20:15:12.7248145Z         pnpm exec playwright show-trace test-results/component-snapshots-Compon-43378-render-enemies-when-spawned-chromium-retry1/trace.zip
Build, Lint & Test	UNKNOWN STEP	2025-12-27T20:15:12.7248706Z 
Build, Lint & Test	UNKNOWN STEP	2025-12-27T20:15:12.7249010Z     ────────────────────────────────────────────────────────────────────────────────────────────────
Build, Lint & Test	UNKNOWN STEP	2025-12-27T20:15:12.7249238Z 
Build, Lint & Test	UNKNOWN STEP	2025-12-27T20:15:12.7249540Z     Retry #2 ───────────────────────────────────────────────────────────────────────────────────────
Build, Lint & Test	UNKNOWN STEP	2025-12-27T20:15:12.7249775Z 
Build, Lint & Test	UNKNOWN STEP	2025-12-27T20:15:12.7249953Z     TimeoutError: locator.click: Timeout 10000ms exceeded.
Build, Lint & Test	UNKNOWN STEP	2025-12-27T20:15:12.7250264Z     Call log:
Build, Lint & Test	UNKNOWN STEP	2025-12-27T20:15:12.7250623Z     [2m  - waiting for getByRole('button', { name: /MECHA-SANTA/ })[22m
Build, Lint & Test	UNKNOWN STEP	2025-12-27T20:15:12.7251218Z     [2m    - locator resolved to <button type="button" class="_classCard_1nl30_56">…</button>[22m
Build, Lint & Test	UNKNOWN STEP	2025-12-27T20:15:12.7251532Z 
Build, Lint & Test	UNKNOWN STEP	2025-12-27T20:15:12.7251537Z 
Build, Lint & Test	UNKNOWN STEP	2025-12-27T20:15:12.7251608Z       124 |     
Build, Lint & Test	UNKNOWN STEP	2025-12-27T20:15:12.7251962Z       125 |     const santaButton = page.getByRole('button', { name: /MECHA-SANTA/ });
Build, Lint & Test	UNKNOWN STEP	2025-12-27T20:15:12.7252367Z     > 126 |     await santaButton.click();
Build, Lint & Test	UNKNOWN STEP	2025-12-27T20:15:12.7252630Z           |                       ^
Build, Lint & Test	UNKNOWN STEP	2025-12-27T20:15:12.7252840Z       127 |
Build, Lint & Test	UNKNOWN STEP	2025-12-27T20:15:12.7253093Z       128 |     // Click "COMMENCE OPERATION" on the briefing screen
Build, Lint & Test	UNKNOWN STEP	2025-12-27T20:15:12.7253535Z       129 |     await page.getByRole('button', { name: /COMMENCE OPERATION/i }).click();
Build, Lint & Test	UNKNOWN STEP	2025-12-27T20:15:12.7254184Z         at /home/runner/work/protocol-silent-night/protocol-silent-night/e2e/component-snapshots.spec.ts:126:23
Build, Lint & Test	UNKNOWN STEP	2025-12-27T20:15:12.7254592Z 
Build, Lint & Test	UNKNOWN STEP	2025-12-27T20:15:12.7254961Z     attachment #1: screenshot (image/png) ──────────────────────────────────────────────────────────
Build, Lint & Test	UNKNOWN STEP	2025-12-27T20:15:12.7255675Z     test-results/component-snapshots-Compon-43378-render-enemies-when-spawned-chromium-retry2/test-failed-1.png
Build, Lint & Test	UNKNOWN STEP	2025-12-27T20:15:12.7256405Z     ────────────────────────────────────────────────────────────────────────────────────────────────
Build, Lint & Test	UNKNOWN STEP	2025-12-27T20:15:12.7256623Z 
Build, Lint & Test	UNKNOWN STEP	2025-12-27T20:15:12.7257099Z     Error Context: test-results/component-snapshots-Compon-43378-render-enemies-when-spawned-chromium-retry2/error-context.md
Build, Lint & Test	UNKNOWN STEP	2025-12-27T20:15:12.7257589Z 
Build, Lint & Test	UNKNOWN STEP	2025-12-27T20:15:12.7258313Z   7) [chromium] › e2e/component-snapshots.spec.ts:138:3 › Component Snapshots - Enemy Rendering › should render enemy death effects 
Build, Lint & Test	UNKNOWN STEP	2025-12-27T20:15:12.7258763Z 
Build, Lint & Test	UNKNOWN STEP	2025-12-27T20:15:12.7258940Z     TimeoutError: locator.click: Timeout 10000ms exceeded.
Build, Lint & Test	UNKNOWN STEP	2025-12-27T20:15:12.7259234Z     Call log:
Build, Lint & Test	UNKNOWN STEP	2025-12-27T20:15:12.7259602Z     [2m  - waiting for getByRole('button', { name: /MECHA-SANTA/ })[22m
Build, Lint & Test	UNKNOWN STEP	2025-12-27T20:15:12.7260339Z     [2m    - locator resolved to <button type="button" class="_classCard_1nl30_56">…</button>[22m
Build, Lint & Test	UNKNOWN STEP	2025-12-27T20:15:12.7260793Z     [2m  - attempting click action[22m
Build, Lint & Test	UNKNOWN STEP	2025-12-27T20:15:12.7261201Z     [2m    - waiting for element to be visible, enabled and stable[22m
Build, Lint & Test	UNKNOWN STEP	2025-12-27T20:15:12.7261442Z 
Build, Lint & Test	UNKNOWN STEP	2025-12-27T20:15:12.7261447Z 
Build, Lint & Test	UNKNOWN STEP	2025-12-27T20:15:12.7261517Z       141 |     
Build, Lint & Test	UNKNOWN STEP	2025-12-27T20:15:12.7261972Z       142 |     const santaButton = page.getByRole('button', { name: /MECHA-SANTA/ });
Build, Lint & Test	UNKNOWN STEP	2025-12-27T20:15:12.7262370Z     > 143 |     await santaButton.click();
Build, Lint & Test	UNKNOWN STEP	2025-12-27T20:15:12.7262631Z           |                       ^
Build, Lint & Test	UNKNOWN STEP	2025-12-27T20:15:12.7262906Z       144 |     await page.waitForTimeout(8000);
Build, Lint & Test	UNKNOWN STEP	2025-12-27T20:15:12.7263156Z       145 |     
Build, Lint & Test	UNKNOWN STEP	2025-12-27T20:15:12.7263355Z       146 |     // Fire at enemies
Build, Lint & Test	UNKNOWN STEP	2025-12-27T20:15:12.7263874Z         at /home/runner/work/protocol-silent-night/protocol-silent-night/e2e/component-snapshots.spec.ts:143:23
Build, Lint & Test	UNKNOWN STEP	2025-12-27T20:15:12.7264284Z 
Build, Lint & Test	UNKNOWN STEP	2025-12-27T20:15:12.7264650Z     attachment #1: screenshot (image/png) ──────────────────────────────────────────────────────────
Build, Lint & Test	UNKNOWN STEP	2025-12-27T20:15:12.7265333Z     test-results/component-snapshots-Compon-660b0--render-enemy-death-effects-chromium/test-failed-1.png
Build, Lint & Test	UNKNOWN STEP	2025-12-27T20:15:12.7266037Z     ────────────────────────────────────────────────────────────────────────────────────────────────
Build, Lint & Test	UNKNOWN STEP	2025-12-27T20:15:12.7266255Z 
Build, Lint & Test	UNKNOWN STEP	2025-12-27T20:15:12.7266704Z     Error Context: test-results/component-snapshots-Compon-660b0--render-enemy-death-effects-chromium/error-context.md
Build, Lint & Test	UNKNOWN STEP	2025-12-27T20:15:12.7267171Z 
Build, Lint & Test	UNKNOWN STEP	2025-12-27T20:15:12.7267477Z     Retry #1 ───────────────────────────────────────────────────────────────────────────────────────
Build, Lint & Test	UNKNOWN STEP	2025-12-27T20:15:12.7267712Z 
Build, Lint & Test	UNKNOWN STEP	2025-12-27T20:15:12.7267887Z     TimeoutError: locator.click: Timeout 10000ms exceeded.
Build, Lint & Test	UNKNOWN STEP	2025-12-27T20:15:12.7268354Z     Call log:
Build, Lint & Test	UNKNOWN STEP	2025-12-27T20:15:12.7268723Z     [2m  - waiting for getByRole('button', { name: /MECHA-SANTA/ })[22m
Build, Lint & Test	UNKNOWN STEP	2025-12-27T20:15:12.7269326Z     [2m    - locator resolved to <button type="button" class="_classCard_1nl30_56">…</button>[22m
Build, Lint & Test	UNKNOWN STEP	2025-12-27T20:15:12.7269792Z     [2m  - attempting click action[22m
Build, Lint & Test	UNKNOWN STEP	2025-12-27T20:15:12.7270204Z     [2m    - waiting for element to be visible, enabled and stable[22m
Build, Lint & Test	UNKNOWN STEP	2025-12-27T20:15:12.7270630Z     [2m    - element is visible, enabled and stable[22m
Build, Lint & Test	UNKNOWN STEP	2025-12-27T20:15:12.7271192Z     [2m    - scrolling into view if needed[22m
Build, Lint & Test	UNKNOWN STEP	2025-12-27T20:15:12.7271764Z     [2m    - done scrolling[22m
Build, Lint & Test	UNKNOWN STEP	2025-12-27T20:15:12.7272026Z 
Build, Lint & Test	UNKNOWN STEP	2025-12-27T20:15:12.7272034Z 
Build, Lint & Test	UNKNOWN STEP	2025-12-27T20:15:12.7272158Z       141 |     
Build, Lint & Test	UNKNOWN STEP	2025-12-27T20:15:12.7272759Z       142 |     const santaButton = page.getByRole('button', { name: /MECHA-SANTA/ });
Build, Lint & Test	UNKNOWN STEP	2025-12-27T20:15:12.7273161Z     > 143 |     await santaButton.click();
Build, Lint & Test	UNKNOWN STEP	2025-12-27T20:15:12.7273439Z           |                       ^
Build, Lint & Test	UNKNOWN STEP	2025-12-27T20:15:12.7273716Z       144 |     await page.waitForTimeout(8000);
Build, Lint & Test	UNKNOWN STEP	2025-12-27T20:15:12.7273975Z       145 |     
Build, Lint & Test	UNKNOWN STEP	2025-12-27T20:15:12.7274182Z       146 |     // Fire at enemies
Build, Lint & Test	UNKNOWN STEP	2025-12-27T20:15:12.7274715Z         at /home/runner/work/protocol-silent-night/protocol-silent-night/e2e/component-snapshots.spec.ts:143:23
Build, Lint & Test	UNKNOWN STEP	2025-12-27T20:15:12.7275125Z 
Build, Lint & Test	UNKNOWN STEP	2025-12-27T20:15:12.7275603Z     Error Context: test-results/component-snapshots-Compon-660b0--render-enemy-death-effects-chromium-retry1/error-context.md
Build, Lint & Test	UNKNOWN STEP	2025-12-27T20:15:12.7276102Z 
Build, Lint & Test	UNKNOWN STEP	2025-12-27T20:15:12.7276638Z     attachment #2: trace (application/zip) ─────────────────────────────────────────────────────────
Build, Lint & Test	UNKNOWN STEP	2025-12-27T20:15:12.7277338Z     test-results/component-snapshots-Compon-660b0--render-enemy-death-effects-chromium-retry1/trace.zip
Build, Lint & Test	UNKNOWN STEP	2025-12-27T20:15:12.7277894Z     Usage:
Build, Lint & Test	UNKNOWN STEP	2025-12-27T20:15:12.7278211Z 
Build, Lint & Test	UNKNOWN STEP	2025-12-27T20:15:12.7278816Z         pnpm exec playwright show-trace test-results/component-snapshots-Compon-660b0--render-enemy-death-effects-chromium-retry1/trace.zip
Build, Lint & Test	UNKNOWN STEP	2025-12-27T20:15:12.7279345Z 
Build, Lint & Test	UNKNOWN STEP	2025-12-27T20:15:12.7279664Z     ────────────────────────────────────────────────────────────────────────────────────────────────
Build, Lint & Test	UNKNOWN STEP	2025-12-27T20:15:12.7280041Z 
Build, Lint & Test	UNKNOWN STEP	2025-12-27T20:15:12.7280348Z     Retry #2 ───────────────────────────────────────────────────────────────────────────────────────
Build, Lint & Test	UNKNOWN STEP	2025-12-27T20:15:12.7280590Z 
Build, Lint & Test	UNKNOWN STEP	2025-12-27T20:15:12.7280766Z     TimeoutError: locator.click: Timeout 10000ms exceeded.
Build, Lint & Test	UNKNOWN STEP	2025-12-27T20:15:12.7281061Z     Call log:
Build, Lint & Test	UNKNOWN STEP	2025-12-27T20:15:12.7281425Z     [2m  - waiting for getByRole('button', { name: /MECHA-SANTA/ })[22m
Build, Lint & Test	UNKNOWN STEP	2025-12-27T20:15:12.7282026Z     [2m    - locator resolved to <button type="button" class="_classCard_1nl30_56">…</button>[22m
Build, Lint & Test	UNKNOWN STEP	2025-12-27T20:15:12.7282486Z     [2m  - attempting click action[22m
Build, Lint & Test	UNKNOWN STEP	2025-12-27T20:15:12.7282903Z     [2m    - waiting for element to be visible, enabled and stable[22m
Build, Lint & Test	UNKNOWN STEP	2025-12-27T20:15:12.7283142Z 
Build, Lint & Test	UNKNOWN STEP	2025-12-27T20:15:12.7283147Z 
Build, Lint & Test	UNKNOWN STEP	2025-12-27T20:15:12.7283218Z       141 |     
Build, Lint & Test	UNKNOWN STEP	2025-12-27T20:15:12.7283568Z       142 |     const santaButton = page.getByRole('button', { name: /MECHA-SANTA/ });
Build, Lint & Test	UNKNOWN STEP	2025-12-27T20:15:12.7283976Z     > 143 |     await santaButton.click();
Build, Lint & Test	UNKNOWN STEP	2025-12-27T20:15:12.7284238Z           |                       ^
Build, Lint & Test	UNKNOWN STEP	2025-12-27T20:15:12.7284518Z       144 |     await page.waitForTimeout(8000);
Build, Lint & Test	UNKNOWN STEP	2025-12-27T20:15:12.7284777Z       145 |     
Build, Lint & Test	UNKNOWN STEP	2025-12-27T20:15:12.7284982Z       146 |     // Fire at enemies
Build, Lint & Test	UNKNOWN STEP	2025-12-27T20:15:12.7285509Z         at /home/runner/work/protocol-silent-night/protocol-silent-night/e2e/component-snapshots.spec.ts:143:23
Build, Lint & Test	UNKNOWN STEP	2025-12-27T20:15:12.7285919Z 
Build, Lint & Test	UNKNOWN STEP	2025-12-27T20:15:12.7286288Z     attachment #1: screenshot (image/png) ──────────────────────────────────────────────────────────
Build, Lint & Test	UNKNOWN STEP	2025-12-27T20:15:12.7287015Z     test-results/component-snapshots-Compon-660b0--render-enemy-death-effects-chromium-retry2/test-failed-1.png
Build, Lint & Test	UNKNOWN STEP	2025-12-27T20:15:12.7287758Z     ────────────────────────────────────────────────────────────────────────────────────────────────
Build, Lint & Test	UNKNOWN STEP	2025-12-27T20:15:12.7288196Z 
Build, Lint & Test	UNKNOWN STEP	2025-12-27T20:15:12.7288910Z     Error Context: test-results/component-snapshots-Compon-660b0--render-enemy-death-effects-chromium-retry2/error-context.md
Build, Lint & Test	UNKNOWN STEP	2025-12-27T20:15:12.7289420Z 
Build, Lint & Test	UNKNOWN STEP	2025-12-27T20:15:12.7289949Z   8) [chromium] › e2e/component-snapshots.spec.ts:158:3 › Component Snapshots - Weapon Effects › should render Santa cannon weapon 
Build, Lint & Test	UNKNOWN STEP	2025-12-27T20:15:12.7290390Z 
Build, Lint & Test	UNKNOWN STEP	2025-12-27T20:15:12.7290566Z     TimeoutError: locator.click: Timeout 10000ms exceeded.
Build, Lint & Test	UNKNOWN STEP	2025-12-27T20:15:12.7290856Z     Call log:
Build, Lint & Test	UNKNOWN STEP	2025-12-27T20:15:12.7291218Z     [2m  - waiting for getByRole('button', { name: /MECHA-SANTA/ })[22m
Build, Lint & Test	UNKNOWN STEP	2025-12-27T20:15:12.7291818Z     [2m    - locator resolved to <button type="button" class="_classCard_1nl30_56">…</button>[22m
Build, Lint & Test	UNKNOWN STEP	2025-12-27T20:15:12.7292124Z 
Build, Lint & Test	UNKNOWN STEP	2025-12-27T20:15:12.7292138Z 
Build, Lint & Test	UNKNOWN STEP	2025-12-27T20:15:12.7292209Z       161 |     
Build, Lint & Test	UNKNOWN STEP	2025-12-27T20:15:12.7292556Z       162 |     const santaButton = page.getByRole('button', { name: /MECHA-SANTA/ });
Build, Lint & Test	UNKNOWN STEP	2025-12-27T20:15:12.7292952Z     > 163 |     await santaButton.click();
Build, Lint & Test	UNKNOWN STEP	2025-12-27T20:15:12.7293217Z           |                       ^
Build, Lint & Test	UNKNOWN STEP	2025-12-27T20:15:12.7293433Z       164 |
Build, Lint & Test	UNKNOWN STEP	2025-12-27T20:15:12.7293879Z       165 |     // Click "COMMENCE OPERATION" on the briefing screen
Build, Lint & Test	UNKNOWN STEP	2025-12-27T20:15:12.7294335Z       166 |     await page.getByRole('button', { name: /COMMENCE OPERATION/i }).click();
Build, Lint & Test	UNKNOWN STEP	2025-12-27T20:15:12.7294985Z         at /home/runner/work/protocol-silent-night/protocol-silent-night/e2e/component-snapshots.spec.ts:163:23
Build, Lint & Test	UNKNOWN STEP	2025-12-27T20:15:12.7295398Z 
Build, Lint & Test	UNKNOWN STEP	2025-12-27T20:15:12.7295875Z     attachment #1: screenshot (image/png) ──────────────────────────────────────────────────────────
Build, Lint & Test	UNKNOWN STEP	2025-12-27T20:15:12.7296565Z     test-results/component-snapshots-Compon-5e006--render-Santa-cannon-weapon-chromium/test-failed-1.png
Build, Lint & Test	UNKNOWN STEP	2025-12-27T20:15:12.7297274Z     ────────────────────────────────────────────────────────────────────────────────────────────────
Build, Lint & Test	UNKNOWN STEP	2025-12-27T20:15:12.7297492Z 
Build, Lint & Test	UNKNOWN STEP	2025-12-27T20:15:12.7298117Z     Error Context: test-results/component-snapshots-Compon-5e006--render-Santa-cannon-weapon-chromium/error-context.md
Build, Lint & Test	UNKNOWN STEP	2025-12-27T20:15:12.7298597Z 
Build, Lint & Test	UNKNOWN STEP	2025-12-27T20:15:12.7298927Z     Retry #1 ───────────────────────────────────────────────────────────────────────────────────────
Build, Lint & Test	UNKNOWN STEP	2025-12-27T20:15:12.7299178Z 
Build, Lint & Test	UNKNOWN STEP	2025-12-27T20:15:12.7299354Z     TimeoutError: locator.click: Timeout 10000ms exceeded.
Build, Lint & Test	UNKNOWN STEP	2025-12-27T20:15:12.7299644Z     Call log:
Build, Lint & Test	UNKNOWN STEP	2025-12-27T20:15:12.7300004Z     [2m  - waiting for getByRole('button', { name: /MECHA-SANTA/ })[22m
Build, Lint & Test	UNKNOWN STEP	2025-12-27T20:15:12.7300587Z     [2m    - locator resolved to <button type="button" class="_classCard_1nl30_56">…</button>[22m
Build, Lint & Test	UNKNOWN STEP	2025-12-27T20:15:12.7301059Z     [2m  - attempting click action[22m
Build, Lint & Test	UNKNOWN STEP	2025-12-27T20:15:12.7301468Z     [2m    - waiting for element to be visible, enabled and stable[22m
Build, Lint & Test	UNKNOWN STEP	2025-12-27T20:15:12.7301888Z     [2m    - element is visible, enabled and stable[22m
Build, Lint & Test	UNKNOWN STEP	2025-12-27T20:15:12.7302249Z     [2m    - scrolling into view if needed[22m
Build, Lint & Test	UNKNOWN STEP	2025-12-27T20:15:12.7302568Z     [2m    - done scrolling[22m
Build, Lint & Test	UNKNOWN STEP	2025-12-27T20:15:12.7302722Z 
Build, Lint & Test	UNKNOWN STEP	2025-12-27T20:15:12.7302727Z 
Build, Lint & Test	UNKNOWN STEP	2025-12-27T20:15:12.7302802Z       161 |     
Build, Lint & Test	UNKNOWN STEP	2025-12-27T20:15:12.7303152Z       162 |     const santaButton = page.getByRole('button', { name: /MECHA-SANTA/ });
Build, Lint & Test	UNKNOWN STEP	2025-12-27T20:15:12.7303544Z     > 163 |     await santaButton.click();
Build, Lint & Test	UNKNOWN STEP	2025-12-27T20:15:12.7303811Z           |                       ^
Build, Lint & Test	UNKNOWN STEP	2025-12-27T20:15:12.7304028Z       164 |
Build, Lint & Test	UNKNOWN STEP	2025-12-27T20:15:12.7304291Z       165 |     // Click "COMMENCE OPERATION" on the briefing screen
Build, Lint & Test	UNKNOWN STEP	2025-12-27T20:15:12.7304732Z       166 |     await page.getByRole('button', { name: /COMMENCE OPERATION/i }).click();
Build, Lint & Test	UNKNOWN STEP	2025-12-27T20:15:12.7305390Z         at /home/runner/work/protocol-silent-night/protocol-silent-night/e2e/component-snapshots.spec.ts:163:23
Build, Lint & Test	UNKNOWN STEP	2025-12-27T20:15:12.7305797Z 
Build, Lint & Test	UNKNOWN STEP	2025-12-27T20:15:12.7306158Z     attachment #1: screenshot (image/png) ──────────────────────────────────────────────────────────
Build, Lint & Test	UNKNOWN STEP	2025-12-27T20:15:12.7306882Z     test-results/component-snapshots-Compon-5e006--render-Santa-cannon-weapon-chromium-retry1/test-failed-1.png
Build, Lint & Test	UNKNOWN STEP	2025-12-27T20:15:12.7307619Z     ────────────────────────────────────────────────────────────────────────────────────────────────
Build, Lint & Test	UNKNOWN STEP	2025-12-27T20:15:12.7308205Z 
Build, Lint & Test	UNKNOWN STEP	2025-12-27T20:15:12.7308685Z     Error Context: test-results/component-snapshots-Compon-5e006--render-Santa-cannon-weapon-chromium-retry1/error-context.md
Build, Lint & Test	UNKNOWN STEP	2025-12-27T20:15:12.7309178Z 
Build, Lint & Test	UNKNOWN STEP	2025-12-27T20:15:12.7309548Z     attachment #3: trace (application/zip) ─────────────────────────────────────────────────────────
Build, Lint & Test	UNKNOWN STEP	2025-12-27T20:15:12.7310350Z     test-results/component-snapshots-Compon-5e006--render-Santa-cannon-weapon-chromium-retry1/trace.zip
Build, Lint & Test	UNKNOWN STEP	2025-12-27T20:15:12.7310844Z     Usage:
Build, Lint & Test	UNKNOWN STEP	2025-12-27T20:15:12.7310945Z 
Build, Lint & Test	UNKNOWN STEP	2025-12-27T20:15:12.7311453Z         pnpm exec playwright show-trace test-results/component-snapshots-Compon-5e006--render-Santa-cannon-weapon-chromium-retry1/trace.zip
Build, Lint & Test	UNKNOWN STEP	2025-12-27T20:15:12.7311980Z 
Build, Lint & Test	UNKNOWN STEP	2025-12-27T20:15:12.7312271Z     ────────────────────────────────────────────────────────────────────────────────────────────────
Build, Lint & Test	UNKNOWN STEP	2025-12-27T20:15:12.7312487Z 
Build, Lint & Test	UNKNOWN STEP	2025-12-27T20:15:12.7312793Z     Retry #2 ───────────────────────────────────────────────────────────────────────────────────────
Build, Lint & Test	UNKNOWN STEP	2025-12-27T20:15:12.7313034Z 
Build, Lint & Test	UNKNOWN STEP	2025-12-27T20:15:12.7313208Z     TimeoutError: locator.click: Timeout 10000ms exceeded.
Build, Lint & Test	UNKNOWN STEP	2025-12-27T20:15:12.7313497Z     Call log:
Build, Lint & Test	UNKNOWN STEP	2025-12-27T20:15:12.7313848Z     [2m  - waiting for getByRole('button', { name: /MECHA-SANTA/ })[22m
Build, Lint & Test	UNKNOWN STEP	2025-12-27T20:15:12.7314429Z     [2m    - locator resolved to <button type="button" class="_classCard_1nl30_56">…</button>[22m
Build, Lint & Test	UNKNOWN STEP	2025-12-27T20:15:12.7314894Z     [2m  - attempting click action[22m
Build, Lint & Test	UNKNOWN STEP	2025-12-27T20:15:12.7315307Z     [2m    - waiting for element to be visible, enabled and stable[22m
Build, Lint & Test	UNKNOWN STEP	2025-12-27T20:15:12.7315540Z 
Build, Lint & Test	UNKNOWN STEP	2025-12-27T20:15:12.7315546Z 
Build, Lint & Test	UNKNOWN STEP	2025-12-27T20:15:12.7315621Z       161 |     
Build, Lint & Test	UNKNOWN STEP	2025-12-27T20:15:12.7315961Z       162 |     const santaButton = page.getByRole('button', { name: /MECHA-SANTA/ });
Build, Lint & Test	UNKNOWN STEP	2025-12-27T20:15:12.7316354Z     > 163 |     await santaButton.click();
Build, Lint & Test	UNKNOWN STEP	2025-12-27T20:15:12.7316620Z           |                       ^
Build, Lint & Test	UNKNOWN STEP	2025-12-27T20:15:12.7316838Z       164 |
Build, Lint & Test	UNKNOWN STEP	2025-12-27T20:15:12.7317104Z       165 |     // Click "COMMENCE OPERATION" on the briefing screen
Build, Lint & Test	UNKNOWN STEP	2025-12-27T20:15:12.7317552Z       166 |     await page.getByRole('button', { name: /COMMENCE OPERATION/i }).click();
Build, Lint & Test	UNKNOWN STEP	2025-12-27T20:15:12.7318372Z         at /home/runner/work/protocol-silent-night/protocol-silent-night/e2e/component-snapshots.spec.ts:163:23
Build, Lint & Test	UNKNOWN STEP	2025-12-27T20:15:12.7318788Z 
Build, Lint & Test	UNKNOWN STEP	2025-12-27T20:15:12.7319161Z     attachment #1: screenshot (image/png) ──────────────────────────────────────────────────────────
Build, Lint & Test	UNKNOWN STEP	2025-12-27T20:15:12.7319882Z     test-results/component-snapshots-Compon-5e006--render-Santa-cannon-weapon-chromium-retry2/test-failed-1.png
Build, Lint & Test	UNKNOWN STEP	2025-12-27T20:15:12.7320620Z     ────────────────────────────────────────────────────────────────────────────────────────────────
Build, Lint & Test	UNKNOWN STEP	2025-12-27T20:15:12.7320836Z 
Build, Lint & Test	UNKNOWN STEP	2025-12-27T20:15:12.7321313Z     Error Context: test-results/component-snapshots-Compon-5e006--render-Santa-cannon-weapon-chromium-retry2/error-context.md
Build, Lint & Test	UNKNOWN STEP	2025-12-27T20:15:12.7321805Z 
Build, Lint & Test	UNKNOWN STEP	2025-12-27T20:15:12.7322297Z   9) [chromium] › e2e/component-snapshots.spec.ts:179:3 › Component Snapshots - Weapon Effects › should render Elf SMG weapon 
Build, Lint & Test	UNKNOWN STEP	2025-12-27T20:15:12.7322736Z 
Build, Lint & Test	UNKNOWN STEP	2025-12-27T20:15:12.7322910Z     TimeoutError: locator.click: Timeout 10000ms exceeded.
Build, Lint & Test	UNKNOWN STEP	2025-12-27T20:15:12.7323201Z     Call log:
Build, Lint & Test	UNKNOWN STEP	2025-12-27T20:15:12.7323554Z     [2m  - waiting for getByRole('button', { name: /CYBER-ELF/ })[22m
Build, Lint & Test	UNKNOWN STEP	2025-12-27T20:15:12.7324261Z     [2m    - locator resolved to <button type="button" class="_classCard_1nl30_56">…</button>[22m
Build, Lint & Test	UNKNOWN STEP	2025-12-27T20:15:12.7324575Z 
Build, Lint & Test	UNKNOWN STEP	2025-12-27T20:15:12.7324580Z 
Build, Lint & Test	UNKNOWN STEP	2025-12-27T20:15:12.7324656Z       182 |     
Build, Lint & Test	UNKNOWN STEP	2025-12-27T20:15:12.7324984Z       183 |     const elfButton = page.getByRole('button', { name: /CYBER-ELF/ });
Build, Lint & Test	UNKNOWN STEP	2025-12-27T20:15:12.7325364Z     > 184 |     await elfButton.click();
Build, Lint & Test	UNKNOWN STEP	2025-12-27T20:15:12.7325629Z           |                     ^
Build, Lint & Test	UNKNOWN STEP	2025-12-27T20:15:12.7325848Z       185 |
Build, Lint & Test	UNKNOWN STEP	2025-12-27T20:15:12.7326106Z       186 |     // Click "COMMENCE OPERATION" on the briefing screen
Build, Lint & Test	UNKNOWN STEP	2025-12-27T20:15:12.7326670Z       187 |     await page.getByRole('button', { name: /COMMENCE OPERATION/i }).click();
Build, Lint & Test	UNKNOWN STEP	2025-12-27T20:15:12.7327323Z         at /home/runner/work/protocol-silent-night/protocol-silent-night/e2e/component-snapshots.spec.ts:184:21
Build, Lint & Test	UNKNOWN STEP	2025-12-27T20:15:12.7327732Z 
Build, Lint & Test	UNKNOWN STEP	2025-12-27T20:15:12.7328395Z     Error Context: test-results/component-snapshots-Compon-97f41-hould-render-Elf-SMG-weapon-chromium/error-context.md
Build, Lint & Test	UNKNOWN STEP	2025-12-27T20:15:12.7328857Z 
Build, Lint & Test	UNKNOWN STEP	2025-12-27T20:15:12.7329186Z     Retry #1 ───────────────────────────────────────────────────────────────────────────────────────
Build, Lint & Test	UNKNOWN STEP	2025-12-27T20:15:12.7329422Z 
Build, Lint & Test	UNKNOWN STEP	2025-12-27T20:15:12.7329595Z     TimeoutError: locator.click: Timeout 10000ms exceeded.
Build, Lint & Test	UNKNOWN STEP	2025-12-27T20:15:12.7329886Z     Call log:
Build, Lint & Test	UNKNOWN STEP	2025-12-27T20:15:12.7330231Z     [2m  - waiting for getByRole('button', { name: /CYBER-ELF/ })[22m
Build, Lint & Test	UNKNOWN STEP	2025-12-27T20:15:12.7330805Z     [2m    - locator resolved to <button type="button" class="_classCard_1nl30_56">…</button>[22m
Build, Lint & Test	UNKNOWN STEP	2025-12-27T20:15:12.7331263Z     [2m  - attempting click action[22m
Build, Lint & Test	UNKNOWN STEP	2025-12-27T20:15:12.7331686Z     [2m    - waiting for element to be visible, enabled and stable[22m
Build, Lint & Test	UNKNOWN STEP	2025-12-27T20:15:12.7332112Z     [2m    - element is visible, enabled and stable[22m
Build, Lint & Test	UNKNOWN STEP	2025-12-27T20:15:12.7332468Z     [2m    - scrolling into view if needed[22m
Build, Lint & Test	UNKNOWN STEP	2025-12-27T20:15:12.7332785Z     [2m    - done scrolling[22m
Build, Lint & Test	UNKNOWN STEP	2025-12-27T20:15:12.7332940Z 
Build, Lint & Test	UNKNOWN STEP	2025-12-27T20:15:12.7332950Z 
Build, Lint & Test	UNKNOWN STEP	2025-12-27T20:15:12.7333021Z       182 |     
Build, Lint & Test	UNKNOWN STEP	2025-12-27T20:15:12.7333354Z       183 |     const elfButton = page.getByRole('button', { name: /CYBER-ELF/ });
Build, Lint & Test	UNKNOWN STEP	2025-12-27T20:15:12.7333728Z     > 184 |     await elfButton.click();
Build, Lint & Test	UNKNOWN STEP	2025-12-27T20:15:12.7333982Z           |                     ^
Build, Lint & Test	UNKNOWN STEP	2025-12-27T20:15:12.7334198Z       185 |
Build, Lint & Test	UNKNOWN STEP	2025-12-27T20:15:12.7334468Z       186 |     // Click "COMMENCE OPERATION" on the briefing screen
Build, Lint & Test	UNKNOWN STEP	2025-12-27T20:15:12.7334926Z       187 |     await page.getByRole('button', { name: /COMMENCE OPERATION/i }).click();
Build, Lint & Test	UNKNOWN STEP	2025-12-27T20:15:12.7335582Z         at /home/runner/work/protocol-silent-night/protocol-silent-night/e2e/component-snapshots.spec.ts:184:21
Build, Lint & Test	UNKNOWN STEP	2025-12-27T20:15:12.7336002Z 
Build, Lint & Test	UNKNOWN STEP	2025-12-27T20:15:12.7336479Z     Error Context: test-results/component-snapshots-Compon-97f41-hould-render-Elf-SMG-weapon-chromium-retry1/error-context.md
Build, Lint & Test	UNKNOWN STEP	2025-12-27T20:15:12.7336982Z 
Build, Lint & Test	UNKNOWN STEP	2025-12-27T20:15:12.7337354Z     attachment #2: trace (application/zip) ─────────────────────────────────────────────────────────
Build, Lint & Test	UNKNOWN STEP	2025-12-27T20:15:12.7338306Z     test-results/component-snapshots-Compon-97f41-hould-render-Elf-SMG-weapon-chromium-retry1/trace.zip
Build, Lint & Test	UNKNOWN STEP	2025-12-27T20:15:12.7339104Z     Usage:
Build, Lint & Test	UNKNOWN STEP	2025-12-27T20:15:12.7339252Z 
Build, Lint & Test	UNKNOWN STEP	2025-12-27T20:15:12.7340104Z         pnpm exec playwright show-trace test-results/component-snapshots-Compon-97f41-hould-render-Elf-SMG-weapon-chromium-retry1/trace.zip
Build, Lint & Test	UNKNOWN STEP	2025-12-27T20:15:12.7340902Z 
Build, Lint & Test	UNKNOWN STEP	2025-12-27T20:15:12.7341218Z     ────────────────────────────────────────────────────────────────────────────────────────────────
Build, Lint & Test	UNKNOWN STEP	2025-12-27T20:15:12.7341441Z 
Build, Lint & Test	UNKNOWN STEP	2025-12-27T20:15:12.7341746Z     Retry #2 ───────────────────────────────────────────────────────────────────────────────────────
Build, Lint & Test	UNKNOWN STEP	2025-12-27T20:15:12.7342133Z 
Build, Lint & Test	UNKNOWN STEP	2025-12-27T20:15:12.7342306Z     TimeoutError: locator.click: Timeout 10000ms exceeded.
Build, Lint & Test	UNKNOWN STEP	2025-12-27T20:15:12.7342603Z     Call log:
Build, Lint & Test	UNKNOWN STEP	2025-12-27T20:15:12.7342968Z     [2m  - waiting for getByRole('button', { name: /CYBER-ELF/ })[22m
Build, Lint & Test	UNKNOWN STEP	2025-12-27T20:15:12.7343549Z     [2m    - locator resolved to <button type="button" class="_classCard_1nl30_56">…</button>[22m
Build, Lint & Test	UNKNOWN STEP	2025-12-27T20:15:12.7344134Z     [2m  - attempting click action[22m
Build, Lint & Test	UNKNOWN STEP	2025-12-27T20:15:12.7344552Z     [2m    - waiting for element to be visible, enabled and stable[22m
Build, Lint & Test	UNKNOWN STEP	2025-12-27T20:15:12.7344799Z 
Build, Lint & Test	UNKNOWN STEP	2025-12-27T20:15:12.7344805Z 
Build, Lint & Test	UNKNOWN STEP	2025-12-27T20:15:12.7344875Z       182 |     
Build, Lint & Test	UNKNOWN STEP	2025-12-27T20:15:12.7345210Z       183 |     const elfButton = page.getByRole('button', { name: /CYBER-ELF/ });
Build, Lint & Test	UNKNOWN STEP	2025-12-27T20:15:12.7345593Z     > 184 |     await elfButton.click();
Build, Lint & Test	UNKNOWN STEP	2025-12-27T20:15:12.7345859Z           |                     ^
Build, Lint & Test	UNKNOWN STEP	2025-12-27T20:15:12.7346072Z       185 |
Build, Lint & Test	UNKNOWN STEP	2025-12-27T20:15:12.7346387Z       186 |     // Click "COMMENCE OPERATION" on the briefing screen
Build, Lint & Test	UNKNOWN STEP	2025-12-27T20:15:12.7346842Z       187 |     await page.getByRole('button', { name: /COMMENCE OPERATION/i }).click();
Build, Lint & Test	UNKNOWN STEP	2025-12-27T20:15:12.7347500Z         at /home/runner/work/protocol-silent-night/protocol-silent-night/e2e/component-snapshots.spec.ts:184:21
Build, Lint & Test	UNKNOWN STEP	2025-12-27T20:15:12.7348052Z 
Build, Lint & Test	UNKNOWN STEP	2025-12-27T20:15:12.7348455Z     attachment #1: screenshot (image/png) ──────────────────────────────────────────────────────────
Build, Lint & Test	UNKNOWN STEP	2025-12-27T20:15:12.7349178Z     test-results/component-snapshots-Compon-97f41-hould-render-Elf-SMG-weapon-chromium-retry2/test-failed-1.png
Build, Lint & Test	UNKNOWN STEP	2025-12-27T20:15:12.7349925Z     ────────────────────────────────────────────────────────────────────────────────────────────────
Build, Lint & Test	UNKNOWN STEP	2025-12-27T20:15:12.7350148Z 
Build, Lint & Test	UNKNOWN STEP	2025-12-27T20:15:12.7350617Z     Error Context: test-results/component-snapshots-Compon-97f41-hould-render-Elf-SMG-weapon-chromium-retry2/error-context.md
Build, Lint & Test	UNKNOWN STEP	2025-12-27T20:15:12.7351114Z 
Build, Lint & Test	UNKNOWN STEP	2025-12-27T20:15:12.7351635Z   10) [chromium] › e2e/component-snapshots.spec.ts:201:3 › Component Snapshots - Weapon Effects › should render Bumble star weapon 
Build, Lint & Test	UNKNOWN STEP	2025-12-27T20:15:12.7352075Z 
Build, Lint & Test	UNKNOWN STEP	2025-12-27T20:15:12.7352248Z     TimeoutError: locator.click: Timeout 10000ms exceeded.
Build, Lint & Test	UNKNOWN STEP	2025-12-27T20:15:12.7352543Z     Call log:
Build, Lint & Test	UNKNOWN STEP	2025-12-27T20:15:12.7352882Z     [2m  - waiting for getByRole('button', { name: /BUMBLE/ })[22m
Build, Lint & Test	UNKNOWN STEP	2025-12-27T20:15:12.7353452Z     [2m    - locator resolved to <button type="button" class="_classCard_1nl30_56">…</button>[22m
Build, Lint & Test	UNKNOWN STEP	2025-12-27T20:15:12.7353910Z     [2m  - attempting click action[22m
Build, Lint & Test	UNKNOWN STEP	2025-12-27T20:15:12.7354318Z     [2m    - waiting for element to be visible, enabled and stable[22m
Build, Lint & Test	UNKNOWN STEP	2025-12-27T20:15:12.7354560Z 
Build, Lint & Test	UNKNOWN STEP	2025-12-27T20:15:12.7354565Z 
Build, Lint & Test	UNKNOWN STEP	2025-12-27T20:15:12.7354640Z       204 |     
Build, Lint & Test	UNKNOWN STEP	2025-12-27T20:15:12.7354980Z       205 |     const bumbleButton = page.getByRole('button', { name: /BUMBLE/ });
Build, Lint & Test	UNKNOWN STEP	2025-12-27T20:15:12.7355366Z     > 206 |     await bumbleButton.click();
Build, Lint & Test	UNKNOWN STEP	2025-12-27T20:15:12.7355649Z           |                        ^
Build, Lint & Test	UNKNOWN STEP	2025-12-27T20:15:12.7355867Z       207 |
Build, Lint & Test	UNKNOWN STEP	2025-12-27T20:15:12.7356128Z       208 |     // Click "COMMENCE OPERATION" on the briefing screen
Build, Lint & Test	UNKNOWN STEP	2025-12-27T20:15:12.7356573Z       209 |     await page.getByRole('button', { name: /COMMENCE OPERATION/i }).click();
Build, Lint & Test	UNKNOWN STEP	2025-12-27T20:15:12.7357227Z         at /home/runner/work/protocol-silent-night/protocol-silent-night/e2e/component-snapshots.spec.ts:206:24
Build, Lint & Test	UNKNOWN STEP	2025-12-27T20:15:12.7357640Z 
Build, Lint & Test	UNKNOWN STEP	2025-12-27T20:15:12.7358285Z     attachment #1: screenshot (image/png) ──────────────────────────────────────────────────────────
Build, Lint & Test	UNKNOWN STEP	2025-12-27T20:15:12.7359003Z     test-results/component-snapshots-Compon-59ed9-d-render-Bumble-star-weapon-chromium/test-failed-1.png
Build, Lint & Test	UNKNOWN STEP	2025-12-27T20:15:12.7359726Z     ────────────────────────────────────────────────────────────────────────────────────────────────
Build, Lint & Test	UNKNOWN STEP	2025-12-27T20:15:12.7359944Z 
Build, Lint & Test	UNKNOWN STEP	2025-12-27T20:15:12.7360392Z     Error Context: test-results/component-snapshots-Compon-59ed9-d-render-Bumble-star-weapon-chromium/error-context.md
Build, Lint & Test	UNKNOWN STEP	2025-12-27T20:15:12.7360968Z 
Build, Lint & Test	UNKNOWN STEP	2025-12-27T20:15:12.7361278Z     Retry #1 ───────────────────────────────────────────────────────────────────────────────────────
Build, Lint & Test	UNKNOWN STEP	2025-12-27T20:15:12.7361509Z 
Build, Lint & Test	UNKNOWN STEP	2025-12-27T20:15:12.7361684Z     TimeoutError: locator.click: Timeout 10000ms exceeded.
Build, Lint & Test	UNKNOWN STEP	2025-12-27T20:15:12.7361971Z     Call log:
Build, Lint & Test	UNKNOWN STEP	2025-12-27T20:15:12.7362310Z     [2m  - waiting for getByRole('button', { name: /BUMBLE/ })[22m
Build, Lint & Test	UNKNOWN STEP	2025-12-27T20:15:12.7362892Z     [2m    - locator resolved to <button type="button" class="_classCard_1nl30_56">…</button>[22m
Build, Lint & Test	UNKNOWN STEP	2025-12-27T20:15:12.7363357Z     [2m  - attempting click action[22m
Build, Lint & Test	UNKNOWN STEP	2025-12-27T20:15:12.7363766Z     [2m    - waiting for element to be visible, enabled and stable[22m
Build, Lint & Test	UNKNOWN STEP	2025-12-27T20:15:12.7364194Z     [2m    - element is visible, enabled and stable[22m
Build, Lint & Test	UNKNOWN STEP	2025-12-27T20:15:12.7364557Z     [2m    - scrolling into view if needed[22m
Build, Lint & Test	UNKNOWN STEP	2025-12-27T20:15:12.7364877Z     [2m    - done scrolling[22m
Build, Lint & Test	UNKNOWN STEP	2025-12-27T20:15:12.7365030Z 
Build, Lint & Test	UNKNOWN STEP	2025-12-27T20:15:12.7365044Z 
Build, Lint & Test	UNKNOWN STEP	2025-12-27T20:15:12.7365119Z       204 |     
Build, Lint & Test	UNKNOWN STEP	2025-12-27T20:15:12.7365445Z       205 |     const bumbleButton = page.getByRole('button', { name: /BUMBLE/ });
Build, Lint & Test	UNKNOWN STEP	2025-12-27T20:15:12.7365831Z     > 206 |     await bumbleButton.click();
Build, Lint & Test	UNKNOWN STEP	2025-12-27T20:15:12.7366105Z           |                        ^
Build, Lint & Test	UNKNOWN STEP	2025-12-27T20:15:12.7366320Z       207 |
Build, Lint & Test	UNKNOWN STEP	2025-12-27T20:15:12.7366583Z       208 |     // Click "COMMENCE OPERATION" on the briefing screen
Build, Lint & Test	UNKNOWN STEP	2025-12-27T20:15:12.7367033Z       209 |     await page.getByRole('button', { name: /COMMENCE OPERATION/i }).click();
Build, Lint & Test	UNKNOWN STEP	2025-12-27T20:15:12.7367687Z         at /home/runner/work/protocol-silent-night/protocol-silent-night/e2e/component-snapshots.spec.ts:206:24
Build, Lint & Test	UNKNOWN STEP	2025-12-27T20:15:12.7368257Z 
Build, Lint & Test	UNKNOWN STEP	2025-12-27T20:15:12.7368746Z     Error Context: test-results/component-snapshots-Compon-59ed9-d-render-Bumble-star-weapon-chromium-retry1/error-context.md
Build, Lint & Test	UNKNOWN STEP	2025-12-27T20:15:12.7369245Z 
Build, Lint & Test	UNKNOWN STEP	2025-12-27T20:15:12.7369613Z     attachment #2: trace (application/zip) ─────────────────────────────────────────────────────────
Build, Lint & Test	UNKNOWN STEP	2025-12-27T20:15:12.7370306Z     test-results/component-snapshots-Compon-59ed9-d-render-Bumble-star-weapon-chromium-retry1/trace.zip
Build, Lint & Test	UNKNOWN STEP	2025-12-27T20:15:12.7370798Z     Usage:
Build, Lint & Test	UNKNOWN STEP	2025-12-27T20:15:12.7370895Z 
Build, Lint & Test	UNKNOWN STEP	2025-12-27T20:15:12.7371405Z         pnpm exec playwright show-trace test-results/component-snapshots-Compon-59ed9-d-render-Bumble-star-weapon-chromium-retry1/trace.zip
Build, Lint & Test	UNKNOWN STEP	2025-12-27T20:15:12.7371934Z 
Build, Lint & Test	UNKNOWN STEP	2025-12-27T20:15:12.7372355Z     ────────────────────────────────────────────────────────────────────────────────────────────────
Build, Lint & Test	UNKNOWN STEP	2025-12-27T20:15:12.7372584Z 
Build, Lint & Test	UNKNOWN STEP	2025-12-27T20:15:12.7372888Z     Retry #2 ───────────────────────────────────────────────────────────────────────────────────────
Build, Lint & Test	UNKNOWN STEP	2025-12-27T20:15:12.7373122Z 
Build, Lint & Test	UNKNOWN STEP	2025-12-27T20:15:12.7373294Z     TimeoutError: locator.click: Timeout 10000ms exceeded.
Build, Lint & Test	UNKNOWN STEP	2025-12-27T20:15:12.7373585Z     Call log:
Build, Lint & Test	UNKNOWN STEP	2025-12-27T20:15:12.7373917Z     [2m  - waiting for getByRole('button', { name: /BUMBLE/ })[22m
Build, Lint & Test	UNKNOWN STEP	2025-12-27T20:15:12.7374475Z     [2m    - locator resolved to <button type="button" class="_classCard_1nl30_56">…</button>[22m
Build, Lint & Test	UNKNOWN STEP	2025-12-27T20:15:12.7374931Z 
Build, Lint & Test	UNKNOWN STEP	2025-12-27T20:15:12.7374936Z 
Build, Lint & Test	UNKNOWN STEP	2025-12-27T20:15:12.7375005Z       204 |     
Build, Lint & Test	UNKNOWN STEP	2025-12-27T20:15:12.7375339Z       205 |     const bumbleButton = page.getByRole('button', { name: /BUMBLE/ });
Build, Lint & Test	UNKNOWN STEP	2025-12-27T20:15:12.7375724Z     > 206 |     await bumbleButton.click();
Build, Lint & Test	UNKNOWN STEP	2025-12-27T20:15:12.7375998Z           |                        ^
Build, Lint & Test	UNKNOWN STEP	2025-12-27T20:15:12.7376206Z       207 |
Build, Lint & Test	UNKNOWN STEP	2025-12-27T20:15:12.7376471Z       208 |     // Click "COMMENCE OPERATION" on the briefing screen
Build, Lint & Test	UNKNOWN STEP	2025-12-27T20:15:12.7376918Z       209 |     await page.getByRole('button', { name: /COMMENCE OPERATION/i }).click();
Build, Lint & Test	UNKNOWN STEP	2025-12-27T20:15:12.7377570Z         at /home/runner/work/protocol-silent-night/protocol-silent-night/e2e/component-snapshots.spec.ts:206:24
Build, Lint & Test	UNKNOWN STEP	2025-12-27T20:15:12.7378142Z 
Build, Lint & Test	UNKNOWN STEP	2025-12-27T20:15:12.7378517Z     attachment #1: screenshot (image/png) ──────────────────────────────────────────────────────────
Build, Lint & Test	UNKNOWN STEP	2025-12-27T20:15:12.7379237Z     test-results/component-snapshots-Compon-59ed9-d-render-Bumble-star-weapon-chromium-retry2/test-failed-1.png
Build, Lint & Test	UNKNOWN STEP	2025-12-27T20:15:12.7379986Z     ────────────────────────────────────────────────────────────────────────────────────────────────
Build, Lint & Test	UNKNOWN STEP	2025-12-27T20:15:12.7380207Z 
Build, Lint & Test	UNKNOWN STEP	2025-12-27T20:15:12.7380676Z     Error Context: test-results/component-snapshots-Compon-59ed9-d-render-Bumble-star-weapon-chromium-retry2/error-context.md
Build, Lint & Test	UNKNOWN STEP	2025-12-27T20:15:12.7381174Z 
Build, Lint & Test	UNKNOWN STEP	2025-12-27T20:15:12.7381726Z   11) [chromium] › e2e/component-snapshots.spec.ts:224:3 › Component Snapshots - Particle Effects › should render hit particles on impact 
Build, Lint & Test	UNKNOWN STEP	2025-12-27T20:15:12.7382192Z 
Build, Lint & Test	UNKNOWN STEP	2025-12-27T20:15:12.7382367Z     TimeoutError: locator.click: Timeout 10000ms exceeded.
Build, Lint & Test	UNKNOWN STEP	2025-12-27T20:15:12.7382665Z     Call log:
Build, Lint & Test	UNKNOWN STEP	2025-12-27T20:15:12.7383031Z     [2m  - waiting for getByRole('button', { name: /MECHA-SANTA/ })[22m
Build, Lint & Test	UNKNOWN STEP	2025-12-27T20:15:12.7383617Z     [2m    - locator resolved to <button type="button" class="_classCard_1nl30_56">…</button>[22m
Build, Lint & Test	UNKNOWN STEP	2025-12-27T20:15:12.7384084Z     [2m  - attempting click action[22m
Build, Lint & Test	UNKNOWN STEP	2025-12-27T20:15:12.7384498Z     [2m    - waiting for element to be visible, enabled and stable[22m
Build, Lint & Test	UNKNOWN STEP	2025-12-27T20:15:12.7384734Z 
Build, Lint & Test	UNKNOWN STEP	2025-12-27T20:15:12.7384747Z 
Build, Lint & Test	UNKNOWN STEP	2025-12-27T20:15:12.7384817Z       227 |     
Build, Lint & Test	UNKNOWN STEP	2025-12-27T20:15:12.7385161Z       228 |     const santaButton = page.getByRole('button', { name: /MECHA-SANTA/ });
Build, Lint & Test	UNKNOWN STEP	2025-12-27T20:15:12.7385557Z     > 229 |     await santaButton.click();
Build, Lint & Test	UNKNOWN STEP	2025-12-27T20:15:12.7385831Z           |                       ^
Build, Lint & Test	UNKNOWN STEP	2025-12-27T20:15:12.7386111Z       230 |     await page.waitForTimeout(8000);
Build, Lint & Test	UNKNOWN STEP	2025-12-27T20:15:12.7386369Z       231 |     
Build, Lint & Test	UNKNOWN STEP	2025-12-27T20:15:12.7386583Z       232 |     // Fire and wait for hits
Build, Lint & Test	UNKNOWN STEP	2025-12-27T20:15:12.7387122Z         at /home/runner/work/protocol-silent-night/protocol-silent-night/e2e/component-snapshots.spec.ts:229:23
Build, Lint & Test	UNKNOWN STEP	2025-12-27T20:15:12.7387529Z 
Build, Lint & Test	UNKNOWN STEP	2025-12-27T20:15:12.7387889Z     attachment #1: screenshot (image/png) ──────────────────────────────────────────────────────────
Build, Lint & Test	UNKNOWN STEP	2025-12-27T20:15:12.7388923Z     test-results/component-snapshots-Compon-6ce18-der-hit-particles-on-impact-chromium/test-failed-1.png
Build, Lint & Test	UNKNOWN STEP	2025-12-27T20:15:12.7389642Z     ────────────────────────────────────────────────────────────────────────────────────────────────
Build, Lint & Test	UNKNOWN STEP	2025-12-27T20:15:12.7389860Z 
Build, Lint & Test	UNKNOWN STEP	2025-12-27T20:15:12.7390306Z     Error Context: test-results/component-snapshots-Compon-6ce18-der-hit-particles-on-impact-chromium/error-context.md
Build, Lint & Test	UNKNOWN STEP	2025-12-27T20:15:12.7390766Z 
Build, Lint & Test	UNKNOWN STEP	2025-12-27T20:15:12.7391188Z     Retry #1 ───────────────────────────────────────────────────────────────────────────────────────
Build, Lint & Test	UNKNOWN STEP	2025-12-27T20:15:12.7391440Z 
Build, Lint & Test	UNKNOWN STEP	2025-12-27T20:15:12.7391610Z     TimeoutError: locator.click: Timeout 10000ms exceeded.
Build, Lint & Test	UNKNOWN STEP	2025-12-27T20:15:12.7391906Z     Call log:
Build, Lint & Test	UNKNOWN STEP	2025-12-27T20:15:12.7392269Z     [2m  - waiting for getByRole('button', { name: /MECHA-SANTA/ })[22m
Build, Lint & Test	UNKNOWN STEP	2025-12-27T20:15:12.7392857Z     [2m    - locator resolved to <button type="button" class="_classCard_1nl30_56">…</button>[22m
Build, Lint & Test	UNKNOWN STEP	2025-12-27T20:15:12.7393314Z     [2m  - attempting click action[22m
Build, Lint & Test	UNKNOWN STEP	2025-12-27T20:15:12.7393737Z     [2m    - waiting for element to be visible, enabled and stable[22m
Build, Lint & Test	UNKNOWN STEP	2025-12-27T20:15:12.7394163Z     [2m    - element is visible, enabled and stable[22m
Build, Lint & Test	UNKNOWN STEP	2025-12-27T20:15:12.7394529Z     [2m    - scrolling into view if needed[22m
Build, Lint & Test	UNKNOWN STEP	2025-12-27T20:15:12.7394848Z     [2m    - done scrolling[22m
Build, Lint & Test	UNKNOWN STEP	2025-12-27T20:15:12.7395000Z 
Build, Lint & Test	UNKNOWN STEP	2025-12-27T20:15:12.7395005Z 
Build, Lint & Test	UNKNOWN STEP	2025-12-27T20:15:12.7395074Z       227 |     
Build, Lint & Test	UNKNOWN STEP	2025-12-27T20:15:12.7395424Z       228 |     const santaButton = page.getByRole('button', { name: /MECHA-SANTA/ });
Build, Lint & Test	UNKNOWN STEP	2025-12-27T20:15:12.7395819Z     > 229 |     await santaButton.click();
Build, Lint & Test	UNKNOWN STEP	2025-12-27T20:15:12.7396089Z           |                       ^
Build, Lint & Test	UNKNOWN STEP	2025-12-27T20:15:12.7396365Z       230 |     await page.waitForTimeout(8000);
Build, Lint & Test	UNKNOWN STEP	2025-12-27T20:15:12.7396609Z       231 |     
Build, Lint & Test	UNKNOWN STEP	2025-12-27T20:15:12.7396861Z       232 |     // Fire and wait for hits
Build, Lint & Test	UNKNOWN STEP	2025-12-27T20:15:12.7397787Z         at /home/runner/work/protocol-silent-night/protocol-silent-night/e2e/component-snapshots.spec.ts:229:23
Build, Lint & Test	UNKNOWN STEP	2025-12-27T20:15:12.7398665Z 
Build, Lint & Test	UNKNOWN STEP	2025-12-27T20:15:12.7399163Z     Error Context: test-results/component-snapshots-Compon-6ce18-der-hit-particles-on-impact-chromium-retry1/error-context.md
Build, Lint & Test	UNKNOWN STEP	2025-12-27T20:15:12.7399665Z 
Build, Lint & Test	UNKNOWN STEP	2025-12-27T20:15:12.7400072Z     attachment #2: trace (application/zip) ─────────────────────────────────────────────────────────
Build, Lint & Test	UNKNOWN STEP	2025-12-27T20:15:12.7400781Z     test-results/component-snapshots-Compon-6ce18-der-hit-particles-on-impact-chromium-retry1/trace.zip
Build, Lint & Test	UNKNOWN STEP	2025-12-27T20:15:12.7401271Z     Usage:
Build, Lint & Test	UNKNOWN STEP	2025-12-27T20:15:12.7401375Z 
Build, Lint & Test	UNKNOWN STEP	2025-12-27T20:15:12.7401887Z         pnpm exec playwright show-trace test-results/component-snapshots-Compon-6ce18-der-hit-particles-on-impact-chromium-retry1/trace.zip
Build, Lint & Test	UNKNOWN STEP	2025-12-27T20:15:12.7402414Z 
Build, Lint & Test	UNKNOWN STEP	2025-12-27T20:15:12.7402711Z     ────────────────────────────────────────────────────────────────────────────────────────────────
Build, Lint & Test	UNKNOWN STEP	2025-12-27T20:15:12.7402937Z 
Build, Lint & Test	UNKNOWN STEP	2025-12-27T20:15:12.7403241Z     Retry #2 ───────────────────────────────────────────────────────────────────────────────────────
Build, Lint & Test	UNKNOWN STEP	2025-12-27T20:15:12.7403485Z 
Build, Lint & Test	UNKNOWN STEP	2025-12-27T20:15:12.7403663Z     TimeoutError: locator.click: Timeout 10000ms exceeded.
Build, Lint & Test	UNKNOWN STEP	2025-12-27T20:15:12.7403957Z     Call log:
Build, Lint & Test	UNKNOWN STEP	2025-12-27T20:15:12.7404322Z     [2m  - waiting for getByRole('button', { name: /MECHA-SANTA/ })[22m
Build, Lint & Test	UNKNOWN STEP	2025-12-27T20:15:12.7404915Z     [2m    - locator resolved to <button type="button" class="_classCard_1nl30_56">…</button>[22m
Build, Lint & Test	UNKNOWN STEP	2025-12-27T20:15:12.7405531Z     [2m  - attempting click action[22m
Build, Lint & Test	UNKNOWN STEP	2025-12-27T20:15:12.7405961Z     [2m    - waiting for element to be visible, enabled and stable[22m
Build, Lint & Test	UNKNOWN STEP	2025-12-27T20:15:12.7406199Z 
Build, Lint & Test	UNKNOWN STEP	2025-12-27T20:15:12.7406204Z 
Build, Lint & Test	UNKNOWN STEP	2025-12-27T20:15:12.7406281Z       227 |     
Build, Lint & Test	UNKNOWN STEP	2025-12-27T20:15:12.7406622Z       228 |     const santaButton = page.getByRole('button', { name: /MECHA-SANTA/ });
Build, Lint & Test	UNKNOWN STEP	2025-12-27T20:15:12.7407020Z     > 229 |     await santaButton.click();
Build, Lint & Test	UNKNOWN STEP	2025-12-27T20:15:12.7407289Z           |                       ^
Build, Lint & Test	UNKNOWN STEP	2025-12-27T20:15:12.7407576Z       230 |     await page.waitForTimeout(8000);
Build, Lint & Test	UNKNOWN STEP	2025-12-27T20:15:12.7408109Z       231 |     
Build, Lint & Test	UNKNOWN STEP	2025-12-27T20:15:12.7408322Z       232 |     // Fire and wait for hits
Build, Lint & Test	UNKNOWN STEP	2025-12-27T20:15:12.7408874Z         at /home/runner/work/protocol-silent-night/protocol-silent-night/e2e/component-snapshots.spec.ts:229:23
Build, Lint & Test	UNKNOWN STEP	2025-12-27T20:15:12.7409284Z 
Build, Lint & Test	UNKNOWN STEP	2025-12-27T20:15:12.7409659Z     attachment #1: screenshot (image/png) ──────────────────────────────────────────────────────────
Build, Lint & Test	UNKNOWN STEP	2025-12-27T20:15:12.7410402Z     test-results/component-snapshots-Compon-6ce18-der-hit-particles-on-impact-chromium-retry2/test-failed-1.png
Build, Lint & Test	UNKNOWN STEP	2025-12-27T20:15:12.7411150Z     ────────────────────────────────────────────────────────────────────────────────────────────────
Build, Lint & Test	UNKNOWN STEP	2025-12-27T20:15:12.7411367Z 
Build, Lint & Test	UNKNOWN STEP	2025-12-27T20:15:12.7411841Z     Error Context: test-results/component-snapshots-Compon-6ce18-der-hit-particles-on-impact-chromium-retry2/error-context.md
Build, Lint & Test	UNKNOWN STEP	2025-12-27T20:15:12.7412334Z 
Build, Lint & Test	UNKNOWN STEP	2025-12-27T20:15:12.7412875Z   12) [chromium] › e2e/component-snapshots.spec.ts:244:3 › Component Snapshots - Camera System › should render correct camera perspective 
Build, Lint & Test	UNKNOWN STEP	2025-12-27T20:15:12.7413347Z 
Build, Lint & Test	UNKNOWN STEP	2025-12-27T20:15:12.7413518Z     TimeoutError: locator.click: Timeout 10000ms exceeded.
Build, Lint & Test	UNKNOWN STEP	2025-12-27T20:15:12.7413814Z     Call log:
Build, Lint & Test	UNKNOWN STEP	2025-12-27T20:15:12.7414170Z     [2m  - waiting for getByRole('button', { name: /MECHA-SANTA/ })[22m
Build, Lint & Test	UNKNOWN STEP	2025-12-27T20:15:12.7414759Z     [2m    - locator resolved to <button type="button" class="_classCard_1nl30_56">…</button>[22m
Build, Lint & Test	UNKNOWN STEP	2025-12-27T20:15:12.7415233Z     [2m  - attempting click action[22m
Build, Lint & Test	UNKNOWN STEP	2025-12-27T20:15:12.7415638Z     [2m    - waiting for element to be visible, enabled and stable[22m
Build, Lint & Test	UNKNOWN STEP	2025-12-27T20:15:12.7415884Z 
Build, Lint & Test	UNKNOWN STEP	2025-12-27T20:15:12.7415890Z 
Build, Lint & Test	UNKNOWN STEP	2025-12-27T20:15:12.7415960Z       247 |     
Build, Lint & Test	UNKNOWN STEP	2025-12-27T20:15:12.7416303Z       248 |     const santaButton = page.getByRole('button', { name: /MECHA-SANTA/ });
Build, Lint & Test	UNKNOWN STEP	2025-12-27T20:15:12.7416700Z     > 249 |     await santaButton.click();
Build, Lint & Test	UNKNOWN STEP	2025-12-27T20:15:12.7416968Z           |                       ^
Build, Lint & Test	UNKNOWN STEP	2025-12-27T20:15:12.7417187Z       250 |
Build, Lint & Test	UNKNOWN STEP	2025-12-27T20:15:12.7417458Z       251 |     // Click "COMMENCE OPERATION" on the briefing screen
Build, Lint & Test	UNKNOWN STEP	2025-12-27T20:15:12.7418055Z       252 |     await page.getByRole('button', { name: /COMMENCE OPERATION/i }).click();
Build, Lint & Test	UNKNOWN STEP	2025-12-27T20:15:12.7418715Z         at /home/runner/work/protocol-silent-night/protocol-silent-night/e2e/component-snapshots.spec.ts:249:23
Build, Lint & Test	UNKNOWN STEP	2025-12-27T20:15:12.7419116Z 
Build, Lint & Test	UNKNOWN STEP	2025-12-27T20:15:12.7419613Z     attachment #1: screenshot (image/png) ──────────────────────────────────────────────────────────
Build, Lint & Test	UNKNOWN STEP	2025-12-27T20:15:12.7420301Z     test-results/component-snapshots-Compon-a08cf--correct-camera-perspective-chromium/test-failed-1.png
Build, Lint & Test	UNKNOWN STEP	2025-12-27T20:15:12.7421015Z     ────────────────────────────────────────────────────────────────────────────────────────────────
Build, Lint & Test	UNKNOWN STEP	2025-12-27T20:15:12.7421238Z 
Build, Lint & Test	UNKNOWN STEP	2025-12-27T20:15:12.7421671Z     Error Context: test-results/component-snapshots-Compon-a08cf--correct-camera-perspective-chromium/error-context.md
Build, Lint & Test	UNKNOWN STEP	2025-12-27T20:15:12.7422136Z 
Build, Lint & Test	UNKNOWN STEP	2025-12-27T20:15:12.7422596Z     Retry #1 ───────────────────────────────────────────────────────────────────────────────────────
Build, Lint & Test	UNKNOWN STEP	2025-12-27T20:15:12.7422829Z 
Build, Lint & Test	UNKNOWN STEP	2025-12-27T20:15:12.7423002Z     TimeoutError: locator.click: Timeout 10000ms exceeded.
Build, Lint & Test	UNKNOWN STEP	2025-12-27T20:15:12.7423293Z     Call log:
Build, Lint & Test	UNKNOWN STEP	2025-12-27T20:15:12.7423647Z     [2m  - waiting for getByRole('button', { name: /MECHA-SANTA/ })[22m
Build, Lint & Test	UNKNOWN STEP	2025-12-27T20:15:12.7424239Z     [2m    - locator resolved to <button type="button" class="_classCard_1nl30_56">…</button>[22m
Build, Lint & Test	UNKNOWN STEP	2025-12-27T20:15:12.7424697Z     [2m  - attempting click action[22m
Build, Lint & Test	UNKNOWN STEP	2025-12-27T20:15:12.7425104Z     [2m    - waiting for element to be visible, enabled and stable[22m
Build, Lint & Test	UNKNOWN STEP	2025-12-27T20:15:12.7425527Z     [2m    - element is visible, enabled and stable[22m
Build, Lint & Test	UNKNOWN STEP	2025-12-27T20:15:12.7425881Z     [2m    - scrolling into view if needed[22m
Build, Lint & Test	UNKNOWN STEP	2025-12-27T20:15:12.7426201Z     [2m    - done scrolling[22m
Build, Lint & Test	UNKNOWN STEP	2025-12-27T20:15:12.7426359Z 
Build, Lint & Test	UNKNOWN STEP	2025-12-27T20:15:12.7426364Z 
Build, Lint & Test	UNKNOWN STEP	2025-12-27T20:15:12.7426436Z       247 |     
Build, Lint & Test	UNKNOWN STEP	2025-12-27T20:15:12.7426786Z       248 |     const santaButton = page.getByRole('button', { name: /MECHA-SANTA/ });
Build, Lint & Test	UNKNOWN STEP	2025-12-27T20:15:12.7427180Z     > 249 |     await santaButton.click();
Build, Lint & Test	UNKNOWN STEP	2025-12-27T20:15:12.7427441Z           |                       ^
Build, Lint & Test	UNKNOWN STEP	2025-12-27T20:15:12.7427652Z       250 |
Build, Lint & Test	UNKNOWN STEP	2025-12-27T20:15:12.7428042Z       251 |     // Click "COMMENCE OPERATION" on the briefing screen
Build, Lint & Test	UNKNOWN STEP	2025-12-27T20:15:12.7428493Z       252 |     await page.getByRole('button', { name: /COMMENCE OPERATION/i }).click();
Build, Lint & Test	UNKNOWN STEP	2025-12-27T20:15:12.7429148Z         at /home/runner/work/protocol-silent-night/protocol-silent-night/e2e/component-snapshots.spec.ts:249:23
Build, Lint & Test	UNKNOWN STEP	2025-12-27T20:15:12.7429550Z 
Build, Lint & Test	UNKNOWN STEP	2025-12-27T20:15:12.7430022Z     Error Context: test-results/component-snapshots-Compon-a08cf--correct-camera-perspective-chromium-retry1/error-context.md
Build, Lint & Test	UNKNOWN STEP	2025-12-27T20:15:12.7430519Z 
Build, Lint & Test	UNKNOWN STEP	2025-12-27T20:15:12.7430886Z     attachment #2: trace (application/zip) ─────────────────────────────────────────────────────────
Build, Lint & Test	UNKNOWN STEP	2025-12-27T20:15:12.7431570Z     test-results/component-snapshots-Compon-a08cf--correct-camera-perspective-chromium-retry1/trace.zip
Build, Lint & Test	UNKNOWN STEP	2025-12-27T20:15:12.7432067Z     Usage:
Build, Lint & Test	UNKNOWN STEP	2025-12-27T20:15:12.7432164Z 
Build, Lint & Test	UNKNOWN STEP	2025-12-27T20:15:12.7432680Z         pnpm exec playwright show-trace test-results/component-snapshots-Compon-a08cf--correct-camera-perspective-chromium-retry1/trace.zip
Build, Lint & Test	UNKNOWN STEP	2025-12-27T20:15:12.7433205Z 
Build, Lint & Test	UNKNOWN STEP	2025-12-27T20:15:12.7433499Z     ────────────────────────────────────────────────────────────────────────────────────────────────
Build, Lint & Test	UNKNOWN STEP	2025-12-27T20:15:12.7433725Z 
Build, Lint & Test	UNKNOWN STEP	2025-12-27T20:15:12.7434031Z     Retry #2 ───────────────────────────────────────────────────────────────────────────────────────
Build, Lint & Test	UNKNOWN STEP	2025-12-27T20:15:12.7434265Z 
Build, Lint & Test	UNKNOWN STEP	2025-12-27T20:15:12.7434439Z     TimeoutError: locator.click: Timeout 10000ms exceeded.
Build, Lint & Test	UNKNOWN STEP	2025-12-27T20:15:12.7434729Z     Call log:
Build, Lint & Test	UNKNOWN STEP	2025-12-27T20:15:12.7435086Z     [2m  - waiting for getByRole('button', { name: /MECHA-SANTA/ })[22m
Build, Lint & Test	UNKNOWN STEP	2025-12-27T20:15:12.7435665Z     [2m    - locator resolved to <button type="button" class="_classCard_1nl30_56">…</button>[22m
Build, Lint & Test	UNKNOWN STEP	2025-12-27T20:15:12.7436105Z 
Build, Lint & Test	UNKNOWN STEP	2025-12-27T20:15:12.7436110Z 
Build, Lint & Test	UNKNOWN STEP	2025-12-27T20:15:12.7436185Z       247 |     
Build, Lint & Test	UNKNOWN STEP	2025-12-27T20:15:12.7436533Z       248 |     const santaButton = page.getByRole('button', { name: /MECHA-SANTA/ });
Build, Lint & Test	UNKNOWN STEP	2025-12-27T20:15:12.7436923Z     > 249 |     await santaButton.click();
Build, Lint & Test	UNKNOWN STEP	2025-12-27T20:15:12.7437189Z           |                       ^
Build, Lint & Test	UNKNOWN STEP	2025-12-27T20:15:12.7437404Z       250 |
Build, Lint & Test	UNKNOWN STEP	2025-12-27T20:15:12.7437801Z       251 |     // Click "COMMENCE OPERATION" on the briefing screen
Build, Lint & Test	UNKNOWN STEP	2025-12-27T20:15:12.7438368Z       252 |     await page.getByRole('button', { name: /COMMENCE OPERATION/i }).click();
Build, Lint & Test	UNKNOWN STEP	2025-12-27T20:15:12.7439018Z         at /home/runner/work/protocol-silent-night/protocol-silent-night/e2e/component-snapshots.spec.ts:249:23
Build, Lint & Test	UNKNOWN STEP	2025-12-27T20:15:12.7439426Z 
Build, Lint & Test	UNKNOWN STEP	2025-12-27T20:15:12.7439793Z     attachment #1: screenshot (image/png) ──────────────────────────────────────────────────────────
Build, Lint & Test	UNKNOWN STEP	2025-12-27T20:15:12.7440514Z     test-results/component-snapshots-Compon-a08cf--correct-camera-perspective-chromium-retry2/test-failed-1.png
Build, Lint & Test	UNKNOWN STEP	2025-12-27T20:15:12.7441264Z     ────────────────────────────────────────────────────────────────────────────────────────────────
Build, Lint & Test	UNKNOWN STEP	2025-12-27T20:15:12.7441481Z 
Build, Lint & Test	UNKNOWN STEP	2025-12-27T20:15:12.7441960Z     Error Context: test-results/component-snapshots-Compon-a08cf--correct-camera-perspective-chromium-retry2/error-context.md
Build, Lint & Test	UNKNOWN STEP	2025-12-27T20:15:12.7442449Z 
Build, Lint & Test	UNKNOWN STEP	2025-12-27T20:15:12.7443053Z   13) [chromium] › e2e/component-snapshots.spec.ts:261:3 › Component Snapshots - Camera System › should render camera following player movement 
Build, Lint & Test	UNKNOWN STEP	2025-12-27T20:15:12.7443532Z 
Build, Lint & Test	UNKNOWN STEP	2025-12-27T20:15:12.7443704Z     TimeoutError: locator.click: Timeout 10000ms exceeded.
Build, Lint & Test	UNKNOWN STEP	2025-12-27T20:15:12.7443989Z     Call log:
Build, Lint & Test	UNKNOWN STEP	2025-12-27T20:15:12.7444343Z     [2m  - waiting for getByRole('button', { name: /MECHA-SANTA/ })[22m
Build, Lint & Test	UNKNOWN STEP	2025-12-27T20:15:12.7444924Z     [2m    - locator resolved to <button type="button" class="_classCard_1nl30_56">…</button>[22m
Build, Lint & Test	UNKNOWN STEP	2025-12-27T20:15:12.7445227Z 
Build, Lint & Test	UNKNOWN STEP	2025-12-27T20:15:12.7445232Z 
Build, Lint & Test	UNKNOWN STEP	2025-12-27T20:15:12.7445315Z       264 |     
Build, Lint & Test	UNKNOWN STEP	2025-12-27T20:15:12.7445660Z       265 |     const santaButton = page.getByRole('button', { name: /MECHA-SANTA/ });
Build, Lint & Test	UNKNOWN STEP	2025-12-27T20:15:12.7446047Z     > 266 |     await santaButton.click();
Build, Lint & Test	UNKNOWN STEP	2025-12-27T20:15:12.7446343Z           |                       ^
Build, Lint & Test	UNKNOWN STEP	2025-12-27T20:15:12.7446557Z       267 |
Build, Lint & Test	UNKNOWN STEP	2025-12-27T20:15:12.7446820Z       268 |     // Click "COMMENCE OPERATION" on the briefing screen
Build, Lint & Test	UNKNOWN STEP	2025-12-27T20:15:12.7447265Z       269 |     await page.getByRole('button', { name: /COMMENCE OPERATION/i }).click();
Build, Lint & Test	UNKNOWN STEP	2025-12-27T20:15:12.7448030Z         at /home/runner/work/protocol-silent-night/protocol-silent-night/e2e/component-snapshots.spec.ts:266:23
Build, Lint & Test	UNKNOWN STEP	2025-12-27T20:15:12.7448441Z 
Build, Lint & Test	UNKNOWN STEP	2025-12-27T20:15:12.7448804Z     attachment #1: screenshot (image/png) ──────────────────────────────────────────────────────────
Build, Lint & Test	UNKNOWN STEP	2025-12-27T20:15:12.7449489Z     test-results/component-snapshots-Compon-bd7f7-a-following-player-movement-chromium/test-failed-1.png
Build, Lint & Test	UNKNOWN STEP	2025-12-27T20:15:12.7450197Z     ────────────────────────────────────────────────────────────────────────────────────────────────
Build, Lint & Test	UNKNOWN STEP	2025-12-27T20:15:12.7450420Z 
Build, Lint & Test	UNKNOWN STEP	2025-12-27T20:15:12.7450858Z     Error Context: test-results/component-snapshots-Compon-bd7f7-a-following-player-movement-chromium/error-context.md
Build, Lint & Test	UNKNOWN STEP	2025-12-27T20:15:12.7451318Z 
Build, Lint & Test	UNKNOWN STEP	2025-12-27T20:15:12.7451622Z     Retry #1 ───────────────────────────────────────────────────────────────────────────────────────
Build, Lint & Test	UNKNOWN STEP	2025-12-27T20:15:12.7451854Z 
Build, Lint & Test	UNKNOWN STEP	2025-12-27T20:15:12.7452149Z     TimeoutError: locator.click: Timeout 10000ms exceeded.
Build, Lint & Test	UNKNOWN STEP	2025-12-27T20:15:12.7452444Z     Call log:
Build, Lint & Test	UNKNOWN STEP	2025-12-27T20:15:12.7452799Z     [2m  - waiting for getByRole('button', { name: /MECHA-SANTA/ })[22m
Build, Lint & Test	UNKNOWN STEP	2025-12-27T20:15:12.7453374Z     [2m    - locator resolved to <button type="button" class="_classCard_1nl30_56">…</button>[22m
Build, Lint & Test	UNKNOWN STEP	2025-12-27T20:15:12.7453827Z     [2m  - attempting click action[22m
Build, Lint & Test	UNKNOWN STEP	2025-12-27T20:15:12.7454235Z     [2m    - waiting for element to be visible, enabled and stable[22m
Build, Lint & Test	UNKNOWN STEP	2025-12-27T20:15:12.7454789Z     [2m    - element is visible, enabled and stable[22m
Build, Lint & Test	UNKNOWN STEP	2025-12-27T20:15:12.7455154Z     [2m    - scrolling into view if needed[22m
Build, Lint & Test	UNKNOWN STEP	2025-12-27T20:15:12.7455476Z     [2m    - done scrolling[22m
Build, Lint & Test	UNKNOWN STEP	2025-12-27T20:15:12.7455630Z 
Build, Lint & Test	UNKNOWN STEP	2025-12-27T20:15:12.7455635Z 
Build, Lint & Test	UNKNOWN STEP	2025-12-27T20:15:12.7455708Z       264 |     
Build, Lint & Test	UNKNOWN STEP	2025-12-27T20:15:12.7456046Z       265 |     const santaButton = page.getByRole('button', { name: /MECHA-SANTA/ });
Build, Lint & Test	UNKNOWN STEP	2025-12-27T20:15:12.7456440Z     > 266 |     await santaButton.click();
Build, Lint & Test	UNKNOWN STEP	2025-12-27T20:15:12.7456709Z           |                       ^
Build, Lint & Test	UNKNOWN STEP	2025-12-27T20:15:12.7456922Z       267 |
Build, Lint & Test	UNKNOWN STEP	2025-12-27T20:15:12.7457184Z       268 |     // Click "COMMENCE OPERATION" on the briefing screen
Build, Lint & Test	UNKNOWN STEP	2025-12-27T20:15:12.7457628Z       269 |     await page.getByRole('button', { name: /COMMENCE OPERATION/i }).click();
Build, Lint & Test	UNKNOWN STEP	2025-12-27T20:15:12.7458514Z         at /home/runner/work/protocol-silent-night/protocol-silent-night/e2e/component-snapshots.spec.ts:266:23
Build, Lint & Test	UNKNOWN STEP	2025-12-27T20:15:12.7458976Z 
Build, Lint & Test	UNKNOWN STEP	2025-12-27T20:15:12.7459456Z     Error Context: test-results/component-snapshots-Compon-bd7f7-a-following-player-movement-chromium-retry1/error-context.md
Build, Lint & Test	UNKNOWN STEP	2025-12-27T20:15:12.7459976Z 
Build, Lint & Test	UNKNOWN STEP	2025-12-27T20:15:12.7460350Z     attachment #2: trace (application/zip) ─────────────────────────────────────────────────────────
Build, Lint & Test	UNKNOWN STEP	2025-12-27T20:15:12.7461045Z     test-results/component-snapshots-Compon-bd7f7-a-following-player-movement-chromium-retry1/trace.zip
Build, Lint & Test	UNKNOWN STEP	2025-12-27T20:15:12.7461535Z     Usage:
Build, Lint & Test	UNKNOWN STEP	2025-12-27T20:15:12.7461631Z 
Build, Lint & Test	UNKNOWN STEP	2025-12-27T20:15:12.7462150Z         pnpm exec playwright show-trace test-results/component-snapshots-Compon-bd7f7-a-following-player-movement-chromium-retry1/trace.zip
Build, Lint & Test	UNKNOWN STEP	2025-12-27T20:15:12.7462686Z 
Build, Lint & Test	UNKNOWN STEP	2025-12-27T20:15:12.7462977Z     ────────────────────────────────────────────────────────────────────────────────────────────────
Build, Lint & Test	UNKNOWN STEP	2025-12-27T20:15:12.7463199Z 
Build, Lint & Test	UNKNOWN STEP	2025-12-27T20:15:12.7463499Z     Retry #2 ───────────────────────────────────────────────────────────────────────────────────────
Build, Lint & Test	UNKNOWN STEP	2025-12-27T20:15:12.7463733Z 
Build, Lint & Test	UNKNOWN STEP	2025-12-27T20:15:12.7463912Z     TimeoutError: locator.click: Timeout 10000ms exceeded.
Build, Lint & Test	UNKNOWN STEP	2025-12-27T20:15:12.7464198Z     Call log:
Build, Lint & Test	UNKNOWN STEP	2025-12-27T20:15:12.7464553Z     [2m  - waiting for getByRole('button', { name: /MECHA-SANTA/ })[22m
Build, Lint & Test	UNKNOWN STEP	2025-12-27T20:15:12.7465134Z     [2m    - locator resolved to <button type="button" class="_classCard_1nl30_56">…</button>[22m
Build, Lint & Test	UNKNOWN STEP	2025-12-27T20:15:12.7465586Z     [2m  - attempting click action[22m
Build, Lint & Test	UNKNOWN STEP	2025-12-27T20:15:12.7466134Z     [2m    - waiting for element to be visible, enabled and stable[22m
Build, Lint & Test	UNKNOWN STEP	2025-12-27T20:15:12.7466376Z 
Build, Lint & Test	UNKNOWN STEP	2025-12-27T20:15:12.7466386Z 
Build, Lint & Test	UNKNOWN STEP	2025-12-27T20:15:12.7466458Z       264 |     
Build, Lint & Test	UNKNOWN STEP	2025-12-27T20:15:12.7466802Z       265 |     const santaButton = page.getByRole('button', { name: /MECHA-SANTA/ });
Build, Lint & Test	UNKNOWN STEP	2025-12-27T20:15:12.7467196Z     > 266 |     await santaButton.click();
Build, Lint & Test	UNKNOWN STEP	2025-12-27T20:15:12.7467456Z           |                       ^
Build, Lint & Test	UNKNOWN STEP	2025-12-27T20:15:12.7467669Z       267 |
Build, Lint & Test	UNKNOWN STEP	2025-12-27T20:15:12.7468050Z       268 |     // Click "COMMENCE OPERATION" on the briefing screen
Build, Lint & Test	UNKNOWN STEP	2025-12-27T20:15:12.7468636Z       269 |     await page.getByRole('button', { name: /COMMENCE OPERATION/i }).click();
Build, Lint & Test	UNKNOWN STEP	2025-12-27T20:15:12.7469284Z         at /home/runner/work/protocol-silent-night/protocol-silent-night/e2e/component-snapshots.spec.ts:266:23
Build, Lint & Test	UNKNOWN STEP	2025-12-27T20:15:12.7469692Z 
Build, Lint & Test	UNKNOWN STEP	2025-12-27T20:15:12.7470058Z     attachment #1: screenshot (image/png) ──────────────────────────────────────────────────────────
Build, Lint & Test	UNKNOWN STEP	2025-12-27T20:15:12.7470795Z     test-results/component-snapshots-Compon-bd7f7-a-following-player-movement-chromium-retry2/test-failed-1.png
Build, Lint & Test	UNKNOWN STEP	2025-12-27T20:15:12.7471538Z     ────────────────────────────────────────────────────────────────────────────────────────────────
Build, Lint & Test	UNKNOWN STEP	2025-12-27T20:15:12.7471754Z 
Build, Lint & Test	UNKNOWN STEP	2025-12-27T20:15:12.7472232Z     Error Context: test-results/component-snapshots-Compon-bd7f7-a-following-player-movement-chromium-retry2/error-context.md
Build, Lint & Test	UNKNOWN STEP	2025-12-27T20:15:12.7472730Z 
Build, Lint & Test	UNKNOWN STEP	2025-12-27T20:15:12.7473232Z   14) [chromium] › e2e/component-snapshots.spec.ts:287:3 › Component Snapshots - UI Overlays › should render damage flash effect 
Build, Lint & Test	UNKNOWN STEP	2025-12-27T20:15:12.7473667Z 
Build, Lint & Test	UNKNOWN STEP	2025-12-27T20:15:12.7473843Z     TimeoutError: locator.click: Timeout 10000ms exceeded.
Build, Lint & Test	UNKNOWN STEP	2025-12-27T20:15:12.7474127Z     Call log:
Build, Lint & Test	UNKNOWN STEP	2025-12-27T20:15:12.7474478Z     [2m  - waiting for getByRole('button', { name: /CYBER-ELF/ })[22m
Build, Lint & Test	UNKNOWN STEP	2025-12-27T20:15:12.7475053Z     [2m    - locator resolved to <button type="button" class="_classCard_1nl30_56">…</button>[22m
Build, Lint & Test	UNKNOWN STEP	2025-12-27T20:15:12.7475507Z     [2m  - attempting click action[22m
Build, Lint & Test	UNKNOWN STEP	2025-12-27T20:15:12.7475927Z     [2m    - waiting for element to be visible, enabled and stable[22m
Build, Lint & Test	UNKNOWN STEP	2025-12-27T20:15:12.7476161Z 
Build, Lint & Test	UNKNOWN STEP	2025-12-27T20:15:12.7476167Z 
Build, Lint & Test	UNKNOWN STEP	2025-12-27T20:15:12.7476243Z       290 |     
Build, Lint & Test	UNKNOWN STEP	2025-12-27T20:15:12.7476568Z       291 |     const elfButton = page.getByRole('button', { name: /CYBER-ELF/ });
Build, Lint & Test	UNKNOWN STEP	2025-12-27T20:15:12.7476946Z     > 292 |     await elfButton.click();
Build, Lint & Test	UNKNOWN STEP	2025-12-27T20:15:12.7477212Z           |                     ^
Build, Lint & Test	UNKNOWN STEP	2025-12-27T20:15:12.7477425Z       293 |
Build, Lint & Test	UNKNOWN STEP	2025-12-27T20:15:12.7477683Z       294 |     // Click "COMMENCE OPERATION" on the briefing screen
Build, Lint & Test	UNKNOWN STEP	2025-12-27T20:15:12.7478249Z       295 |     await page.getByRole('button', { name: /COMMENCE OPERATION/i }).click();
Build, Lint & Test	UNKNOWN STEP	2025-12-27T20:15:12.7478908Z         at /home/runner/work/protocol-silent-night/protocol-silent-night/e2e/component-snapshots.spec.ts:292:21
Build, Lint & Test	UNKNOWN STEP	2025-12-27T20:15:12.7479314Z 
Build, Lint & Test	UNKNOWN STEP	2025-12-27T20:15:12.7479687Z     attachment #1: screenshot (image/png) ──────────────────────────────────────────────────────────
Build, Lint & Test	UNKNOWN STEP	2025-12-27T20:15:12.7480382Z     test-results/component-snapshots-Compon-57d5b--render-damage-flash-effect-chromium/test-failed-1.png
Build, Lint & Test	UNKNOWN STEP	2025-12-27T20:15:12.7481095Z     ────────────────────────────────────────────────────────────────────────────────────────────────
Build, Lint & Test	UNKNOWN STEP	2025-12-27T20:15:12.7481314Z 
Build, Lint & Test	UNKNOWN STEP	2025-12-27T20:15:12.7481749Z     Error Context: test-results/component-snapshots-Compon-57d5b--render-damage-flash-effect-chromium/error-context.md
Build, Lint & Test	UNKNOWN STEP	2025-12-27T20:15:12.7482214Z 
Build, Lint & Test	UNKNOWN STEP	2025-12-27T20:15:12.7482514Z     Retry #1 ───────────────────────────────────────────────────────────────────────────────────────
Build, Lint & Test	UNKNOWN STEP	2025-12-27T20:15:12.7482884Z 
Build, Lint & Test	UNKNOWN STEP	2025-12-27T20:15:12.7483058Z     TimeoutError: locator.click: Timeout 10000ms exceeded.
Build, Lint & Test	UNKNOWN STEP	2025-12-27T20:15:12.7483351Z     Call log:
Build, Lint & Test	UNKNOWN STEP	2025-12-27T20:15:12.7483710Z     [2m  - waiting for getByRole('button', { name: /CYBER-ELF/ })[22m
Build, Lint & Test	UNKNOWN STEP	2025-12-27T20:15:12.7484291Z     [2m    - locator resolved to <button type="button" class="_classCard_1nl30_56">…</button>[22m
Build, Lint & Test	UNKNOWN STEP	2025-12-27T20:15:12.7484857Z     [2m  - attempting click action[22m
Build, Lint & Test	UNKNOWN STEP	2025-12-27T20:15:12.7485276Z     [2m    - waiting for element to be visible, enabled and stable[22m
Build, Lint & Test	UNKNOWN STEP	2025-12-27T20:15:12.7485699Z     [2m    - element is visible, enabled and stable[22m
Build, Lint & Test	UNKNOWN STEP	2025-12-27T20:15:12.7486061Z     [2m    - scrolling into view if needed[22m
Build, Lint & Test	UNKNOWN STEP	2025-12-27T20:15:12.7486379Z     [2m    - done scrolling[22m
Build, Lint & Test	UNKNOWN STEP	2025-12-27T20:15:12.7486531Z 
Build, Lint & Test	UNKNOWN STEP	2025-12-27T20:15:12.7486536Z 
Build, Lint & Test	UNKNOWN STEP	2025-12-27T20:15:12.7486607Z       290 |     
Build, Lint & Test	UNKNOWN STEP	2025-12-27T20:15:12.7486939Z       291 |     const elfButton = page.getByRole('button', { name: /CYBER-ELF/ });
Build, Lint & Test	UNKNOWN STEP	2025-12-27T20:15:12.7487326Z     > 292 |     await elfButton.click();
Build, Lint & Test	UNKNOWN STEP	2025-12-27T20:15:12.7487589Z           |                     ^
Build, Lint & Test	UNKNOWN STEP	2025-12-27T20:15:12.7487793Z       293 |
Build, Lint & Test	UNKNOWN STEP	2025-12-27T20:15:12.7488173Z       294 |     // Click "COMMENCE OPERATION" on the briefing screen
Build, Lint & Test	UNKNOWN STEP	2025-12-27T20:15:12.7488625Z       295 |     await page.getByRole('button', { name: /COMMENCE OPERATION/i }).click();
Build, Lint & Test	UNKNOWN STEP	2025-12-27T20:15:12.7489286Z         at /home/runner/work/protocol-silent-night/protocol-silent-night/e2e/component-snapshots.spec.ts:292:21
Build, Lint & Test	UNKNOWN STEP	2025-12-27T20:15:12.7489689Z 
Build, Lint & Test	UNKNOWN STEP	2025-12-27T20:15:12.7490169Z     Error Context: test-results/component-snapshots-Compon-57d5b--render-damage-flash-effect-chromium-retry1/error-context.md
Build, Lint & Test	UNKNOWN STEP	2025-12-27T20:15:12.7490662Z 
Build, Lint & Test	UNKNOWN STEP	2025-12-27T20:15:12.7491038Z     attachment #2: trace (application/zip) ─────────────────────────────────────────────────────────
Build, Lint & Test	UNKNOWN STEP	2025-12-27T20:15:12.7491719Z     test-results/component-snapshots-Compon-57d5b--render-damage-flash-effect-chromium-retry1/trace.zip
Build, Lint & Test	UNKNOWN STEP	2025-12-27T20:15:12.7492215Z     Usage:
Build, Lint & Test	UNKNOWN STEP	2025-12-27T20:15:12.7492316Z 
Build, Lint & Test	UNKNOWN STEP	2025-12-27T20:15:12.7492820Z         pnpm exec playwright show-trace test-results/component-snapshots-Compon-57d5b--render-damage-flash-effect-chromium-retry1/trace.zip
Build, Lint & Test	UNKNOWN STEP	2025-12-27T20:15:12.7493350Z 
Build, Lint & Test	UNKNOWN STEP	2025-12-27T20:15:12.7493641Z     ────────────────────────────────────────────────────────────────────────────────────────────────
Build, Lint & Test	UNKNOWN STEP	2025-12-27T20:15:12.7493859Z 
Build, Lint & Test	UNKNOWN STEP	2025-12-27T20:15:12.7494177Z     Retry #2 ───────────────────────────────────────────────────────────────────────────────────────
Build, Lint & Test	UNKNOWN STEP	2025-12-27T20:15:12.7494411Z 
Build, Lint & Test	UNKNOWN STEP	2025-12-27T20:15:12.7494589Z     TimeoutError: locator.click: Timeout 10000ms exceeded.
Build, Lint & Test	UNKNOWN STEP	2025-12-27T20:15:12.7494877Z     Call log:
Build, Lint & Test	UNKNOWN STEP	2025-12-27T20:15:12.7495223Z     [2m  - waiting for getByRole('button', { name: /CYBER-ELF/ })[22m
Build, Lint & Test	UNKNOWN STEP	2025-12-27T20:15:12.7495804Z     [2m    - locator resolved to <button type="button" class="_classCard_1nl30_56">…</button>[22m
Build, Lint & Test	UNKNOWN STEP	2025-12-27T20:15:12.7496264Z     [2m  - attempting click action[22m
Build, Lint & Test	UNKNOWN STEP	2025-12-27T20:15:12.7496684Z     [2m    - waiting for element to be visible, enabled and stable[22m
Build, Lint & Test	UNKNOWN STEP	2025-12-27T20:15:12.7496928Z 
Build, Lint & Test	UNKNOWN STEP	2025-12-27T20:15:12.7496934Z 
Build, Lint & Test	UNKNOWN STEP	2025-12-27T20:15:12.7497008Z       290 |     
Build, Lint & Test	UNKNOWN STEP	2025-12-27T20:15:12.7497340Z       291 |     const elfButton = page.getByRole('button', { name: /CYBER-ELF/ });
Build, Lint & Test	UNKNOWN STEP	2025-12-27T20:15:12.7497723Z     > 292 |     await elfButton.click();
Build, Lint & Test	UNKNOWN STEP	2025-12-27T20:15:12.7498174Z           |                     ^
Build, Lint & Test	UNKNOWN STEP	2025-12-27T20:15:12.7498532Z       293 |
Build, Lint & Test	UNKNOWN STEP	2025-12-27T20:15:12.7498799Z       294 |     // Click "COMMENCE OPERATION" on the briefing screen
Build, Lint & Test	UNKNOWN STEP	2025-12-27T20:15:12.7499263Z       295 |     await page.getByRole('button', { name: /COMMENCE OPERATION/i }).click();
Build, Lint & Test	UNKNOWN STEP	2025-12-27T20:15:12.7499923Z         at /home/runner/work/protocol-silent-night/protocol-silent-night/e2e/component-snapshots.spec.ts:292:21
Build, Lint & Test	UNKNOWN STEP	2025-12-27T20:15:12.7500338Z 
Build, Lint & Test	UNKNOWN STEP	2025-12-27T20:15:12.7500715Z     attachment #1: screenshot (image/png) ──────────────────────────────────────────────────────────
Build, Lint & Test	UNKNOWN STEP	2025-12-27T20:15:12.7501570Z     test-results/component-snapshots-Compon-57d5b--render-damage-flash-effect-chromium-retry2/test-failed-1.png
Build, Lint & Test	UNKNOWN STEP	2025-12-27T20:15:12.7502313Z     ────────────────────────────────────────────────────────────────────────────────────────────────
Build, Lint & Test	UNKNOWN STEP	2025-12-27T20:15:12.7502531Z 
Build, Lint & Test	UNKNOWN STEP	2025-12-27T20:15:12.7503007Z     Error Context: test-results/component-snapshots-Compon-57d5b--render-damage-flash-effect-chromium-retry2/error-context.md
Build, Lint & Test	UNKNOWN STEP	2025-12-27T20:15:12.7503506Z 
Build, Lint & Test	UNKNOWN STEP	2025-12-27T20:15:12.7504034Z   15) [chromium] › e2e/component-snapshots.spec.ts:307:3 › Component Snapshots - UI Overlays › should render kill streak notification 
Build, Lint & Test	UNKNOWN STEP	2025-12-27T20:15:12.7504482Z 
Build, Lint & Test	UNKNOWN STEP	2025-12-27T20:15:12.7504652Z     TimeoutError: locator.click: Timeout 10000ms exceeded.
Build, Lint & Test	UNKNOWN STEP	2025-12-27T20:15:12.7504941Z     Call log:
Build, Lint & Test	UNKNOWN STEP	2025-12-27T20:15:12.7505300Z     [2m  - waiting for getByRole('button', { name: /MECHA-SANTA/ })[22m
Build, Lint & Test	UNKNOWN STEP	2025-12-27T20:15:12.7505891Z     [2m    - locator resolved to <button type="button" class="_classCard_1nl30_56">…</button>[22m
Build, Lint & Test	UNKNOWN STEP	2025-12-27T20:15:12.7506357Z     [2m  - attempting click action[22m
Build, Lint & Test	UNKNOWN STEP	2025-12-27T20:15:12.7506760Z     [2m    - waiting for element to be visible, enabled and stable[22m
Build, Lint & Test	UNKNOWN STEP	2025-12-27T20:15:12.7506996Z 
Build, Lint & Test	UNKNOWN STEP	2025-12-27T20:15:12.7507001Z 
Build, Lint & Test	UNKNOWN STEP	2025-12-27T20:15:12.7507072Z       310 |     
Build, Lint & Test	UNKNOWN STEP	2025-12-27T20:15:12.7507414Z       311 |     const santaButton = page.getByRole('button', { name: /MECHA-SANTA/ });
Build, Lint & Test	UNKNOWN STEP	2025-12-27T20:15:12.7507811Z     > 312 |     await santaButton.click();
Build, Lint & Test	UNKNOWN STEP	2025-12-27T20:15:12.7508211Z           |                       ^
Build, Lint & Test	UNKNOWN STEP	2025-12-27T20:15:12.7508426Z       313 |
Build, Lint & Test	UNKNOWN STEP	2025-12-27T20:15:12.7508691Z       314 |     // Click "COMMENCE OPERATION" on the briefing screen
Build, Lint & Test	UNKNOWN STEP	2025-12-27T20:15:12.7509145Z       315 |     await page.getByRole('button', { name: /COMMENCE OPERATION/i }).click();
Build, Lint & Test	UNKNOWN STEP	2025-12-27T20:15:12.7509800Z         at /home/runner/work/protocol-silent-night/protocol-silent-night/e2e/component-snapshots.spec.ts:312:23
Build, Lint & Test	UNKNOWN STEP	2025-12-27T20:15:12.7510201Z 
Build, Lint & Test	UNKNOWN STEP	2025-12-27T20:15:12.7510570Z     attachment #1: screenshot (image/png) ──────────────────────────────────────────────────────────
Build, Lint & Test	UNKNOWN STEP	2025-12-27T20:15:12.7511257Z     test-results/component-snapshots-Compon-67b49-er-kill-streak-notification-chromium/test-failed-1.png
Build, Lint & Test	UNKNOWN STEP	2025-12-27T20:15:12.7511960Z     ────────────────────────────────────────────────────────────────────────────────────────────────
Build, Lint & Test	UNKNOWN STEP	2025-12-27T20:15:12.7512182Z 
Build, Lint & Test	UNKNOWN STEP	2025-12-27T20:15:12.7512734Z     Error Context: test-results/component-snapshots-Compon-67b49-er-kill-streak-notification-chromium/error-context.md
Build, Lint & Test	UNKNOWN STEP	2025-12-27T20:15:12.7513201Z 
Build, Lint & Test	UNKNOWN STEP	2025-12-27T20:15:12.7513505Z     Retry #1 ───────────────────────────────────────────────────────────────────────────────────────
Build, Lint & Test	UNKNOWN STEP	2025-12-27T20:15:12.7513735Z 
Build, Lint & Test	UNKNOWN STEP	2025-12-27T20:15:12.7513908Z     TimeoutError: locator.click: Timeout 10000ms exceeded.
Build, Lint & Test	UNKNOWN STEP	2025-12-27T20:15:12.7514195Z     Call log:
Build, Lint & Test	UNKNOWN STEP	2025-12-27T20:15:12.7514543Z     [2m  - waiting for getByRole('button', { name: /MECHA-SANTA/ })[22m
Build, Lint & Test	UNKNOWN STEP	2025-12-27T20:15:12.7515129Z     [2m    - locator resolved to <button type="button" class="_classCard_1nl30_56">…</button>[22m
Build, Lint & Test	UNKNOWN STEP	2025-12-27T20:15:12.7515710Z     [2m  - attempting click action[22m
Build, Lint & Test	UNKNOWN STEP	2025-12-27T20:15:12.7516119Z     [2m    - waiting for element to be visible, enabled and stable[22m
Build, Lint & Test	UNKNOWN STEP	2025-12-27T20:15:12.7516540Z     [2m    - element is visible, enabled and stable[22m
Build, Lint & Test	UNKNOWN STEP	2025-12-27T20:15:12.7516894Z     [2m    - scrolling into view if needed[22m
Build, Lint & Test	UNKNOWN STEP	2025-12-27T20:15:12.7517279Z     [2m    - done scrolling[22m
Build, Lint & Test	UNKNOWN STEP	2025-12-27T20:15:12.7517569Z 
Build, Lint & Test	UNKNOWN STEP	2025-12-27T20:15:12.7517589Z 
Build, Lint & Test	UNKNOWN STEP	2025-12-27T20:15:12.7517715Z       310 |     
Build, Lint & Test	UNKNOWN STEP	2025-12-27T20:15:12.7518456Z       311 |     const santaButton = page.getByRole('button', { name: /MECHA-SANTA/ });
Build, Lint & Test	UNKNOWN STEP	2025-12-27T20:15:12.7519178Z     > 312 |     await santaButton.click();
Build, Lint & Test	UNKNOWN STEP	2025-12-27T20:15:12.7519644Z           |                       ^
Build, Lint & Test	UNKNOWN STEP	2025-12-27T20:15:12.7519997Z       313 |
Build, Lint & Test	UNKNOWN STEP	2025-12-27T20:15:12.7520278Z       314 |     // Click "COMMENCE OPERATION" on the briefing screen
Build, Lint & Test	UNKNOWN STEP	2025-12-27T20:15:12.7520739Z       315 |     await page.getByRole('button', { name: /COMMENCE OPERATION/i }).click();
Build, Lint & Test	UNKNOWN STEP	2025-12-27T20:15:12.7521406Z         at /home/runner/work/protocol-silent-night/protocol-silent-night/e2e/component-snapshots.spec.ts:312:23
Build, Lint & Test	UNKNOWN STEP	2025-12-27T20:15:12.7521813Z 
Build, Lint & Test	UNKNOWN STEP	2025-12-27T20:15:12.7522291Z     Error Context: test-results/component-snapshots-Compon-67b49-er-kill-streak-notification-chromium-retry1/error-context.md
Build, Lint & Test	UNKNOWN STEP	2025-12-27T20:15:12.7522792Z 
Build, Lint & Test	UNKNOWN STEP	2025-12-27T20:15:12.7523199Z     attachment #2: trace (application/zip) ─────────────────────────────────────────────────────────
Build, Lint & Test	UNKNOWN STEP	2025-12-27T20:15:12.7523891Z     test-results/component-snapshots-Compon-67b49-er-kill-streak-notification-chromium-retry1/trace.zip
Build, Lint & Test	UNKNOWN STEP	2025-12-27T20:15:12.7524380Z     Usage:
Build, Lint & Test	UNKNOWN STEP	2025-12-27T20:15:12.7524479Z 
Build, Lint & Test	UNKNOWN STEP	2025-12-27T20:15:12.7524992Z         pnpm exec playwright show-trace test-results/component-snapshots-Compon-67b49-er-kill-streak-notification-chromium-retry1/trace.zip
Build, Lint & Test	UNKNOWN STEP	2025-12-27T20:15:12.7525841Z 
Build, Lint & Test	UNKNOWN STEP	2025-12-27T20:15:12.7526376Z     ────────────────────────────────────────────────────────────────────────────────────────────────
Build, Lint & Test	UNKNOWN STEP	2025-12-27T20:15:12.7526767Z 
Build, Lint & Test	UNKNOWN STEP	2025-12-27T20:15:12.7527312Z     Retry #2 ───────────────────────────────────────────────────────────────────────────────────────
Build, Lint & Test	UNKNOWN STEP	2025-12-27T20:15:12.7527715Z 
Build, Lint & Test	UNKNOWN STEP	2025-12-27T20:15:12.7528181Z     TimeoutError: locator.click: Timeout 10000ms exceeded.
Build, Lint & Test	UNKNOWN STEP	2025-12-27T20:15:12.7528686Z     Call log:
Build, Lint & Test	UNKNOWN STEP	2025-12-27T20:15:12.7529310Z     [2m  - waiting for getByRole('button', { name: /MECHA-SANTA/ })[22m
Build, Lint & Test	UNKNOWN STEP	2025-12-27T20:15:12.7530353Z     [2m    - locator resolved to <button type="button" class="_classCard_1nl30_56">…</button>[22m
Build, Lint & Test	UNKNOWN STEP	2025-12-27T20:15:12.7531150Z     [2m  - attempting click action[22m
Build, Lint & Test	UNKNOWN STEP	2025-12-27T20:15:12.7531844Z     [2m    - waiting for element to be visible, enabled and stable[22m
Build, Lint & Test	UNKNOWN STEP	2025-12-27T20:15:12.7532261Z 
Build, Lint & Test	UNKNOWN STEP	2025-12-27T20:15:12.7532269Z 
Build, Lint & Test	UNKNOWN STEP	2025-12-27T20:15:12.7532378Z       310 |     
Build, Lint & Test	UNKNOWN STEP	2025-12-27T20:15:12.7532964Z       311 |     const santaButton = page.getByRole('button', { name: /MECHA-SANTA/ });
Build, Lint & Test	UNKNOWN STEP	2025-12-27T20:15:12.7533636Z     > 312 |     await santaButton.click();
Build, Lint & Test	UNKNOWN STEP	2025-12-27T20:15:12.7534264Z           |                       ^
Build, Lint & Test	UNKNOWN STEP	2025-12-27T20:15:12.7534607Z       313 |
Build, Lint & Test	UNKNOWN STEP	2025-12-27T20:15:12.7535050Z       314 |     // Click "COMMENCE OPERATION" on the briefing screen
Build, Lint & Test	UNKNOWN STEP	2025-12-27T20:15:12.7535834Z       315 |     await page.getByRole('button', { name: /COMMENCE OPERATION/i }).click();
Build, Lint & Test	UNKNOWN STEP	2025-12-27T20:15:12.7537145Z         at /home/runner/work/protocol-silent-night/protocol-silent-night/e2e/component-snapshots.spec.ts:312:23
Build, Lint & Test	UNKNOWN STEP	2025-12-27T20:15:12.7537871Z 
Build, Lint & Test	UNKNOWN STEP	2025-12-27T20:15:12.7538870Z     Error Context: test-results/component-snapshots-Compon-67b49-er-kill-streak-notification-chromium-retry2/error-context.md
Build, Lint & Test	UNKNOWN STEP	2025-12-27T20:15:12.7539746Z 
Build, Lint & Test	UNKNOWN STEP	2025-12-27T20:15:12.7540676Z   16) [chromium] › e2e/full-gameplay.spec.ts:97:3 › Full Gameplay - MECHA-SANTA (Tank Class) › should complete full game loop with Santa 
Build, Lint & Test	UNKNOWN STEP	2025-12-27T20:15:12.7541463Z 
Build, Lint & Test	UNKNOWN STEP	2025-12-27T20:15:12.7541752Z     TimeoutError: locator.click: Timeout 10000ms exceeded.
Build, Lint & Test	UNKNOWN STEP	2025-12-27T20:15:12.7542241Z     Call log:
Build, Lint & Test	UNKNOWN STEP	2025-12-27T20:15:12.7542860Z     [2m  - waiting for getByRole('button', { name: /MECHA-SANTA/ })[22m
Build, Lint & Test	UNKNOWN STEP	2025-12-27T20:15:12.7543933Z     [2m    - locator resolved to <button type="button" class="_classCard_1nl30_56">…</button>[22m
Build, Lint & Test	UNKNOWN STEP	2025-12-27T20:15:12.7544784Z     [2m  - attempting click action[22m
Build, Lint & Test	UNKNOWN STEP	2025-12-27T20:15:12.7545501Z     [2m    - waiting for element to be visible, enabled and stable[22m
Build, Lint & Test	UNKNOWN STEP	2025-12-27T20:15:12.7546310Z     [2m    - element is visible, enabled and stable[22m
Build, Lint & Test	UNKNOWN STEP	2025-12-27T20:15:12.7546954Z     [2m    - scrolling into view if needed[22m
Build, Lint & Test	UNKNOWN STEP	2025-12-27T20:15:12.7547484Z     [2m    - done scrolling[22m
Build, Lint & Test	UNKNOWN STEP	2025-12-27T20:15:12.7548104Z     [2m    - performing click action[22m
Build, Lint & Test	UNKNOWN STEP	2025-12-27T20:15:12.7548391Z 
Build, Lint & Test	UNKNOWN STEP	2025-12-27T20:15:12.7548399Z 
Build, Lint & Test	UNKNOWN STEP	2025-12-27T20:15:12.7548795Z       106 |     const santaButton = page.getByRole('button', { name: /MECHA-SANTA/ });
Build, Lint & Test	UNKNOWN STEP	2025-12-27T20:15:12.7549487Z       107 |     await expect(santaButton).toBeVisible();
Build, Lint & Test	UNKNOWN STEP	2025-12-27T20:15:12.7549988Z     > 108 |     await santaButton.click();
Build, Lint & Test	UNKNOWN STEP	2025-12-27T20:15:12.7550425Z           |                       ^
Build, Lint & Test	UNKNOWN STEP	2025-12-27T20:15:12.7550770Z       109 |
Build, Lint & Test	UNKNOWN STEP	2025-12-27T20:15:12.7551186Z       110 |     // Click "COMMENCE OPERATION" on the briefing screen
Build, Lint & Test	UNKNOWN STEP	2025-12-27T20:15:12.7551997Z       111 |     const commenceButton = page.getByRole('button', { name: /COMMENCE OPERATION/i });
Build, Lint & Test	UNKNOWN STEP	2025-12-27T20:15:12.7553097Z         at /home/runner/work/protocol-silent-night/protocol-silent-night/e2e/full-gameplay.spec.ts:108:23
Build, Lint & Test	UNKNOWN STEP	2025-12-27T20:15:12.7553732Z 
Build, Lint & Test	UNKNOWN STEP	2025-12-27T20:15:12.7554355Z     attachment #1: screenshot (image/png) ──────────────────────────────────────────────────────────
Build, Lint & Test	UNKNOWN STEP	2025-12-27T20:15:12.7555523Z     test-results/full-gameplay-Full-Gamepla-aec3d-e-full-game-loop-with-Santa-chromium/test-failed-1.png
Build, Lint & Test	UNKNOWN STEP	2025-12-27T20:15:12.7556761Z     ────────────────────────────────────────────────────────────────────────────────────────────────
Build, Lint & Test	UNKNOWN STEP	2025-12-27T20:15:12.7557141Z 
Build, Lint & Test	UNKNOWN STEP	2025-12-27T20:15:12.7558046Z     Error Context: test-results/full-gameplay-Full-Gamepla-aec3d-e-full-game-loop-with-Santa-chromium/error-context.md
Build, Lint & Test	UNKNOWN STEP	2025-12-27T20:15:12.7558908Z 
Build, Lint & Test	UNKNOWN STEP	2025-12-27T20:15:12.7559419Z     Retry #1 ───────────────────────────────────────────────────────────────────────────────────────
Build, Lint & Test	UNKNOWN STEP	2025-12-27T20:15:12.7559833Z 
Build, Lint & Test	UNKNOWN STEP	2025-12-27T20:15:12.7560119Z     [31mTest timeout of 30000ms exceeded.[39m
Build, Lint & Test	UNKNOWN STEP	2025-12-27T20:15:12.7560422Z 
Build, Lint & Test	UNKNOWN STEP	2025-12-27T20:15:12.7560694Z     TimeoutError: locator.click: Timeout 10000ms exceeded.
Build, Lint & Test	UNKNOWN STEP	2025-12-27T20:15:12.7561355Z     Call log:
Build, Lint & Test	UNKNOWN STEP	2025-12-27T20:15:12.7562020Z     [2m  - waiting for getByRole('button', { name: /MECHA-SANTA/ })[22m
Build, Lint & Test	UNKNOWN STEP	2025-12-27T20:15:12.7563075Z     [2m    - locator resolved to <button type="button" class="_classCard_1nl30_56">…</button>[22m
Build, Lint & Test	UNKNOWN STEP	2025-12-27T20:15:12.7563891Z     [2m  - attempting click action[22m
Build, Lint & Test	UNKNOWN STEP	2025-12-27T20:15:12.7564624Z     [2m    - waiting for element to be visible, enabled and stable[22m
Build, Lint & Test	UNKNOWN STEP	2025-12-27T20:15:12.7565383Z     [2m    - element is visible, enabled and stable[22m
Build, Lint & Test	UNKNOWN STEP	2025-12-27T20:15:12.7566241Z     [2m    - scrolling into view if needed[22m
Build, Lint & Test	UNKNOWN STEP	2025-12-27T20:15:12.7566796Z     [2m    - done scrolling[22m
Build, Lint & Test	UNKNOWN STEP	2025-12-27T20:15:12.7567333Z     [2m    - performing click action[22m
Build, Lint & Test	UNKNOWN STEP	2025-12-27T20:15:12.7567645Z 
Build, Lint & Test	UNKNOWN STEP	2025-12-27T20:15:12.7567653Z 
Build, Lint & Test	UNKNOWN STEP	2025-12-27T20:15:12.7568232Z       106 |     const santaButton = page.getByRole('button', { name: /MECHA-SANTA/ });
Build, Lint & Test	UNKNOWN STEP	2025-12-27T20:15:12.7568992Z       107 |     await expect(santaButton).toBeVisible();
Build, Lint & Test	UNKNOWN STEP	2025-12-27T20:15:12.7569546Z     > 108 |     await santaButton.click();
Build, Lint & Test	UNKNOWN STEP	2025-12-27T20:15:12.7570002Z           |                       ^
Build, Lint & Test	UNKNOWN STEP	2025-12-27T20:15:12.7570372Z       109 |
Build, Lint & Test	UNKNOWN STEP	2025-12-27T20:15:12.7570830Z       110 |     // Click "COMMENCE OPERATION" on the briefing screen
Build, Lint & Test	UNKNOWN STEP	2025-12-27T20:15:12.7571710Z       111 |     const commenceButton = page.getByRole('button', { name: /COMMENCE OPERATION/i });
Build, Lint & Test	UNKNOWN STEP	2025-12-27T20:15:12.7572911Z         at /home/runner/work/protocol-silent-night/protocol-silent-night/e2e/full-gameplay.spec.ts:108:23
Build, Lint & Test	UNKNOWN STEP	2025-12-27T20:15:12.7573560Z 
Build, Lint & Test	UNKNOWN STEP	2025-12-27T20:15:12.7574450Z     Error Context: test-results/full-gameplay-Full-Gamepla-aec3d-e-full-game-loop-with-Santa-chromium-retry1/error-context.md
Build, Lint & Test	UNKNOWN STEP	2025-12-27T20:15:12.7575374Z 
Build, Lint & Test	UNKNOWN STEP	2025-12-27T20:15:12.7576050Z     attachment #2: trace (application/zip) ─────────────────────────────────────────────────────────
Build, Lint & Test	UNKNOWN STEP	2025-12-27T20:15:12.7577218Z     test-results/full-gameplay-Full-Gamepla-aec3d-e-full-game-loop-with-Santa-chromium-retry1/trace.zip
Build, Lint & Test	UNKNOWN STEP	2025-12-27T20:15:12.7577848Z     Usage:
Build, Lint & Test	UNKNOWN STEP	2025-12-27T20:15:12.7578133Z 
Build, Lint & Test	UNKNOWN STEP	2025-12-27T20:15:12.7578710Z         pnpm exec playwright show-trace test-results/full-gameplay-Full-Gamepla-aec3d-e-full-game-loop-with-Santa-chromium-retry1/trace.zip
Build, Lint & Test	UNKNOWN STEP	2025-12-27T20:15:12.7579255Z 
Build, Lint & Test	UNKNOWN STEP	2025-12-27T20:15:12.7579576Z     ────────────────────────────────────────────────────────────────────────────────────────────────
Build, Lint & Test	UNKNOWN STEP	2025-12-27T20:15:12.7579796Z 
Build, Lint & Test	UNKNOWN STEP	2025-12-27T20:15:12.7580100Z     Retry #2 ───────────────────────────────────────────────────────────────────────────────────────
Build, Lint & Test	UNKNOWN STEP	2025-12-27T20:15:12.7580521Z 
Build, Lint & Test	UNKNOWN STEP	2025-12-27T20:15:12.7580829Z     TimeoutError: locator.click: Timeout 10000ms exceeded.
Build, Lint & Test	UNKNOWN STEP	2025-12-27T20:15:12.7581350Z     Call log:
Build, Lint & Test	UNKNOWN STEP	2025-12-27T20:15:12.7581997Z     [2m  - waiting for getByRole('button', { name: /MECHA-SANTA/ })[22m
Build, Lint & Test	UNKNOWN STEP	2025-12-27T20:15:12.7582783Z     [2m    - locator resolved to <button type="button" class="_classCard_1nl30_56">…</button>[22m
Build, Lint & Test	UNKNOWN STEP	2025-12-27T20:15:12.7583250Z     [2m  - attempting click action[22m
Build, Lint & Test	UNKNOWN STEP	2025-12-27T20:15:12.7583675Z     [2m    - waiting for element to be visible, enabled and stable[22m
Build, Lint & Test	UNKNOWN STEP	2025-12-27T20:15:12.7584105Z     [2m    - element is visible, enabled and stable[22m
Build, Lint & Test	UNKNOWN STEP	2025-12-27T20:15:12.7584480Z     [2m    - scrolling into view if needed[22m
Build, Lint & Test	UNKNOWN STEP	2025-12-27T20:15:12.7584806Z     [2m    - done scrolling[22m
Build, Lint & Test	UNKNOWN STEP	2025-12-27T20:15:12.7585117Z     [2m    - performing click action[22m
Build, Lint & Test	UNKNOWN STEP	2025-12-27T20:15:12.7585293Z 
Build, Lint & Test	UNKNOWN STEP	2025-12-27T20:15:12.7585298Z 
Build, Lint & Test	UNKNOWN STEP	2025-12-27T20:15:12.7585538Z       106 |     const santaButton = page.getByRole('button', { name: /MECHA-SANTA/ });
Build, Lint & Test	UNKNOWN STEP	2025-12-27T20:15:12.7586129Z       107 |     await expect(santaButton).toBeVisible();
Build, Lint & Test	UNKNOWN STEP	2025-12-27T20:15:12.7586443Z     > 108 |     await santaButton.click();
Build, Lint & Test	UNKNOWN STEP	2025-12-27T20:15:12.7586710Z           |                       ^
Build, Lint & Test	UNKNOWN STEP	2025-12-27T20:15:12.7586929Z       109 |
Build, Lint & Test	UNKNOWN STEP	2025-12-27T20:15:12.7587193Z       110 |     // Click "COMMENCE OPERATION" on the briefing screen
Build, Lint & Test	UNKNOWN STEP	2025-12-27T20:15:12.7587687Z       111 |     const commenceButton = page.getByRole('button', { name: /COMMENCE OPERATION/i });
Build, Lint & Test	UNKNOWN STEP	2025-12-27T20:15:12.7588989Z         at /home/runner/work/protocol-silent-night/protocol-silent-night/e2e/full-gameplay.spec.ts:108:23
Build, Lint & Test	UNKNOWN STEP	2025-12-27T20:15:12.7589636Z 
Build, Lint & Test	UNKNOWN STEP	2025-12-27T20:15:12.7590470Z     Error Context: test-results/full-gameplay-Full-Gamepla-aec3d-e-full-game-loop-with-Santa-chromium-retry2/error-context.md
Build, Lint & Test	UNKNOWN STEP	2025-12-27T20:15:12.7591319Z 
Build, Lint & Test	UNKNOWN STEP	2025-12-27T20:15:12.7592196Z   17) [chromium] › e2e/full-gameplay.spec.ts:127:3 › Full Gameplay - MECHA-SANTA (Tank Class) › should have correct Santa stats and weapon 
Build, Lint & Test	UNKNOWN STEP	2025-12-27T20:15:12.7592961Z 
Build, Lint & Test	UNKNOWN STEP	2025-12-27T20:15:12.7593189Z     TimeoutError: locator.click: Timeout 10000ms exceeded.
Build, Lint & Test	UNKNOWN STEP	2025-12-27T20:15:12.7593489Z     Call log:
Build, Lint & Test	UNKNOWN STEP	2025-12-27T20:15:12.7593868Z     [2m  - waiting for getByRole('button', { name: /MECHA-SANTA/ })[22m
Build, Lint & Test	UNKNOWN STEP	2025-12-27T20:15:12.7594466Z     [2m    - locator resolved to <button type="button" class="_classCard_1nl30_56">…</button>[22m
Build, Lint & Test	UNKNOWN STEP	2025-12-27T20:15:12.7594774Z 
Build, Lint & Test	UNKNOWN STEP	2025-12-27T20:15:12.7594786Z 
Build, Lint & Test	UNKNOWN STEP	2025-12-27T20:15:12.7594931Z       129 |     await page.waitForTimeout(2000);
Build, Lint & Test	UNKNOWN STEP	2025-12-27T20:15:12.7595199Z       130 |
Build, Lint & Test	UNKNOWN STEP	2025-12-27T20:15:12.7595510Z     > 131 |     await page.getByRole('button', { name: /MECHA-SANTA/ }).click();
Build, Lint & Test	UNKNOWN STEP	2025-12-27T20:15:12.7605453Z           |                                                             ^
Build, Lint & Test	UNKNOWN STEP	2025-12-27T20:15:12.7605734Z       132 |
Build, Lint & Test	UNKNOWN STEP	2025-12-27T20:15:12.7606026Z       133 |     // Click "COMMENCE OPERATION" on the briefing screen
Build, Lint & Test	UNKNOWN STEP	2025-12-27T20:15:12.7606506Z       134 |     await page.getByRole('button', { name: /COMMENCE OPERATION/i }).click();
Build, Lint & Test	UNKNOWN STEP	2025-12-27T20:15:12.7607176Z         at /home/runner/work/protocol-silent-night/protocol-silent-night/e2e/full-gameplay.spec.ts:131:61
Build, Lint & Test	UNKNOWN STEP	2025-12-27T20:15:12.7607568Z 
Build, Lint & Test	UNKNOWN STEP	2025-12-27T20:15:12.7608250Z     Error Context: test-results/full-gameplay-Full-Gamepla-4b4a4-rect-Santa-stats-and-weapon-chromium/error-context.md
Build, Lint & Test	UNKNOWN STEP	2025-12-27T20:15:12.7609103Z 
Build, Lint & Test	UNKNOWN STEP	2025-12-27T20:15:12.7609479Z     Retry #1 ───────────────────────────────────────────────────────────────────────────────────────
Build, Lint & Test	UNKNOWN STEP	2025-12-27T20:15:12.7609740Z 
Build, Lint & Test	UNKNOWN STEP	2025-12-27T20:15:12.7609917Z     TimeoutError: locator.click: Timeout 10000ms exceeded.
Build, Lint & Test	UNKNOWN STEP	2025-12-27T20:15:12.7610215Z     Call log:
Build, Lint & Test	UNKNOWN STEP	2025-12-27T20:15:12.7610592Z     [2m  - waiting for getByRole('button', { name: /MECHA-SANTA/ })[22m
Build, Lint & Test	UNKNOWN STEP	2025-12-27T20:15:12.7611194Z     [2m    - locator resolved to <button type="button" class="_classCard_1nl30_56">…</button>[22m
Build, Lint & Test	UNKNOWN STEP	2025-12-27T20:15:12.7611666Z     [2m  - attempting click action[22m
Build, Lint & Test	UNKNOWN STEP	2025-12-27T20:15:12.7612082Z     [2m    - waiting for element to be visible, enabled and stable[22m
Build, Lint & Test	UNKNOWN STEP	2025-12-27T20:15:12.7612518Z     [2m    - element is visible, enabled and stable[22m
Build, Lint & Test	UNKNOWN STEP	2025-12-27T20:15:12.7612880Z     [2m    - scrolling into view if needed[22m
Build, Lint & Test	UNKNOWN STEP	2025-12-27T20:15:12.7613195Z     [2m    - done scrolling[22m
Build, Lint & Test	UNKNOWN STEP	2025-12-27T20:15:12.7613355Z 
Build, Lint & Test	UNKNOWN STEP	2025-12-27T20:15:12.7613361Z 
Build, Lint & Test	UNKNOWN STEP	2025-12-27T20:15:12.7613496Z       129 |     await page.waitForTimeout(2000);
Build, Lint & Test	UNKNOWN STEP	2025-12-27T20:15:12.7613755Z       130 |
Build, Lint & Test	UNKNOWN STEP	2025-12-27T20:15:12.7614079Z     > 131 |     await page.getByRole('button', { name: /MECHA-SANTA/ }).click();
Build, Lint & Test	UNKNOWN STEP	2025-12-27T20:15:12.7614470Z           |                                                             ^
Build, Lint & Test	UNKNOWN STEP	2025-12-27T20:15:12.7614710Z       132 |
Build, Lint & Test	UNKNOWN STEP	2025-12-27T20:15:12.7614973Z       133 |     // Click "COMMENCE OPERATION" on the briefing screen
Build, Lint & Test	UNKNOWN STEP	2025-12-27T20:15:12.7615426Z       134 |     await page.getByRole('button', { name: /COMMENCE OPERATION/i }).click();
Build, Lint & Test	UNKNOWN STEP	2025-12-27T20:15:12.7616055Z         at /home/runner/work/protocol-silent-night/protocol-silent-night/e2e/full-gameplay.spec.ts:131:61
Build, Lint & Test	UNKNOWN STEP	2025-12-27T20:15:12.7616613Z 
Build, Lint & Test	UNKNOWN STEP	2025-12-27T20:15:12.7617088Z     Error Context: test-results/full-gameplay-Full-Gamepla-4b4a4-rect-Santa-stats-and-weapon-chromium-retry1/error-context.md
Build, Lint & Test	UNKNOWN STEP	2025-12-27T20:15:12.7617579Z 
Build, Lint & Test	UNKNOWN STEP	2025-12-27T20:15:12.7618167Z     attachment #2: trace (application/zip) ─────────────────────────────────────────────────────────
Build, Lint & Test	UNKNOWN STEP	2025-12-27T20:15:12.7618887Z     test-results/full-gameplay-Full-Gamepla-4b4a4-rect-Santa-stats-and-weapon-chromium-retry1/trace.zip
Build, Lint & Test	UNKNOWN STEP	2025-12-27T20:15:12.7619520Z     Usage:
Build, Lint & Test	UNKNOWN STEP	2025-12-27T20:15:12.7619630Z 
Build, Lint & Test	UNKNOWN STEP	2025-12-27T20:15:12.7620141Z         pnpm exec playwright show-trace test-results/full-gameplay-Full-Gamepla-4b4a4-rect-Santa-stats-and-weapon-chromium-retry1/trace.zip
Build, Lint & Test	UNKNOWN STEP	2025-12-27T20:15:12.7620660Z 
Build, Lint & Test	UNKNOWN STEP	2025-12-27T20:15:12.7620971Z     ────────────────────────────────────────────────────────────────────────────────────────────────
Build, Lint & Test	UNKNOWN STEP	2025-12-27T20:15:12.7621193Z 
Build, Lint & Test	UNKNOWN STEP	2025-12-27T20:15:12.7621499Z     Retry #2 ───────────────────────────────────────────────────────────────────────────────────────
Build, Lint & Test	UNKNOWN STEP	2025-12-27T20:15:12.7621744Z 
Build, Lint & Test	UNKNOWN STEP	2025-12-27T20:15:12.7621929Z     TimeoutError: locator.click: Timeout 10000ms exceeded.
Build, Lint & Test	UNKNOWN STEP	2025-12-27T20:15:12.7622228Z     Call log:
Build, Lint & Test	UNKNOWN STEP	2025-12-27T20:15:12.7622500Z     [2m  - waiting for getByRole('button', { name: /MECHA-SANTA/ })[22m
Build, Lint & Test	UNKNOWN STEP	2025-12-27T20:15:12.7622845Z     [2m    - locator resolved to <button type="button" class="_classCard_1nl30_56">…</button>[22m
Build, Lint & Test	UNKNOWN STEP	2025-12-27T20:15:12.7623007Z     [2m  - attempting click action[22m
Build, Lint & Test	UNKNOWN STEP	2025-12-27T20:15:12.7623260Z     [2m    - waiting for element to be visible, enabled and stable[22m
Build, Lint & Test	UNKNOWN STEP	2025-12-27T20:15:12.7623267Z 
Build, Lint & Test	UNKNOWN STEP	2025-12-27T20:15:12.7623272Z 
Build, Lint & Test	UNKNOWN STEP	2025-12-27T20:15:12.7623411Z       129 |     await page.waitForTimeout(2000);
Build, Lint & Test	UNKNOWN STEP	2025-12-27T20:15:12.7623481Z       130 |
Build, Lint & Test	UNKNOWN STEP	2025-12-27T20:15:12.7623700Z     > 131 |     await page.getByRole('button', { name: /MECHA-SANTA/ }).click();
Build, Lint & Test	UNKNOWN STEP	2025-12-27T20:15:12.7623828Z           |                                                             ^
Build, Lint & Test	UNKNOWN STEP	2025-12-27T20:15:12.7623900Z       132 |
Build, Lint & Test	UNKNOWN STEP	2025-12-27T20:15:12.7624079Z       133 |     // Click "COMMENCE OPERATION" on the briefing screen
Build, Lint & Test	UNKNOWN STEP	2025-12-27T20:15:12.7624324Z       134 |     await page.getByRole('button', { name: /COMMENCE OPERATION/i }).click();
Build, Lint & Test	UNKNOWN STEP	2025-12-27T20:15:12.7624679Z         at /home/runner/work/protocol-silent-night/protocol-silent-night/e2e/full-gameplay.spec.ts:131:61
Build, Lint & Test	UNKNOWN STEP	2025-12-27T20:15:12.7624685Z 
Build, Lint & Test	UNKNOWN STEP	2025-12-27T20:15:12.7625166Z     Error Context: test-results/full-gameplay-Full-Gamepla-4b4a4-rect-Santa-stats-and-weapon-chromium-retry2/error-context.md
Build, Lint & Test	UNKNOWN STEP	2025-12-27T20:15:12.7625174Z 
Build, Lint & Test	UNKNOWN STEP	2025-12-27T20:15:12.7625675Z   18) [chromium] › e2e/full-gameplay.spec.ts:153:3 › Full Gameplay - MECHA-SANTA (Tank Class) › should survive longer due to high HP 
Build, Lint & Test	UNKNOWN STEP	2025-12-27T20:15:12.7625682Z 
Build, Lint & Test	UNKNOWN STEP	2025-12-27T20:15:12.7625856Z     TimeoutError: locator.click: Timeout 10000ms exceeded.
Build, Lint & Test	UNKNOWN STEP	2025-12-27T20:15:12.7625930Z     Call log:
Build, Lint & Test	UNKNOWN STEP	2025-12-27T20:15:12.7626183Z     [2m  - waiting for getByRole('button', { name: /MECHA-SANTA/ })[22m
Build, Lint & Test	UNKNOWN STEP	2025-12-27T20:15:12.7626525Z     [2m    - locator resolved to <button type="button" class="_classCard_1nl30_56">…</button>[22m
Build, Lint & Test	UNKNOWN STEP	2025-12-27T20:15:12.7626685Z     [2m  - attempting click action[22m
Build, Lint & Test	UNKNOWN STEP	2025-12-27T20:15:12.7626927Z     [2m    - waiting for element to be visible, enabled and stable[22m
Build, Lint & Test	UNKNOWN STEP	2025-12-27T20:15:12.7626935Z 
Build, Lint & Test	UNKNOWN STEP	2025-12-27T20:15:12.7626939Z 
Build, Lint & Test	UNKNOWN STEP	2025-12-27T20:15:12.7627069Z       155 |     await page.waitForTimeout(2000);
Build, Lint & Test	UNKNOWN STEP	2025-12-27T20:15:12.7627143Z       156 |
Build, Lint & Test	UNKNOWN STEP	2025-12-27T20:15:12.7627440Z     > 157 |     await page.getByRole('button', { name: /MECHA-SANTA/ }).click();
Build, Lint & Test	UNKNOWN STEP	2025-12-27T20:15:12.7627585Z           |                                                             ^
Build, Lint & Test	UNKNOWN STEP	2025-12-27T20:15:12.7627652Z       158 |
Build, Lint & Test	UNKNOWN STEP	2025-12-27T20:15:12.7627827Z       159 |     // Click "COMMENCE OPERATION" on the briefing screen
Build, Lint & Test	UNKNOWN STEP	2025-12-27T20:15:12.7628324Z       160 |     await page.getByRole('button', { name: /COMMENCE OPERATION/i }).click();
Build, Lint & Test	UNKNOWN STEP	2025-12-27T20:15:12.7628704Z         at /home/runner/work/protocol-silent-night/protocol-silent-night/e2e/full-gameplay.spec.ts:157:61
Build, Lint & Test	UNKNOWN STEP	2025-12-27T20:15:12.7628865Z 
Build, Lint & Test	UNKNOWN STEP	2025-12-27T20:15:12.7629308Z     Error Context: test-results/full-gameplay-Full-Gamepla-68242-rvive-longer-due-to-high-HP-chromium/error-context.md
Build, Lint & Test	UNKNOWN STEP	2025-12-27T20:15:12.7629316Z 
Build, Lint & Test	UNKNOWN STEP	2025-12-27T20:15:12.7629646Z     Retry #1 ───────────────────────────────────────────────────────────────────────────────────────
Build, Lint & Test	UNKNOWN STEP	2025-12-27T20:15:12.7629654Z 
Build, Lint & Test	UNKNOWN STEP	2025-12-27T20:15:12.7629822Z     TimeoutError: locator.click: Timeout 10000ms exceeded.
Build, Lint & Test	UNKNOWN STEP	2025-12-27T20:15:12.7629909Z     Call log:
Build, Lint & Test	UNKNOWN STEP	2025-12-27T20:15:12.7630170Z     [2m  - waiting for getByRole('button', { name: /MECHA-SANTA/ })[22m
Build, Lint & Test	UNKNOWN STEP	2025-12-27T20:15:12.7630518Z     [2m    - locator resolved to <button type="button" class="_classCard_1nl30_56">…</button>[22m
Build, Lint & Test	UNKNOWN STEP	2025-12-27T20:15:12.7630674Z     [2m  - attempting click action[22m
Build, Lint & Test	UNKNOWN STEP	2025-12-27T20:15:12.7630923Z     [2m    - waiting for element to be visible, enabled and stable[22m
Build, Lint & Test	UNKNOWN STEP	2025-12-27T20:15:12.7631114Z     [2m    - element is visible, enabled and stable[22m
Build, Lint & Test	UNKNOWN STEP	2025-12-27T20:15:12.7631288Z     [2m    - scrolling into view if needed[22m
Build, Lint & Test	UNKNOWN STEP	2025-12-27T20:15:12.7631433Z     [2m    - done scrolling[22m
Build, Lint & Test	UNKNOWN STEP	2025-12-27T20:15:12.7631587Z     [2m    - performing click action[22m
Build, Lint & Test	UNKNOWN STEP	2025-12-27T20:15:12.7631594Z 
Build, Lint & Test	UNKNOWN STEP	2025-12-27T20:15:12.7631600Z 
Build, Lint & Test	UNKNOWN STEP	2025-12-27T20:15:12.7631731Z       155 |     await page.waitForTimeout(2000);
Build, Lint & Test	UNKNOWN STEP	2025-12-27T20:15:12.7631798Z       156 |
Build, Lint & Test	UNKNOWN STEP	2025-12-27T20:15:12.7632016Z     > 157 |     await page.getByRole('button', { name: /MECHA-SANTA/ }).click();
Build, Lint & Test	UNKNOWN STEP	2025-12-27T20:15:12.7632150Z           |                                                             ^
Build, Lint & Test	UNKNOWN STEP	2025-12-27T20:15:12.7632222Z       158 |
Build, Lint & Test	UNKNOWN STEP	2025-12-27T20:15:12.7632391Z       159 |     // Click "COMMENCE OPERATION" on the briefing screen
Build, Lint & Test	UNKNOWN STEP	2025-12-27T20:15:12.7632634Z       160 |     await page.getByRole('button', { name: /COMMENCE OPERATION/i }).click();
Build, Lint & Test	UNKNOWN STEP	2025-12-27T20:15:12.7632983Z         at /home/runner/work/protocol-silent-night/protocol-silent-night/e2e/full-gameplay.spec.ts:157:61
Build, Lint & Test	UNKNOWN STEP	2025-12-27T20:15:12.7632990Z 
Build, Lint & Test	UNKNOWN STEP	2025-12-27T20:15:12.7633464Z     Error Context: test-results/full-gameplay-Full-Gamepla-68242-rvive-longer-due-to-high-HP-chromium-retry1/error-context.md
Build, Lint & Test	UNKNOWN STEP	2025-12-27T20:15:12.7633471Z 
Build, Lint & Test	UNKNOWN STEP	2025-12-27T20:15:12.7633832Z     attachment #2: trace (application/zip) ─────────────────────────────────────────────────────────
Build, Lint & Test	UNKNOWN STEP	2025-12-27T20:15:12.7634219Z     test-results/full-gameplay-Full-Gamepla-68242-rvive-longer-due-to-high-HP-chromium-retry1/trace.zip
Build, Lint & Test	UNKNOWN STEP	2025-12-27T20:15:12.7634289Z     Usage:
Build, Lint & Test	UNKNOWN STEP	2025-12-27T20:15:12.7634303Z 
Build, Lint & Test	UNKNOWN STEP	2025-12-27T20:15:12.7634820Z         pnpm exec playwright show-trace test-results/full-gameplay-Full-Gamepla-68242-rvive-longer-due-to-high-HP-chromium-retry1/trace.zip
Build, Lint & Test	UNKNOWN STEP	2025-12-27T20:15:12.7634827Z 
Build, Lint & Test	UNKNOWN STEP	2025-12-27T20:15:12.7635116Z     ────────────────────────────────────────────────────────────────────────────────────────────────
Build, Lint & Test	UNKNOWN STEP	2025-12-27T20:15:12.7635123Z 
Build, Lint & Test	UNKNOWN STEP	2025-12-27T20:15:12.7635423Z     Retry #2 ───────────────────────────────────────────────────────────────────────────────────────
Build, Lint & Test	UNKNOWN STEP	2025-12-27T20:15:12.7635429Z 
Build, Lint & Test	UNKNOWN STEP	2025-12-27T20:15:12.7635690Z     TimeoutError: locator.click: Timeout 10000ms exceeded.
Build, Lint & Test	UNKNOWN STEP	2025-12-27T20:15:12.7635768Z     Call log:
Build, Lint & Test	UNKNOWN STEP	2025-12-27T20:15:12.7636023Z     [2m  - waiting for getByRole('button', { name: /MECHA-SANTA/ })[22m
Build, Lint & Test	UNKNOWN STEP	2025-12-27T20:15:12.7636365Z     [2m    - locator resolved to <button type="button" class="_classCard_1nl30_56">…</button>[22m
Build, Lint & Test	UNKNOWN STEP	2025-12-27T20:15:12.7636516Z     [2m  - attempting click action[22m
Build, Lint & Test	UNKNOWN STEP	2025-12-27T20:15:12.7636867Z     [2m    - waiting for element to be visible, enabled and stable[22m
Build, Lint & Test	UNKNOWN STEP	2025-12-27T20:15:12.7636880Z 
Build, Lint & Test	UNKNOWN STEP	2025-12-27T20:15:12.7636885Z 
Build, Lint & Test	UNKNOWN STEP	2025-12-27T20:15:12.7637013Z       155 |     await page.waitForTimeout(2000);
Build, Lint & Test	UNKNOWN STEP	2025-12-27T20:15:12.7637081Z       156 |
Build, Lint & Test	UNKNOWN STEP	2025-12-27T20:15:12.7637297Z     > 157 |     await page.getByRole('button', { name: /MECHA-SANTA/ }).click();
Build, Lint & Test	UNKNOWN STEP	2025-12-27T20:15:12.7637423Z           |                                                             ^
Build, Lint & Test	UNKNOWN STEP	2025-12-27T20:15:12.7637500Z       158 |
Build, Lint & Test	UNKNOWN STEP	2025-12-27T20:15:12.7637666Z       159 |     // Click "COMMENCE OPERATION" on the briefing screen
Build, Lint & Test	UNKNOWN STEP	2025-12-27T20:15:12.7638028Z       160 |     await page.getByRole('button', { name: /COMMENCE OPERATION/i }).click();
Build, Lint & Test	UNKNOWN STEP	2025-12-27T20:15:12.7638483Z         at /home/runner/work/protocol-silent-night/protocol-silent-night/e2e/full-gameplay.spec.ts:157:61
Build, Lint & Test	UNKNOWN STEP	2025-12-27T20:15:12.7638496Z 
Build, Lint & Test	UNKNOWN STEP	2025-12-27T20:15:12.7638906Z     attachment #1: screenshot (image/png) ──────────────────────────────────────────────────────────
Build, Lint & Test	UNKNOWN STEP	2025-12-27T20:15:12.7639373Z     test-results/full-gameplay-Full-Gamepla-68242-rvive-longer-due-to-high-HP-chromium-retry2/test-failed-1.png
Build, Lint & Test	UNKNOWN STEP	2025-12-27T20:15:12.7639675Z     ────────────────────────────────────────────────────────────────────────────────────────────────
Build, Lint & Test	UNKNOWN STEP	2025-12-27T20:15:12.7639681Z 
Build, Lint & Test	UNKNOWN STEP	2025-12-27T20:15:12.7640157Z     Error Context: test-results/full-gameplay-Full-Gamepla-68242-rvive-longer-due-to-high-HP-chromium-retry2/error-context.md
Build, Lint & Test	UNKNOWN STEP	2025-12-27T20:15:12.7640163Z 
Build, Lint & Test	UNKNOWN STEP	2025-12-27T20:15:12.7640697Z   19) [chromium] › e2e/full-gameplay.spec.ts:181:3 › Full Gameplay - MECHA-SANTA (Tank Class) › should trigger game over when HP reaches 0 
Build, Lint & Test	UNKNOWN STEP	2025-12-27T20:15:12.7640716Z 
Build, Lint & Test	UNKNOWN STEP	2025-12-27T20:15:12.7640887Z     TimeoutError: locator.click: Timeout 10000ms exceeded.
Build, Lint & Test	UNKNOWN STEP	2025-12-27T20:15:12.7640965Z     Call log:
Build, Lint & Test	UNKNOWN STEP	2025-12-27T20:15:12.7641220Z     [2m  - waiting for getByRole('button', { name: /MECHA-SANTA/ })[22m
Build, Lint & Test	UNKNOWN STEP	2025-12-27T20:15:12.7641567Z     [2m    - locator resolved to <button type="button" class="_classCard_1nl30_56">…</button>[22m
Build, Lint & Test	UNKNOWN STEP	2025-12-27T20:15:12.7641734Z     [2m  - attempting click action[22m
Build, Lint & Test	UNKNOWN STEP	2025-12-27T20:15:12.7641992Z     [2m    - waiting for element to be visible, enabled and stable[22m
Build, Lint & Test	UNKNOWN STEP	2025-12-27T20:15:12.7641998Z 
Build, Lint & Test	UNKNOWN STEP	2025-12-27T20:15:12.7642003Z 
Build, Lint & Test	UNKNOWN STEP	2025-12-27T20:15:12.7642137Z       183 |     await page.waitForTimeout(2000);
Build, Lint & Test	UNKNOWN STEP	2025-12-27T20:15:12.7642210Z       184 |
Build, Lint & Test	UNKNOWN STEP	2025-12-27T20:15:12.7642425Z     > 185 |     await page.getByRole('button', { name: /MECHA-SANTA/ }).click();
Build, Lint & Test	UNKNOWN STEP	2025-12-27T20:15:12.7642560Z           |                                                             ^
Build, Lint & Test	UNKNOWN STEP	2025-12-27T20:15:12.7642632Z       186 |
Build, Lint & Test	UNKNOWN STEP	2025-12-27T20:15:12.7642803Z       187 |     // Click "COMMENCE OPERATION" on the briefing screen
Build, Lint & Test	UNKNOWN STEP	2025-12-27T20:15:12.7643051Z       188 |     await page.getByRole('button', { name: /COMMENCE OPERATION/i }).click();
Build, Lint & Test	UNKNOWN STEP	2025-12-27T20:15:12.7643403Z         at /home/runner/work/protocol-silent-night/protocol-silent-night/e2e/full-gameplay.spec.ts:185:61
Build, Lint & Test	UNKNOWN STEP	2025-12-27T20:15:12.7643410Z 
Build, Lint & Test	UNKNOWN STEP	2025-12-27T20:15:12.7643906Z     attachment #1: screenshot (image/png) ──────────────────────────────────────────────────────────
Build, Lint & Test	UNKNOWN STEP	2025-12-27T20:15:12.7644314Z     test-results/full-gameplay-Full-Gamepla-27565-game-over-when-HP-reaches-0-chromium/test-failed-1.png
Build, Lint & Test	UNKNOWN STEP	2025-12-27T20:15:12.7644612Z     ────────────────────────────────────────────────────────────────────────────────────────────────
Build, Lint & Test	UNKNOWN STEP	2025-12-27T20:15:12.7644619Z 
Build, Lint & Test	UNKNOWN STEP	2025-12-27T20:15:12.7645051Z     Error Context: test-results/full-gameplay-Full-Gamepla-27565-game-over-when-HP-reaches-0-chromium/error-context.md
Build, Lint & Test	UNKNOWN STEP	2025-12-27T20:15:12.7645170Z 
Build, Lint & Test	UNKNOWN STEP	2025-12-27T20:15:12.7645482Z     Retry #1 ───────────────────────────────────────────────────────────────────────────────────────
Build, Lint & Test	UNKNOWN STEP	2025-12-27T20:15:12.7645489Z 
Build, Lint & Test	UNKNOWN STEP	2025-12-27T20:15:12.7645662Z     TimeoutError: locator.click: Timeout 10000ms exceeded.
Build, Lint & Test	UNKNOWN STEP	2025-12-27T20:15:12.7645741Z     Call log:
Build, Lint & Test	UNKNOWN STEP	2025-12-27T20:15:12.7646003Z     [2m  - waiting for getByRole('button', { name: /MECHA-SANTA/ })[22m
Build, Lint & Test	UNKNOWN STEP	2025-12-27T20:15:12.7646400Z     [2m    - locator resolved to <button type="button" class="_classCard_1nl30_56">…</button>[22m
Build, Lint & Test	UNKNOWN STEP	2025-12-27T20:15:12.7646559Z     [2m  - attempting click action[22m
Build, Lint & Test	UNKNOWN STEP	2025-12-27T20:15:12.7646810Z     [2m    - waiting for element to be visible, enabled and stable[22m
Build, Lint & Test	UNKNOWN STEP	2025-12-27T20:15:12.7647005Z     [2m    - element is visible, enabled and stable[22m
Build, Lint & Test	UNKNOWN STEP	2025-12-27T20:15:12.7647176Z     [2m    - scrolling into view if needed[22m
Build, Lint & Test	UNKNOWN STEP	2025-12-27T20:15:12.7647315Z     [2m    - done scrolling[22m
Build, Lint & Test	UNKNOWN STEP	2025-12-27T20:15:12.7647322Z 
Build, Lint & Test	UNKNOWN STEP	2025-12-27T20:15:12.7647327Z 
Build, Lint & Test	UNKNOWN STEP	2025-12-27T20:15:12.7647470Z       183 |     await page.waitForTimeout(2000);
Build, Lint & Test	UNKNOWN STEP	2025-12-27T20:15:12.7647538Z       184 |
Build, Lint & Test	UNKNOWN STEP	2025-12-27T20:15:12.7647760Z     > 185 |     await page.getByRole('button', { name: /MECHA-SANTA/ }).click();
Build, Lint & Test	UNKNOWN STEP	2025-12-27T20:15:12.7647890Z           |                                                             ^
Build, Lint & Test	UNKNOWN STEP	2025-12-27T20:15:12.7648103Z       186 |
Build, Lint & Test	UNKNOWN STEP	2025-12-27T20:15:12.7648284Z       187 |     // Click "COMMENCE OPERATION" on the briefing screen
Build, Lint & Test	UNKNOWN STEP	2025-12-27T20:15:12.7648530Z       188 |     await page.getByRole('button', { name: /COMMENCE OPERATION/i }).click();
Build, Lint & Test	UNKNOWN STEP	2025-12-27T20:15:12.7648900Z         at /home/runner/work/protocol-silent-night/protocol-silent-night/e2e/full-gameplay.spec.ts:185:61
Build, Lint & Test	UNKNOWN STEP	2025-12-27T20:15:12.7648907Z 
Build, Lint & Test	UNKNOWN STEP	2025-12-27T20:15:12.7649373Z     Error Context: test-results/full-gameplay-Full-Gamepla-27565-game-over-when-HP-reaches-0-chromium-retry1/error-context.md
Build, Lint & Test	UNKNOWN STEP	2025-12-27T20:15:12.7649386Z 
Build, Lint & Test	UNKNOWN STEP	2025-12-27T20:15:12.7649752Z     attachment #2: trace (application/zip) ─────────────────────────────────────────────────────────
Build, Lint & Test	UNKNOWN STEP	2025-12-27T20:15:12.7650141Z     test-results/full-gameplay-Full-Gamepla-27565-game-over-when-HP-reaches-0-chromium-retry1/trace.zip
Build, Lint & Test	UNKNOWN STEP	2025-12-27T20:15:12.7650219Z     Usage:
Build, Lint & Test	UNKNOWN STEP	2025-12-27T20:15:12.7650226Z 
Build, Lint & Test	UNKNOWN STEP	2025-12-27T20:15:12.7650730Z         pnpm exec playwright show-trace test-results/full-gameplay-Full-Gamepla-27565-game-over-when-HP-reaches-0-chromium-retry1/trace.zip
Build, Lint & Test	UNKNOWN STEP	2025-12-27T20:15:12.7650743Z 
Build, Lint & Test	UNKNOWN STEP	2025-12-27T20:15:12.7651035Z     ────────────────────────────────────────────────────────────────────────────────────────────────
Build, Lint & Test	UNKNOWN STEP	2025-12-27T20:15:12.7651043Z 
Build, Lint & Test	UNKNOWN STEP	2025-12-27T20:15:12.7651339Z     Retry #2 ───────────────────────────────────────────────────────────────────────────────────────
Build, Lint & Test	UNKNOWN STEP	2025-12-27T20:15:12.7651350Z 
Build, Lint & Test	UNKNOWN STEP	2025-12-27T20:15:12.7651519Z     TimeoutError: locator.click: Timeout 10000ms exceeded.
Build, Lint & Test	UNKNOWN STEP	2025-12-27T20:15:12.7651592Z     Call log:
Build, Lint & Test	UNKNOWN STEP	2025-12-27T20:15:12.7651852Z     [2m  - waiting for getByRole('button', { name: /MECHA-SANTA/ })[22m
Build, Lint & Test	UNKNOWN STEP	2025-12-27T20:15:12.7652188Z     [2m    - locator resolved to <button type="button" class="_classCard_1nl30_56">…</button>[22m
Build, Lint & Test	UNKNOWN STEP	2025-12-27T20:15:12.7652481Z     [2m  - attempting click action[22m
Build, Lint & Test	UNKNOWN STEP	2025-12-27T20:15:12.7652720Z     [2m    - waiting for element to be visible, enabled and stable[22m
Build, Lint & Test	UNKNOWN STEP	2025-12-27T20:15:12.7652727Z 
Build, Lint & Test	UNKNOWN STEP	2025-12-27T20:15:12.7652732Z 
Build, Lint & Test	UNKNOWN STEP	2025-12-27T20:15:12.7652865Z       183 |     await page.waitForTimeout(2000);
Build, Lint & Test	UNKNOWN STEP	2025-12-27T20:15:12.7652932Z       184 |
Build, Lint & Test	UNKNOWN STEP	2025-12-27T20:15:12.7653254Z     > 185 |     await page.getByRole('button', { name: /MECHA-SANTA/ }).click();
Build, Lint & Test	UNKNOWN STEP	2025-12-27T20:15:12.7653387Z           |                                                             ^
Build, Lint & Test	UNKNOWN STEP	2025-12-27T20:15:12.7653458Z       186 |
Build, Lint & Test	UNKNOWN STEP	2025-12-27T20:15:12.7653630Z       187 |     // Click "COMMENCE OPERATION" on the briefing screen
Build, Lint & Test	UNKNOWN STEP	2025-12-27T20:15:12.7653872Z       188 |     await page.getByRole('button', { name: /COMMENCE OPERATION/i }).click();
Build, Lint & Test	UNKNOWN STEP	2025-12-27T20:15:12.7654228Z         at /home/runner/work/protocol-silent-night/protocol-silent-night/e2e/full-gameplay.spec.ts:185:61
Build, Lint & Test	UNKNOWN STEP	2025-12-27T20:15:12.7654240Z 
Build, Lint & Test	UNKNOWN STEP	2025-12-27T20:15:12.7654708Z     Error Context: test-results/full-gameplay-Full-Gamepla-27565-game-over-when-HP-reaches-0-chromium-retry2/error-context.md
Build, Lint & Test	UNKNOWN STEP	2025-12-27T20:15:12.7654715Z 
Build, Lint & Test	UNKNOWN STEP	2025-12-27T20:15:12.7655209Z   20) [chromium] › e2e/full-gameplay.spec.ts:207:3 › Full Gameplay - MECHA-SANTA (Tank Class) › should accumulate score and kills 
Build, Lint & Test	UNKNOWN STEP	2025-12-27T20:15:12.7655217Z 
Build, Lint & Test	UNKNOWN STEP	2025-12-27T20:15:12.7655392Z     TimeoutError: locator.click: Timeout 10000ms exceeded.
Build, Lint & Test	UNKNOWN STEP	2025-12-27T20:15:12.7655466Z     Call log:
Build, Lint & Test	UNKNOWN STEP	2025-12-27T20:15:12.7655721Z     [2m  - waiting for getByRole('button', { name: /MECHA-SANTA/ })[22m
Build, Lint & Test	UNKNOWN STEP	2025-12-27T20:15:12.7656058Z     [2m    - locator resolved to <button type="button" class="_classCard_1nl30_56">…</button>[22m
Build, Lint & Test	UNKNOWN STEP	2025-12-27T20:15:12.7656211Z     [2m  - attempting click action[22m
Build, Lint & Test	UNKNOWN STEP	2025-12-27T20:15:12.7656453Z     [2m    - waiting for element to be visible, enabled and stable[22m
Build, Lint & Test	UNKNOWN STEP	2025-12-27T20:15:12.7656460Z 
Build, Lint & Test	UNKNOWN STEP	2025-12-27T20:15:12.7656465Z 
Build, Lint & Test	UNKNOWN STEP	2025-12-27T20:15:12.7656596Z       209 |     await page.waitForTimeout(2000);
Build, Lint & Test	UNKNOWN STEP	2025-12-27T20:15:12.7656669Z       210 |
Build, Lint & Test	UNKNOWN STEP	2025-12-27T20:15:12.7656887Z     > 211 |     await page.getByRole('button', { name: /MECHA-SANTA/ }).click();
Build, Lint & Test	UNKNOWN STEP	2025-12-27T20:15:12.7657018Z           |                                                             ^
Build, Lint & Test	UNKNOWN STEP	2025-12-27T20:15:12.7657084Z       212 |
Build, Lint & Test	UNKNOWN STEP	2025-12-27T20:15:12.7657261Z       213 |     // Click "COMMENCE OPERATION" on the briefing screen
Build, Lint & Test	UNKNOWN STEP	2025-12-27T20:15:12.7657504Z       214 |     await page.getByRole('button', { name: /COMMENCE OPERATION/i }).click();
Build, Lint & Test	UNKNOWN STEP	2025-12-27T20:15:12.7657863Z         at /home/runner/work/protocol-silent-night/protocol-silent-night/e2e/full-gameplay.spec.ts:211:61
Build, Lint & Test	UNKNOWN STEP	2025-12-27T20:15:12.7657869Z 
Build, Lint & Test	UNKNOWN STEP	2025-12-27T20:15:12.7658445Z     Error Context: test-results/full-gameplay-Full-Gamepla-2382b--accumulate-score-and-kills-chromium/error-context.md
Build, Lint & Test	UNKNOWN STEP	2025-12-27T20:15:12.7658453Z 
Build, Lint & Test	UNKNOWN STEP	2025-12-27T20:15:12.7658762Z     Retry #1 ───────────────────────────────────────────────────────────────────────────────────────
Build, Lint & Test	UNKNOWN STEP	2025-12-27T20:15:12.7658775Z 
Build, Lint & Test	UNKNOWN STEP	2025-12-27T20:15:12.7658940Z     TimeoutError: locator.click: Timeout 10000ms exceeded.
Build, Lint & Test	UNKNOWN STEP	2025-12-27T20:15:12.7659017Z     Call log:
Build, Lint & Test	UNKNOWN STEP	2025-12-27T20:15:12.7659276Z     [2m  - waiting for getByRole('button', { name: /MECHA-SANTA/ })[22m
Build, Lint & Test	UNKNOWN STEP	2025-12-27T20:15:12.7659615Z     [2m    - locator resolved to <button type="button" class="_classCard_1nl30_56">…</button>[22m
Build, Lint & Test	UNKNOWN STEP	2025-12-27T20:15:12.7659767Z     [2m  - attempting click action[22m
Build, Lint & Test	UNKNOWN STEP	2025-12-27T20:15:12.7660130Z     [2m    - waiting for element to be visible, enabled and stable[22m
Build, Lint & Test	UNKNOWN STEP	2025-12-27T20:15:12.7660325Z     [2m    - element is visible, enabled and stable[22m
Build, Lint & Test	UNKNOWN STEP	2025-12-27T20:15:12.7660488Z     [2m    - scrolling into view if needed[22m
Build, Lint & Test	UNKNOWN STEP	2025-12-27T20:15:12.7660629Z     [2m    - done scrolling[22m
Build, Lint & Test	UNKNOWN STEP	2025-12-27T20:15:12.7660636Z 
Build, Lint & Test	UNKNOWN STEP	2025-12-27T20:15:12.7660641Z 
Build, Lint & Test	UNKNOWN STEP	2025-12-27T20:15:12.7660766Z       209 |     await page.waitForTimeout(2000);
Build, Lint & Test	UNKNOWN STEP	2025-12-27T20:15:12.7660840Z       210 |
Build, Lint & Test	UNKNOWN STEP	2025-12-27T20:15:12.7661169Z     > 211 |     await page.getByRole('button', { name: /MECHA-SANTA/ }).click();
Build, Lint & Test	UNKNOWN STEP	2025-12-27T20:15:12.7661301Z           |                                                             ^
Build, Lint & Test	UNKNOWN STEP	2025-12-27T20:15:12.7661369Z       212 |
Build, Lint & Test	UNKNOWN STEP	2025-12-27T20:15:12.7661543Z       213 |     // Click "COMMENCE OPERATION" on the briefing screen
Build, Lint & Test	UNKNOWN STEP	2025-12-27T20:15:12.7661778Z       214 |     await page.getByRole('button', { name: /COMMENCE OPERATION/i }).click();
Build, Lint & Test	UNKNOWN STEP	2025-12-27T20:15:12.7662143Z         at /home/runner/work/protocol-silent-night/protocol-silent-night/e2e/full-gameplay.spec.ts:211:61
Build, Lint & Test	UNKNOWN STEP	2025-12-27T20:15:12.7662150Z 
Build, Lint & Test	UNKNOWN STEP	2025-12-27T20:15:12.7662618Z     Error Context: test-results/full-gameplay-Full-Gamepla-2382b--accumulate-score-and-kills-chromium-retry1/error-context.md
Build, Lint & Test	UNKNOWN STEP	2025-12-27T20:15:12.7662625Z 
Build, Lint & Test	UNKNOWN STEP	2025-12-27T20:15:12.7662995Z     attachment #2: trace (application/zip) ─────────────────────────────────────────────────────────
Build, Lint & Test	UNKNOWN STEP	2025-12-27T20:15:12.7663385Z     test-results/full-gameplay-Full-Gamepla-2382b--accumulate-score-and-kills-chromium-retry1/trace.zip
Build, Lint & Test	UNKNOWN STEP	2025-12-27T20:15:12.7663465Z     Usage:
Build, Lint & Test	UNKNOWN STEP	2025-12-27T20:15:12.7663471Z 
Build, Lint & Test	UNKNOWN STEP	2025-12-27T20:15:12.7663983Z         pnpm exec playwright show-trace test-results/full-gameplay-Full-Gamepla-2382b--accumulate-score-and-kills-chromium-retry1/trace.zip
Build, Lint & Test	UNKNOWN STEP	2025-12-27T20:15:12.7663990Z 
Build, Lint & Test	UNKNOWN STEP	2025-12-27T20:15:12.7664282Z     ────────────────────────────────────────────────────────────────────────────────────────────────
Build, Lint & Test	UNKNOWN STEP	2025-12-27T20:15:12.7664289Z 
Build, Lint & Test	UNKNOWN STEP	2025-12-27T20:15:12.7664593Z     Retry #2 ───────────────────────────────────────────────────────────────────────────────────────
Build, Lint & Test	UNKNOWN STEP	2025-12-27T20:15:12.7664600Z 
Build, Lint & Test	UNKNOWN STEP	2025-12-27T20:15:12.7664771Z     TimeoutError: locator.click: Timeout 10000ms exceeded.
Build, Lint & Test	UNKNOWN STEP	2025-12-27T20:15:12.7664842Z     Call log:
Build, Lint & Test	UNKNOWN STEP	2025-12-27T20:15:12.7665096Z     [2m  - waiting for getByRole('button', { name: /MECHA-SANTA/ })[22m
Build, Lint & Test	UNKNOWN STEP	2025-12-27T20:15:12.7665431Z     [2m    - locator resolved to <button type="button" class="_classCard_1nl30_56">…</button>[22m
Build, Lint & Test	UNKNOWN STEP	2025-12-27T20:15:12.7665588Z     [2m  - attempting click action[22m
Build, Lint & Test	UNKNOWN STEP	2025-12-27T20:15:12.7665835Z     [2m    - waiting for element to be visible, enabled and stable[22m
Build, Lint & Test	UNKNOWN STEP	2025-12-27T20:15:12.7665841Z 
Build, Lint & Test	UNKNOWN STEP	2025-12-27T20:15:12.7665847Z 
Build, Lint & Test	UNKNOWN STEP	2025-12-27T20:15:12.7665979Z       209 |     await page.waitForTimeout(2000);
Build, Lint & Test	UNKNOWN STEP	2025-12-27T20:15:12.7666046Z       210 |
Build, Lint & Test	UNKNOWN STEP	2025-12-27T20:15:12.7666256Z     > 211 |     await page.getByRole('button', { name: /MECHA-SANTA/ }).click();
Build, Lint & Test	UNKNOWN STEP	2025-12-27T20:15:12.7666398Z           |                                                             ^
Build, Lint & Test	UNKNOWN STEP	2025-12-27T20:15:12.7666464Z       212 |
Build, Lint & Test	UNKNOWN STEP	2025-12-27T20:15:12.7666634Z       213 |     // Click "COMMENCE OPERATION" on the briefing screen
Build, Lint & Test	UNKNOWN STEP	2025-12-27T20:15:12.7666867Z       214 |     await page.getByRole('button', { name: /COMMENCE OPERATION/i }).click();
Build, Lint & Test	UNKNOWN STEP	2025-12-27T20:15:12.7667222Z         at /home/runner/work/protocol-silent-night/protocol-silent-night/e2e/full-gameplay.spec.ts:211:61
Build, Lint & Test	UNKNOWN STEP	2025-12-27T20:15:12.7667229Z 
Build, Lint & Test	UNKNOWN STEP	2025-12-27T20:15:12.7667696Z     Error Context: test-results/full-gameplay-Full-Gamepla-2382b--accumulate-score-and-kills-chromium-retry2/error-context.md
Build, Lint & Test	UNKNOWN STEP	2025-12-27T20:15:12.7667821Z 
Build, Lint & Test	UNKNOWN STEP	2025-12-27T20:15:12.7668456Z   21) [chromium] › e2e/full-gameplay.spec.ts:238:3 › Full Gameplay - CYBER-ELF (Scout Class) › should complete full game loop with Elf 
Build, Lint & Test	UNKNOWN STEP	2025-12-27T20:15:12.7668464Z 
Build, Lint & Test	UNKNOWN STEP	2025-12-27T20:15:12.7668629Z     TimeoutError: locator.click: Timeout 10000ms exceeded.
Build, Lint & Test	UNKNOWN STEP	2025-12-27T20:15:12.7668706Z     Call log:
Build, Lint & Test	UNKNOWN STEP	2025-12-27T20:15:12.7669070Z     [2m  - waiting for getByRole('button', { name: /CYBER-ELF/ })[22m
Build, Lint & Test	UNKNOWN STEP	2025-12-27T20:15:12.7669419Z     [2m    - locator resolved to <button type="button" class="_classCard_1nl30_56">…</button>[22m
Build, Lint & Test	UNKNOWN STEP	2025-12-27T20:15:12.7669570Z     [2m  - attempting click action[22m
Build, Lint & Test	UNKNOWN STEP	2025-12-27T20:15:12.7669812Z     [2m    - waiting for element to be visible, enabled and stable[22m
Build, Lint & Test	UNKNOWN STEP	2025-12-27T20:15:12.7669819Z 
Build, Lint & Test	UNKNOWN STEP	2025-12-27T20:15:12.7669823Z 
Build, Lint & Test	UNKNOWN STEP	2025-12-27T20:15:12.7669890Z       241 |
Build, Lint & Test	UNKNOWN STEP	2025-12-27T20:15:12.7669976Z       242 |     // Select Elf
Build, Lint & Test	UNKNOWN STEP	2025-12-27T20:15:12.7670188Z     > 243 |     await page.getByRole('button', { name: /CYBER-ELF/ }).click();
Build, Lint & Test	UNKNOWN STEP	2025-12-27T20:15:12.7670321Z           |                                                           ^
Build, Lint & Test	UNKNOWN STEP	2025-12-27T20:15:12.7670390Z       244 |
Build, Lint & Test	UNKNOWN STEP	2025-12-27T20:15:12.7670554Z       245 |     // Click "COMMENCE OPERATION" on the briefing screen
Build, Lint & Test	UNKNOWN STEP	2025-12-27T20:15:12.7670790Z       246 |     await page.getByRole('button', { name: /COMMENCE OPERATION/i }).click();
Build, Lint & Test	UNKNOWN STEP	2025-12-27T20:15:12.7671148Z         at /home/runner/work/protocol-silent-night/protocol-silent-night/e2e/full-gameplay.spec.ts:243:59
Build, Lint & Test	UNKNOWN STEP	2025-12-27T20:15:12.7671160Z 
Build, Lint & Test	UNKNOWN STEP	2025-12-27T20:15:12.7671588Z     Error Context: test-results/full-gameplay-Full-Gamepla-d0735-ete-full-game-loop-with-Elf-chromium/error-context.md
Build, Lint & Test	UNKNOWN STEP	2025-12-27T20:15:12.7671595Z 
Build, Lint & Test	UNKNOWN STEP	2025-12-27T20:15:12.7671900Z     Retry #1 ───────────────────────────────────────────────────────────────────────────────────────
Build, Lint & Test	UNKNOWN STEP	2025-12-27T20:15:12.7671907Z 
Build, Lint & Test	UNKNOWN STEP	2025-12-27T20:15:12.7672069Z     TimeoutError: locator.click: Timeout 10000ms exceeded.
Build, Lint & Test	UNKNOWN STEP	2025-12-27T20:15:12.7672149Z     Call log:
Build, Lint & Test	UNKNOWN STEP	2025-12-27T20:15:12.7672392Z     [2m  - waiting for getByRole('button', { name: /CYBER-ELF/ })[22m
Build, Lint & Test	UNKNOWN STEP	2025-12-27T20:15:12.7672724Z     [2m    - locator resolved to <button type="button" class="_classCard_1nl30_56">…</button>[22m
Build, Lint & Test	UNKNOWN STEP	2025-12-27T20:15:12.7672880Z     [2m  - attempting click action[22m
Build, Lint & Test	UNKNOWN STEP	2025-12-27T20:15:12.7673115Z     [2m    - waiting for element to be visible, enabled and stable[22m
Build, Lint & Test	UNKNOWN STEP	2025-12-27T20:15:12.7673316Z     [2m    - element is visible, enabled and stable[22m
Build, Lint & Test	UNKNOWN STEP	2025-12-27T20:15:12.7673480Z     [2m    - scrolling into view if needed[22m
Build, Lint & Test	UNKNOWN STEP	2025-12-27T20:15:12.7673622Z     [2m    - done scrolling[22m
Build, Lint & Test	UNKNOWN STEP	2025-12-27T20:15:12.7673629Z 
Build, Lint & Test	UNKNOWN STEP	2025-12-27T20:15:12.7673633Z 
Build, Lint & Test	UNKNOWN STEP	2025-12-27T20:15:12.7673699Z       241 |
Build, Lint & Test	UNKNOWN STEP	2025-12-27T20:15:12.7673784Z       242 |     // Select Elf
Build, Lint & Test	UNKNOWN STEP	2025-12-27T20:15:12.7673987Z     > 243 |     await page.getByRole('button', { name: /CYBER-ELF/ }).click();
Build, Lint & Test	UNKNOWN STEP	2025-12-27T20:15:12.7674117Z           |                                                           ^
Build, Lint & Test	UNKNOWN STEP	2025-12-27T20:15:12.7674190Z       244 |
Build, Lint & Test	UNKNOWN STEP	2025-12-27T20:15:12.7674353Z       245 |     // Click "COMMENCE OPERATION" on the briefing screen
Build, Lint & Test	UNKNOWN STEP	2025-12-27T20:15:12.7674592Z       246 |     await page.getByRole('button', { name: /COMMENCE OPERATION/i }).click();
Build, Lint & Test	UNKNOWN STEP	2025-12-27T20:15:12.7674942Z         at /home/runner/work/protocol-silent-night/protocol-silent-night/e2e/full-gameplay.spec.ts:243:59
Build, Lint & Test	UNKNOWN STEP	2025-12-27T20:15:12.7674948Z 
Build, Lint & Test	UNKNOWN STEP	2025-12-27T20:15:12.7675502Z     Error Context: test-results/full-gameplay-Full-Gamepla-d0735-ete-full-game-loop-with-Elf-chromium-retry1/error-context.md
Build, Lint & Test	UNKNOWN STEP	2025-12-27T20:15:12.7675510Z 
Build, Lint & Test	UNKNOWN STEP	2025-12-27T20:15:12.7675877Z     attachment #2: trace (application/zip) ─────────────────────────────────────────────────────────
Build, Lint & Test	UNKNOWN STEP	2025-12-27T20:15:12.7676264Z     test-results/full-gameplay-Full-Gamepla-d0735-ete-full-game-loop-with-Elf-chromium-retry1/trace.zip
Build, Lint & Test	UNKNOWN STEP	2025-12-27T20:15:12.7676333Z     Usage:
Build, Lint & Test	UNKNOWN STEP	2025-12-27T20:15:12.7676340Z 
Build, Lint & Test	UNKNOWN STEP	2025-12-27T20:15:12.7676854Z         pnpm exec playwright show-trace test-results/full-gameplay-Full-Gamepla-d0735-ete-full-game-loop-with-Elf-chromium-retry1/trace.zip
Build, Lint & Test	UNKNOWN STEP	2025-12-27T20:15:12.7676966Z 
Build, Lint & Test	UNKNOWN STEP	2025-12-27T20:15:12.7677256Z     ────────────────────────────────────────────────────────────────────────────────────────────────
Build, Lint & Test	UNKNOWN STEP	2025-12-27T20:15:12.7677271Z 
Build, Lint & Test	UNKNOWN STEP	2025-12-27T20:15:12.7677572Z     Retry #2 ───────────────────────────────────────────────────────────────────────────────────────
Build, Lint & Test	UNKNOWN STEP	2025-12-27T20:15:12.7677579Z 
Build, Lint & Test	UNKNOWN STEP	2025-12-27T20:15:12.7677760Z     TimeoutError: locator.click: Timeout 10000ms exceeded.
Build, Lint & Test	UNKNOWN STEP	2025-12-27T20:15:12.7677833Z     Call log:
Build, Lint & Test	UNKNOWN STEP	2025-12-27T20:15:12.7678350Z     [2m  - waiting for getByRole('button', { name: /CYBER-ELF/ })[22m
Build, Lint & Test	UNKNOWN STEP	2025-12-27T20:15:12.7678713Z     [2m    - locator resolved to <button type="button" class="_classCard_1nl30_56">…</button>[22m
Build, Lint & Test	UNKNOWN STEP	2025-12-27T20:15:12.7678721Z 
Build, Lint & Test	UNKNOWN STEP	2025-12-27T20:15:12.7678727Z 
Build, Lint & Test	UNKNOWN STEP	2025-12-27T20:15:12.7678794Z       241 |
Build, Lint & Test	UNKNOWN STEP	2025-12-27T20:15:12.7678880Z       242 |     // Select Elf
Build, Lint & Test	UNKNOWN STEP	2025-12-27T20:15:12.7679087Z     > 243 |     await page.getByRole('button', { name: /CYBER-ELF/ }).click();
Build, Lint & Test	UNKNOWN STEP	2025-12-27T20:15:12.7679234Z           |                                                           ^
Build, Lint & Test	UNKNOWN STEP	2025-12-27T20:15:12.7679301Z       244 |
Build, Lint & Test	UNKNOWN STEP	2025-12-27T20:15:12.7679473Z       245 |     // Click "COMMENCE OPERATION" on the briefing screen
Build, Lint & Test	UNKNOWN STEP	2025-12-27T20:15:12.7679708Z       246 |     await page.getByRole('button', { name: /COMMENCE OPERATION/i }).click();
Build, Lint & Test	UNKNOWN STEP	2025-12-27T20:15:12.7680072Z         at /home/runner/work/protocol-silent-night/protocol-silent-night/e2e/full-gameplay.spec.ts:243:59
Build, Lint & Test	UNKNOWN STEP	2025-12-27T20:15:12.7680079Z 
Build, Lint & Test	UNKNOWN STEP	2025-12-27T20:15:12.7680437Z     attachment #1: screenshot (image/png) ──────────────────────────────────────────────────────────
Build, Lint & Test	UNKNOWN STEP	2025-12-27T20:15:12.7680870Z     test-results/full-gameplay-Full-Gamepla-d0735-ete-full-game-loop-with-Elf-chromium-retry2/test-failed-1.png
Build, Lint & Test	UNKNOWN STEP	2025-12-27T20:15:12.7681158Z     ────────────────────────────────────────────────────────────────────────────────────────────────
Build, Lint & Test	UNKNOWN STEP	2025-12-27T20:15:12.7681165Z 
Build, Lint & Test	UNKNOWN STEP	2025-12-27T20:15:12.7681656Z     Error Context: test-results/full-gameplay-Full-Gamepla-d0735-ete-full-game-loop-with-Elf-chromium-retry2/error-context.md
Build, Lint & Test	UNKNOWN STEP	2025-12-27T20:15:12.7681663Z 
Build, Lint & Test	UNKNOWN STEP	2025-12-27T20:15:12.7682170Z   22) [chromium] › e2e/full-gameplay.spec.ts:256:3 › Full Gameplay - CYBER-ELF (Scout Class) › should have low HP but rapid fire weapon 
Build, Lint & Test	UNKNOWN STEP	2025-12-27T20:15:12.7682177Z 
Build, Lint & Test	UNKNOWN STEP	2025-12-27T20:15:12.7682347Z     TimeoutError: locator.click: Timeout 10000ms exceeded.
Build, Lint & Test	UNKNOWN STEP	2025-12-27T20:15:12.7682432Z     Call log:
Build, Lint & Test	UNKNOWN STEP	2025-12-27T20:15:12.7682677Z     [2m  - waiting for getByRole('button', { name: /CYBER-ELF/ })[22m
Build, Lint & Test	UNKNOWN STEP	2025-12-27T20:15:12.7683012Z     [2m    - locator resolved to <button type="button" class="_classCard_1nl30_56">…</button>[22m
Build, Lint & Test	UNKNOWN STEP	2025-12-27T20:15:12.7683019Z 
Build, Lint & Test	UNKNOWN STEP	2025-12-27T20:15:12.7683024Z 
Build, Lint & Test	UNKNOWN STEP	2025-12-27T20:15:12.7683158Z       258 |     await page.waitForTimeout(2000);
Build, Lint & Test	UNKNOWN STEP	2025-12-27T20:15:12.7683231Z       259 |
Build, Lint & Test	UNKNOWN STEP	2025-12-27T20:15:12.7683435Z     > 260 |     await page.getByRole('button', { name: /CYBER-ELF/ }).click();
Build, Lint & Test	UNKNOWN STEP	2025-12-27T20:15:12.7683702Z           |                                                           ^
Build, Lint & Test	UNKNOWN STEP	2025-12-27T20:15:12.7683769Z       261 |
Build, Lint & Test	UNKNOWN STEP	2025-12-27T20:15:12.7683938Z       262 |     // Click "COMMENCE OPERATION" on the briefing screen
Build, Lint & Test	UNKNOWN STEP	2025-12-27T20:15:12.7684172Z       263 |     await page.getByRole('button', { name: /COMMENCE OPERATION/i }).click();
Build, Lint & Test	UNKNOWN STEP	2025-12-27T20:15:12.7684529Z         at /home/runner/work/protocol-silent-night/protocol-silent-night/e2e/full-gameplay.spec.ts:260:59
Build, Lint & Test	UNKNOWN STEP	2025-12-27T20:15:12.7684642Z 
Build, Lint & Test	UNKNOWN STEP	2025-12-27T20:15:12.7685079Z     Error Context: test-results/full-gameplay-Full-Gamepla-8b06b-ow-HP-but-rapid-fire-weapon-chromium/error-context.md
Build, Lint & Test	UNKNOWN STEP	2025-12-27T20:15:12.7685091Z 
Build, Lint & Test	UNKNOWN STEP	2025-12-27T20:15:12.7685407Z     Retry #1 ───────────────────────────────────────────────────────────────────────────────────────
Build, Lint & Test	UNKNOWN STEP	2025-12-27T20:15:12.7685414Z 
Build, Lint & Test	UNKNOWN STEP	2025-12-27T20:15:12.7685580Z     TimeoutError: locator.click: Timeout 10000ms exceeded.
Build, Lint & Test	UNKNOWN STEP	2025-12-27T20:15:12.7685656Z     Call log:
Build, Lint & Test	UNKNOWN STEP	2025-12-27T20:15:12.7685892Z     [2m  - waiting for getByRole('button', { name: /CYBER-ELF/ })[22m
Build, Lint & Test	UNKNOWN STEP	2025-12-27T20:15:12.7686240Z     [2m    - locator resolved to <button type="button" class="_classCard_1nl30_56">…</button>[22m
Build, Lint & Test	UNKNOWN STEP	2025-12-27T20:15:12.7686394Z     [2m  - attempting click action[22m
Build, Lint & Test	UNKNOWN STEP	2025-12-27T20:15:12.7686635Z     [2m    - waiting for element to be visible, enabled and stable[22m
Build, Lint & Test	UNKNOWN STEP	2025-12-27T20:15:12.7686822Z     [2m    - element is visible, enabled and stable[22m
Build, Lint & Test	UNKNOWN STEP	2025-12-27T20:15:12.7686997Z     [2m    - scrolling into view if needed[22m
Build, Lint & Test	UNKNOWN STEP	2025-12-27T20:15:12.7687136Z     [2m    - done scrolling[22m
Build, Lint & Test	UNKNOWN STEP	2025-12-27T20:15:12.7687295Z     [2m    - performing click action[22m
Build, Lint & Test	UNKNOWN STEP	2025-12-27T20:15:12.7687302Z 
Build, Lint & Test	UNKNOWN STEP	2025-12-27T20:15:12.7687306Z 
Build, Lint & Test	UNKNOWN STEP	2025-12-27T20:15:12.7687429Z       258 |     await page.waitForTimeout(2000);
Build, Lint & Test	UNKNOWN STEP	2025-12-27T20:15:12.7687503Z       259 |
Build, Lint & Test	UNKNOWN STEP	2025-12-27T20:15:12.7687701Z     > 260 |     await page.getByRole('button', { name: /CYBER-ELF/ }).click();
Build, Lint & Test	UNKNOWN STEP	2025-12-27T20:15:12.7687827Z           |                                                           ^
Build, Lint & Test	UNKNOWN STEP	2025-12-27T20:15:12.7688040Z       261 |
Build, Lint & Test	UNKNOWN STEP	2025-12-27T20:15:12.7688219Z       262 |     // Click "COMMENCE OPERATION" on the briefing screen
Build, Lint & Test	UNKNOWN STEP	2025-12-27T20:15:12.7688460Z       263 |     await page.getByRole('button', { name: /COMMENCE OPERATION/i }).click();
Build, Lint & Test	UNKNOWN STEP	2025-12-27T20:15:12.7688827Z         at /home/runner/work/protocol-silent-night/protocol-silent-night/e2e/full-gameplay.spec.ts:260:59
Build, Lint & Test	UNKNOWN STEP	2025-12-27T20:15:12.7688834Z 
Build, Lint & Test	UNKNOWN STEP	2025-12-27T20:15:12.7689206Z     attachment #1: screenshot (image/png) ──────────────────────────────────────────────────────────
Build, Lint & Test	UNKNOWN STEP	2025-12-27T20:15:12.7689636Z     test-results/full-gameplay-Full-Gamepla-8b06b-ow-HP-but-rapid-fire-weapon-chromium-retry1/test-failed-1.png
Build, Lint & Test	UNKNOWN STEP	2025-12-27T20:15:12.7689925Z     ────────────────────────────────────────────────────────────────────────────────────────────────
Build, Lint & Test	UNKNOWN STEP	2025-12-27T20:15:12.7689932Z 
Build, Lint & Test	UNKNOWN STEP	2025-12-27T20:15:12.7690407Z     Error Context: test-results/full-gameplay-Full-Gamepla-8b06b-ow-HP-but-rapid-fire-weapon-chromium-retry1/error-context.md
Build, Lint & Test	UNKNOWN STEP	2025-12-27T20:15:12.7690423Z 
Build, Lint & Test	UNKNOWN STEP	2025-12-27T20:15:12.7690777Z     attachment #3: trace (application/zip) ─────────────────────────────────────────────────────────
Build, Lint & Test	UNKNOWN STEP	2025-12-27T20:15:12.7691164Z     test-results/full-gameplay-Full-Gamepla-8b06b-ow-HP-but-rapid-fire-weapon-chromium-retry1/trace.zip
Build, Lint & Test	UNKNOWN STEP	2025-12-27T20:15:12.7691235Z     Usage:
Build, Lint & Test	UNKNOWN STEP	2025-12-27T20:15:12.7691241Z 
Build, Lint & Test	UNKNOWN STEP	2025-12-27T20:15:12.7691879Z         pnpm exec playwright show-trace test-results/full-gameplay-Full-Gamepla-8b06b-ow-HP-but-rapid-fire-weapon-chromium-retry1/trace.zip
Build, Lint & Test	UNKNOWN STEP	2025-12-27T20:15:12.7691887Z 
Build, Lint & Test	UNKNOWN STEP	2025-12-27T20:15:12.7692176Z     ────────────────────────────────────────────────────────────────────────────────────────────────
Build, Lint & Test	UNKNOWN STEP	2025-12-27T20:15:12.7692183Z 
Build, Lint & Test	UNKNOWN STEP	2025-12-27T20:15:12.7692484Z     Retry #2 ───────────────────────────────────────────────────────────────────────────────────────
Build, Lint & Test	UNKNOWN STEP	2025-12-27T20:15:12.7692491Z 
Build, Lint & Test	UNKNOWN STEP	2025-12-27T20:15:12.7692657Z     TimeoutError: locator.click: Timeout 10000ms exceeded.
Build, Lint & Test	UNKNOWN STEP	2025-12-27T20:15:12.7692732Z     Call log:
Build, Lint & Test	UNKNOWN STEP	2025-12-27T20:15:12.7693093Z     [2m  - waiting for getByRole('button', { name: /CYBER-ELF/ })[22m
Build, Lint & Test	UNKNOWN STEP	2025-12-27T20:15:12.7693435Z     [2m    - locator resolved to <button type="button" class="_classCard_1nl30_56">…</button>[22m
Build, Lint & Test	UNKNOWN STEP	2025-12-27T20:15:12.7693442Z 
Build, Lint & Test	UNKNOWN STEP	2025-12-27T20:15:12.7693448Z 
Build, Lint & Test	UNKNOWN STEP	2025-12-27T20:15:12.7693577Z       258 |     await page.waitForTimeout(2000);
Build, Lint & Test	UNKNOWN STEP	2025-12-27T20:15:12.7693649Z       259 |
Build, Lint & Test	UNKNOWN STEP	2025-12-27T20:15:12.7693864Z     > 260 |     await page.getByRole('button', { name: /CYBER-ELF/ }).click();
Build, Lint & Test	UNKNOWN STEP	2025-12-27T20:15:12.7693998Z           |                                                           ^
Build, Lint & Test	UNKNOWN STEP	2025-12-27T20:15:12.7694064Z       261 |
Build, Lint & Test	UNKNOWN STEP	2025-12-27T20:15:12.7694236Z       262 |     // Click "COMMENCE OPERATION" on the briefing screen
Build, Lint & Test	UNKNOWN STEP	2025-12-27T20:15:12.7694472Z       263 |     await page.getByRole('button', { name: /COMMENCE OPERATION/i }).click();
Build, Lint & Test	UNKNOWN STEP	2025-12-27T20:15:12.7694831Z         at /home/runner/work/protocol-silent-night/protocol-silent-night/e2e/full-gameplay.spec.ts:260:59
Build, Lint & Test	UNKNOWN STEP	2025-12-27T20:15:12.7694843Z 
Build, Lint & Test	UNKNOWN STEP	2025-12-27T20:15:12.7695309Z     Error Context: test-results/full-gameplay-Full-Gamepla-8b06b-ow-HP-but-rapid-fire-weapon-chromium-retry2/error-context.md
Build, Lint & Test	UNKNOWN STEP	2025-12-27T20:15:12.7695316Z 
Build, Lint & Test	UNKNOWN STEP	2025-12-27T20:15:12.7695793Z   23) [chromium] › e2e/full-gameplay.spec.ts:282:3 › Full Gameplay - CYBER-ELF (Scout Class) › should die quickly with low HP 
Build, Lint & Test	UNKNOWN STEP	2025-12-27T20:15:12.7695801Z 
Build, Lint & Test	UNKNOWN STEP	2025-12-27T20:15:12.7695964Z     TimeoutError: locator.click: Timeout 10000ms exceeded.
Build, Lint & Test	UNKNOWN STEP	2025-12-27T20:15:12.7696046Z     Call log:
Build, Lint & Test	UNKNOWN STEP	2025-12-27T20:15:12.7696283Z     [2m  - waiting for getByRole('button', { name: /CYBER-ELF/ })[22m
Build, Lint & Test	UNKNOWN STEP	2025-12-27T20:15:12.7696620Z     [2m    - locator resolved to <button type="button" class="_classCard_1nl30_56">…</button>[22m
Build, Lint & Test	UNKNOWN STEP	2025-12-27T20:15:12.7696773Z     [2m  - attempting click action[22m
Build, Lint & Test	UNKNOWN STEP	2025-12-27T20:15:12.7697012Z     [2m    - waiting for element to be visible, enabled and stable[22m
Build, Lint & Test	UNKNOWN STEP	2025-12-27T20:15:12.7697024Z 
Build, Lint & Test	UNKNOWN STEP	2025-12-27T20:15:12.7697029Z 
Build, Lint & Test	UNKNOWN STEP	2025-12-27T20:15:12.7697158Z       284 |     await page.waitForTimeout(2000);
Build, Lint & Test	UNKNOWN STEP	2025-12-27T20:15:12.7697231Z       285 |
Build, Lint & Test	UNKNOWN STEP	2025-12-27T20:15:12.7697437Z     > 286 |     await page.getByRole('button', { name: /CYBER-ELF/ }).click();
Build, Lint & Test	UNKNOWN STEP	2025-12-27T20:15:12.7697563Z           |                                                           ^
Build, Lint & Test	UNKNOWN STEP	2025-12-27T20:15:12.7697635Z       287 |
Build, Lint & Test	UNKNOWN STEP	2025-12-27T20:15:12.7697800Z       288 |     // Click "COMMENCE OPERATION" on the briefing screen
Build, Lint & Test	UNKNOWN STEP	2025-12-27T20:15:12.7698178Z       289 |     await page.getByRole('button', { name: /COMMENCE OPERATION/i }).click();
Build, Lint & Test	UNKNOWN STEP	2025-12-27T20:15:12.7698538Z         at /home/runner/work/protocol-silent-night/protocol-silent-night/e2e/full-gameplay.spec.ts:286:59
Build, Lint & Test	UNKNOWN STEP	2025-12-27T20:15:12.7698545Z 
Build, Lint & Test	UNKNOWN STEP	2025-12-27T20:15:12.7698981Z     Error Context: test-results/full-gameplay-Full-Gamepla-2e819-uld-die-quickly-with-low-HP-chromium/error-context.md
Build, Lint & Test	UNKNOWN STEP	2025-12-27T20:15:12.7698988Z 
Build, Lint & Test	UNKNOWN STEP	2025-12-27T20:15:12.7699292Z     Retry #1 ───────────────────────────────────────────────────────────────────────────────────────
Build, Lint & Test	UNKNOWN STEP	2025-12-27T20:15:12.7699419Z 
Build, Lint & Test	UNKNOWN STEP	2025-12-27T20:15:12.7699591Z     TimeoutError: locator.click: Timeout 10000ms exceeded.
Build, Lint & Test	UNKNOWN STEP	2025-12-27T20:15:12.7699663Z     Call log:
Build, Lint & Test	UNKNOWN STEP	2025-12-27T20:15:12.7699912Z     [2m  - waiting for getByRole('button', { name: /CYBER-ELF/ })[22m
Build, Lint & Test	UNKNOWN STEP	2025-12-27T20:15:12.7700243Z     [2m    - locator resolved to <button type="button" class="_classCard_1nl30_56">…</button>[22m
Build, Lint & Test	UNKNOWN STEP	2025-12-27T20:15:12.7700401Z     [2m  - attempting click action[22m
Build, Lint & Test	UNKNOWN STEP	2025-12-27T20:15:12.7700752Z     [2m    - waiting for element to be visible, enabled and stable[22m
Build, Lint & Test	UNKNOWN STEP	2025-12-27T20:15:12.7700946Z     [2m    - element is visible, enabled and stable[22m
Build, Lint & Test	UNKNOWN STEP	2025-12-27T20:15:12.7701112Z     [2m    - scrolling into view if needed[22m
Build, Lint & Test	UNKNOWN STEP	2025-12-27T20:15:12.7701250Z     [2m    - done scrolling[22m
Build, Lint & Test	UNKNOWN STEP	2025-12-27T20:15:12.7701256Z 
Build, Lint & Test	UNKNOWN STEP	2025-12-27T20:15:12.7701267Z 
Build, Lint & Test	UNKNOWN STEP	2025-12-27T20:15:12.7701391Z       284 |     await page.waitForTimeout(2000);
Build, Lint & Test	UNKNOWN STEP	2025-12-27T20:15:12.7701459Z       285 |
Build, Lint & Test	UNKNOWN STEP	2025-12-27T20:15:12.7701666Z     > 286 |     await page.getByRole('button', { name: /CYBER-ELF/ }).click();
Build, Lint & Test	UNKNOWN STEP	2025-12-27T20:15:12.7701797Z           |                                                           ^
Build, Lint & Test	UNKNOWN STEP	2025-12-27T20:15:12.7701871Z       287 |
Build, Lint & Test	UNKNOWN STEP	2025-12-27T20:15:12.7702034Z       288 |     // Click "COMMENCE OPERATION" on the briefing screen
Build, Lint & Test	UNKNOWN STEP	2025-12-27T20:15:12.7702273Z       289 |     await page.getByRole('button', { name: /COMMENCE OPERATION/i }).click();
Build, Lint & Test	UNKNOWN STEP	2025-12-27T20:15:12.7702624Z         at /home/runner/work/protocol-silent-night/protocol-silent-night/e2e/full-gameplay.spec.ts:286:59
Build, Lint & Test	UNKNOWN STEP	2025-12-27T20:15:12.7702631Z 
Build, Lint & Test	UNKNOWN STEP	2025-12-27T20:15:12.7703100Z     Error Context: test-results/full-gameplay-Full-Gamepla-2e819-uld-die-quickly-with-low-HP-chromium-retry1/error-context.md
Build, Lint & Test	UNKNOWN STEP	2025-12-27T20:15:12.7703107Z 
Build, Lint & Test	UNKNOWN STEP	2025-12-27T20:15:12.7703467Z     attachment #2: trace (application/zip) ─────────────────────────────────────────────────────────
Build, Lint & Test	UNKNOWN STEP	2025-12-27T20:15:12.7703858Z     test-results/full-gameplay-Full-Gamepla-2e819-uld-die-quickly-with-low-HP-chromium-retry1/trace.zip
Build, Lint & Test	UNKNOWN STEP	2025-12-27T20:15:12.7703934Z     Usage:
Build, Lint & Test	UNKNOWN STEP	2025-12-27T20:15:12.7703941Z 
Build, Lint & Test	UNKNOWN STEP	2025-12-27T20:15:12.7704454Z         pnpm exec playwright show-trace test-results/full-gameplay-Full-Gamepla-2e819-uld-die-quickly-with-low-HP-chromium-retry1/trace.zip
Build, Lint & Test	UNKNOWN STEP	2025-12-27T20:15:12.7704461Z 
Build, Lint & Test	UNKNOWN STEP	2025-12-27T20:15:12.7704746Z     ────────────────────────────────────────────────────────────────────────────────────────────────
Build, Lint & Test	UNKNOWN STEP	2025-12-27T20:15:12.7704752Z 
Build, Lint & Test	UNKNOWN STEP	2025-12-27T20:15:12.7705062Z     Retry #2 ───────────────────────────────────────────────────────────────────────────────────────
Build, Lint & Test	UNKNOWN STEP	2025-12-27T20:15:12.7705069Z 
Build, Lint & Test	UNKNOWN STEP	2025-12-27T20:15:12.7705231Z     TimeoutError: locator.click: Timeout 10000ms exceeded.
Build, Lint & Test	UNKNOWN STEP	2025-12-27T20:15:12.7705308Z     Call log:
Build, Lint & Test	UNKNOWN STEP	2025-12-27T20:15:12.7705548Z     [2m  - waiting for getByRole('button', { name: /CYBER-ELF/ })[22m
Build, Lint & Test	UNKNOWN STEP	2025-12-27T20:15:12.7705885Z     [2m    - locator resolved to <button type="button" class="_classCard_1nl30_56">…</button>[22m
Build, Lint & Test	UNKNOWN STEP	2025-12-27T20:15:12.7706034Z     [2m  - attempting click action[22m
Build, Lint & Test	UNKNOWN STEP	2025-12-27T20:15:12.7706287Z     [2m    - waiting for element to be visible, enabled and stable[22m
Build, Lint & Test	UNKNOWN STEP	2025-12-27T20:15:12.7706294Z 
Build, Lint & Test	UNKNOWN STEP	2025-12-27T20:15:12.7706299Z 
Build, Lint & Test	UNKNOWN STEP	2025-12-27T20:15:12.7706425Z       284 |     await page.waitForTimeout(2000);
Build, Lint & Test	UNKNOWN STEP	2025-12-27T20:15:12.7706496Z       285 |
Build, Lint & Test	UNKNOWN STEP	2025-12-27T20:15:12.7706698Z     > 286 |     await page.getByRole('button', { name: /CYBER-ELF/ }).click();
Build, Lint & Test	UNKNOWN STEP	2025-12-27T20:15:12.7706822Z           |                                                           ^
Build, Lint & Test	UNKNOWN STEP	2025-12-27T20:15:12.7706995Z       287 |
Build, Lint & Test	UNKNOWN STEP	2025-12-27T20:15:12.7707164Z       288 |     // Click "COMMENCE OPERATION" on the briefing screen
Build, Lint & Test	UNKNOWN STEP	2025-12-27T20:15:12.7707399Z       289 |     await page.getByRole('button', { name: /COMMENCE OPERATION/i }).click();
Build, Lint & Test	UNKNOWN STEP	2025-12-27T20:15:12.7707750Z         at /home/runner/work/protocol-silent-night/protocol-silent-night/e2e/full-gameplay.spec.ts:286:59
Build, Lint & Test	UNKNOWN STEP	2025-12-27T20:15:12.7707756Z 
Build, Lint & Test	UNKNOWN STEP	2025-12-27T20:15:12.7708331Z     Error Context: test-results/full-gameplay-Full-Gamepla-2e819-uld-die-quickly-with-low-HP-chromium-retry2/error-context.md
Build, Lint & Test	UNKNOWN STEP	2025-12-27T20:15:12.7708451Z 
Build, Lint & Test	UNKNOWN STEP	2025-12-27T20:15:12.7708995Z   24) [chromium] › e2e/full-gameplay.spec.ts:304:3 › Full Gameplay - THE BUMBLE (Bruiser Class) › should complete full game loop with Bumble 
Build, Lint & Test	UNKNOWN STEP	2025-12-27T20:15:12.7709007Z 
Build, Lint & Test	UNKNOWN STEP	2025-12-27T20:15:12.7709175Z     TimeoutError: locator.click: Timeout 10000ms exceeded.
Build, Lint & Test	UNKNOWN STEP	2025-12-27T20:15:12.7709248Z     Call log:
Build, Lint & Test	UNKNOWN STEP	2025-12-27T20:15:12.7709485Z     [2m  - waiting for getByRole('button', { name: /BUMBLE/ })[22m
Build, Lint & Test	UNKNOWN STEP	2025-12-27T20:15:12.7709828Z     [2m    - locator resolved to <button type="button" class="_classCard_1nl30_56">…</button>[22m
Build, Lint & Test	UNKNOWN STEP	2025-12-27T20:15:12.7709989Z     [2m  - attempting click action[22m
Build, Lint & Test	UNKNOWN STEP	2025-12-27T20:15:12.7710228Z     [2m    - waiting for element to be visible, enabled and stable[22m
Build, Lint & Test	UNKNOWN STEP	2025-12-27T20:15:12.7710234Z 
Build, Lint & Test	UNKNOWN STEP	2025-12-27T20:15:12.7710239Z 
Build, Lint & Test	UNKNOWN STEP	2025-12-27T20:15:12.7710311Z       307 |
Build, Lint & Test	UNKNOWN STEP	2025-12-27T20:15:12.7710413Z       308 |     // Select Bumble
Build, Lint & Test	UNKNOWN STEP	2025-12-27T20:15:12.7710618Z     > 309 |     await page.getByRole('button', { name: /BUMBLE/ }).click();
Build, Lint & Test	UNKNOWN STEP	2025-12-27T20:15:12.7710750Z           |                                                        ^
Build, Lint & Test	UNKNOWN STEP	2025-12-27T20:15:12.7710821Z       310 |
Build, Lint & Test	UNKNOWN STEP	2025-12-27T20:15:12.7710984Z       311 |     // Click "COMMENCE OPERATION" on the briefing screen
Build, Lint & Test	UNKNOWN STEP	2025-12-27T20:15:12.7711216Z       312 |     await page.getByRole('button', { name: /COMMENCE OPERATION/i }).click();
Build, Lint & Test	UNKNOWN STEP	2025-12-27T20:15:12.7711579Z         at /home/runner/work/protocol-silent-night/protocol-silent-night/e2e/full-gameplay.spec.ts:309:56
Build, Lint & Test	UNKNOWN STEP	2025-12-27T20:15:12.7711586Z 
Build, Lint & Test	UNKNOWN STEP	2025-12-27T20:15:12.7712015Z     Error Context: test-results/full-gameplay-Full-Gamepla-52f12--full-game-loop-with-Bumble-chromium/error-context.md
Build, Lint & Test	UNKNOWN STEP	2025-12-27T20:15:12.7712027Z 
Build, Lint & Test	UNKNOWN STEP	2025-12-27T20:15:12.7712326Z     Retry #1 ───────────────────────────────────────────────────────────────────────────────────────
Build, Lint & Test	UNKNOWN STEP	2025-12-27T20:15:12.7712333Z 
Build, Lint & Test	UNKNOWN STEP	2025-12-27T20:15:12.7712500Z     TimeoutError: locator.click: Timeout 10000ms exceeded.
Build, Lint & Test	UNKNOWN STEP	2025-12-27T20:15:12.7712572Z     Call log:
Build, Lint & Test	UNKNOWN STEP	2025-12-27T20:15:12.7712805Z     [2m  - waiting for getByRole('button', { name: /BUMBLE/ })[22m
Build, Lint & Test	UNKNOWN STEP	2025-12-27T20:15:12.7713144Z     [2m    - locator resolved to <button type="button" class="_classCard_1nl30_56">…</button>[22m
Build, Lint & Test	UNKNOWN STEP	2025-12-27T20:15:12.7713294Z     [2m  - attempting click action[22m
Build, Lint & Test	UNKNOWN STEP	2025-12-27T20:15:12.7713536Z     [2m    - waiting for element to be visible, enabled and stable[22m
Build, Lint & Test	UNKNOWN STEP	2025-12-27T20:15:12.7713722Z     [2m    - element is visible, enabled and stable[22m
Build, Lint & Test	UNKNOWN STEP	2025-12-27T20:15:12.7713899Z     [2m    - scrolling into view if needed[22m
Build, Lint & Test	UNKNOWN STEP	2025-12-27T20:15:12.7714035Z     [2m    - done scrolling[22m
Build, Lint & Test	UNKNOWN STEP	2025-12-27T20:15:12.7714042Z 
Build, Lint & Test	UNKNOWN STEP	2025-12-27T20:15:12.7714047Z 
Build, Lint & Test	UNKNOWN STEP	2025-12-27T20:15:12.7714120Z       307 |
Build, Lint & Test	UNKNOWN STEP	2025-12-27T20:15:12.7714217Z       308 |     // Select Bumble
Build, Lint & Test	UNKNOWN STEP	2025-12-27T20:15:12.7714416Z     > 309 |     await page.getByRole('button', { name: /BUMBLE/ }).click();
Build, Lint & Test	UNKNOWN STEP	2025-12-27T20:15:12.7714538Z           |                                                        ^
Build, Lint & Test	UNKNOWN STEP	2025-12-27T20:15:12.7714610Z       310 |
Build, Lint & Test	UNKNOWN STEP	2025-12-27T20:15:12.7714774Z       311 |     // Click "COMMENCE OPERATION" on the briefing screen
Build, Lint & Test	UNKNOWN STEP	2025-12-27T20:15:12.7715007Z       312 |     await page.getByRole('button', { name: /COMMENCE OPERATION/i }).click();
Build, Lint & Test	UNKNOWN STEP	2025-12-27T20:15:12.7715362Z         at /home/runner/work/protocol-silent-night/protocol-silent-night/e2e/full-gameplay.spec.ts:309:56
Build, Lint & Test	UNKNOWN STEP	2025-12-27T20:15:12.7715369Z 
Build, Lint & Test	UNKNOWN STEP	2025-12-27T20:15:12.7715943Z     Error Context: test-results/full-gameplay-Full-Gamepla-52f12--full-game-loop-with-Bumble-chromium-retry1/error-context.md
Build, Lint & Test	UNKNOWN STEP	2025-12-27T20:15:12.7715956Z 
Build, Lint & Test	UNKNOWN STEP	2025-12-27T20:15:12.7716321Z     attachment #2: trace (application/zip) ─────────────────────────────────────────────────────────
Build, Lint & Test	UNKNOWN STEP	2025-12-27T20:15:12.7716702Z     test-results/full-gameplay-Full-Gamepla-52f12--full-game-loop-with-Bumble-chromium-retry1/trace.zip
Build, Lint & Test	UNKNOWN STEP	2025-12-27T20:15:12.7716777Z     Usage:
Build, Lint & Test	UNKNOWN STEP	2025-12-27T20:15:12.7716784Z 
Build, Lint & Test	UNKNOWN STEP	2025-12-27T20:15:12.7717297Z         pnpm exec playwright show-trace test-results/full-gameplay-Full-Gamepla-52f12--full-game-loop-with-Bumble-chromium-retry1/trace.zip
Build, Lint & Test	UNKNOWN STEP	2025-12-27T20:15:12.7717386Z 
Build, Lint & Test	UNKNOWN STEP	2025-12-27T20:15:12.7717676Z     ────────────────────────────────────────────────────────────────────────────────────────────────
Build, Lint & Test	UNKNOWN STEP	2025-12-27T20:15:12.7717683Z 
Build, Lint & Test	UNKNOWN STEP	2025-12-27T20:15:12.7718210Z     Retry #2 ───────────────────────────────────────────────────────────────────────────────────────
Build, Lint & Test	UNKNOWN STEP	2025-12-27T20:15:12.7718238Z 
Build, Lint & Test	UNKNOWN STEP	2025-12-27T20:15:12.7718453Z     TimeoutError: locator.click: Timeout 10000ms exceeded.
Build, Lint & Test	UNKNOWN STEP	2025-12-27T20:15:12.7718532Z     Call log:
Build, Lint & Test	UNKNOWN STEP	2025-12-27T20:15:12.7718789Z     [2m  - waiting for getByRole('button', { name: /BUMBLE/ })[22m
Build, Lint & Test	UNKNOWN STEP	2025-12-27T20:15:12.7719133Z     [2m    - locator resolved to <button type="button" class="_classCard_1nl30_56">…</button>[22m
Build, Lint & Test	UNKNOWN STEP	2025-12-27T20:15:12.7719140Z 
Build, Lint & Test	UNKNOWN STEP	2025-12-27T20:15:12.7719150Z 
Build, Lint & Test	UNKNOWN STEP	2025-12-27T20:15:12.7719218Z       307 |
Build, Lint & Test	UNKNOWN STEP	2025-12-27T20:15:12.7719323Z       308 |     // Select Bumble
Build, Lint & Test	UNKNOWN STEP	2025-12-27T20:15:12.7719543Z     > 309 |     await page.getByRole('button', { name: /BUMBLE/ }).click();
Build, Lint & Test	UNKNOWN STEP	2025-12-27T20:15:12.7719684Z           |                                                        ^
Build, Lint & Test	UNKNOWN STEP	2025-12-27T20:15:12.7719759Z       310 |
Build, Lint & Test	UNKNOWN STEP	2025-12-27T20:15:12.7719927Z       311 |     // Click "COMMENCE OPERATION" on the briefing screen
Build, Lint & Test	UNKNOWN STEP	2025-12-27T20:15:12.7720169Z       312 |     await page.getByRole('button', { name: /COMMENCE OPERATION/i }).click();
Build, Lint & Test	UNKNOWN STEP	2025-12-27T20:15:12.7720535Z         at /home/runner/work/protocol-silent-night/protocol-silent-night/e2e/full-gameplay.spec.ts:309:56
Build, Lint & Test	UNKNOWN STEP	2025-12-27T20:15:12.7720542Z 
Build, Lint & Test	UNKNOWN STEP	2025-12-27T20:15:12.7720904Z     attachment #1: screenshot (image/png) ──────────────────────────────────────────────────────────
Build, Lint & Test	UNKNOWN STEP	2025-12-27T20:15:12.7721326Z     test-results/full-gameplay-Full-Gamepla-52f12--full-game-loop-with-Bumble-chromium-retry2/test-failed-1.png
Build, Lint & Test	UNKNOWN STEP	2025-12-27T20:15:12.7721620Z     ────────────────────────────────────────────────────────────────────────────────────────────────
Build, Lint & Test	UNKNOWN STEP	2025-12-27T20:15:12.7721627Z 
Build, Lint & Test	UNKNOWN STEP	2025-12-27T20:15:12.7722088Z     Error Context: test-results/full-gameplay-Full-Gamepla-52f12--full-game-loop-with-Bumble-chromium-retry2/error-context.md
Build, Lint & Test	UNKNOWN STEP	2025-12-27T20:15:12.7722105Z 
Build, Lint & Test	UNKNOWN STEP	2025-12-27T20:15:12.7722601Z   25) [chromium] › e2e/full-gameplay.spec.ts:322:3 › Full Gameplay - THE BUMBLE (Bruiser Class) › should fire spread pattern weapon 
Build, Lint & Test	UNKNOWN STEP	2025-12-27T20:15:12.7722608Z 
Build, Lint & Test	UNKNOWN STEP	2025-12-27T20:15:12.7722774Z     TimeoutError: locator.click: Timeout 10000ms exceeded.
Build, Lint & Test	UNKNOWN STEP	2025-12-27T20:15:12.7722855Z     Call log:
Build, Lint & Test	UNKNOWN STEP	2025-12-27T20:15:12.7723233Z     [2m  - waiting for getByRole('button', { name: /BUMBLE/ })[22m
Build, Lint & Test	UNKNOWN STEP	2025-12-27T20:15:12.7723585Z     [2m    - locator resolved to <button type="button" class="_classCard_1nl30_56">…</button>[22m
Build, Lint & Test	UNKNOWN STEP	2025-12-27T20:15:12.7723739Z     [2m  - attempting click action[22m
Build, Lint & Test	UNKNOWN STEP	2025-12-27T20:15:12.7723988Z     [2m    - waiting for element to be visible, enabled and stable[22m
Build, Lint & Test	UNKNOWN STEP	2025-12-27T20:15:12.7723994Z 
Build, Lint & Test	UNKNOWN STEP	2025-12-27T20:15:12.7724000Z 
Build, Lint & Test	UNKNOWN STEP	2025-12-27T20:15:12.7724129Z       324 |     await page.waitForTimeout(2000);
Build, Lint & Test	UNKNOWN STEP	2025-12-27T20:15:12.7724198Z       325 |
Build, Lint & Test	UNKNOWN STEP	2025-12-27T20:15:12.7724519Z     > 326 |     await page.getByRole('button', { name: /BUMBLE/ }).click();
Build, Lint & Test	UNKNOWN STEP	2025-12-27T20:15:12.7724645Z           |                                                        ^
Build, Lint & Test	UNKNOWN STEP	2025-12-27T20:15:12.7724718Z       327 |
Build, Lint & Test	UNKNOWN STEP	2025-12-27T20:15:12.7724886Z       328 |     // Click "COMMENCE OPERATION" on the briefing screen
Build, Lint & Test	UNKNOWN STEP	2025-12-27T20:15:12.7725131Z       329 |     await page.getByRole('button', { name: /COMMENCE OPERATION/i }).click();
Build, Lint & Test	UNKNOWN STEP	2025-12-27T20:15:12.7725494Z         at /home/runner/work/protocol-silent-night/protocol-silent-night/e2e/full-gameplay.spec.ts:326:56
Build, Lint & Test	UNKNOWN STEP	2025-12-27T20:15:12.7725501Z 
Build, Lint & Test	UNKNOWN STEP	2025-12-27T20:15:12.7725867Z     attachment #1: screenshot (image/png) ──────────────────────────────────────────────────────────
Build, Lint & Test	UNKNOWN STEP	2025-12-27T20:15:12.7726254Z     test-results/full-gameplay-Full-Gamepla-9386d--fire-spread-pattern-weapon-chromium/test-failed-1.png
Build, Lint & Test	UNKNOWN STEP	2025-12-27T20:15:12.7726547Z     ────────────────────────────────────────────────────────────────────────────────────────────────
Build, Lint & Test	UNKNOWN STEP	2025-12-27T20:15:12.7726562Z 
Build, Lint & Test	UNKNOWN STEP	2025-12-27T20:15:12.7726989Z     Error Context: test-results/full-gameplay-Full-Gamepla-9386d--fire-spread-pattern-weapon-chromium/error-context.md
Build, Lint & Test	UNKNOWN STEP	2025-12-27T20:15:12.7726996Z 
Build, Lint & Test	UNKNOWN STEP	2025-12-27T20:15:12.7727299Z     Retry #1 ───────────────────────────────────────────────────────────────────────────────────────
Build, Lint & Test	UNKNOWN STEP	2025-12-27T20:15:12.7727307Z 
Build, Lint & Test	UNKNOWN STEP	2025-12-27T20:15:12.7727470Z     TimeoutError: locator.click: Timeout 10000ms exceeded.
Build, Lint & Test	UNKNOWN STEP	2025-12-27T20:15:12.7727549Z     Call log:
Build, Lint & Test	UNKNOWN STEP	2025-12-27T20:15:12.7727797Z     [2m  - waiting for getByRole('button', { name: /BUMBLE/ })[22m
Build, Lint & Test	UNKNOWN STEP	2025-12-27T20:15:12.7728262Z     [2m    - locator resolved to <button type="button" class="_classCard_1nl30_56">…</button>[22m
Build, Lint & Test	UNKNOWN STEP	2025-12-27T20:15:12.7728419Z     [2m  - attempting click action[22m
Build, Lint & Test	UNKNOWN STEP	2025-12-27T20:15:12.7728663Z     [2m    - waiting for element to be visible, enabled and stable[22m
Build, Lint & Test	UNKNOWN STEP	2025-12-27T20:15:12.7728851Z     [2m    - element is visible, enabled and stable[22m
Build, Lint & Test	UNKNOWN STEP	2025-12-27T20:15:12.7729020Z     [2m    - scrolling into view if needed[22m
Build, Lint & Test	UNKNOWN STEP	2025-12-27T20:15:12.7729166Z     [2m    - done scrolling[22m
Build, Lint & Test	UNKNOWN STEP	2025-12-27T20:15:12.7729173Z 
Build, Lint & Test	UNKNOWN STEP	2025-12-27T20:15:12.7729178Z 
Build, Lint & Test	UNKNOWN STEP	2025-12-27T20:15:12.7729309Z       324 |     await page.waitForTimeout(2000);
Build, Lint & Test	UNKNOWN STEP	2025-12-27T20:15:12.7729379Z       325 |
Build, Lint & Test	UNKNOWN STEP	2025-12-27T20:15:12.7729572Z     > 326 |     await page.getByRole('button', { name: /BUMBLE/ }).click();
Build, Lint & Test	UNKNOWN STEP	2025-12-27T20:15:12.7729702Z           |                                                        ^
Build, Lint & Test	UNKNOWN STEP	2025-12-27T20:15:12.7729774Z       327 |
Build, Lint & Test	UNKNOWN STEP	2025-12-27T20:15:12.7729941Z       328 |     // Click "COMMENCE OPERATION" on the briefing screen
Build, Lint & Test	UNKNOWN STEP	2025-12-27T20:15:12.7730173Z       329 |     await page.getByRole('button', { name: /COMMENCE OPERATION/i }).click();
Build, Lint & Test	UNKNOWN STEP	2025-12-27T20:15:12.7730526Z         at /home/runner/work/protocol-silent-night/protocol-silent-night/e2e/full-gameplay.spec.ts:326:56
Build, Lint & Test	UNKNOWN STEP	2025-12-27T20:15:12.7730533Z 
Build, Lint & Test	UNKNOWN STEP	2025-12-27T20:15:12.7730997Z     Error Context: test-results/full-gameplay-Full-Gamepla-9386d--fire-spread-pattern-weapon-chromium-retry1/error-context.md
Build, Lint & Test	UNKNOWN STEP	2025-12-27T20:15:12.7731156Z 
Build, Lint & Test	UNKNOWN STEP	2025-12-27T20:15:12.7731525Z     attachment #2: trace (application/zip) ─────────────────────────────────────────────────────────
Build, Lint & Test	UNKNOWN STEP	2025-12-27T20:15:12.7731907Z     test-results/full-gameplay-Full-Gamepla-9386d--fire-spread-pattern-weapon-chromium-retry1/trace.zip
Build, Lint & Test	UNKNOWN STEP	2025-12-27T20:15:12.7731984Z     Usage:
Build, Lint & Test	UNKNOWN STEP	2025-12-27T20:15:12.7731990Z 
Build, Lint & Test	UNKNOWN STEP	2025-12-27T20:15:12.7732597Z         pnpm exec playwright show-trace test-results/full-gameplay-Full-Gamepla-9386d--fire-spread-pattern-weapon-chromium-retry1/trace.zip
Build, Lint & Test	UNKNOWN STEP	2025-12-27T20:15:12.7732606Z 
Build, Lint & Test	UNKNOWN STEP	2025-12-27T20:15:12.7732899Z     ────────────────────────────────────────────────────────────────────────────────────────────────
Build, Lint & Test	UNKNOWN STEP	2025-12-27T20:15:12.7732907Z 
Build, Lint & Test	UNKNOWN STEP	2025-12-27T20:15:12.7733202Z     Retry #2 ───────────────────────────────────────────────────────────────────────────────────────
Build, Lint & Test	UNKNOWN STEP	2025-12-27T20:15:12.7733209Z 
Build, Lint & Test	UNKNOWN STEP	2025-12-27T20:15:12.7733376Z     TimeoutError: locator.click: Timeout 10000ms exceeded.
Build, Lint & Test	UNKNOWN STEP	2025-12-27T20:15:12.7733462Z     Call log:
Build, Lint & Test	UNKNOWN STEP	2025-12-27T20:15:12.7733697Z     [2m  - waiting for getByRole('button', { name: /BUMBLE/ })[22m
Build, Lint & Test	UNKNOWN STEP	2025-12-27T20:15:12.7734028Z     [2m    - locator resolved to <button type="button" class="_classCard_1nl30_56">…</button>[22m
Build, Lint & Test	UNKNOWN STEP	2025-12-27T20:15:12.7734185Z     [2m  - attempting click action[22m
Build, Lint & Test	UNKNOWN STEP	2025-12-27T20:15:12.7734425Z     [2m    - waiting for element to be visible, enabled and stable[22m
Build, Lint & Test	UNKNOWN STEP	2025-12-27T20:15:12.7734431Z 
Build, Lint & Test	UNKNOWN STEP	2025-12-27T20:15:12.7734436Z 
Build, Lint & Test	UNKNOWN STEP	2025-12-27T20:15:12.7734578Z       324 |     await page.waitForTimeout(2000);
Build, Lint & Test	UNKNOWN STEP	2025-12-27T20:15:12.7734644Z       325 |
Build, Lint & Test	UNKNOWN STEP	2025-12-27T20:15:12.7734842Z     > 326 |     await page.getByRole('button', { name: /BUMBLE/ }).click();
Build, Lint & Test	UNKNOWN STEP	2025-12-27T20:15:12.7734965Z           |                                                        ^
Build, Lint & Test	UNKNOWN STEP	2025-12-27T20:15:12.7735033Z       327 |
Build, Lint & Test	UNKNOWN STEP	2025-12-27T20:15:12.7735199Z       328 |     // Click "COMMENCE OPERATION" on the briefing screen
Build, Lint & Test	UNKNOWN STEP	2025-12-27T20:15:12.7735430Z       329 |     await page.getByRole('button', { name: /COMMENCE OPERATION/i }).click();
Build, Lint & Test	UNKNOWN STEP	2025-12-27T20:15:12.7735789Z         at /home/runner/work/protocol-silent-night/protocol-silent-night/e2e/full-gameplay.spec.ts:326:56
Build, Lint & Test	UNKNOWN STEP	2025-12-27T20:15:12.7735796Z 
Build, Lint & Test	UNKNOWN STEP	2025-12-27T20:15:12.7736256Z     Error Context: test-results/full-gameplay-Full-Gamepla-9386d--fire-spread-pattern-weapon-chromium-retry2/error-context.md
Build, Lint & Test	UNKNOWN STEP	2025-12-27T20:15:12.7736274Z 
Build, Lint & Test	UNKNOWN STEP	2025-12-27T20:15:12.7736777Z   26) [chromium] › e2e/full-gameplay.spec.ts:348:3 › Full Gameplay - THE BUMBLE (Bruiser Class) › should have balanced survivability 
Build, Lint & Test	UNKNOWN STEP	2025-12-27T20:15:12.7736785Z 
Build, Lint & Test	UNKNOWN STEP	2025-12-27T20:15:12.7736948Z     TimeoutError: locator.click: Timeout 10000ms exceeded.
Build, Lint & Test	UNKNOWN STEP	2025-12-27T20:15:12.7737024Z     Call log:
Build, Lint & Test	UNKNOWN STEP	2025-12-27T20:15:12.7737248Z     [2m  - waiting for getByRole('button', { name: /BUMBLE/ })[22m
Build, Lint & Test	UNKNOWN STEP	2025-12-27T20:15:12.7737581Z     [2m    - locator resolved to <button type="button" class="_classCard_1nl30_56">…</button>[22m
Build, Lint & Test	UNKNOWN STEP	2025-12-27T20:15:12.7737730Z     [2m  - attempting click action[22m
Build, Lint & Test	UNKNOWN STEP	2025-12-27T20:15:12.7738107Z     [2m    - waiting for element to be visible, enabled and stable[22m
Build, Lint & Test	UNKNOWN STEP	2025-12-27T20:15:12.7738115Z 
Build, Lint & Test	UNKNOWN STEP	2025-12-27T20:15:12.7738120Z 
Build, Lint & Test	UNKNOWN STEP	2025-12-27T20:15:12.7738246Z       350 |     await page.waitForTimeout(2000);
Build, Lint & Test	UNKNOWN STEP	2025-12-27T20:15:12.7738319Z       351 |
Build, Lint & Test	UNKNOWN STEP	2025-12-27T20:15:12.7738509Z     > 352 |     await page.getByRole('button', { name: /BUMBLE/ }).click();
Build, Lint & Test	UNKNOWN STEP	2025-12-27T20:15:12.7738637Z           |                                                        ^
Build, Lint & Test	UNKNOWN STEP	2025-12-27T20:15:12.7738822Z       353 |
Build, Lint & Test	UNKNOWN STEP	2025-12-27T20:15:12.7738996Z       354 |     // Click "COMMENCE OPERATION" on the briefing screen
Build, Lint & Test	UNKNOWN STEP	2025-12-27T20:15:12.7739229Z       355 |     await page.getByRole('button', { name: /COMMENCE OPERATION/i }).click();
Build, Lint & Test	UNKNOWN STEP	2025-12-27T20:15:12.7739574Z         at /home/runner/work/protocol-silent-night/protocol-silent-night/e2e/full-gameplay.spec.ts:352:56
Build, Lint & Test	UNKNOWN STEP	2025-12-27T20:15:12.7739586Z 
Build, Lint & Test	UNKNOWN STEP	2025-12-27T20:15:12.7739947Z     attachment #1: screenshot (image/png) ──────────────────────────────────────────────────────────
Build, Lint & Test	UNKNOWN STEP	2025-12-27T20:15:12.7740459Z     test-results/full-gameplay-Full-Gamepla-b58f0-have-balanced-survivability-chromium/test-failed-1.png
Build, Lint & Test	UNKNOWN STEP	2025-12-27T20:15:12.7740750Z     ────────────────────────────────────────────────────────────────────────────────────────────────
Build, Lint & Test	UNKNOWN STEP	2025-12-27T20:15:12.7740758Z 
Build, Lint & Test	UNKNOWN STEP	2025-12-27T20:15:12.7741198Z     Error Context: test-results/full-gameplay-Full-Gamepla-b58f0-have-balanced-survivability-chromium/error-context.md
Build, Lint & Test	UNKNOWN STEP	2025-12-27T20:15:12.7741205Z 
Build, Lint & Test	UNKNOWN STEP	2025-12-27T20:15:12.7741507Z     Retry #1 ───────────────────────────────────────────────────────────────────────────────────────
Build, Lint & Test	UNKNOWN STEP	2025-12-27T20:15:12.7741515Z 
Build, Lint & Test	UNKNOWN STEP	2025-12-27T20:15:12.7741681Z     TimeoutError: locator.click: Timeout 10000ms exceeded.
Build, Lint & Test	UNKNOWN STEP	2025-12-27T20:15:12.7741752Z     Call log:
Build, Lint & Test	UNKNOWN STEP	2025-12-27T20:15:12.7741979Z     [2m  - waiting for getByRole('button', { name: /BUMBLE/ })[22m
Build, Lint & Test	UNKNOWN STEP	2025-12-27T20:15:12.7742314Z     [2m    - locator resolved to <button type="button" class="_classCard_1nl30_56">…</button>[22m
Build, Lint & Test	UNKNOWN STEP	2025-12-27T20:15:12.7742463Z     [2m  - attempting click action[22m
Build, Lint & Test	UNKNOWN STEP	2025-12-27T20:15:12.7742716Z     [2m    - waiting for element to be visible, enabled and stable[22m
Build, Lint & Test	UNKNOWN STEP	2025-12-27T20:15:12.7742903Z     [2m    - element is visible, enabled and stable[22m
Build, Lint & Test	UNKNOWN STEP	2025-12-27T20:15:12.7743073Z     [2m    - scrolling into view if needed[22m
Build, Lint & Test	UNKNOWN STEP	2025-12-27T20:15:12.7743209Z     [2m    - done scrolling[22m
Build, Lint & Test	UNKNOWN STEP	2025-12-27T20:15:12.7743216Z 
Build, Lint & Test	UNKNOWN STEP	2025-12-27T20:15:12.7743222Z 
Build, Lint & Test	UNKNOWN STEP	2025-12-27T20:15:12.7743356Z       350 |     await page.waitForTimeout(2000);
Build, Lint & Test	UNKNOWN STEP	2025-12-27T20:15:12.7743425Z       351 |
Build, Lint & Test	UNKNOWN STEP	2025-12-27T20:15:12.7743623Z     > 352 |     await page.getByRole('button', { name: /BUMBLE/ }).click();
Build, Lint & Test	UNKNOWN STEP	2025-12-27T20:15:12.7743744Z           |                                                        ^
Build, Lint & Test	UNKNOWN STEP	2025-12-27T20:15:12.7743815Z       353 |
Build, Lint & Test	UNKNOWN STEP	2025-12-27T20:15:12.7743977Z       354 |     // Click "COMMENCE OPERATION" on the briefing screen
Build, Lint & Test	UNKNOWN STEP	2025-12-27T20:15:12.7744209Z       355 |     await page.getByRole('button', { name: /COMMENCE OPERATION/i }).click();
Build, Lint & Test	UNKNOWN STEP	2025-12-27T20:15:12.7744561Z         at /home/runner/work/protocol-silent-night/protocol-silent-night/e2e/full-gameplay.spec.ts:352:56
Build, Lint & Test	UNKNOWN STEP	2025-12-27T20:15:12.7744568Z 
Build, Lint & Test	UNKNOWN STEP	2025-12-27T20:15:12.7744918Z     attachment #1: screenshot (image/png) ──────────────────────────────────────────────────────────
Build, Lint & Test	UNKNOWN STEP	2025-12-27T20:15:12.7745348Z     test-results/full-gameplay-Full-Gamepla-b58f0-have-balanced-survivability-chromium-retry1/test-failed-1.png
Build, Lint & Test	UNKNOWN STEP	2025-12-27T20:15:12.7745648Z     ────────────────────────────────────────────────────────────────────────────────────────────────
Build, Lint & Test	UNKNOWN STEP	2025-12-27T20:15:12.7745660Z 
Build, Lint & Test	UNKNOWN STEP	2025-12-27T20:15:12.7746125Z     Error Context: test-results/full-gameplay-Full-Gamepla-b58f0-have-balanced-survivability-chromium-retry1/error-context.md
Build, Lint & Test	UNKNOWN STEP	2025-12-27T20:15:12.7746132Z 
Build, Lint & Test	UNKNOWN STEP	2025-12-27T20:15:12.7746525Z     attachment #3: trace (application/zip) ─────────────────────────────────────────────────────────
Build, Lint & Test	UNKNOWN STEP	2025-12-27T20:15:12.7746911Z     test-results/full-gameplay-Full-Gamepla-b58f0-have-balanced-survivability-chromium-retry1/trace.zip
Build, Lint & Test	UNKNOWN STEP	2025-12-27T20:15:12.7747072Z     Usage:
Build, Lint & Test	UNKNOWN STEP	2025-12-27T20:15:12.7747084Z 
Build, Lint & Test	UNKNOWN STEP	2025-12-27T20:15:12.7747589Z         pnpm exec playwright show-trace test-results/full-gameplay-Full-Gamepla-b58f0-have-balanced-survivability-chromium-retry1/trace.zip
Build, Lint & Test	UNKNOWN STEP	2025-12-27T20:15:12.7747596Z 
Build, Lint & Test	UNKNOWN STEP	2025-12-27T20:15:12.7747891Z     ────────────────────────────────────────────────────────────────────────────────────────────────
Build, Lint & Test	UNKNOWN STEP	2025-12-27T20:15:12.7747898Z 
Build, Lint & Test	UNKNOWN STEP	2025-12-27T20:15:12.7748419Z     Retry #2 ───────────────────────────────────────────────────────────────────────────────────────
Build, Lint & Test	UNKNOWN STEP	2025-12-27T20:15:12.7748428Z 
Build, Lint & Test	UNKNOWN STEP	2025-12-27T20:15:12.7748603Z     TimeoutError: locator.click: Timeout 10000ms exceeded.
Build, Lint & Test	UNKNOWN STEP	2025-12-27T20:15:12.7748675Z     Call log:
Build, Lint & Test	UNKNOWN STEP	2025-12-27T20:15:12.7748911Z     [2m  - waiting for getByRole('button', { name: /BUMBLE/ })[22m
Build, Lint & Test	UNKNOWN STEP	2025-12-27T20:15:12.7749252Z     [2m    - locator resolved to <button type="button" class="_classCard_1nl30_56">…</button>[22m
Build, Lint & Test	UNKNOWN STEP	2025-12-27T20:15:12.7749403Z     [2m  - attempting click action[22m
Build, Lint & Test	UNKNOWN STEP	2025-12-27T20:15:12.7749659Z     [2m    - waiting for element to be visible, enabled and stable[22m
Build, Lint & Test	UNKNOWN STEP	2025-12-27T20:15:12.7749666Z 
Build, Lint & Test	UNKNOWN STEP	2025-12-27T20:15:12.7749670Z 
Build, Lint & Test	UNKNOWN STEP	2025-12-27T20:15:12.7749798Z       350 |     await page.waitForTimeout(2000);
Build, Lint & Test	UNKNOWN STEP	2025-12-27T20:15:12.7749871Z       351 |
Build, Lint & Test	UNKNOWN STEP	2025-12-27T20:15:12.7750066Z     > 352 |     await page.getByRole('button', { name: /BUMBLE/ }).click();
Build, Lint & Test	UNKNOWN STEP	2025-12-27T20:15:12.7750196Z           |                                                        ^
Build, Lint & Test	UNKNOWN STEP	2025-12-27T20:15:12.7750270Z       353 |
Build, Lint & Test	UNKNOWN STEP	2025-12-27T20:15:12.7750436Z       354 |     // Click "COMMENCE OPERATION" on the briefing screen
Build, Lint & Test	UNKNOWN STEP	2025-12-27T20:15:12.7750671Z       355 |     await page.getByRole('button', { name: /COMMENCE OPERATION/i }).click();
Build, Lint & Test	UNKNOWN STEP	2025-12-27T20:15:12.7751026Z         at /home/runner/work/protocol-silent-night/protocol-silent-night/e2e/full-gameplay.spec.ts:352:56
Build, Lint & Test	UNKNOWN STEP	2025-12-27T20:15:12.7751033Z 
Build, Lint & Test	UNKNOWN STEP	2025-12-27T20:15:12.7751503Z     Error Context: test-results/full-gameplay-Full-Gamepla-b58f0-have-balanced-survivability-chromium-retry2/error-context.md
Build, Lint & Test	UNKNOWN STEP	2025-12-27T20:15:12.7751513Z 
Build, Lint & Test	UNKNOWN STEP	2025-12-27T20:15:12.7751947Z   27) [chromium] › e2e/full-gameplay.spec.ts:377:3 › Full Gameplay - Boss Battle › should spawn boss after 10 kills 
Build, Lint & Test	UNKNOWN STEP	2025-12-27T20:15:12.7751954Z 
Build, Lint & Test	UNKNOWN STEP	2025-12-27T20:15:12.7752120Z     TimeoutError: locator.click: Timeout 10000ms exceeded.
Build, Lint & Test	UNKNOWN STEP	2025-12-27T20:15:12.7752195Z     Call log:
Build, Lint & Test	UNKNOWN STEP	2025-12-27T20:15:12.7752446Z     [2m  - waiting for getByRole('button', { name: /MECHA-SANTA/ })[22m
Build, Lint & Test	UNKNOWN STEP	2025-12-27T20:15:12.7752793Z     [2m    - locator resolved to <button type="button" class="_classCard_1nl30_56">…</button>[22m
Build, Lint & Test	UNKNOWN STEP	2025-12-27T20:15:12.7752944Z     [2m  - attempting click action[22m
Build, Lint & Test	UNKNOWN STEP	2025-12-27T20:15:12.7753185Z     [2m    - waiting for element to be visible, enabled and stable[22m
Build, Lint & Test	UNKNOWN STEP	2025-12-27T20:15:12.7753192Z 
Build, Lint & Test	UNKNOWN STEP	2025-12-27T20:15:12.7753197Z 
Build, Lint & Test	UNKNOWN STEP	2025-12-27T20:15:12.7753323Z       379 |     await page.waitForTimeout(2000);
Build, Lint & Test	UNKNOWN STEP	2025-12-27T20:15:12.7753390Z       380 |
Build, Lint & Test	UNKNOWN STEP	2025-12-27T20:15:12.7753604Z     > 381 |     await page.getByRole('button', { name: /MECHA-SANTA/ }).click();
Build, Lint & Test	UNKNOWN STEP	2025-12-27T20:15:12.7753739Z           |                                                             ^
Build, Lint & Test	UNKNOWN STEP	2025-12-27T20:15:12.7753810Z       382 |
Build, Lint & Test	UNKNOWN STEP	2025-12-27T20:15:12.7753973Z       383 |     // Click "COMMENCE OPERATION" on the briefing screen
Build, Lint & Test	UNKNOWN STEP	2025-12-27T20:15:12.7754208Z       384 |     await page.getByRole('button', { name: /COMMENCE OPERATION/i }).click();
Build, Lint & Test	UNKNOWN STEP	2025-12-27T20:15:12.7754638Z         at /home/runner/work/protocol-silent-night/protocol-silent-night/e2e/full-gameplay.spec.ts:381:61
Build, Lint & Test	UNKNOWN STEP	2025-12-27T20:15:12.7754646Z 
Build, Lint & Test	UNKNOWN STEP	2025-12-27T20:15:12.7755079Z     Error Context: test-results/full-gameplay-Full-Gamepla-35f06-d-spawn-boss-after-10-kills-chromium/error-context.md
Build, Lint & Test	UNKNOWN STEP	2025-12-27T20:15:12.7755086Z 
Build, Lint & Test	UNKNOWN STEP	2025-12-27T20:15:12.7755387Z     Retry #1 ───────────────────────────────────────────────────────────────────────────────────────
Build, Lint & Test	UNKNOWN STEP	2025-12-27T20:15:12.7755394Z 
Build, Lint & Test	UNKNOWN STEP	2025-12-27T20:15:12.7755562Z     TimeoutError: locator.click: Timeout 10000ms exceeded.
Build, Lint & Test	UNKNOWN STEP	2025-12-27T20:15:12.7755633Z     Call log:
Build, Lint & Test	UNKNOWN STEP	2025-12-27T20:15:12.7755998Z     [2m  - waiting for getByRole('button', { name: /MECHA-SANTA/ })[22m
Build, Lint & Test	UNKNOWN STEP	2025-12-27T20:15:12.7756333Z     [2m    - locator resolved to <button type="button" class="_classCard_1nl30_56">…</button>[22m
Build, Lint & Test	UNKNOWN STEP	2025-12-27T20:15:12.7756487Z     [2m  - attempting click action[22m
Build, Lint & Test	UNKNOWN STEP	2025-12-27T20:15:12.7756722Z     [2m    - waiting for element to be visible, enabled and stable[22m
Build, Lint & Test	UNKNOWN STEP	2025-12-27T20:15:12.7756916Z     [2m    - element is visible, enabled and stable[22m
Build, Lint & Test	UNKNOWN STEP	2025-12-27T20:15:12.7757087Z     [2m    - scrolling into view if needed[22m
Build, Lint & Test	UNKNOWN STEP	2025-12-27T20:15:12.7757223Z     [2m    - done scrolling[22m
Build, Lint & Test	UNKNOWN STEP	2025-12-27T20:15:12.7757381Z     [2m    - performing click action[22m
Build, Lint & Test	UNKNOWN STEP	2025-12-27T20:15:12.7757388Z 
Build, Lint & Test	UNKNOWN STEP	2025-12-27T20:15:12.7757393Z 
Build, Lint & Test	UNKNOWN STEP	2025-12-27T20:15:12.7757517Z       379 |     await page.waitForTimeout(2000);
Build, Lint & Test	UNKNOWN STEP	2025-12-27T20:15:12.7757590Z       380 |
Build, Lint & Test	UNKNOWN STEP	2025-12-27T20:15:12.7757799Z     > 381 |     await page.getByRole('button', { name: /MECHA-SANTA/ }).click();
Build, Lint & Test	UNKNOWN STEP	2025-12-27T20:15:12.7758133Z           |                                                             ^
Build, Lint & Test	UNKNOWN STEP	2025-12-27T20:15:12.7758265Z       382 |
Build, Lint & Test	UNKNOWN STEP	2025-12-27T20:15:12.7758451Z       383 |     // Click "COMMENCE OPERATION" on the briefing screen
Build, Lint & Test	UNKNOWN STEP	2025-12-27T20:15:12.7758689Z       384 |     await page.getByRole('button', { name: /COMMENCE OPERATION/i }).click();
Build, Lint & Test	UNKNOWN STEP	2025-12-27T20:15:12.7759041Z         at /home/runner/work/protocol-silent-night/protocol-silent-night/e2e/full-gameplay.spec.ts:381:61
Build, Lint & Test	UNKNOWN STEP	2025-12-27T20:15:12.7759049Z 
Build, Lint & Test	UNKNOWN STEP	2025-12-27T20:15:12.7759524Z     Error Context: test-results/full-gameplay-Full-Gamepla-35f06-d-spawn-boss-after-10-kills-chromium-retry1/error-context.md
Build, Lint & Test	UNKNOWN STEP	2025-12-27T20:15:12.7759531Z 
Build, Lint & Test	UNKNOWN STEP	2025-12-27T20:15:12.7759919Z     attachment #2: trace (application/zip) ─────────────────────────────────────────────────────────
Build, Lint & Test	UNKNOWN STEP	2025-12-27T20:15:12.7760300Z     test-results/full-gameplay-Full-Gamepla-35f06-d-spawn-boss-after-10-kills-chromium-retry1/trace.zip
Build, Lint & Test	UNKNOWN STEP	2025-12-27T20:15:12.7760375Z     Usage:
Build, Lint & Test	UNKNOWN STEP	2025-12-27T20:15:12.7760381Z 
Build, Lint & Test	UNKNOWN STEP	2025-12-27T20:15:12.7760889Z         pnpm exec playwright show-trace test-results/full-gameplay-Full-Gamepla-35f06-d-spawn-boss-after-10-kills-chromium-retry1/trace.zip
Build, Lint & Test	UNKNOWN STEP	2025-12-27T20:15:12.7760896Z 
Build, Lint & Test	UNKNOWN STEP	2025-12-27T20:15:12.7761187Z     ────────────────────────────────────────────────────────────────────────────────────────────────
Build, Lint & Test	UNKNOWN STEP	2025-12-27T20:15:12.7761194Z 
Build, Lint & Test	UNKNOWN STEP	2025-12-27T20:15:12.7761493Z     Retry #2 ───────────────────────────────────────────────────────────────────────────────────────
Build, Lint & Test	UNKNOWN STEP	2025-12-27T20:15:12.7761643Z 
Build, Lint & Test	UNKNOWN STEP	2025-12-27T20:15:12.7761818Z     TimeoutError: locator.click: Timeout 10000ms exceeded.
Build, Lint & Test	UNKNOWN STEP	2025-12-27T20:15:12.7761891Z     Call log:
Build, Lint & Test	UNKNOWN STEP	2025-12-27T20:15:12.7762149Z     [2m  - waiting for getByRole('button', { name: /MECHA-SANTA/ })[22m
Build, Lint & Test	UNKNOWN STEP	2025-12-27T20:15:12.7762482Z     [2m    - locator resolved to <button type="button" class="_classCard_1nl30_56">…</button>[22m
Build, Lint & Test	UNKNOWN STEP	2025-12-27T20:15:12.7762489Z 
Build, Lint & Test	UNKNOWN STEP	2025-12-27T20:15:12.7762495Z 
Build, Lint & Test	UNKNOWN STEP	2025-12-27T20:15:12.7762627Z       379 |     await page.waitForTimeout(2000);
Build, Lint & Test	UNKNOWN STEP	2025-12-27T20:15:12.7762810Z       380 |
Build, Lint & Test	UNKNOWN STEP	2025-12-27T20:15:12.7763028Z     > 381 |     await page.getByRole('button', { name: /MECHA-SANTA/ }).click();
Build, Lint & Test	UNKNOWN STEP	2025-12-27T20:15:12.7763154Z           |                                                             ^
Build, Lint & Test	UNKNOWN STEP	2025-12-27T20:15:12.7763226Z       382 |
Build, Lint & Test	UNKNOWN STEP	2025-12-27T20:15:12.7763393Z       383 |     // Click "COMMENCE OPERATION" on the briefing screen
Build, Lint & Test	UNKNOWN STEP	2025-12-27T20:15:12.7763625Z       384 |     await page.getByRole('button', { name: /COMMENCE OPERATION/i }).click();
Build, Lint & Test	UNKNOWN STEP	2025-12-27T20:15:12.7763988Z         at /home/runner/work/protocol-silent-night/protocol-silent-night/e2e/full-gameplay.spec.ts:381:61
Build, Lint & Test	UNKNOWN STEP	2025-12-27T20:15:12.7763995Z 
Build, Lint & Test	UNKNOWN STEP	2025-12-27T20:15:12.7764349Z     attachment #1: screenshot (image/png) ──────────────────────────────────────────────────────────
Build, Lint & Test	UNKNOWN STEP	2025-12-27T20:15:12.7764771Z     test-results/full-gameplay-Full-Gamepla-35f06-d-spawn-boss-after-10-kills-chromium-retry2/test-failed-1.png
Build, Lint & Test	UNKNOWN STEP	2025-12-27T20:15:12.7765057Z     ────────────────────────────────────────────────────────────────────────────────────────────────
Build, Lint & Test	UNKNOWN STEP	2025-12-27T20:15:12.7765076Z 
Build, Lint & Test	UNKNOWN STEP	2025-12-27T20:15:12.7765537Z     Error Context: test-results/full-gameplay-Full-Gamepla-35f06-d-spawn-boss-after-10-kills-chromium-retry2/error-context.md
Build, Lint & Test	UNKNOWN STEP	2025-12-27T20:15:12.7765544Z 
Build, Lint & Test	UNKNOWN STEP	2025-12-27T20:15:12.7765970Z   28) [chromium] › e2e/full-gameplay.spec.ts:406:3 › Full Gameplay - Boss Battle › should defeat boss and win game 
Build, Lint & Test	UNKNOWN STEP	2025-12-27T20:15:12.7765978Z 
Build, Lint & Test	UNKNOWN STEP	2025-12-27T20:15:12.7766152Z     TimeoutError: locator.click: Timeout 10000ms exceeded.
Build, Lint & Test	UNKNOWN STEP	2025-12-27T20:15:12.7766225Z     Call log:
Build, Lint & Test	UNKNOWN STEP	2025-12-27T20:15:12.7766479Z     [2m  - waiting for getByRole('button', { name: /MECHA-SANTA/ })[22m
Build, Lint & Test	UNKNOWN STEP	2025-12-27T20:15:12.7766814Z     [2m    - locator resolved to <button type="button" class="_classCard_1nl30_56">…</button>[22m
Build, Lint & Test	UNKNOWN STEP	2025-12-27T20:15:12.7766826Z 
Build, Lint & Test	UNKNOWN STEP	2025-12-27T20:15:12.7766831Z 
Build, Lint & Test	UNKNOWN STEP	2025-12-27T20:15:12.7766957Z       408 |     await page.waitForTimeout(2000);
Build, Lint & Test	UNKNOWN STEP	2025-12-27T20:15:12.7767025Z       409 |
Build, Lint & Test	UNKNOWN STEP	2025-12-27T20:15:12.7767238Z     > 410 |     await page.getByRole('button', { name: /MECHA-SANTA/ }).click();
Build, Lint & Test	UNKNOWN STEP	2025-12-27T20:15:12.7767372Z           |                                                             ^
Build, Lint & Test	UNKNOWN STEP	2025-12-27T20:15:12.7767446Z       411 |
Build, Lint & Test	UNKNOWN STEP	2025-12-27T20:15:12.7767609Z       412 |     // Click "COMMENCE OPERATION" on the briefing screen
Build, Lint & Test	UNKNOWN STEP	2025-12-27T20:15:12.7767849Z       413 |     await page.getByRole('button', { name: /COMMENCE OPERATION/i }).click();
Build, Lint & Test	UNKNOWN STEP	2025-12-27T20:15:12.7768342Z         at /home/runner/work/protocol-silent-night/protocol-silent-night/e2e/full-gameplay.spec.ts:410:61
Build, Lint & Test	UNKNOWN STEP	2025-12-27T20:15:12.7768350Z 
Build, Lint & Test	UNKNOWN STEP	2025-12-27T20:15:12.7768712Z     attachment #1: screenshot (image/png) ──────────────────────────────────────────────────────────
Build, Lint & Test	UNKNOWN STEP	2025-12-27T20:15:12.7769097Z     test-results/full-gameplay-Full-Gamepla-eeba2-ld-defeat-boss-and-win-game-chromium/test-failed-1.png
Build, Lint & Test	UNKNOWN STEP	2025-12-27T20:15:12.7769389Z     ────────────────────────────────────────────────────────────────────────────────────────────────
Build, Lint & Test	UNKNOWN STEP	2025-12-27T20:15:12.7769396Z 
Build, Lint & Test	UNKNOWN STEP	2025-12-27T20:15:12.7769967Z     Error Context: test-results/full-gameplay-Full-Gamepla-eeba2-ld-defeat-boss-and-win-game-chromium/error-context.md
Build, Lint & Test	UNKNOWN STEP	2025-12-27T20:15:12.7769974Z 
Build, Lint & Test	UNKNOWN STEP	2025-12-27T20:15:12.7770279Z     Retry #1 ───────────────────────────────────────────────────────────────────────────────────────
Build, Lint & Test	UNKNOWN STEP	2025-12-27T20:15:12.7770286Z 
Build, Lint & Test	UNKNOWN STEP	2025-12-27T20:15:12.7770449Z     TimeoutError: locator.click: Timeout 10000ms exceeded.
Build, Lint & Test	UNKNOWN STEP	2025-12-27T20:15:12.7770530Z     Call log:
Build, Lint & Test	UNKNOWN STEP	2025-12-27T20:15:12.7770886Z     [2m  - waiting for getByRole('button', { name: /MECHA-SANTA/ })[22m
Build, Lint & Test	UNKNOWN STEP	2025-12-27T20:15:12.7771232Z     [2m    - locator resolved to <button type="button" class="_classCard_1nl30_56">…</button>[22m
Build, Lint & Test	UNKNOWN STEP	2025-12-27T20:15:12.7771384Z     [2m  - attempting click action[22m
Build, Lint & Test	UNKNOWN STEP	2025-12-27T20:15:12.7771627Z     [2m    - waiting for element to be visible, enabled and stable[22m
Build, Lint & Test	UNKNOWN STEP	2025-12-27T20:15:12.7771815Z     [2m    - element is visible, enabled and stable[22m
Build, Lint & Test	UNKNOWN STEP	2025-12-27T20:15:12.7771978Z     [2m    - scrolling into view if needed[22m
Build, Lint & Test	UNKNOWN STEP	2025-12-27T20:15:12.7772126Z     [2m    - done scrolling[22m
Build, Lint & Test	UNKNOWN STEP	2025-12-27T20:15:12.7772133Z 
Build, Lint & Test	UNKNOWN STEP	2025-12-27T20:15:12.7772138Z 
Build, Lint & Test	UNKNOWN STEP	2025-12-27T20:15:12.7772261Z       408 |     await page.waitForTimeout(2000);
Build, Lint & Test	UNKNOWN STEP	2025-12-27T20:15:12.7772341Z       409 |
Build, Lint & Test	UNKNOWN STEP	2025-12-27T20:15:12.7772550Z     > 410 |     await page.getByRole('button', { name: /MECHA-SANTA/ }).click();
Build, Lint & Test	UNKNOWN STEP	2025-12-27T20:15:12.7772684Z           |                                                             ^
Build, Lint & Test	UNKNOWN STEP	2025-12-27T20:15:12.7772751Z       411 |
Build, Lint & Test	UNKNOWN STEP	2025-12-27T20:15:12.7772925Z       412 |     // Click "COMMENCE OPERATION" on the briefing screen
Build, Lint & Test	UNKNOWN STEP	2025-12-27T20:15:12.7773158Z       413 |     await page.getByRole('button', { name: /COMMENCE OPERATION/i }).click();
Build, Lint & Test	UNKNOWN STEP	2025-12-27T20:15:12.7773508Z         at /home/runner/work/protocol-silent-night/protocol-silent-night/e2e/full-gameplay.spec.ts:410:61
Build, Lint & Test	UNKNOWN STEP	2025-12-27T20:15:12.7773515Z 
Build, Lint & Test	UNKNOWN STEP	2025-12-27T20:15:12.7773980Z     Error Context: test-results/full-gameplay-Full-Gamepla-eeba2-ld-defeat-boss-and-win-game-chromium-retry1/error-context.md
Build, Lint & Test	UNKNOWN STEP	2025-12-27T20:15:12.7773990Z 
Build, Lint & Test	UNKNOWN STEP	2025-12-27T20:15:12.7774353Z     attachment #2: trace (application/zip) ─────────────────────────────────────────────────────────
Build, Lint & Test	UNKNOWN STEP	2025-12-27T20:15:12.7774734Z     test-results/full-gameplay-Full-Gamepla-eeba2-ld-defeat-boss-and-win-game-chromium-retry1/trace.zip
Build, Lint & Test	UNKNOWN STEP	2025-12-27T20:15:12.7774808Z     Usage:
Build, Lint & Test	UNKNOWN STEP	2025-12-27T20:15:12.7774815Z 
Build, Lint & Test	UNKNOWN STEP	2025-12-27T20:15:12.7775323Z         pnpm exec playwright show-trace test-results/full-gameplay-Full-Gamepla-eeba2-ld-defeat-boss-and-win-game-chromium-retry1/trace.zip
Build, Lint & Test	UNKNOWN STEP	2025-12-27T20:15:12.7775330Z 
Build, Lint & Test	UNKNOWN STEP	2025-12-27T20:15:12.7775620Z     ────────────────────────────────────────────────────────────────────────────────────────────────
Build, Lint & Test	UNKNOWN STEP	2025-12-27T20:15:12.7775627Z 
Build, Lint & Test	UNKNOWN STEP	2025-12-27T20:15:12.7775922Z     Retry #2 ───────────────────────────────────────────────────────────────────────────────────────
Build, Lint & Test	UNKNOWN STEP	2025-12-27T20:15:12.7775929Z 
Build, Lint & Test	UNKNOWN STEP	2025-12-27T20:15:12.7776095Z     TimeoutError: locator.click: Timeout 10000ms exceeded.
Build, Lint & Test	UNKNOWN STEP	2025-12-27T20:15:12.7776166Z     Call log:
Build, Lint & Test	UNKNOWN STEP	2025-12-27T20:15:12.7776429Z     [2m  - waiting for getByRole('button', { name: /MECHA-SANTA/ })[22m
Build, Lint & Test	UNKNOWN STEP	2025-12-27T20:15:12.7776758Z     [2m    - locator resolved to <button type="button" class="_classCard_1nl30_56">…</button>[22m
Build, Lint & Test	UNKNOWN STEP	2025-12-27T20:15:12.7776916Z     [2m  - attempting click action[22m
Build, Lint & Test	UNKNOWN STEP	2025-12-27T20:15:12.7777152Z     [2m    - waiting for element to be visible, enabled and stable[22m
Build, Lint & Test	UNKNOWN STEP	2025-12-27T20:15:12.7777159Z 
Build, Lint & Test	UNKNOWN STEP	2025-12-27T20:15:12.7777164Z 
Build, Lint & Test	UNKNOWN STEP	2025-12-27T20:15:12.7777381Z       408 |     await page.waitForTimeout(2000);
Build, Lint & Test	UNKNOWN STEP	2025-12-27T20:15:12.7777452Z       409 |
Build, Lint & Test	UNKNOWN STEP	2025-12-27T20:15:12.7777660Z     > 410 |     await page.getByRole('button', { name: /MECHA-SANTA/ }).click();
Build, Lint & Test	UNKNOWN STEP	2025-12-27T20:15:12.7777791Z           |                                                             ^
Build, Lint & Test	UNKNOWN STEP	2025-12-27T20:15:12.7777857Z       411 |
Build, Lint & Test	UNKNOWN STEP	2025-12-27T20:15:12.7778154Z       412 |     // Click "COMMENCE OPERATION" on the briefing screen
Build, Lint & Test	UNKNOWN STEP	2025-12-27T20:15:12.7778386Z       413 |     await page.getByRole('button', { name: /COMMENCE OPERATION/i }).click();
Build, Lint & Test	UNKNOWN STEP	2025-12-27T20:15:12.7778850Z         at /home/runner/work/protocol-silent-night/protocol-silent-night/e2e/full-gameplay.spec.ts:410:61
Build, Lint & Test	UNKNOWN STEP	2025-12-27T20:15:12.7778858Z 
Build, Lint & Test	UNKNOWN STEP	2025-12-27T20:15:12.7779321Z     Error Context: test-results/full-gameplay-Full-Gamepla-eeba2-ld-defeat-boss-and-win-game-chromium-retry2/error-context.md
Build, Lint & Test	UNKNOWN STEP	2025-12-27T20:15:12.7779328Z 
Build, Lint & Test	UNKNOWN STEP	2025-12-27T20:15:12.7779783Z   29) [chromium] › e2e/full-gameplay.spec.ts:442:3 › Full Gameplay - Boss Battle › should show boss health decreasing 
Build, Lint & Test	UNKNOWN STEP	2025-12-27T20:15:12.7779791Z 
Build, Lint & Test	UNKNOWN STEP	2025-12-27T20:15:12.7779951Z     TimeoutError: locator.click: Timeout 10000ms exceeded.
Build, Lint & Test	UNKNOWN STEP	2025-12-27T20:15:12.7780028Z     Call log:
Build, Lint & Test	UNKNOWN STEP	2025-12-27T20:15:12.7780273Z     [2m  - waiting for getByRole('button', { name: /MECHA-SANTA/ })[22m
Build, Lint & Test	UNKNOWN STEP	2025-12-27T20:15:12.7780606Z     [2m    - locator resolved to <button type="button" class="_classCard_1nl30_56">…</button>[22m
Build, Lint & Test	UNKNOWN STEP	2025-12-27T20:15:12.7780757Z     [2m  - attempting click action[22m
Build, Lint & Test	UNKNOWN STEP	2025-12-27T20:15:12.7780998Z     [2m    - waiting for element to be visible, enabled and stable[22m
Build, Lint & Test	UNKNOWN STEP	2025-12-27T20:15:12.7781011Z 
Build, Lint & Test	UNKNOWN STEP	2025-12-27T20:15:12.7781016Z 
Build, Lint & Test	UNKNOWN STEP	2025-12-27T20:15:12.7781139Z       444 |     await page.waitForTimeout(2000);
Build, Lint & Test	UNKNOWN STEP	2025-12-27T20:15:12.7781214Z       445 |
Build, Lint & Test	UNKNOWN STEP	2025-12-27T20:15:12.7781420Z     > 446 |     await page.getByRole('button', { name: /MECHA-SANTA/ }).click();
Build, Lint & Test	UNKNOWN STEP	2025-12-27T20:15:12.7781550Z           |                                                             ^
Build, Lint & Test	UNKNOWN STEP	2025-12-27T20:15:12.7781620Z       447 |
Build, Lint & Test	UNKNOWN STEP	2025-12-27T20:15:12.7781785Z       448 |     // Click "COMMENCE OPERATION" on the briefing screen
Build, Lint & Test	UNKNOWN STEP	2025-12-27T20:15:12.7782020Z       449 |     await page.getByRole('button', { name: /COMMENCE OPERATION/i }).click();
Build, Lint & Test	UNKNOWN STEP	2025-12-27T20:15:12.7782361Z         at /home/runner/work/protocol-silent-night/protocol-silent-night/e2e/full-gameplay.spec.ts:446:61
Build, Lint & Test	UNKNOWN STEP	2025-12-27T20:15:12.7782373Z 
Build, Lint & Test	UNKNOWN STEP	2025-12-27T20:15:12.7782800Z     Error Context: test-results/full-gameplay-Full-Gamepla-f9fb3-show-boss-health-decreasing-chromium/error-context.md
Build, Lint & Test	UNKNOWN STEP	2025-12-27T20:15:12.7782811Z 
Build, Lint & Test	UNKNOWN STEP	2025-12-27T20:15:12.7783115Z     Retry #1 ───────────────────────────────────────────────────────────────────────────────────────
Build, Lint & Test	UNKNOWN STEP	2025-12-27T20:15:12.7783122Z 
Build, Lint & Test	UNKNOWN STEP	2025-12-27T20:15:12.7783283Z     TimeoutError: locator.click: Timeout 10000ms exceeded.
Build, Lint & Test	UNKNOWN STEP	2025-12-27T20:15:12.7783356Z     Call log:
Build, Lint & Test	UNKNOWN STEP	2025-12-27T20:15:12.7783603Z     [2m  - waiting for getByRole('button', { name: /MECHA-SANTA/ })[22m
Build, Lint & Test	UNKNOWN STEP	2025-12-27T20:15:12.7783938Z     [2m    - locator resolved to <button type="button" class="_classCard_1nl30_56">…</button>[22m
Build, Lint & Test	UNKNOWN STEP	2025-12-27T20:15:12.7784091Z     [2m  - attempting click action[22m
Build, Lint & Test	UNKNOWN STEP	2025-12-27T20:15:12.7784327Z     [2m    - waiting for element to be visible, enabled and stable[22m
Build, Lint & Test	UNKNOWN STEP	2025-12-27T20:15:12.7784517Z     [2m    - element is visible, enabled and stable[22m
Build, Lint & Test	UNKNOWN STEP	2025-12-27T20:15:12.7784677Z     [2m    - scrolling into view if needed[22m
Build, Lint & Test	UNKNOWN STEP	2025-12-27T20:15:12.7784815Z     [2m    - done scrolling[22m
Build, Lint & Test	UNKNOWN STEP	2025-12-27T20:15:12.7784968Z     [2m    - performing click action[22m
Build, Lint & Test	UNKNOWN STEP	2025-12-27T20:15:12.7785078Z 
Build, Lint & Test	UNKNOWN STEP	2025-12-27T20:15:12.7785084Z 
Build, Lint & Test	UNKNOWN STEP	2025-12-27T20:15:12.7785215Z       444 |     await page.waitForTimeout(2000);
Build, Lint & Test	UNKNOWN STEP	2025-12-27T20:15:12.7785283Z       445 |
Build, Lint & Test	UNKNOWN STEP	2025-12-27T20:15:12.7785495Z     > 446 |     await page.getByRole('button', { name: /MECHA-SANTA/ }).click();
Build, Lint & Test	UNKNOWN STEP	2025-12-27T20:15:12.7785621Z           |                                                             ^
Build, Lint & Test	UNKNOWN STEP	2025-12-27T20:15:12.7785689Z       447 |
Build, Lint & Test	UNKNOWN STEP	2025-12-27T20:15:12.7786004Z       448 |     // Click "COMMENCE OPERATION" on the briefing screen
Build, Lint & Test	UNKNOWN STEP	2025-12-27T20:15:12.7786242Z       449 |     await page.getByRole('button', { name: /COMMENCE OPERATION/i }).click();
Build, Lint & Test	UNKNOWN STEP	2025-12-27T20:15:12.7786591Z         at /home/runner/work/protocol-silent-night/protocol-silent-night/e2e/full-gameplay.spec.ts:446:61
Build, Lint & Test	UNKNOWN STEP	2025-12-27T20:15:12.7786598Z 
Build, Lint & Test	UNKNOWN STEP	2025-12-27T20:15:12.7787060Z     Error Context: test-results/full-gameplay-Full-Gamepla-f9fb3-show-boss-health-decreasing-chromium-retry1/error-context.md
Build, Lint & Test	UNKNOWN STEP	2025-12-27T20:15:12.7787067Z 
Build, Lint & Test	UNKNOWN STEP	2025-12-27T20:15:12.7787439Z     attachment #2: trace (application/zip) ─────────────────────────────────────────────────────────
Build, Lint & Test	UNKNOWN STEP	2025-12-27T20:15:12.7787820Z     test-results/full-gameplay-Full-Gamepla-f9fb3-show-boss-health-decreasing-chromium-retry1/trace.zip
Build, Lint & Test	UNKNOWN STEP	2025-12-27T20:15:12.7787897Z     Usage:
Build, Lint & Test	UNKNOWN STEP	2025-12-27T20:15:12.7788004Z 
Build, Lint & Test	UNKNOWN STEP	2025-12-27T20:15:12.7788519Z         pnpm exec playwright show-trace test-results/full-gameplay-Full-Gamepla-f9fb3-show-boss-health-decreasing-chromium-retry1/trace.zip
Build, Lint & Test	UNKNOWN STEP	2025-12-27T20:15:12.7788537Z 
Build, Lint & Test	UNKNOWN STEP	2025-12-27T20:15:12.7788827Z     ────────────────────────────────────────────────────────────────────────────────────────────────
Build, Lint & Test	UNKNOWN STEP	2025-12-27T20:15:12.7788834Z 
Build, Lint & Test	UNKNOWN STEP	2025-12-27T20:15:12.7789130Z     Retry #2 ───────────────────────────────────────────────────────────────────────────────────────
Build, Lint & Test	UNKNOWN STEP	2025-12-27T20:15:12.7789142Z 
Build, Lint & Test	UNKNOWN STEP	2025-12-27T20:15:12.7789306Z     TimeoutError: locator.click: Timeout 10000ms exceeded.
Build, Lint & Test	UNKNOWN STEP	2025-12-27T20:15:12.7789378Z     Call log:
Build, Lint & Test	UNKNOWN STEP	2025-12-27T20:15:12.7789634Z     [2m  - waiting for getByRole('button', { name: /MECHA-SANTA/ })[22m
Build, Lint & Test	UNKNOWN STEP	2025-12-27T20:15:12.7789978Z     [2m    - locator resolved to <button type="button" class="_classCard_1nl30_56">…</button>[22m
Build, Lint & Test	UNKNOWN STEP	2025-12-27T20:15:12.7789985Z 
Build, Lint & Test	UNKNOWN STEP	2025-12-27T20:15:12.7789995Z 
Build, Lint & Test	UNKNOWN STEP	2025-12-27T20:15:12.7790123Z       444 |     await page.waitForTimeout(2000);
Build, Lint & Test	UNKNOWN STEP	2025-12-27T20:15:12.7790193Z       445 |
Build, Lint & Test	UNKNOWN STEP	2025-12-27T20:15:12.7790408Z     > 446 |     await page.getByRole('button', { name: /MECHA-SANTA/ }).click();
Build, Lint & Test	UNKNOWN STEP	2025-12-27T20:15:12.7790546Z           |                                                             ^
Build, Lint & Test	UNKNOWN STEP	2025-12-27T20:15:12.7790618Z       447 |
Build, Lint & Test	UNKNOWN STEP	2025-12-27T20:15:12.7790781Z       448 |     // Click "COMMENCE OPERATION" on the briefing screen
Build, Lint & Test	UNKNOWN STEP	2025-12-27T20:15:12.7791016Z       449 |     await page.getByRole('button', { name: /COMMENCE OPERATION/i }).click();
Build, Lint & Test	UNKNOWN STEP	2025-12-27T20:15:12.7791363Z         at /home/runner/work/protocol-silent-night/protocol-silent-night/e2e/full-gameplay.spec.ts:446:61
Build, Lint & Test	UNKNOWN STEP	2025-12-27T20:15:12.7791370Z 
Build, Lint & Test	UNKNOWN STEP	2025-12-27T20:15:12.7791727Z     attachment #1: screenshot (image/png) ──────────────────────────────────────────────────────────
Build, Lint & Test	UNKNOWN STEP	2025-12-27T20:15:12.7792155Z     test-results/full-gameplay-Full-Gamepla-f9fb3-show-boss-health-decreasing-chromium-retry2/test-failed-1.png
Build, Lint & Test	UNKNOWN STEP	2025-12-27T20:15:12.7792446Z     ────────────────────────────────────────────────────────────────────────────────────────────────
Build, Lint & Test	UNKNOWN STEP	2025-12-27T20:15:12.7792453Z 
Build, Lint & Test	UNKNOWN STEP	2025-12-27T20:15:12.7793062Z     Error Context: test-results/full-gameplay-Full-Gamepla-f9fb3-show-boss-health-decreasing-chromium-retry2/error-context.md
Build, Lint & Test	UNKNOWN STEP	2025-12-27T20:15:12.7793070Z 
Build, Lint & Test	UNKNOWN STEP	2025-12-27T20:15:12.7793542Z   30) [chromium] › e2e/full-gameplay.spec.ts:479:3 › Full Gameplay - Kill Streaks › should trigger kill streak notifications 
Build, Lint & Test	UNKNOWN STEP	2025-12-27T20:15:12.7793549Z 
Build, Lint & Test	UNKNOWN STEP	2025-12-27T20:15:12.7793713Z     TimeoutError: locator.click: Timeout 10000ms exceeded.
Build, Lint & Test	UNKNOWN STEP	2025-12-27T20:15:12.7793791Z     Call log:
Build, Lint & Test	UNKNOWN STEP	2025-12-27T20:15:12.7794040Z     [2m  - waiting for getByRole('button', { name: /MECHA-SANTA/ })[22m
Build, Lint & Test	UNKNOWN STEP	2025-12-27T20:15:12.7794378Z     [2m    - locator resolved to <button type="button" class="_classCard_1nl30_56">…</button>[22m
Build, Lint & Test	UNKNOWN STEP	2025-12-27T20:15:12.7794494Z 
Build, Lint & Test	UNKNOWN STEP	2025-12-27T20:15:12.7794499Z 
Build, Lint & Test	UNKNOWN STEP	2025-12-27T20:15:12.7794630Z       481 |     await page.waitForTimeout(2000);
Build, Lint & Test	UNKNOWN STEP	2025-12-27T20:15:12.7794702Z       482 |
Build, Lint & Test	UNKNOWN STEP	2025-12-27T20:15:12.7794912Z     > 483 |     await page.getByRole('button', { name: /MECHA-SANTA/ }).click();
Build, Lint & Test	UNKNOWN STEP	2025-12-27T20:15:12.7795043Z           |                                                             ^
Build, Lint & Test	UNKNOWN STEP	2025-12-27T20:15:12.7795115Z       484 |
Build, Lint & Test	UNKNOWN STEP	2025-12-27T20:15:12.7795279Z       485 |     // Click "COMMENCE OPERATION" on the briefing screen
Build, Lint & Test	UNKNOWN STEP	2025-12-27T20:15:12.7795516Z       486 |     await page.getByRole('button', { name: /COMMENCE OPERATION/i }).click();
Build, Lint & Test	UNKNOWN STEP	2025-12-27T20:15:12.7795860Z         at /home/runner/work/protocol-silent-night/protocol-silent-night/e2e/full-gameplay.spec.ts:483:61
Build, Lint & Test	UNKNOWN STEP	2025-12-27T20:15:12.7795867Z 
Build, Lint & Test	UNKNOWN STEP	2025-12-27T20:15:12.7796228Z     attachment #1: screenshot (image/png) ──────────────────────────────────────────────────────────
Build, Lint & Test	UNKNOWN STEP	2025-12-27T20:15:12.7796617Z     test-results/full-gameplay-Full-Gamepla-4ca0d-r-kill-streak-notifications-chromium/test-failed-1.png
Build, Lint & Test	UNKNOWN STEP	2025-12-27T20:15:12.7796908Z     ────────────────────────────────────────────────────────────────────────────────────────────────
Build, Lint & Test	UNKNOWN STEP	2025-12-27T20:15:12.7796914Z 
Build, Lint & Test	UNKNOWN STEP	2025-12-27T20:15:12.7797334Z     Error Context: test-results/full-gameplay-Full-Gamepla-4ca0d-r-kill-streak-notifications-chromium/error-context.md
Build, Lint & Test	UNKNOWN STEP	2025-12-27T20:15:12.7797346Z 
Build, Lint & Test	UNKNOWN STEP	2025-12-27T20:15:12.7797649Z     Retry #1 ───────────────────────────────────────────────────────────────────────────────────────
Build, Lint & Test	UNKNOWN STEP	2025-12-27T20:15:12.7797656Z 
Build, Lint & Test	UNKNOWN STEP	2025-12-27T20:15:12.7797817Z     TimeoutError: locator.click: Timeout 10000ms exceeded.
Build, Lint & Test	UNKNOWN STEP	2025-12-27T20:15:12.7797895Z     Call log:
Build, Lint & Test	UNKNOWN STEP	2025-12-27T20:15:12.7798437Z     [2m  - waiting for getByRole('button', { name: /MECHA-SANTA/ })[22m
Build, Lint & Test	UNKNOWN STEP	2025-12-27T20:15:12.7798797Z     [2m    - locator resolved to <button type="button" class="_classCard_1nl30_56">…</button>[22m
Build, Lint & Test	UNKNOWN STEP	2025-12-27T20:15:12.7798970Z     [2m  - attempting click action[22m
Build, Lint & Test	UNKNOWN STEP	2025-12-27T20:15:12.7799226Z     [2m    - waiting for element to be visible, enabled and stable[22m
Build, Lint & Test	UNKNOWN STEP	2025-12-27T20:15:12.7799418Z     [2m    - element is visible, enabled and stable[22m
Build, Lint & Test	UNKNOWN STEP	2025-12-27T20:15:12.7799588Z     [2m    - scrolling into view if needed[22m
Build, Lint & Test	UNKNOWN STEP	2025-12-27T20:15:12.7799724Z     [2m    - done scrolling[22m
Build, Lint & Test	UNKNOWN STEP	2025-12-27T20:15:12.7799732Z 
Build, Lint & Test	UNKNOWN STEP	2025-12-27T20:15:12.7799737Z 
Build, Lint & Test	UNKNOWN STEP	2025-12-27T20:15:12.7799877Z       481 |     await page.waitForTimeout(2000);
Build, Lint & Test	UNKNOWN STEP	2025-12-27T20:15:12.7799946Z       482 |
Build, Lint & Test	UNKNOWN STEP	2025-12-27T20:15:12.7800164Z     > 483 |     await page.getByRole('button', { name: /MECHA-SANTA/ }).click();
Build, Lint & Test	UNKNOWN STEP	2025-12-27T20:15:12.7800292Z           |                                                             ^
Build, Lint & Test	UNKNOWN STEP	2025-12-27T20:15:12.7800359Z       484 |
Build, Lint & Test	UNKNOWN STEP	2025-12-27T20:15:12.7800530Z       485 |     // Click "COMMENCE OPERATION" on the briefing screen
Build, Lint & Test	UNKNOWN STEP	2025-12-27T20:15:12.7800761Z       486 |     await page.getByRole('button', { name: /COMMENCE OPERATION/i }).click();
Build, Lint & Test	UNKNOWN STEP	2025-12-27T20:15:12.7801254Z         at /home/runner/work/protocol-silent-night/protocol-silent-night/e2e/full-gameplay.spec.ts:483:61
Build, Lint & Test	UNKNOWN STEP	2025-12-27T20:15:12.7801262Z 
Build, Lint & Test	UNKNOWN STEP	2025-12-27T20:15:12.7801733Z     Error Context: test-results/full-gameplay-Full-Gamepla-4ca0d-r-kill-streak-notifications-chromium-retry1/error-context.md
Build, Lint & Test	UNKNOWN STEP	2025-12-27T20:15:12.7801740Z 
Build, Lint & Test	UNKNOWN STEP	2025-12-27T20:15:12.7802108Z     attachment #2: trace (application/zip) ─────────────────────────────────────────────────────────
Build, Lint & Test	UNKNOWN STEP	2025-12-27T20:15:12.7802594Z     test-results/full-gameplay-Full-Gamepla-4ca0d-r-kill-streak-notifications-chromium-retry1/trace.zip
Build, Lint & Test	UNKNOWN STEP	2025-12-27T20:15:12.7802673Z     Usage:
Build, Lint & Test	UNKNOWN STEP	2025-12-27T20:15:12.7802680Z 
Build, Lint & Test	UNKNOWN STEP	2025-12-27T20:15:12.7803190Z         pnpm exec playwright show-trace test-results/full-gameplay-Full-Gamepla-4ca0d-r-kill-streak-notifications-chromium-retry1/trace.zip
Build, Lint & Test	UNKNOWN STEP	2025-12-27T20:15:12.7803196Z 
Build, Lint & Test	UNKNOWN STEP	2025-12-27T20:15:12.7803487Z     ────────────────────────────────────────────────────────────────────────────────────────────────
Build, Lint & Test	UNKNOWN STEP	2025-12-27T20:15:12.7803502Z 
Build, Lint & Test	UNKNOWN STEP	2025-12-27T20:15:12.7803797Z     Retry #2 ───────────────────────────────────────────────────────────────────────────────────────
Build, Lint & Test	UNKNOWN STEP	2025-12-27T20:15:12.7803809Z 
Build, Lint & Test	UNKNOWN STEP	2025-12-27T20:15:12.7803973Z     TimeoutError: locator.click: Timeout 10000ms exceeded.
Build, Lint & Test	UNKNOWN STEP	2025-12-27T20:15:12.7804045Z     Call log:
Build, Lint & Test	UNKNOWN STEP	2025-12-27T20:15:12.7804303Z     [2m  - waiting for getByRole('button', { name: /MECHA-SANTA/ })[22m
Build, Lint & Test	UNKNOWN STEP	2025-12-27T20:15:12.7804649Z     [2m    - locator resolved to <button type="button" class="_classCard_1nl30_56">…</button>[22m
Build, Lint & Test	UNKNOWN STEP	2025-12-27T20:15:12.7804808Z     [2m  - attempting click action[22m
Build, Lint & Test	UNKNOWN STEP	2025-12-27T20:15:12.7805051Z     [2m    - waiting for element to be visible, enabled and stable[22m
Build, Lint & Test	UNKNOWN STEP	2025-12-27T20:15:12.7805058Z 
Build, Lint & Test	UNKNOWN STEP	2025-12-27T20:15:12.7805062Z 
Build, Lint & Test	UNKNOWN STEP	2025-12-27T20:15:12.7805194Z       481 |     await page.waitForTimeout(2000);
Build, Lint & Test	UNKNOWN STEP	2025-12-27T20:15:12.7805261Z       482 |
Build, Lint & Test	UNKNOWN STEP	2025-12-27T20:15:12.7805476Z     > 483 |     await page.getByRole('button', { name: /MECHA-SANTA/ }).click();
Build, Lint & Test	UNKNOWN STEP	2025-12-27T20:15:12.7805609Z           |                                                             ^
Build, Lint & Test	UNKNOWN STEP	2025-12-27T20:15:12.7805681Z       484 |
Build, Lint & Test	UNKNOWN STEP	2025-12-27T20:15:12.7805844Z       485 |     // Click "COMMENCE OPERATION" on the briefing screen
Build, Lint & Test	UNKNOWN STEP	2025-12-27T20:15:12.7806082Z       486 |     await page.getByRole('button', { name: /COMMENCE OPERATION/i }).click();
Build, Lint & Test	UNKNOWN STEP	2025-12-27T20:15:12.7806432Z         at /home/runner/work/protocol-silent-night/protocol-silent-night/e2e/full-gameplay.spec.ts:483:61
Build, Lint & Test	UNKNOWN STEP	2025-12-27T20:15:12.7806444Z 
Build, Lint & Test	UNKNOWN STEP	2025-12-27T20:15:12.7806802Z     attachment #1: screenshot (image/png) ──────────────────────────────────────────────────────────
Build, Lint & Test	UNKNOWN STEP	2025-12-27T20:15:12.7807227Z     test-results/full-gameplay-Full-Gamepla-4ca0d-r-kill-streak-notifications-chromium-retry2/test-failed-1.png
Build, Lint & Test	UNKNOWN STEP	2025-12-27T20:15:12.7807518Z     ────────────────────────────────────────────────────────────────────────────────────────────────
Build, Lint & Test	UNKNOWN STEP	2025-12-27T20:15:12.7807526Z 
Build, Lint & Test	UNKNOWN STEP	2025-12-27T20:15:12.7808114Z     Error Context: test-results/full-gameplay-Full-Gamepla-4ca0d-r-kill-streak-notifications-chromium-retry2/error-context.md
Build, Lint & Test	UNKNOWN STEP	2025-12-27T20:15:12.7808244Z 
Build, Lint & Test	UNKNOWN STEP	2025-12-27T20:15:12.7808701Z   31) [chromium] › e2e/full-gameplay.spec.ts:513:3 › Full Gameplay - Kill Streaks › should reset streak after timeout 
Build, Lint & Test	UNKNOWN STEP	2025-12-27T20:15:12.7808709Z 
Build, Lint & Test	UNKNOWN STEP	2025-12-27T20:15:12.7808874Z     TimeoutError: locator.click: Timeout 10000ms exceeded.
Build, Lint & Test	UNKNOWN STEP	2025-12-27T20:15:12.7808951Z     Call log:
Build, Lint & Test	UNKNOWN STEP	2025-12-27T20:15:12.7809311Z     [2m  - waiting for getByRole('button', { name: /MECHA-SANTA/ })[22m
Build, Lint & Test	UNKNOWN STEP	2025-12-27T20:15:12.7809650Z     [2m    - locator resolved to <button type="button" class="_classCard_1nl30_56">…</button>[22m
Build, Lint & Test	UNKNOWN STEP	2025-12-27T20:15:12.7809807Z     [2m  - attempting click action[22m
Build, Lint & Test	UNKNOWN STEP	2025-12-27T20:15:12.7810045Z     [2m    - waiting for element to be visible, enabled and stable[22m
Build, Lint & Test	UNKNOWN STEP	2025-12-27T20:15:12.7810052Z 
Build, Lint & Test	UNKNOWN STEP	2025-12-27T20:15:12.7810062Z 
Build, Lint & Test	UNKNOWN STEP	2025-12-27T20:15:12.7810190Z       515 |     await page.waitForTimeout(2000);
Build, Lint & Test	UNKNOWN STEP	2025-12-27T20:15:12.7810258Z       516 |
Build, Lint & Test	UNKNOWN STEP	2025-12-27T20:15:12.7810481Z     > 517 |     await page.getByRole('button', { name: /MECHA-SANTA/ }).click();
Build, Lint & Test	UNKNOWN STEP	2025-12-27T20:15:12.7810607Z           |                                                             ^
Build, Lint & Test	UNKNOWN STEP	2025-12-27T20:15:12.7810678Z       518 |
Build, Lint & Test	UNKNOWN STEP	2025-12-27T20:15:12.7810843Z       519 |     // Click "COMMENCE OPERATION" on the briefing screen
Build, Lint & Test	UNKNOWN STEP	2025-12-27T20:15:12.7811080Z       520 |     await page.getByRole('button', { name: /COMMENCE OPERATION/i }).click();
Build, Lint & Test	UNKNOWN STEP	2025-12-27T20:15:12.7811433Z         at /home/runner/work/protocol-silent-night/protocol-silent-night/e2e/full-gameplay.spec.ts:517:61
Build, Lint & Test	UNKNOWN STEP	2025-12-27T20:15:12.7811441Z 
Build, Lint & Test	UNKNOWN STEP	2025-12-27T20:15:12.7811799Z     attachment #1: screenshot (image/png) ──────────────────────────────────────────────────────────
Build, Lint & Test	UNKNOWN STEP	2025-12-27T20:15:12.7812176Z     test-results/full-gameplay-Full-Gamepla-14035--reset-streak-after-timeout-chromium/test-failed-1.png
Build, Lint & Test	UNKNOWN STEP	2025-12-27T20:15:12.7812472Z     ────────────────────────────────────────────────────────────────────────────────────────────────
Build, Lint & Test	UNKNOWN STEP	2025-12-27T20:15:12.7812487Z 
Build, Lint & Test	UNKNOWN STEP	2025-12-27T20:15:12.7812910Z     Error Context: test-results/full-gameplay-Full-Gamepla-14035--reset-streak-after-timeout-chromium/error-context.md
Build, Lint & Test	UNKNOWN STEP	2025-12-27T20:15:12.7812917Z 
Build, Lint & Test	UNKNOWN STEP	2025-12-27T20:15:12.7813219Z     Retry #1 ───────────────────────────────────────────────────────────────────────────────────────
Build, Lint & Test	UNKNOWN STEP	2025-12-27T20:15:12.7813225Z 
Build, Lint & Test	UNKNOWN STEP	2025-12-27T20:15:12.7813385Z     TimeoutError: locator.click: Timeout 10000ms exceeded.
Build, Lint & Test	UNKNOWN STEP	2025-12-27T20:15:12.7813462Z     Call log:
Build, Lint & Test	UNKNOWN STEP	2025-12-27T20:15:12.7813721Z     [2m  - waiting for getByRole('button', { name: /MECHA-SANTA/ })[22m
Build, Lint & Test	UNKNOWN STEP	2025-12-27T20:15:12.7814060Z     [2m    - locator resolved to <button type="button" class="_classCard_1nl30_56">…</button>[22m
Build, Lint & Test	UNKNOWN STEP	2025-12-27T20:15:12.7814211Z     [2m  - attempting click action[22m
Build, Lint & Test	UNKNOWN STEP	2025-12-27T20:15:12.7814451Z     [2m    - waiting for element to be visible, enabled and stable[22m
Build, Lint & Test	UNKNOWN STEP	2025-12-27T20:15:12.7814638Z     [2m    - element is visible, enabled and stable[22m
Build, Lint & Test	UNKNOWN STEP	2025-12-27T20:15:12.7814801Z     [2m    - scrolling into view if needed[22m
Build, Lint & Test	UNKNOWN STEP	2025-12-27T20:15:12.7814953Z     [2m    - done scrolling[22m
Build, Lint & Test	UNKNOWN STEP	2025-12-27T20:15:12.7814960Z 
Build, Lint & Test	UNKNOWN STEP	2025-12-27T20:15:12.7814965Z 
Build, Lint & Test	UNKNOWN STEP	2025-12-27T20:15:12.7815088Z       515 |     await page.waitForTimeout(2000);
Build, Lint & Test	UNKNOWN STEP	2025-12-27T20:15:12.7815159Z       516 |
Build, Lint & Test	UNKNOWN STEP	2025-12-27T20:15:12.7815367Z     > 517 |     await page.getByRole('button', { name: /MECHA-SANTA/ }).click();
Build, Lint & Test	UNKNOWN STEP	2025-12-27T20:15:12.7815500Z           |                                                             ^
Build, Lint & Test	UNKNOWN STEP	2025-12-27T20:15:12.7815651Z       518 |
Build, Lint & Test	UNKNOWN STEP	2025-12-27T20:15:12.7815824Z       519 |     // Click "COMMENCE OPERATION" on the briefing screen
Build, Lint & Test	UNKNOWN STEP	2025-12-27T20:15:12.7816057Z       520 |     await page.getByRole('button', { name: /COMMENCE OPERATION/i }).click();
Build, Lint & Test	UNKNOWN STEP	2025-12-27T20:15:12.7816411Z         at /home/runner/work/protocol-silent-night/protocol-silent-night/e2e/full-gameplay.spec.ts:517:61
Build, Lint & Test	UNKNOWN STEP	2025-12-27T20:15:12.7816418Z 
Build, Lint & Test	UNKNOWN STEP	2025-12-27T20:15:12.7816880Z     Error Context: test-results/full-gameplay-Full-Gamepla-14035--reset-streak-after-timeout-chromium-retry1/error-context.md
Build, Lint & Test	UNKNOWN STEP	2025-12-27T20:15:12.7816959Z 
Build, Lint & Test	UNKNOWN STEP	2025-12-27T20:15:12.7817326Z     attachment #2: trace (application/zip) ─────────────────────────────────────────────────────────
Build, Lint & Test	UNKNOWN STEP	2025-12-27T20:15:12.7817703Z     test-results/full-gameplay-Full-Gamepla-14035--reset-streak-after-timeout-chromium-retry1/trace.zip
Build, Lint & Test	UNKNOWN STEP	2025-12-27T20:15:12.7817777Z     Usage:
Build, Lint & Test	UNKNOWN STEP	2025-12-27T20:15:12.7817784Z 
Build, Lint & Test	UNKNOWN STEP	2025-12-27T20:15:12.7818431Z         pnpm exec playwright show-trace test-results/full-gameplay-Full-Gamepla-14035--reset-streak-after-timeout-chromium-retry1/trace.zip
Build, Lint & Test	UNKNOWN STEP	2025-12-27T20:15:12.7818440Z 
Build, Lint & Test	UNKNOWN STEP	2025-12-27T20:15:12.7818736Z     ────────────────────────────────────────────────────────────────────────────────────────────────
Build, Lint & Test	UNKNOWN STEP	2025-12-27T20:15:12.7818743Z 
Build, Lint & Test	UNKNOWN STEP	2025-12-27T20:15:12.7819039Z     Retry #2 ───────────────────────────────────────────────────────────────────────────────────────
Build, Lint & Test	UNKNOWN STEP	2025-12-27T20:15:12.7819045Z 
Build, Lint & Test	UNKNOWN STEP	2025-12-27T20:15:12.7819213Z     TimeoutError: locator.click: Timeout 10000ms exceeded.
Build, Lint & Test	UNKNOWN STEP	2025-12-27T20:15:12.7819301Z     Call log:
Build, Lint & Test	UNKNOWN STEP	2025-12-27T20:15:12.7819562Z     [2m  - waiting for getByRole('button', { name: /MECHA-SANTA/ })[22m
Build, Lint & Test	UNKNOWN STEP	2025-12-27T20:15:12.7819894Z     [2m    - locator resolved to <button type="button" class="_classCard_1nl30_56">…</button>[22m
Build, Lint & Test	UNKNOWN STEP	2025-12-27T20:15:12.7820053Z     [2m  - attempting click action[22m
Build, Lint & Test	UNKNOWN STEP	2025-12-27T20:15:12.7820290Z     [2m    - waiting for element to be visible, enabled and stable[22m
Build, Lint & Test	UNKNOWN STEP	2025-12-27T20:15:12.7820297Z 
Build, Lint & Test	UNKNOWN STEP	2025-12-27T20:15:12.7820302Z 
Build, Lint & Test	UNKNOWN STEP	2025-12-27T20:15:12.7820442Z       515 |     await page.waitForTimeout(2000);
Build, Lint & Test	UNKNOWN STEP	2025-12-27T20:15:12.7820509Z       516 |
Build, Lint & Test	UNKNOWN STEP	2025-12-27T20:15:12.7820717Z     > 517 |     await page.getByRole('button', { name: /MECHA-SANTA/ }).click();
Build, Lint & Test	UNKNOWN STEP	2025-12-27T20:15:12.7820852Z           |                                                             ^
Build, Lint & Test	UNKNOWN STEP	2025-12-27T20:15:12.7820918Z       518 |
Build, Lint & Test	UNKNOWN STEP	2025-12-27T20:15:12.7821086Z       519 |     // Click "COMMENCE OPERATION" on the briefing screen
Build, Lint & Test	UNKNOWN STEP	2025-12-27T20:15:12.7821318Z       520 |     await page.getByRole('button', { name: /COMMENCE OPERATION/i }).click();
Build, Lint & Test	UNKNOWN STEP	2025-12-27T20:15:12.7821675Z         at /home/runner/work/protocol-silent-night/protocol-silent-night/e2e/full-gameplay.spec.ts:517:61
Build, Lint & Test	UNKNOWN STEP	2025-12-27T20:15:12.7821682Z 
Build, Lint & Test	UNKNOWN STEP	2025-12-27T20:15:12.7822145Z     Error Context: test-results/full-gameplay-Full-Gamepla-14035--reset-streak-after-timeout-chromium-retry2/error-context.md
Build, Lint & Test	UNKNOWN STEP	2025-12-27T20:15:12.7822152Z 
Build, Lint & Test	UNKNOWN STEP	2025-12-27T20:15:12.7822905Z   32) [chromium] › e2e/full-gameplay.spec.ts:544:3 › Full Gameplay - Kill Streaks › should apply streak bonus to score 
Build, Lint & Test	UNKNOWN STEP	2025-12-27T20:15:12.7823564Z 
Build, Lint & Test	UNKNOWN STEP	2025-12-27T20:15:12.7823853Z     TimeoutError: locator.click: Timeout 10000ms exceeded.
Build, Lint & Test	UNKNOWN STEP	2025-12-27T20:15:12.7824317Z     Call log:
Build, Lint & Test	UNKNOWN STEP	2025-12-27T20:15:12.7824908Z     [2m  - waiting for getByRole('button', { name: /MECHA-SANTA/ })[22m
Build, Lint & Test	UNKNOWN STEP	2025-12-27T20:15:12.7826035Z     [2m    - locator resolved to <button type="button" class="_classCard_1nl30_56">…</button>[22m
Build, Lint & Test	UNKNOWN STEP	2025-12-27T20:15:12.7826760Z 
Build, Lint & Test	UNKNOWN STEP	2025-12-27T20:15:12.7826770Z 
Build, Lint & Test	UNKNOWN STEP	2025-12-27T20:15:12.7827264Z       546 |     await page.waitForTimeout(2000);
Build, Lint & Test	UNKNOWN STEP	2025-12-27T20:15:12.7828105Z       547 |
Build, Lint & Test	UNKNOWN STEP	2025-12-27T20:15:12.7828755Z     > 548 |     await page.getByRole('button', { name: /MECHA-SANTA/ }).click();
Build, Lint & Test	UNKNOWN STEP	2025-12-27T20:15:12.7829465Z           |                                                             ^
Build, Lint & Test	UNKNOWN STEP	2025-12-27T20:15:12.7829965Z       549 |
Build, Lint & Test	UNKNOWN STEP	2025-12-27T20:15:12.7830457Z       550 |     // Click "COMMENCE OPERATION" on the briefing screen
Build, Lint & Test	UNKNOWN STEP	2025-12-27T20:15:12.7831492Z       551 |     await page.getByRole('button', { name: /COMMENCE OPERATION/i }).click();
Build, Lint & Test	UNKNOWN STEP	2025-12-27T20:15:12.7832681Z         at /home/runner/work/protocol-silent-night/protocol-silent-night/e2e/full-gameplay.spec.ts:548:61
Build, Lint & Test	UNKNOWN STEP	2025-12-27T20:15:12.7833355Z 
Build, Lint & Test	UNKNOWN STEP	2025-12-27T20:15:12.7834021Z     Error Context: test-results/full-gameplay-Full-Gamepla-8ef05-apply-streak-bonus-to-score-chromium/error-context.md
Build, Lint & Test	UNKNOWN STEP	2025-12-27T20:15:12.7834486Z 
Build, Lint & Test	UNKNOWN STEP	2025-12-27T20:15:12.7834850Z     Retry #1 ───────────────────────────────────────────────────────────────────────────────────────
Build, Lint & Test	UNKNOWN STEP	2025-12-27T20:15:12.7835108Z 
Build, Lint & Test	UNKNOWN STEP	2025-12-27T20:15:12.7835284Z     TimeoutError: locator.click: Timeout 10000ms exceeded.
Build, Lint & Test	UNKNOWN STEP	2025-12-27T20:15:12.7835582Z     Call log:
Build, Lint & Test	UNKNOWN STEP	2025-12-27T20:15:12.7835970Z     [2m  - waiting for getByRole('button', { name: /MECHA-SANTA/ })[22m
Build, Lint & Test	UNKNOWN STEP	2025-12-27T20:15:12.7836588Z     [2m    - locator resolved to <button type="button" class="_classCard_1nl30_56">…</button>[22m
Build, Lint & Test	UNKNOWN STEP	2025-12-27T20:15:12.7837050Z     [2m  - attempting click action[22m
Build, Lint & Test	UNKNOWN STEP	2025-12-27T20:15:12.7837490Z     [2m    - waiting for element to be visible, enabled and stable[22m
Build, Lint & Test	UNKNOWN STEP	2025-12-27T20:15:12.7838089Z     [2m    - element is visible, enabled and stable[22m
Build, Lint & Test	UNKNOWN STEP	2025-12-27T20:15:12.7838470Z     [2m    - scrolling into view if needed[22m
Build, Lint & Test	UNKNOWN STEP	2025-12-27T20:15:12.7838801Z     [2m    - done scrolling[22m
Build, Lint & Test	UNKNOWN STEP	2025-12-27T20:15:12.7838957Z 
Build, Lint & Test	UNKNOWN STEP	2025-12-27T20:15:12.7838962Z 
Build, Lint & Test	UNKNOWN STEP	2025-12-27T20:15:12.7839097Z       546 |     await page.waitForTimeout(2000);
Build, Lint & Test	UNKNOWN STEP	2025-12-27T20:15:12.7839353Z       547 |
Build, Lint & Test	UNKNOWN STEP	2025-12-27T20:15:12.7839671Z     > 548 |     await page.getByRole('button', { name: /MECHA-SANTA/ }).click();
Build, Lint & Test	UNKNOWN STEP	2025-12-27T20:15:12.7840070Z           |                                                             ^
Build, Lint & Test	UNKNOWN STEP	2025-12-27T20:15:12.7840318Z       549 |
Build, Lint & Test	UNKNOWN STEP	2025-12-27T20:15:12.7840580Z       550 |     // Click "COMMENCE OPERATION" on the briefing screen
Build, Lint & Test	UNKNOWN STEP	2025-12-27T20:15:12.7841031Z       551 |     await page.getByRole('button', { name: /COMMENCE OPERATION/i }).click();
Build, Lint & Test	UNKNOWN STEP	2025-12-27T20:15:12.7841670Z         at /home/runner/work/protocol-silent-night/protocol-silent-night/e2e/full-gameplay.spec.ts:548:61
Build, Lint & Test	UNKNOWN STEP	2025-12-27T20:15:12.7842049Z 
Build, Lint & Test	UNKNOWN STEP	2025-12-27T20:15:12.7842530Z     Error Context: test-results/full-gameplay-Full-Gamepla-8ef05-apply-streak-bonus-to-score-chromium-retry1/error-context.md
Build, Lint & Test	UNKNOWN STEP	2025-12-27T20:15:12.7843017Z 
Build, Lint & Test	UNKNOWN STEP	2025-12-27T20:15:12.7843391Z     attachment #2: trace (application/zip) ─────────────────────────────────────────────────────────
Build, Lint & Test	UNKNOWN STEP	2025-12-27T20:15:12.7844075Z     test-results/full-gameplay-Full-Gamepla-8ef05-apply-streak-bonus-to-score-chromium-retry1/trace.zip
Build, Lint & Test	UNKNOWN STEP	2025-12-27T20:15:12.7844565Z     Usage:
Build, Lint & Test	UNKNOWN STEP	2025-12-27T20:15:12.7844669Z 
Build, Lint & Test	UNKNOWN STEP	2025-12-27T20:15:12.7845176Z         pnpm exec playwright show-trace test-results/full-gameplay-Full-Gamepla-8ef05-apply-streak-bonus-to-score-chromium-retry1/trace.zip
Build, Lint & Test	UNKNOWN STEP	2025-12-27T20:15:12.7845699Z 
Build, Lint & Test	UNKNOWN STEP	2025-12-27T20:15:12.7845992Z     ────────────────────────────────────────────────────────────────────────────────────────────────
Build, Lint & Test	UNKNOWN STEP	2025-12-27T20:15:12.7846218Z 
Build, Lint & Test	UNKNOWN STEP	2025-12-27T20:15:12.7846701Z     Retry #2 ───────────────────────────────────────────────────────────────────────────────────────
Build, Lint & Test	UNKNOWN STEP	2025-12-27T20:15:12.7846949Z 
Build, Lint & Test	UNKNOWN STEP	2025-12-27T20:15:12.7847133Z     TimeoutError: locator.click: Timeout 10000ms exceeded.
Build, Lint & Test	UNKNOWN STEP	2025-12-27T20:15:12.7847431Z     Call log:
Build, Lint & Test	UNKNOWN STEP	2025-12-27T20:15:12.7847797Z     [2m  - waiting for getByRole('button', { name: /MECHA-SANTA/ })[22m
Build, Lint & Test	UNKNOWN STEP	2025-12-27T20:15:12.7848499Z     [2m    - locator resolved to <button type="button" class="_classCard_1nl30_56">…</button>[22m
Build, Lint & Test	UNKNOWN STEP	2025-12-27T20:15:12.7848963Z     [2m  - attempting click action[22m
Build, Lint & Test	UNKNOWN STEP	2025-12-27T20:15:12.7849523Z     [2m    - waiting for element to be visible, enabled and stable[22m
Build, Lint & Test	UNKNOWN STEP	2025-12-27T20:15:12.7849758Z 
Build, Lint & Test	UNKNOWN STEP	2025-12-27T20:15:12.7849764Z 
Build, Lint & Test	UNKNOWN STEP	2025-12-27T20:15:12.7849903Z       546 |     await page.waitForTimeout(2000);
Build, Lint & Test	UNKNOWN STEP	2025-12-27T20:15:12.7850153Z       547 |
Build, Lint & Test	UNKNOWN STEP	2025-12-27T20:15:12.7850464Z     > 548 |     await page.getByRole('button', { name: /MECHA-SANTA/ }).click();
Build, Lint & Test	UNKNOWN STEP	2025-12-27T20:15:12.7850860Z           |                                                             ^
Build, Lint & Test	UNKNOWN STEP	2025-12-27T20:15:12.7851112Z       549 |
Build, Lint & Test	UNKNOWN STEP	2025-12-27T20:15:12.7851378Z       550 |     // Click "COMMENCE OPERATION" on the briefing screen
Build, Lint & Test	UNKNOWN STEP	2025-12-27T20:15:12.7851822Z       551 |     await page.getByRole('button', { name: /COMMENCE OPERATION/i }).click();
Build, Lint & Test	UNKNOWN STEP	2025-12-27T20:15:12.7852448Z         at /home/runner/work/protocol-silent-night/protocol-silent-night/e2e/full-gameplay.spec.ts:548:61
Build, Lint & Test	UNKNOWN STEP	2025-12-27T20:15:12.7852831Z 
Build, Lint & Test	UNKNOWN STEP	2025-12-27T20:15:12.7853195Z     attachment #1: screenshot (image/png) ──────────────────────────────────────────────────────────
Build, Lint & Test	UNKNOWN STEP	2025-12-27T20:15:12.7853936Z     test-results/full-gameplay-Full-Gamepla-8ef05-apply-streak-bonus-to-score-chromium-retry2/test-failed-1.png
Build, Lint & Test	UNKNOWN STEP	2025-12-27T20:15:12.7854680Z     ────────────────────────────────────────────────────────────────────────────────────────────────
Build, Lint & Test	UNKNOWN STEP	2025-12-27T20:15:12.7854900Z 
Build, Lint & Test	UNKNOWN STEP	2025-12-27T20:15:12.7855390Z     Error Context: test-results/full-gameplay-Full-Gamepla-8ef05-apply-streak-bonus-to-score-chromium-retry2/error-context.md
Build, Lint & Test	UNKNOWN STEP	2025-12-27T20:15:12.7855885Z 
Build, Lint & Test	UNKNOWN STEP	2025-12-27T20:15:12.7856337Z   33) [chromium] › e2e/full-gameplay.spec.ts:581:3 › Full Gameplay - Game Reset › should reset game and return to menu 
Build, Lint & Test	UNKNOWN STEP	2025-12-27T20:15:12.7856720Z 
Build, Lint & Test	UNKNOWN STEP	2025-12-27T20:15:12.7856892Z     TimeoutError: locator.click: Timeout 10000ms exceeded.
Build, Lint & Test	UNKNOWN STEP	2025-12-27T20:15:12.7857183Z     Call log:
Build, Lint & Test	UNKNOWN STEP	2025-12-27T20:15:12.7857544Z     [2m  - waiting for getByRole('button', { name: /MECHA-SANTA/ })[22m
Build, Lint & Test	UNKNOWN STEP	2025-12-27T20:15:12.7858234Z     [2m    - locator resolved to <button type="button" class="_classCard_1nl30_56">…</button>[22m
Build, Lint & Test	UNKNOWN STEP	2025-12-27T20:15:12.7858706Z     [2m  - attempting click action[22m
Build, Lint & Test	UNKNOWN STEP	2025-12-27T20:15:12.7859113Z     [2m    - waiting for element to be visible, enabled and stable[22m
Build, Lint & Test	UNKNOWN STEP	2025-12-27T20:15:12.7859351Z 
Build, Lint & Test	UNKNOWN STEP	2025-12-27T20:15:12.7859356Z 
Build, Lint & Test	UNKNOWN STEP	2025-12-27T20:15:12.7859425Z       584 |
Build, Lint & Test	UNKNOWN STEP	2025-12-27T20:15:12.7859626Z       585 |     // Play a game
Build, Lint & Test	UNKNOWN STEP	2025-12-27T20:15:12.7859984Z     > 586 |     await page.getByRole('button', { name: /MECHA-SANTA/ }).click();
Build, Lint & Test	UNKNOWN STEP	2025-12-27T20:15:12.7860378Z           |                                                             ^
Build, Lint & Test	UNKNOWN STEP	2025-12-27T20:15:12.7860622Z       587 |
Build, Lint & Test	UNKNOWN STEP	2025-12-27T20:15:12.7860886Z       588 |     // Click "COMMENCE OPERATION" on the briefing screen
Build, Lint & Test	UNKNOWN STEP	2025-12-27T20:15:12.7861333Z       589 |     await page.getByRole('button', { name: /COMMENCE OPERATION/i }).click();
Build, Lint & Test	UNKNOWN STEP	2025-12-27T20:15:12.7861957Z         at /home/runner/work/protocol-silent-night/protocol-silent-night/e2e/full-gameplay.spec.ts:586:61
Build, Lint & Test	UNKNOWN STEP	2025-12-27T20:15:12.7862331Z 
Build, Lint & Test	UNKNOWN STEP	2025-12-27T20:15:12.7862704Z     attachment #1: screenshot (image/png) ──────────────────────────────────────────────────────────
Build, Lint & Test	UNKNOWN STEP	2025-12-27T20:15:12.7863381Z     test-results/full-gameplay-Full-Gamepla-98069-set-game-and-return-to-menu-chromium/test-failed-1.png
Build, Lint & Test	UNKNOWN STEP	2025-12-27T20:15:12.7864071Z     ────────────────────────────────────────────────────────────────────────────────────────────────
Build, Lint & Test	UNKNOWN STEP	2025-12-27T20:15:12.7864295Z 
Build, Lint & Test	UNKNOWN STEP	2025-12-27T20:15:12.7864842Z     Error Context: test-results/full-gameplay-Full-Gamepla-98069-set-game-and-return-to-menu-chromium/error-context.md
Build, Lint & Test	UNKNOWN STEP	2025-12-27T20:15:12.7865306Z 
Build, Lint & Test	UNKNOWN STEP	2025-12-27T20:15:12.7865609Z     Retry #1 ───────────────────────────────────────────────────────────────────────────────────────
Build, Lint & Test	UNKNOWN STEP	2025-12-27T20:15:12.7865848Z 
Build, Lint & Test	UNKNOWN STEP	2025-12-27T20:15:12.7866016Z     TimeoutError: locator.click: Timeout 10000ms exceeded.
Build, Lint & Test	UNKNOWN STEP	2025-12-27T20:15:12.7866305Z     Call log:
Build, Lint & Test	UNKNOWN STEP	2025-12-27T20:15:12.7866661Z     [2m  - waiting for getByRole('button', { name: /MECHA-SANTA/ })[22m
Build, Lint & Test	UNKNOWN STEP	2025-12-27T20:15:12.7867232Z     [2m    - locator resolved to <button type="button" class="_classCard_1nl30_56">…</button>[22m
Build, Lint & Test	UNKNOWN STEP	2025-12-27T20:15:12.7867806Z     [2m  - attempting click action[22m
Build, Lint & Test	UNKNOWN STEP	2025-12-27T20:15:12.7868342Z     [2m    - waiting for element to be visible, enabled and stable[22m
Build, Lint & Test	UNKNOWN STEP	2025-12-27T20:15:12.7868766Z     [2m    - element is visible, enabled and stable[22m
Build, Lint & Test	UNKNOWN STEP	2025-12-27T20:15:12.7869133Z     [2m    - scrolling into view if needed[22m
Build, Lint & Test	UNKNOWN STEP	2025-12-27T20:15:12.7869450Z     [2m    - done scrolling[22m
Build, Lint & Test	UNKNOWN STEP	2025-12-27T20:15:12.7869617Z 
Build, Lint & Test	UNKNOWN STEP	2025-12-27T20:15:12.7869622Z 
Build, Lint & Test	UNKNOWN STEP	2025-12-27T20:15:12.7869693Z       584 |
Build, Lint & Test	UNKNOWN STEP	2025-12-27T20:15:12.7869890Z       585 |     // Play a game
Build, Lint & Test	UNKNOWN STEP	2025-12-27T20:15:12.7870247Z     > 586 |     await page.getByRole('button', { name: /MECHA-SANTA/ }).click();
Build, Lint & Test	UNKNOWN STEP	2025-12-27T20:15:12.7870633Z           |                                                             ^
Build, Lint & Test	UNKNOWN STEP	2025-12-27T20:15:12.7870880Z       587 |
Build, Lint & Test	UNKNOWN STEP	2025-12-27T20:15:12.7871144Z       588 |     // Click "COMMENCE OPERATION" on the briefing screen
Build, Lint & Test	UNKNOWN STEP	2025-12-27T20:15:12.7871603Z       589 |     await page.getByRole('button', { name: /COMMENCE OPERATION/i }).click();
Build, Lint & Test	UNKNOWN STEP	2025-12-27T20:15:12.7872227Z         at /home/runner/work/protocol-silent-night/protocol-silent-night/e2e/full-gameplay.spec.ts:586:61
Build, Lint & Test	UNKNOWN STEP	2025-12-27T20:15:12.7872602Z 
Build, Lint & Test	UNKNOWN STEP	2025-12-27T20:15:12.7872968Z     attachment #1: screenshot (image/png) ──────────────────────────────────────────────────────────
Build, Lint & Test	UNKNOWN STEP	2025-12-27T20:15:12.7873684Z     test-results/full-gameplay-Full-Gamepla-98069-set-game-and-return-to-menu-chromium-retry1/test-failed-1.png
Build, Lint & Test	UNKNOWN STEP	2025-12-27T20:15:12.7874418Z     ────────────────────────────────────────────────────────────────────────────────────────────────
Build, Lint & Test	UNKNOWN STEP	2025-12-27T20:15:12.7874640Z 
Build, Lint & Test	UNKNOWN STEP	2025-12-27T20:15:12.7875100Z     Error Context: test-results/full-gameplay-Full-Gamepla-98069-set-game-and-return-to-menu-chromium-retry1/error-context.md
Build, Lint & Test	UNKNOWN STEP	2025-12-27T20:15:12.7875583Z 
Build, Lint & Test	UNKNOWN STEP	2025-12-27T20:15:12.7875937Z     attachment #3: trace (application/zip) ─────────────────────────────────────────────────────────
Build, Lint & Test	UNKNOWN STEP	2025-12-27T20:15:12.7876626Z     test-results/full-gameplay-Full-Gamepla-98069-set-game-and-return-to-menu-chromium-retry1/trace.zip
Build, Lint & Test	UNKNOWN STEP	2025-12-27T20:15:12.7877104Z     Usage:
Build, Lint & Test	UNKNOWN STEP	2025-12-27T20:15:12.7877202Z 
Build, Lint & Test	UNKNOWN STEP	2025-12-27T20:15:12.7877704Z         pnpm exec playwright show-trace test-results/full-gameplay-Full-Gamepla-98069-set-game-and-return-to-menu-chromium-retry1/trace.zip
Build, Lint & Test	UNKNOWN STEP	2025-12-27T20:15:12.7878315Z 
Build, Lint & Test	UNKNOWN STEP	2025-12-27T20:15:12.7878734Z     ────────────────────────────────────────────────────────────────────────────────────────────────
Build, Lint & Test	UNKNOWN STEP	2025-12-27T20:15:12.7878967Z 
Build, Lint & Test	UNKNOWN STEP	2025-12-27T20:15:12.7879272Z     Retry #2 ───────────────────────────────────────────────────────────────────────────────────────
Build, Lint & Test	UNKNOWN STEP	2025-12-27T20:15:12.7879513Z 
Build, Lint & Test	UNKNOWN STEP	2025-12-27T20:15:12.7879695Z     TimeoutError: locator.click: Timeout 10000ms exceeded.
Build, Lint & Test	UNKNOWN STEP	2025-12-27T20:15:12.7879991Z     Call log:
Build, Lint & Test	UNKNOWN STEP	2025-12-27T20:15:12.7880356Z     [2m  - waiting for getByRole('button', { name: /MECHA-SANTA/ })[22m
Build, Lint & Test	UNKNOWN STEP	2025-12-27T20:15:12.7880941Z     [2m    - locator resolved to <button type="button" class="_classCard_1nl30_56">…</button>[22m
Build, Lint & Test	UNKNOWN STEP	2025-12-27T20:15:12.7881398Z 
Build, Lint & Test	UNKNOWN STEP	2025-12-27T20:15:12.7881403Z 
Build, Lint & Test	UNKNOWN STEP	2025-12-27T20:15:12.7881475Z       584 |
Build, Lint & Test	UNKNOWN STEP	2025-12-27T20:15:12.7881681Z       585 |     // Play a game
Build, Lint & Test	UNKNOWN STEP	2025-12-27T20:15:12.7882042Z     > 586 |     await page.getByRole('button', { name: /MECHA-SANTA/ }).click();
Build, Lint & Test	UNKNOWN STEP	2025-12-27T20:15:12.7882436Z           |                                                             ^
Build, Lint & Test	UNKNOWN STEP	2025-12-27T20:15:12.7882681Z       587 |
Build, Lint & Test	UNKNOWN STEP	2025-12-27T20:15:12.7882955Z       588 |     // Click "COMMENCE OPERATION" on the briefing screen
Build, Lint & Test	UNKNOWN STEP	2025-12-27T20:15:12.7883411Z       589 |     await page.getByRole('button', { name: /COMMENCE OPERATION/i }).click();
Build, Lint & Test	UNKNOWN STEP	2025-12-27T20:15:12.7884040Z         at /home/runner/work/protocol-silent-night/protocol-silent-night/e2e/full-gameplay.spec.ts:586:61
Build, Lint & Test	UNKNOWN STEP	2025-12-27T20:15:12.7884420Z 
Build, Lint & Test	UNKNOWN STEP	2025-12-27T20:15:12.7884893Z     Error Context: test-results/full-gameplay-Full-Gamepla-98069-set-game-and-return-to-menu-chromium-retry2/error-context.md
Build, Lint & Test	UNKNOWN STEP	2025-12-27T20:15:12.7885380Z 
Build, Lint & Test	UNKNOWN STEP	2025-12-27T20:15:12.7885842Z   34) [chromium] › e2e/full-gameplay.spec.ts:613:3 › Full Gameplay - Game Reset › should preserve high score after reset 
Build, Lint & Test	UNKNOWN STEP	2025-12-27T20:15:12.7886231Z 
Build, Lint & Test	UNKNOWN STEP	2025-12-27T20:15:12.7886407Z     TimeoutError: locator.click: Timeout 10000ms exceeded.
Build, Lint & Test	UNKNOWN STEP	2025-12-27T20:15:12.7886691Z     Call log:
Build, Lint & Test	UNKNOWN STEP	2025-12-27T20:15:12.7887048Z     [2m  - waiting for getByRole('button', { name: /MECHA-SANTA/ })[22m
Build, Lint & Test	UNKNOWN STEP	2025-12-27T20:15:12.7887636Z     [2m    - locator resolved to <button type="button" class="_classCard_1nl30_56">…</button>[22m
Build, Lint & Test	UNKNOWN STEP	2025-12-27T20:15:12.7888040Z 
Build, Lint & Test	UNKNOWN STEP	2025-12-27T20:15:12.7888045Z 
Build, Lint & Test	UNKNOWN STEP	2025-12-27T20:15:12.7888122Z       616 |
Build, Lint & Test	UNKNOWN STEP	2025-12-27T20:15:12.7888330Z       617 |     // Play and get a score
Build, Lint & Test	UNKNOWN STEP	2025-12-27T20:15:12.7888701Z     > 618 |     await page.getByRole('button', { name: /MECHA-SANTA/ }).click();
Build, Lint & Test	UNKNOWN STEP	2025-12-27T20:15:12.7889086Z           |                                                             ^
Build, Lint & Test	UNKNOWN STEP	2025-12-27T20:15:12.7889339Z       619 |
Build, Lint & Test	UNKNOWN STEP	2025-12-27T20:15:12.7889600Z       620 |     // Click "COMMENCE OPERATION" on the briefing screen
Build, Lint & Test	UNKNOWN STEP	2025-12-27T20:15:12.7890056Z       621 |     await page.getByRole('button', { name: /COMMENCE OPERATION/i }).click();
Build, Lint & Test	UNKNOWN STEP	2025-12-27T20:15:12.7890672Z         at /home/runner/work/protocol-silent-night/protocol-silent-night/e2e/full-gameplay.spec.ts:618:61
Build, Lint & Test	UNKNOWN STEP	2025-12-27T20:15:12.7891055Z 
Build, Lint & Test	UNKNOWN STEP	2025-12-27T20:15:12.7891480Z     Error Context: test-results/full-gameplay-Full-Gamepla-13d90-erve-high-score-after-reset-chromium/error-context.md
Build, Lint & Test	UNKNOWN STEP	2025-12-27T20:15:12.7891940Z 
Build, Lint & Test	UNKNOWN STEP	2025-12-27T20:15:12.7892250Z     Retry #1 ───────────────────────────────────────────────────────────────────────────────────────
Build, Lint & Test	UNKNOWN STEP	2025-12-27T20:15:12.7892491Z 
Build, Lint & Test	UNKNOWN STEP	2025-12-27T20:15:12.7892656Z     TimeoutError: locator.click: Timeout 10000ms exceeded.
Build, Lint & Test	UNKNOWN STEP	2025-12-27T20:15:12.7892943Z     Call log:
Build, Lint & Test	UNKNOWN STEP	2025-12-27T20:15:12.7893295Z     [2m  - waiting for getByRole('button', { name: /MECHA-SANTA/ })[22m
Build, Lint & Test	UNKNOWN STEP	2025-12-27T20:15:12.7893866Z     [2m    - locator resolved to <button type="button" class="_classCard_1nl30_56">…</button>[22m
Build, Lint & Test	UNKNOWN STEP	2025-12-27T20:15:12.7894454Z     [2m  - attempting click action[22m
Build, Lint & Test	UNKNOWN STEP	2025-12-27T20:15:12.7894869Z     [2m    - waiting for element to be visible, enabled and stable[22m
Build, Lint & Test	UNKNOWN STEP	2025-12-27T20:15:12.7895289Z     [2m    - element is visible, enabled and stable[22m
Build, Lint & Test	UNKNOWN STEP	2025-12-27T20:15:12.7895653Z     [2m    - scrolling into view if needed[22m
Build, Lint & Test	UNKNOWN STEP	2025-12-27T20:15:12.7895966Z     [2m    - done scrolling[22m
Build, Lint & Test	UNKNOWN STEP	2025-12-27T20:15:12.7896131Z 
Build, Lint & Test	UNKNOWN STEP	2025-12-27T20:15:12.7896136Z 
Build, Lint & Test	UNKNOWN STEP	2025-12-27T20:15:12.7896335Z       616 |
Build, Lint & Test	UNKNOWN STEP	2025-12-27T20:15:12.7896552Z       617 |     // Play and get a score
Build, Lint & Test	UNKNOWN STEP	2025-12-27T20:15:12.7896933Z     > 618 |     await page.getByRole('button', { name: /MECHA-SANTA/ }).click();
Build, Lint & Test	UNKNOWN STEP	2025-12-27T20:15:12.7897319Z           |                                                             ^
Build, Lint & Test	UNKNOWN STEP	2025-12-27T20:15:12.7897562Z       619 |
Build, Lint & Test	UNKNOWN STEP	2025-12-27T20:15:12.7897823Z       620 |     // Click "COMMENCE OPERATION" on the briefing screen
Build, Lint & Test	UNKNOWN STEP	2025-12-27T20:15:12.7898380Z       621 |     await page.getByRole('button', { name: /COMMENCE OPERATION/i }).click();
Build, Lint & Test	UNKNOWN STEP	2025-12-27T20:15:12.7899015Z         at /home/runner/work/protocol-silent-night/protocol-silent-night/e2e/full-gameplay.spec.ts:618:61
Build, Lint & Test	UNKNOWN STEP	2025-12-27T20:15:12.7899392Z 
Build, Lint & Test	UNKNOWN STEP	2025-12-27T20:15:12.7899873Z     Error Context: test-results/full-gameplay-Full-Gamepla-13d90-erve-high-score-after-reset-chromium-retry1/error-context.md
Build, Lint & Test	UNKNOWN STEP	2025-12-27T20:15:12.7900356Z 
Build, Lint & Test	UNKNOWN STEP	2025-12-27T20:15:12.7900739Z     attachment #2: trace (application/zip) ─────────────────────────────────────────────────────────
Build, Lint & Test	UNKNOWN STEP	2025-12-27T20:15:12.7901418Z     test-results/full-gameplay-Full-Gamepla-13d90-erve-high-score-after-reset-chromium-retry1/trace.zip
Build, Lint & Test	UNKNOWN STEP	2025-12-27T20:15:12.7901903Z     Usage:
Build, Lint & Test	UNKNOWN STEP	2025-12-27T20:15:12.7902005Z 
Build, Lint & Test	UNKNOWN STEP	2025-12-27T20:15:12.7902508Z         pnpm exec playwright show-trace test-results/full-gameplay-Full-Gamepla-13d90-erve-high-score-after-reset-chromium-retry1/trace.zip
Build, Lint & Test	UNKNOWN STEP	2025-12-27T20:15:12.7903025Z 
Build, Lint & Test	UNKNOWN STEP	2025-12-27T20:15:12.7903325Z     ────────────────────────────────────────────────────────────────────────────────────────────────
Build, Lint & Test	UNKNOWN STEP	2025-12-27T20:15:12.7903553Z 
Build, Lint & Test	UNKNOWN STEP	2025-12-27T20:15:12.7903859Z     Retry #2 ───────────────────────────────────────────────────────────────────────────────────────
Build, Lint & Test	UNKNOWN STEP	2025-12-27T20:15:12.7904094Z 
Build, Lint & Test	UNKNOWN STEP	2025-12-27T20:15:12.7904268Z     TimeoutError: locator.click: Timeout 10000ms exceeded.
Build, Lint & Test	UNKNOWN STEP	2025-12-27T20:15:12.7904552Z     Call log:
Build, Lint & Test	UNKNOWN STEP	2025-12-27T20:15:12.7904911Z     [2m  - waiting for getByRole('button', { name: /MECHA-SANTA/ })[22m
Build, Lint & Test	UNKNOWN STEP	2025-12-27T20:15:12.7905500Z     [2m    - locator resolved to <button type="button" class="_classCard_1nl30_56">…</button>[22m
Build, Lint & Test	UNKNOWN STEP	2025-12-27T20:15:12.7905805Z 
Build, Lint & Test	UNKNOWN STEP	2025-12-27T20:15:12.7905815Z 
Build, Lint & Test	UNKNOWN STEP	2025-12-27T20:15:12.7905884Z       616 |
Build, Lint & Test	UNKNOWN STEP	2025-12-27T20:15:12.7906093Z       617 |     // Play and get a score
Build, Lint & Test	UNKNOWN STEP	2025-12-27T20:15:12.7906466Z     > 618 |     await page.getByRole('button', { name: /MECHA-SANTA/ }).click();
Build, Lint & Test	UNKNOWN STEP	2025-12-27T20:15:12.7906855Z           |                                                             ^
Build, Lint & Test	UNKNOWN STEP	2025-12-27T20:15:12.7907104Z       619 |
Build, Lint & Test	UNKNOWN STEP	2025-12-27T20:15:12.7907367Z       620 |     // Click "COMMENCE OPERATION" on the briefing screen
Build, Lint & Test	UNKNOWN STEP	2025-12-27T20:15:12.7907824Z       621 |     await page.getByRole('button', { name: /COMMENCE OPERATION/i }).click();
Build, Lint & Test	UNKNOWN STEP	2025-12-27T20:15:12.7908546Z         at /home/runner/work/protocol-silent-night/protocol-silent-night/e2e/full-gameplay.spec.ts:618:61
Build, Lint & Test	UNKNOWN STEP	2025-12-27T20:15:12.7908926Z 
Build, Lint & Test	UNKNOWN STEP	2025-12-27T20:15:12.7909286Z     attachment #1: screenshot (image/png) ──────────────────────────────────────────────────────────
Build, Lint & Test	UNKNOWN STEP	2025-12-27T20:15:12.7910132Z     test-results/full-gameplay-Full-Gamepla-13d90-erve-high-score-after-reset-chromium-retry2/test-failed-1.png
Build, Lint & Test	UNKNOWN STEP	2025-12-27T20:15:12.7910875Z     ────────────────────────────────────────────────────────────────────────────────────────────────
Build, Lint & Test	UNKNOWN STEP	2025-12-27T20:15:12.7911093Z 
Build, Lint & Test	UNKNOWN STEP	2025-12-27T20:15:12.7911558Z     Error Context: test-results/full-gameplay-Full-Gamepla-13d90-erve-high-score-after-reset-chromium-retry2/error-context.md
Build, Lint & Test	UNKNOWN STEP	2025-12-27T20:15:12.7912042Z 
Build, Lint & Test	UNKNOWN STEP	2025-12-27T20:15:12.7912536Z   35) [chromium] › e2e/full-gameplay.spec.ts:658:3 › Full Gameplay - Complete Playthrough › should complete entire game as Santa 
Build, Lint & Test	UNKNOWN STEP	2025-12-27T20:15:12.7913065Z 
Build, Lint & Test	UNKNOWN STEP	2025-12-27T20:15:12.7913239Z     TimeoutError: locator.click: Timeout 10000ms exceeded.
Build, Lint & Test	UNKNOWN STEP	2025-12-27T20:15:12.7913523Z     Call log:
Build, Lint & Test	UNKNOWN STEP	2025-12-27T20:15:12.7913882Z     [2m  - waiting for getByRole('button', { name: /MECHA-SANTA/ })[22m
Build, Lint & Test	UNKNOWN STEP	2025-12-27T20:15:12.7914463Z     [2m    - locator resolved to <button type="button" class="_classCard_1nl30_56">…</button>[22m
Build, Lint & Test	UNKNOWN STEP	2025-12-27T20:15:12.7914934Z     [2m  - attempting click action[22m
Build, Lint & Test	UNKNOWN STEP	2025-12-27T20:15:12.7915345Z     [2m    - waiting for element to be visible, enabled and stable[22m
Build, Lint & Test	UNKNOWN STEP	2025-12-27T20:15:12.7915764Z     [2m    - element is visible, enabled and stable[22m
Build, Lint & Test	UNKNOWN STEP	2025-12-27T20:15:12.7916124Z     [2m    - scrolling into view if needed[22m
Build, Lint & Test	UNKNOWN STEP	2025-12-27T20:15:12.7916439Z     [2m    - done scrolling[22m
Build, Lint & Test	UNKNOWN STEP	2025-12-27T20:15:12.7916749Z     [2m    - performing click action[22m
Build, Lint & Test	UNKNOWN STEP	2025-12-27T20:15:12.7916921Z 
Build, Lint & Test	UNKNOWN STEP	2025-12-27T20:15:12.7916926Z 
Build, Lint & Test	UNKNOWN STEP	2025-12-27T20:15:12.7917137Z       662 |     // Step 1: Character Selection - verify start screen is showing
Build, Lint & Test	UNKNOWN STEP	2025-12-27T20:15:12.7917643Z       663 |     await expect(page.locator('text=Protocol:')).toBeVisible({ timeout: 5000 });
Build, Lint & Test	UNKNOWN STEP	2025-12-27T20:15:12.7918255Z     > 664 |     await page.getByRole('button', { name: /MECHA-SANTA/ }).click();
Build, Lint & Test	UNKNOWN STEP	2025-12-27T20:15:12.7918640Z           |                                                             ^
Build, Lint & Test	UNKNOWN STEP	2025-12-27T20:15:12.7918890Z       665 |
Build, Lint & Test	UNKNOWN STEP	2025-12-27T20:15:12.7919159Z       666 |     // Click "COMMENCE OPERATION" on the briefing screen
Build, Lint & Test	UNKNOWN STEP	2025-12-27T20:15:12.7919606Z       667 |     await page.getByRole('button', { name: /COMMENCE OPERATION/i }).click();
Build, Lint & Test	UNKNOWN STEP	2025-12-27T20:15:12.7920236Z         at /home/runner/work/protocol-silent-night/protocol-silent-night/e2e/full-gameplay.spec.ts:664:61
Build, Lint & Test	UNKNOWN STEP	2025-12-27T20:15:12.7920619Z 
Build, Lint & Test	UNKNOWN STEP	2025-12-27T20:15:12.7921054Z     Error Context: test-results/full-gameplay-Full-Gamepla-ec88e-mplete-entire-game-as-Santa-chromium/error-context.md
Build, Lint & Test	UNKNOWN STEP	2025-12-27T20:15:12.7921520Z 
Build, Lint & Test	UNKNOWN STEP	2025-12-27T20:15:12.7921831Z     Retry #1 ───────────────────────────────────────────────────────────────────────────────────────
Build, Lint & Test	UNKNOWN STEP	2025-12-27T20:15:12.7922075Z 
Build, Lint & Test	UNKNOWN STEP	2025-12-27T20:15:12.7922242Z     TimeoutError: locator.click: Timeout 10000ms exceeded.
Build, Lint & Test	UNKNOWN STEP	2025-12-27T20:15:12.7922527Z     Call log:
Build, Lint & Test	UNKNOWN STEP	2025-12-27T20:15:12.7922875Z     [2m  - waiting for getByRole('button', { name: /MECHA-SANTA/ })[22m
Build, Lint & Test	UNKNOWN STEP	2025-12-27T20:15:12.7923462Z     [2m    - locator resolved to <button type="button" class="_classCard_1nl30_56">…</button>[22m
Build, Lint & Test	UNKNOWN STEP	2025-12-27T20:15:12.7923916Z     [2m  - attempting click action[22m
Build, Lint & Test	UNKNOWN STEP	2025-12-27T20:15:12.7924327Z     [2m    - waiting for element to be visible, enabled and stable[22m
Build, Lint & Test	UNKNOWN STEP	2025-12-27T20:15:12.7924747Z     [2m    - element is visible, enabled and stable[22m
Build, Lint & Test	UNKNOWN STEP	2025-12-27T20:15:12.7925100Z     [2m    - scrolling into view if needed[22m
Build, Lint & Test	UNKNOWN STEP	2025-12-27T20:15:12.7925415Z     [2m    - done scrolling[22m
Build, Lint & Test	UNKNOWN STEP	2025-12-27T20:15:12.7925720Z     [2m    - performing click action[22m
Build, Lint & Test	UNKNOWN STEP	2025-12-27T20:15:12.7926017Z 
Build, Lint & Test	UNKNOWN STEP	2025-12-27T20:15:12.7926022Z 
Build, Lint & Test	UNKNOWN STEP	2025-12-27T20:15:12.7926227Z       662 |     // Step 1: Character Selection - verify start screen is showing
Build, Lint & Test	UNKNOWN STEP	2025-12-27T20:15:12.7926724Z       663 |     await expect(page.locator('text=Protocol:')).toBeVisible({ timeout: 5000 });
Build, Lint & Test	UNKNOWN STEP	2025-12-27T20:15:12.7927220Z     > 664 |     await page.getByRole('button', { name: /MECHA-SANTA/ }).click();
Build, Lint & Test	UNKNOWN STEP	2025-12-27T20:15:12.7927598Z           |                                                             ^
Build, Lint & Test	UNKNOWN STEP	2025-12-27T20:15:12.7928056Z       665 |
Build, Lint & Test	UNKNOWN STEP	2025-12-27T20:15:12.7928346Z       666 |     // Click "COMMENCE OPERATION" on the briefing screen
Build, Lint & Test	UNKNOWN STEP	2025-12-27T20:15:12.7928825Z       667 |     await page.getByRole('button', { name: /COMMENCE OPERATION/i }).click();
Build, Lint & Test	UNKNOWN STEP	2025-12-27T20:15:12.7929449Z         at /home/runner/work/protocol-silent-night/protocol-silent-night/e2e/full-gameplay.spec.ts:664:61
Build, Lint & Test	UNKNOWN STEP	2025-12-27T20:15:12.7929840Z 
Build, Lint & Test	UNKNOWN STEP	2025-12-27T20:15:12.7930212Z     attachment #1: screenshot (image/png) ──────────────────────────────────────────────────────────
Build, Lint & Test	UNKNOWN STEP	2025-12-27T20:15:12.7930941Z     test-results/full-gameplay-Full-Gamepla-ec88e-mplete-entire-game-as-Santa-chromium-retry1/test-failed-1.png
Build, Lint & Test	UNKNOWN STEP	2025-12-27T20:15:12.7931683Z     ────────────────────────────────────────────────────────────────────────────────────────────────
Build, Lint & Test	UNKNOWN STEP	2025-12-27T20:15:12.7931906Z 
Build, Lint & Test	UNKNOWN STEP	2025-12-27T20:15:12.7932386Z     Error Context: test-results/full-gameplay-Full-Gamepla-ec88e-mplete-entire-game-as-Santa-chromium-retry1/error-context.md
Build, Lint & Test	UNKNOWN STEP	2025-12-27T20:15:12.7932881Z 
Build, Lint & Test	UNKNOWN STEP	2025-12-27T20:15:12.7933243Z     attachment #3: trace (application/zip) ─────────────────────────────────────────────────────────
Build, Lint & Test	UNKNOWN STEP	2025-12-27T20:15:12.7933921Z     test-results/full-gameplay-Full-Gamepla-ec88e-mplete-entire-game-as-Santa-chromium-retry1/trace.zip
Build, Lint & Test	UNKNOWN STEP	2025-12-27T20:15:12.7934404Z     Usage:
Build, Lint & Test	UNKNOWN STEP	2025-12-27T20:15:12.7934506Z 
Build, Lint & Test	UNKNOWN STEP	2025-12-27T20:15:12.7935013Z         pnpm exec playwright show-trace test-results/full-gameplay-Full-Gamepla-ec88e-mplete-entire-game-as-Santa-chromium-retry1/trace.zip
Build, Lint & Test	UNKNOWN STEP	2025-12-27T20:15:12.7935547Z 
Build, Lint & Test	UNKNOWN STEP	2025-12-27T20:15:12.7935836Z     ────────────────────────────────────────────────────────────────────────────────────────────────
Build, Lint & Test	UNKNOWN STEP	2025-12-27T20:15:12.7936058Z 
Build, Lint & Test	UNKNOWN STEP	2025-12-27T20:15:12.7936354Z     Retry #2 ───────────────────────────────────────────────────────────────────────────────────────
Build, Lint & Test	UNKNOWN STEP	2025-12-27T20:15:12.7936591Z 
Build, Lint & Test	UNKNOWN STEP	2025-12-27T20:15:12.7936758Z     TimeoutError: locator.click: Timeout 10000ms exceeded.
Build, Lint & Test	UNKNOWN STEP	2025-12-27T20:15:12.7937047Z     Call log:
Build, Lint & Test	UNKNOWN STEP	2025-12-27T20:15:12.7937423Z     [2m  - waiting for getByRole('button', { name: /MECHA-SANTA/ })[22m
Build, Lint & Test	UNKNOWN STEP	2025-12-27T20:15:12.7938103Z     [2m    - locator resolved to <button type="button" class="_classCard_1nl30_56">…</button>[22m
Build, Lint & Test	UNKNOWN STEP	2025-12-27T20:15:12.7938562Z     [2m  - attempting click action[22m
Build, Lint & Test	UNKNOWN STEP	2025-12-27T20:15:12.7938971Z     [2m    - waiting for element to be visible, enabled and stable[22m
Build, Lint & Test	UNKNOWN STEP	2025-12-27T20:15:12.7939390Z     [2m    - element is visible, enabled and stable[22m
Build, Lint & Test	UNKNOWN STEP	2025-12-27T20:15:12.7939748Z     [2m    - scrolling into view if needed[22m
Build, Lint & Test	UNKNOWN STEP	2025-12-27T20:15:12.7940202Z     [2m    - done scrolling[22m
Build, Lint & Test	UNKNOWN STEP	2025-12-27T20:15:12.7940510Z     [2m    - performing click action[22m
Build, Lint & Test	UNKNOWN STEP	2025-12-27T20:15:12.7940684Z 
Build, Lint & Test	UNKNOWN STEP	2025-12-27T20:15:12.7940694Z 
Build, Lint & Test	UNKNOWN STEP	2025-12-27T20:15:12.7940896Z       662 |     // Step 1: Character Selection - verify start screen is showing
Build, Lint & Test	UNKNOWN STEP	2025-12-27T20:15:12.7941394Z       663 |     await expect(page.locator('text=Protocol:')).toBeVisible({ timeout: 5000 });
Build, Lint & Test	UNKNOWN STEP	2025-12-27T20:15:12.7942002Z     > 664 |     await page.getByRole('button', { name: /MECHA-SANTA/ }).click();
Build, Lint & Test	UNKNOWN STEP	2025-12-27T20:15:12.7942388Z           |                                                             ^
Build, Lint & Test	UNKNOWN STEP	2025-12-27T20:15:12.7942637Z       665 |
Build, Lint & Test	UNKNOWN STEP	2025-12-27T20:15:12.7942902Z       666 |     // Click "COMMENCE OPERATION" on the briefing screen
Build, Lint & Test	UNKNOWN STEP	2025-12-27T20:15:12.7943357Z       667 |     await page.getByRole('button', { name: /COMMENCE OPERATION/i }).click();
Build, Lint & Test	UNKNOWN STEP	2025-12-27T20:15:12.7943985Z         at /home/runner/work/protocol-silent-night/protocol-silent-night/e2e/full-gameplay.spec.ts:664:61
Build, Lint & Test	UNKNOWN STEP	2025-12-27T20:15:12.7944371Z 
Build, Lint & Test	UNKNOWN STEP	2025-12-27T20:15:12.7944732Z     attachment #1: screenshot (image/png) ──────────────────────────────────────────────────────────
Build, Lint & Test	UNKNOWN STEP	2025-12-27T20:15:12.7950894Z     test-results/full-gameplay-Full-Gamepla-ec88e-mplete-entire-game-as-Santa-chromium-retry2/test-failed-1.png
Build, Lint & Test	UNKNOWN STEP	2025-12-27T20:15:12.7951746Z     ────────────────────────────────────────────────────────────────────────────────────────────────
Build, Lint & Test	UNKNOWN STEP	2025-12-27T20:15:12.7951984Z 
Build, Lint & Test	UNKNOWN STEP	2025-12-27T20:15:12.7952488Z     Error Context: test-results/full-gameplay-Full-Gamepla-ec88e-mplete-entire-game-as-Santa-chromium-retry2/error-context.md
Build, Lint & Test	UNKNOWN STEP	2025-12-27T20:15:12.7952995Z 
Build, Lint & Test	UNKNOWN STEP	2025-12-27T20:15:12.7953493Z   36) [chromium] › e2e/full-gameplay.spec.ts:705:3 › Full Gameplay - Complete Playthrough › should complete entire game as Elf 
Build, Lint & Test	UNKNOWN STEP	2025-12-27T20:15:12.7953921Z 
Build, Lint & Test	UNKNOWN STEP	2025-12-27T20:15:12.7954100Z     TimeoutError: locator.click: Timeout 10000ms exceeded.
Build, Lint & Test	UNKNOWN STEP	2025-12-27T20:15:12.7954401Z     Call log:
Build, Lint & Test	UNKNOWN STEP	2025-12-27T20:15:12.7954770Z     [2m  - waiting for getByRole('button', { name: /CYBER-ELF/ })[22m
Build, Lint & Test	UNKNOWN STEP	2025-12-27T20:15:12.7955378Z     [2m    - locator resolved to <button type="button" class="_classCard_1nl30_56">…</button>[22m
Build, Lint & Test	UNKNOWN STEP	2025-12-27T20:15:12.7955683Z 
Build, Lint & Test	UNKNOWN STEP	2025-12-27T20:15:12.7955689Z 
Build, Lint & Test	UNKNOWN STEP	2025-12-27T20:15:12.7955829Z       707 |     await page.waitForTimeout(2000);
Build, Lint & Test	UNKNOWN STEP	2025-12-27T20:15:12.7956089Z       708 |
Build, Lint & Test	UNKNOWN STEP	2025-12-27T20:15:12.7956396Z     > 709 |     await page.getByRole('button', { name: /CYBER-ELF/ }).click();
Build, Lint & Test	UNKNOWN STEP	2025-12-27T20:15:12.7956783Z           |                                                           ^
Build, Lint & Test	UNKNOWN STEP	2025-12-27T20:15:12.7957029Z       710 |
Build, Lint & Test	UNKNOWN STEP	2025-12-27T20:15:12.7957293Z       711 |     // Click "COMMENCE OPERATION" on the briefing screen
Build, Lint & Test	UNKNOWN STEP	2025-12-27T20:15:12.7957751Z       712 |     await page.getByRole('button', { name: /COMMENCE OPERATION/i }).click();
Build, Lint & Test	UNKNOWN STEP	2025-12-27T20:15:12.7958523Z         at /home/runner/work/protocol-silent-night/protocol-silent-night/e2e/full-gameplay.spec.ts:709:59
Build, Lint & Test	UNKNOWN STEP	2025-12-27T20:15:12.7958901Z 
Build, Lint & Test	UNKNOWN STEP	2025-12-27T20:15:12.7959346Z     Error Context: test-results/full-gameplay-Full-Gamepla-80581-complete-entire-game-as-Elf-chromium/error-context.md
Build, Lint & Test	UNKNOWN STEP	2025-12-27T20:15:12.7959799Z 
Build, Lint & Test	UNKNOWN STEP	2025-12-27T20:15:12.7960116Z     Retry #1 ───────────────────────────────────────────────────────────────────────────────────────
Build, Lint & Test	UNKNOWN STEP	2025-12-27T20:15:12.7960352Z 
Build, Lint & Test	UNKNOWN STEP	2025-12-27T20:15:12.7960526Z     TimeoutError: locator.click: Timeout 10000ms exceeded.
Build, Lint & Test	UNKNOWN STEP	2025-12-27T20:15:12.7960812Z     Call log:
Build, Lint & Test	UNKNOWN STEP	2025-12-27T20:15:12.7961329Z     [2m  - waiting for getByRole('button', { name: /CYBER-ELF/ })[22m
Build, Lint & Test	UNKNOWN STEP	2025-12-27T20:15:12.7961920Z     [2m    - locator resolved to <button type="button" class="_classCard_1nl30_56">…</button>[22m
Build, Lint & Test	UNKNOWN STEP	2025-12-27T20:15:12.7962377Z     [2m  - attempting click action[22m
Build, Lint & Test	UNKNOWN STEP	2025-12-27T20:15:12.7962787Z     [2m    - waiting for element to be visible, enabled and stable[22m
Build, Lint & Test	UNKNOWN STEP	2025-12-27T20:15:12.7963207Z     [2m    - element is visible, enabled and stable[22m
Build, Lint & Test	UNKNOWN STEP	2025-12-27T20:15:12.7963568Z     [2m    - scrolling into view if needed[22m
Build, Lint & Test	UNKNOWN STEP	2025-12-27T20:15:12.7964009Z     [2m    - done scrolling[22m
Build, Lint & Test	UNKNOWN STEP	2025-12-27T20:15:12.7964323Z     [2m    - performing click action[22m
Build, Lint & Test	UNKNOWN STEP	2025-12-27T20:15:12.7964495Z 
Build, Lint & Test	UNKNOWN STEP	2025-12-27T20:15:12.7964501Z 
Build, Lint & Test	UNKNOWN STEP	2025-12-27T20:15:12.7964640Z       707 |     await page.waitForTimeout(2000);
Build, Lint & Test	UNKNOWN STEP	2025-12-27T20:15:12.7964891Z       708 |
Build, Lint & Test	UNKNOWN STEP	2025-12-27T20:15:12.7965196Z     > 709 |     await page.getByRole('button', { name: /CYBER-ELF/ }).click();
Build, Lint & Test	UNKNOWN STEP	2025-12-27T20:15:12.7965581Z           |                                                           ^
Build, Lint & Test	UNKNOWN STEP	2025-12-27T20:15:12.7965832Z       710 |
Build, Lint & Test	UNKNOWN STEP	2025-12-27T20:15:12.7966093Z       711 |     // Click "COMMENCE OPERATION" on the briefing screen
Build, Lint & Test	UNKNOWN STEP	2025-12-27T20:15:12.7966539Z       712 |     await page.getByRole('button', { name: /COMMENCE OPERATION/i }).click();
Build, Lint & Test	UNKNOWN STEP	2025-12-27T20:15:12.7967171Z         at /home/runner/work/protocol-silent-night/protocol-silent-night/e2e/full-gameplay.spec.ts:709:59
Build, Lint & Test	UNKNOWN STEP	2025-12-27T20:15:12.7967554Z 
Build, Lint & Test	UNKNOWN STEP	2025-12-27T20:15:12.7968142Z     Error Context: test-results/full-gameplay-Full-Gamepla-80581-complete-entire-game-as-Elf-chromium-retry1/error-context.md
Build, Lint & Test	UNKNOWN STEP	2025-12-27T20:15:12.7968642Z 
Build, Lint & Test	UNKNOWN STEP	2025-12-27T20:15:12.7969017Z     attachment #2: trace (application/zip) ─────────────────────────────────────────────────────────
Build, Lint & Test	UNKNOWN STEP	2025-12-27T20:15:12.7969697Z     test-results/full-gameplay-Full-Gamepla-80581-complete-entire-game-as-Elf-chromium-retry1/trace.zip
Build, Lint & Test	UNKNOWN STEP	2025-12-27T20:15:12.7970178Z     Usage:
Build, Lint & Test	UNKNOWN STEP	2025-12-27T20:15:12.7970274Z 
Build, Lint & Test	UNKNOWN STEP	2025-12-27T20:15:12.7970787Z         pnpm exec playwright show-trace test-results/full-gameplay-Full-Gamepla-80581-complete-entire-game-as-Elf-chromium-retry1/trace.zip
Build, Lint & Test	UNKNOWN STEP	2025-12-27T20:15:12.7971318Z 
Build, Lint & Test	UNKNOWN STEP	2025-12-27T20:15:12.7971608Z     ────────────────────────────────────────────────────────────────────────────────────────────────
Build, Lint & Test	UNKNOWN STEP	2025-12-27T20:15:12.7971836Z 
Build, Lint & Test	UNKNOWN STEP	2025-12-27T20:15:12.7972135Z     Retry #2 ───────────────────────────────────────────────────────────────────────────────────────
Build, Lint & Test	UNKNOWN STEP	2025-12-27T20:15:12.7972372Z 
Build, Lint & Test	UNKNOWN STEP	2025-12-27T20:15:12.7972541Z     TimeoutError: locator.click: Timeout 10000ms exceeded.
Build, Lint & Test	UNKNOWN STEP	2025-12-27T20:15:12.7972852Z     Call log:
Build, Lint & Test	UNKNOWN STEP	2025-12-27T20:15:12.7973206Z     [2m  - waiting for getByRole('button', { name: /CYBER-ELF/ })[22m
Build, Lint & Test	UNKNOWN STEP	2025-12-27T20:15:12.7973773Z     [2m    - locator resolved to <button type="button" class="_classCard_1nl30_56">…</button>[22m
Build, Lint & Test	UNKNOWN STEP	2025-12-27T20:15:12.7974226Z     [2m  - attempting click action[22m
Build, Lint & Test	UNKNOWN STEP	2025-12-27T20:15:12.7974632Z     [2m    - waiting for element to be visible, enabled and stable[22m
Build, Lint & Test	UNKNOWN STEP	2025-12-27T20:15:12.7974864Z 
Build, Lint & Test	UNKNOWN STEP	2025-12-27T20:15:12.7974881Z 
Build, Lint & Test	UNKNOWN STEP	2025-12-27T20:15:12.7975019Z       707 |     await page.waitForTimeout(2000);
Build, Lint & Test	UNKNOWN STEP	2025-12-27T20:15:12.7975273Z       708 |
Build, Lint & Test	UNKNOWN STEP	2025-12-27T20:15:12.7975565Z     > 709 |     await page.getByRole('button', { name: /CYBER-ELF/ }).click();
Build, Lint & Test	UNKNOWN STEP	2025-12-27T20:15:12.7975940Z           |                                                           ^
Build, Lint & Test	UNKNOWN STEP	2025-12-27T20:15:12.7976183Z       710 |
Build, Lint & Test	UNKNOWN STEP	2025-12-27T20:15:12.7976443Z       711 |     // Click "COMMENCE OPERATION" on the briefing screen
Build, Lint & Test	UNKNOWN STEP	2025-12-27T20:15:12.7976888Z       712 |     await page.getByRole('button', { name: /COMMENCE OPERATION/i }).click();
Build, Lint & Test	UNKNOWN STEP	2025-12-27T20:15:12.7977647Z         at /home/runner/work/protocol-silent-night/protocol-silent-night/e2e/full-gameplay.spec.ts:709:59
Build, Lint & Test	UNKNOWN STEP	2025-12-27T20:15:12.7978175Z 
Build, Lint & Test	UNKNOWN STEP	2025-12-27T20:15:12.7978545Z     attachment #1: screenshot (image/png) ──────────────────────────────────────────────────────────
Build, Lint & Test	UNKNOWN STEP	2025-12-27T20:15:12.7979386Z     test-results/full-gameplay-Full-Gamepla-80581-complete-entire-game-as-Elf-chromium-retry2/test-failed-1.png
Build, Lint & Test	UNKNOWN STEP	2025-12-27T20:15:12.7980130Z     ────────────────────────────────────────────────────────────────────────────────────────────────
Build, Lint & Test	UNKNOWN STEP	2025-12-27T20:15:12.7980343Z 
Build, Lint & Test	UNKNOWN STEP	2025-12-27T20:15:12.7980814Z     Error Context: test-results/full-gameplay-Full-Gamepla-80581-complete-entire-game-as-Elf-chromium-retry2/error-context.md
Build, Lint & Test	UNKNOWN STEP	2025-12-27T20:15:12.7981298Z 
Build, Lint & Test	UNKNOWN STEP	2025-12-27T20:15:12.7981797Z   37) [chromium] › e2e/full-gameplay.spec.ts:737:3 › Full Gameplay - Complete Playthrough › should complete entire game as Bumble 
Build, Lint & Test	UNKNOWN STEP	2025-12-27T20:15:12.7982230Z 
Build, Lint & Test	UNKNOWN STEP	2025-12-27T20:15:12.7982404Z     TimeoutError: locator.click: Timeout 10000ms exceeded.
Build, Lint & Test	UNKNOWN STEP	2025-12-27T20:15:12.7982687Z     Call log:
Build, Lint & Test	UNKNOWN STEP	2025-12-27T20:15:12.7983023Z     [2m  - waiting for getByRole('button', { name: /BUMBLE/ })[22m
Build, Lint & Test	UNKNOWN STEP	2025-12-27T20:15:12.7983582Z     [2m    - locator resolved to <button type="button" class="_classCard_1nl30_56">…</button>[22m
Build, Lint & Test	UNKNOWN STEP	2025-12-27T20:15:12.7983883Z 
Build, Lint & Test	UNKNOWN STEP	2025-12-27T20:15:12.7983889Z 
Build, Lint & Test	UNKNOWN STEP	2025-12-27T20:15:12.7984035Z       739 |     await page.waitForTimeout(2000);
Build, Lint & Test	UNKNOWN STEP	2025-12-27T20:15:12.7984289Z       740 |
Build, Lint & Test	UNKNOWN STEP	2025-12-27T20:15:12.7984573Z     > 741 |     await page.getByRole('button', { name: /BUMBLE/ }).click();
Build, Lint & Test	UNKNOWN STEP	2025-12-27T20:15:12.7984939Z           |                                                        ^
Build, Lint & Test	UNKNOWN STEP	2025-12-27T20:15:12.7985184Z       742 |
Build, Lint & Test	UNKNOWN STEP	2025-12-27T20:15:12.7985440Z       743 |     // Click "COMMENCE OPERATION" on the briefing screen
Build, Lint & Test	UNKNOWN STEP	2025-12-27T20:15:12.7985880Z       744 |     await page.getByRole('button', { name: /COMMENCE OPERATION/i }).click();
Build, Lint & Test	UNKNOWN STEP	2025-12-27T20:15:12.7986509Z         at /home/runner/work/protocol-silent-night/protocol-silent-night/e2e/full-gameplay.spec.ts:741:56
Build, Lint & Test	UNKNOWN STEP	2025-12-27T20:15:12.7986890Z 
Build, Lint & Test	UNKNOWN STEP	2025-12-27T20:15:12.7987246Z     attachment #1: screenshot (image/png) ──────────────────────────────────────────────────────────
Build, Lint & Test	UNKNOWN STEP	2025-12-27T20:15:12.7988025Z     test-results/full-gameplay-Full-Gamepla-67593-plete-entire-game-as-Bumble-chromium/test-failed-1.png
Build, Lint & Test	UNKNOWN STEP	2025-12-27T20:15:12.7988736Z     ────────────────────────────────────────────────────────────────────────────────────────────────
Build, Lint & Test	UNKNOWN STEP	2025-12-27T20:15:12.7988953Z 
Build, Lint & Test	UNKNOWN STEP	2025-12-27T20:15:12.7989384Z     Error Context: test-results/full-gameplay-Full-Gamepla-67593-plete-entire-game-as-Bumble-chromium/error-context.md
Build, Lint & Test	UNKNOWN STEP	2025-12-27T20:15:12.7989834Z 
Build, Lint & Test	UNKNOWN STEP	2025-12-27T20:15:12.7990137Z     Retry #1 ───────────────────────────────────────────────────────────────────────────────────────
Build, Lint & Test	UNKNOWN STEP	2025-12-27T20:15:12.7990369Z 
Build, Lint & Test	UNKNOWN STEP	2025-12-27T20:15:12.7990540Z     TimeoutError: locator.click: Timeout 10000ms exceeded.
Build, Lint & Test	UNKNOWN STEP	2025-12-27T20:15:12.7990834Z     Call log:
Build, Lint & Test	UNKNOWN STEP	2025-12-27T20:15:12.7991166Z     [2m  - waiting for getByRole('button', { name: /BUMBLE/ })[22m
Build, Lint & Test	UNKNOWN STEP	2025-12-27T20:15:12.7991722Z     [2m    - locator resolved to <button type="button" class="_classCard_1nl30_56">…</button>[22m
Build, Lint & Test	UNKNOWN STEP	2025-12-27T20:15:12.7992172Z     [2m  - attempting click action[22m
Build, Lint & Test	UNKNOWN STEP	2025-12-27T20:15:12.7992580Z     [2m    - waiting for element to be visible, enabled and stable[22m
Build, Lint & Test	UNKNOWN STEP	2025-12-27T20:15:12.7993118Z     [2m    - element is visible, enabled and stable[22m
Build, Lint & Test	UNKNOWN STEP	2025-12-27T20:15:12.7993487Z     [2m    - scrolling into view if needed[22m
Build, Lint & Test	UNKNOWN STEP	2025-12-27T20:15:12.7993805Z     [2m    - done scrolling[22m
Build, Lint & Test	UNKNOWN STEP	2025-12-27T20:15:12.7993958Z 
Build, Lint & Test	UNKNOWN STEP	2025-12-27T20:15:12.7993963Z 
Build, Lint & Test	UNKNOWN STEP	2025-12-27T20:15:12.7994097Z       739 |     await page.waitForTimeout(2000);
Build, Lint & Test	UNKNOWN STEP	2025-12-27T20:15:12.7994342Z       740 |
Build, Lint & Test	UNKNOWN STEP	2025-12-27T20:15:12.7994632Z     > 741 |     await page.getByRole('button', { name: /BUMBLE/ }).click();
Build, Lint & Test	UNKNOWN STEP	2025-12-27T20:15:12.7995005Z           |                                                        ^
Build, Lint & Test	UNKNOWN STEP	2025-12-27T20:15:12.7995361Z       742 |
Build, Lint & Test	UNKNOWN STEP	2025-12-27T20:15:12.7995619Z       743 |     // Click "COMMENCE OPERATION" on the briefing screen
Build, Lint & Test	UNKNOWN STEP	2025-12-27T20:15:12.7996059Z       744 |     await page.getByRole('button', { name: /COMMENCE OPERATION/i }).click();
Build, Lint & Test	UNKNOWN STEP	2025-12-27T20:15:12.7996685Z         at /home/runner/work/protocol-silent-night/protocol-silent-night/e2e/full-gameplay.spec.ts:741:56
Build, Lint & Test	UNKNOWN STEP	2025-12-27T20:15:12.7997066Z 
Build, Lint & Test	UNKNOWN STEP	2025-12-27T20:15:12.7997537Z     Error Context: test-results/full-gameplay-Full-Gamepla-67593-plete-entire-game-as-Bumble-chromium-retry1/error-context.md
Build, Lint & Test	UNKNOWN STEP	2025-12-27T20:15:12.7998131Z 
Build, Lint & Test	UNKNOWN STEP	2025-12-27T20:15:12.7998497Z     attachment #2: trace (application/zip) ─────────────────────────────────────────────────────────
Build, Lint & Test	UNKNOWN STEP	2025-12-27T20:15:12.7999181Z     test-results/full-gameplay-Full-Gamepla-67593-plete-entire-game-as-Bumble-chromium-retry1/trace.zip
Build, Lint & Test	UNKNOWN STEP	2025-12-27T20:15:12.7999665Z     Usage:
Build, Lint & Test	UNKNOWN STEP	2025-12-27T20:15:12.7999759Z 
Build, Lint & Test	UNKNOWN STEP	2025-12-27T20:15:12.8000272Z         pnpm exec playwright show-trace test-results/full-gameplay-Full-Gamepla-67593-plete-entire-game-as-Bumble-chromium-retry1/trace.zip
Build, Lint & Test	UNKNOWN STEP	2025-12-27T20:15:12.8000794Z 
Build, Lint & Test	UNKNOWN STEP	2025-12-27T20:15:12.8001083Z     ────────────────────────────────────────────────────────────────────────────────────────────────
Build, Lint & Test	UNKNOWN STEP	2025-12-27T20:15:12.8001305Z 
Build, Lint & Test	UNKNOWN STEP	2025-12-27T20:15:12.8001605Z     Retry #2 ───────────────────────────────────────────────────────────────────────────────────────
Build, Lint & Test	UNKNOWN STEP	2025-12-27T20:15:12.8001840Z 
Build, Lint & Test	UNKNOWN STEP	2025-12-27T20:15:12.8002023Z     TimeoutError: locator.click: Timeout 10000ms exceeded.
Build, Lint & Test	UNKNOWN STEP	2025-12-27T20:15:12.8002312Z     Call log:
Build, Lint & Test	UNKNOWN STEP	2025-12-27T20:15:12.8002646Z     [2m  - waiting for getByRole('button', { name: /BUMBLE/ })[22m
Build, Lint & Test	UNKNOWN STEP	2025-12-27T20:15:12.8003206Z     [2m    - locator resolved to <button type="button" class="_classCard_1nl30_56">…</button>[22m
Build, Lint & Test	UNKNOWN STEP	2025-12-27T20:15:12.8003509Z 
Build, Lint & Test	UNKNOWN STEP	2025-12-27T20:15:12.8003514Z 
Build, Lint & Test	UNKNOWN STEP	2025-12-27T20:15:12.8003644Z       739 |     await page.waitForTimeout(2000);
Build, Lint & Test	UNKNOWN STEP	2025-12-27T20:15:12.8003896Z       740 |
Build, Lint & Test	UNKNOWN STEP	2025-12-27T20:15:12.8004182Z     > 741 |     await page.getByRole('button', { name: /BUMBLE/ }).click();
Build, Lint & Test	UNKNOWN STEP	2025-12-27T20:15:12.8004556Z           |                                                        ^
Build, Lint & Test	UNKNOWN STEP	2025-12-27T20:15:12.8004792Z       742 |
Build, Lint & Test	UNKNOWN STEP	2025-12-27T20:15:12.8005040Z       743 |     // Click "COMMENCE OPERATION" on the briefing screen
Build, Lint & Test	UNKNOWN STEP	2025-12-27T20:15:12.8005482Z       744 |     await page.getByRole('button', { name: /COMMENCE OPERATION/i }).click();
Build, Lint & Test	UNKNOWN STEP	2025-12-27T20:15:12.8006111Z         at /home/runner/work/protocol-silent-night/protocol-silent-night/e2e/full-gameplay.spec.ts:741:56
Build, Lint & Test	UNKNOWN STEP	2025-12-27T20:15:12.8006487Z 
Build, Lint & Test	UNKNOWN STEP	2025-12-27T20:15:12.8006847Z     attachment #1: screenshot (image/png) ──────────────────────────────────────────────────────────
Build, Lint & Test	UNKNOWN STEP	2025-12-27T20:15:12.8007560Z     test-results/full-gameplay-Full-Gamepla-67593-plete-entire-game-as-Bumble-chromium-retry2/test-failed-1.png
Build, Lint & Test	UNKNOWN STEP	2025-12-27T20:15:12.8008399Z     ────────────────────────────────────────────────────────────────────────────────────────────────
Build, Lint & Test	UNKNOWN STEP	2025-12-27T20:15:12.8008618Z 
Build, Lint & Test	UNKNOWN STEP	2025-12-27T20:15:12.8009252Z     Error Context: test-results/full-gameplay-Full-Gamepla-67593-plete-entire-game-as-Bumble-chromium-retry2/error-context.md
Build, Lint & Test	UNKNOWN STEP	2025-12-27T20:15:12.8009743Z 
Build, Lint & Test	UNKNOWN STEP	2025-12-27T20:15:12.8010188Z   38) [chromium] › e2e/full-gameplay.spec.ts:771:3 › Full Gameplay - Input Controls › should respond to WASD movement 
Build, Lint & Test	UNKNOWN STEP	2025-12-27T20:15:12.8010574Z 
Build, Lint & Test	UNKNOWN STEP	2025-12-27T20:15:12.8010745Z     TimeoutError: locator.click: Timeout 10000ms exceeded.
Build, Lint & Test	UNKNOWN STEP	2025-12-27T20:15:12.8011033Z     Call log:
Build, Lint & Test	UNKNOWN STEP	2025-12-27T20:15:12.8011509Z     [2m  - waiting for getByRole('button', { name: /MECHA-SANTA/ })[22m
Build, Lint & Test	UNKNOWN STEP	2025-12-27T20:15:12.8012103Z     [2m    - locator resolved to <button type="button" class="_classCard_1nl30_56">…</button>[22m
Build, Lint & Test	UNKNOWN STEP	2025-12-27T20:15:12.8012552Z     [2m  - attempting click action[22m
Build, Lint & Test	UNKNOWN STEP	2025-12-27T20:15:12.8012966Z     [2m    - waiting for element to be visible, enabled and stable[22m
Build, Lint & Test	UNKNOWN STEP	2025-12-27T20:15:12.8013205Z 
Build, Lint & Test	UNKNOWN STEP	2025-12-27T20:15:12.8013210Z 
Build, Lint & Test	UNKNOWN STEP	2025-12-27T20:15:12.8013343Z       773 |     await page.waitForTimeout(2000);
Build, Lint & Test	UNKNOWN STEP	2025-12-27T20:15:12.8013601Z       774 |
Build, Lint & Test	UNKNOWN STEP	2025-12-27T20:15:12.8013903Z     > 775 |     await page.getByRole('button', { name: /MECHA-SANTA/ }).click();
Build, Lint & Test	UNKNOWN STEP	2025-12-27T20:15:12.8014282Z           |                                                             ^
Build, Lint & Test	UNKNOWN STEP	2025-12-27T20:15:12.8014526Z       776 |
Build, Lint & Test	UNKNOWN STEP	2025-12-27T20:15:12.8014788Z       777 |     // Click "COMMENCE OPERATION" on the briefing screen
Build, Lint & Test	UNKNOWN STEP	2025-12-27T20:15:12.8015241Z       778 |     await page.getByRole('button', { name: /COMMENCE OPERATION/i }).click();
Build, Lint & Test	UNKNOWN STEP	2025-12-27T20:15:12.8015865Z         at /home/runner/work/protocol-silent-night/protocol-silent-night/e2e/full-gameplay.spec.ts:775:61
Build, Lint & Test	UNKNOWN STEP	2025-12-27T20:15:12.8016244Z 
Build, Lint & Test	UNKNOWN STEP	2025-12-27T20:15:12.8016606Z     attachment #1: screenshot (image/png) ──────────────────────────────────────────────────────────
Build, Lint & Test	UNKNOWN STEP	2025-12-27T20:15:12.8017283Z     test-results/full-gameplay-Full-Gamepla-1fdd1-ld-respond-to-WASD-movement-chromium/test-failed-1.png
Build, Lint & Test	UNKNOWN STEP	2025-12-27T20:15:12.8018085Z     ────────────────────────────────────────────────────────────────────────────────────────────────
Build, Lint & Test	UNKNOWN STEP	2025-12-27T20:15:12.8018319Z 
Build, Lint & Test	UNKNOWN STEP	2025-12-27T20:15:12.8018749Z     Error Context: test-results/full-gameplay-Full-Gamepla-1fdd1-ld-respond-to-WASD-movement-chromium/error-context.md
Build, Lint & Test	UNKNOWN STEP	2025-12-27T20:15:12.8019200Z 
Build, Lint & Test	UNKNOWN STEP	2025-12-27T20:15:12.8019515Z     Retry #1 ───────────────────────────────────────────────────────────────────────────────────────
Build, Lint & Test	UNKNOWN STEP	2025-12-27T20:15:12.8019746Z 
Build, Lint & Test	UNKNOWN STEP	2025-12-27T20:15:12.8019931Z     TimeoutError: locator.click: Timeout 10000ms exceeded.
Build, Lint & Test	UNKNOWN STEP	2025-12-27T20:15:12.8020216Z     Call log:
Build, Lint & Test	UNKNOWN STEP	2025-12-27T20:15:12.8020568Z     [2m  - waiting for getByRole('button', { name: /MECHA-SANTA/ })[22m
Build, Lint & Test	UNKNOWN STEP	2025-12-27T20:15:12.8021147Z     [2m    - locator resolved to <button type="button" class="_classCard_1nl30_56">…</button>[22m
Build, Lint & Test	UNKNOWN STEP	2025-12-27T20:15:12.8021598Z     [2m  - attempting click action[22m
Build, Lint & Test	UNKNOWN STEP	2025-12-27T20:15:12.8022005Z     [2m    - waiting for element to be visible, enabled and stable[22m
Build, Lint & Test	UNKNOWN STEP	2025-12-27T20:15:12.8022425Z     [2m    - element is visible, enabled and stable[22m
Build, Lint & Test	UNKNOWN STEP	2025-12-27T20:15:12.8022912Z     [2m    - scrolling into view if needed[22m
Build, Lint & Test	UNKNOWN STEP	2025-12-27T20:15:12.8023230Z     [2m    - done scrolling[22m
Build, Lint & Test	UNKNOWN STEP	2025-12-27T20:15:12.8023384Z 
Build, Lint & Test	UNKNOWN STEP	2025-12-27T20:15:12.8023394Z 
Build, Lint & Test	UNKNOWN STEP	2025-12-27T20:15:12.8023523Z       773 |     await page.waitForTimeout(2000);
Build, Lint & Test	UNKNOWN STEP	2025-12-27T20:15:12.8023772Z       774 |
Build, Lint & Test	UNKNOWN STEP	2025-12-27T20:15:12.8024068Z     > 775 |     await page.getByRole('button', { name: /MECHA-SANTA/ }).click();
Build, Lint & Test	UNKNOWN STEP	2025-12-27T20:15:12.8024564Z           |                                                             ^
Build, Lint & Test	UNKNOWN STEP	2025-12-27T20:15:12.8024814Z       776 |
Build, Lint & Test	UNKNOWN STEP	2025-12-27T20:15:12.8025073Z       777 |     // Click "COMMENCE OPERATION" on the briefing screen
Build, Lint & Test	UNKNOWN STEP	2025-12-27T20:15:12.8025521Z       778 |     await page.getByRole('button', { name: /COMMENCE OPERATION/i }).click();
Build, Lint & Test	UNKNOWN STEP	2025-12-27T20:15:12.8026139Z         at /home/runner/work/protocol-silent-night/protocol-silent-night/e2e/full-gameplay.spec.ts:775:61
Build, Lint & Test	UNKNOWN STEP	2025-12-27T20:15:12.8026519Z 
Build, Lint & Test	UNKNOWN STEP	2025-12-27T20:15:12.8026877Z     attachment #1: screenshot (image/png) ──────────────────────────────────────────────────────────
Build, Lint & Test	UNKNOWN STEP	2025-12-27T20:15:12.8027595Z     test-results/full-gameplay-Full-Gamepla-1fdd1-ld-respond-to-WASD-movement-chromium-retry1/test-failed-1.png
Build, Lint & Test	UNKNOWN STEP	2025-12-27T20:15:12.8028439Z     ────────────────────────────────────────────────────────────────────────────────────────────────
Build, Lint & Test	UNKNOWN STEP	2025-12-27T20:15:12.8028658Z 
Build, Lint & Test	UNKNOWN STEP	2025-12-27T20:15:12.8029141Z     Error Context: test-results/full-gameplay-Full-Gamepla-1fdd1-ld-respond-to-WASD-movement-chromium-retry1/error-context.md
Build, Lint & Test	UNKNOWN STEP	2025-12-27T20:15:12.8029627Z 
Build, Lint & Test	UNKNOWN STEP	2025-12-27T20:15:12.8029988Z     attachment #3: trace (application/zip) ─────────────────────────────────────────────────────────
Build, Lint & Test	UNKNOWN STEP	2025-12-27T20:15:12.8030663Z     test-results/full-gameplay-Full-Gamepla-1fdd1-ld-respond-to-WASD-movement-chromium-retry1/trace.zip
Build, Lint & Test	UNKNOWN STEP	2025-12-27T20:15:12.8031142Z     Usage:
Build, Lint & Test	UNKNOWN STEP	2025-12-27T20:15:12.8031243Z 
Build, Lint & Test	UNKNOWN STEP	2025-12-27T20:15:12.8031751Z         pnpm exec playwright show-trace test-results/full-gameplay-Full-Gamepla-1fdd1-ld-respond-to-WASD-movement-chromium-retry1/trace.zip
Build, Lint & Test	UNKNOWN STEP	2025-12-27T20:15:12.8032284Z 
Build, Lint & Test	UNKNOWN STEP	2025-12-27T20:15:12.8032569Z     ────────────────────────────────────────────────────────────────────────────────────────────────
Build, Lint & Test	UNKNOWN STEP	2025-12-27T20:15:12.8032793Z 
Build, Lint & Test	UNKNOWN STEP	2025-12-27T20:15:12.8033090Z     Retry #2 ───────────────────────────────────────────────────────────────────────────────────────
Build, Lint & Test	UNKNOWN STEP	2025-12-27T20:15:12.8033330Z 
Build, Lint & Test	UNKNOWN STEP	2025-12-27T20:15:12.8033500Z     TimeoutError: locator.click: Timeout 10000ms exceeded.
Build, Lint & Test	UNKNOWN STEP	2025-12-27T20:15:12.8033798Z     Call log:
Build, Lint & Test	UNKNOWN STEP	2025-12-27T20:15:12.8034146Z     [2m  - waiting for getByRole('button', { name: /MECHA-SANTA/ })[22m
Build, Lint & Test	UNKNOWN STEP	2025-12-27T20:15:12.8034723Z     [2m    - locator resolved to <button type="button" class="_classCard_1nl30_56">…</button>[22m
Build, Lint & Test	UNKNOWN STEP	2025-12-27T20:15:12.8035175Z     [2m  - attempting click action[22m
Build, Lint & Test	UNKNOWN STEP	2025-12-27T20:15:12.8035581Z     [2m    - waiting for element to be visible, enabled and stable[22m
Build, Lint & Test	UNKNOWN STEP	2025-12-27T20:15:12.8035813Z 
Build, Lint & Test	UNKNOWN STEP	2025-12-27T20:15:12.8035818Z 
Build, Lint & Test	UNKNOWN STEP	2025-12-27T20:15:12.8035957Z       773 |     await page.waitForTimeout(2000);
Build, Lint & Test	UNKNOWN STEP	2025-12-27T20:15:12.8036218Z       774 |
Build, Lint & Test	UNKNOWN STEP	2025-12-27T20:15:12.8036514Z     > 775 |     await page.getByRole('button', { name: /MECHA-SANTA/ }).click();
Build, Lint & Test	UNKNOWN STEP	2025-12-27T20:15:12.8036897Z           |                                                             ^
Build, Lint & Test	UNKNOWN STEP	2025-12-27T20:15:12.8037147Z       776 |
Build, Lint & Test	UNKNOWN STEP	2025-12-27T20:15:12.8037404Z       777 |     // Click "COMMENCE OPERATION" on the briefing screen
Build, Lint & Test	UNKNOWN STEP	2025-12-27T20:15:12.8038070Z       778 |     await page.getByRole('button', { name: /COMMENCE OPERATION/i }).click();
Build, Lint & Test	UNKNOWN STEP	2025-12-27T20:15:12.8038719Z         at /home/runner/work/protocol-silent-night/protocol-silent-night/e2e/full-gameplay.spec.ts:775:61
Build, Lint & Test	UNKNOWN STEP	2025-12-27T20:15:12.8039098Z 
Build, Lint & Test	UNKNOWN STEP	2025-12-27T20:15:12.8039476Z     attachment #1: screenshot (image/png) ──────────────────────────────────────────────────────────
Build, Lint & Test	UNKNOWN STEP	2025-12-27T20:15:12.8040201Z     test-results/full-gameplay-Full-Gamepla-1fdd1-ld-respond-to-WASD-movement-chromium-retry2/test-failed-1.png
Build, Lint & Test	UNKNOWN STEP	2025-12-27T20:15:12.8040936Z     ────────────────────────────────────────────────────────────────────────────────────────────────
Build, Lint & Test	UNKNOWN STEP	2025-12-27T20:15:12.8041269Z 
Build, Lint & Test	UNKNOWN STEP	2025-12-27T20:15:12.8041737Z     Error Context: test-results/full-gameplay-Full-Gamepla-1fdd1-ld-respond-to-WASD-movement-chromium-retry2/error-context.md
Build, Lint & Test	UNKNOWN STEP	2025-12-27T20:15:12.8042224Z 
Build, Lint & Test	UNKNOWN STEP	2025-12-27T20:15:12.8042693Z   39) [chromium] › e2e/full-gameplay.spec.ts:799:3 › Full Gameplay - Input Controls › should respond to arrow key movement 
Build, Lint & Test	UNKNOWN STEP	2025-12-27T20:15:12.8043091Z 
Build, Lint & Test	UNKNOWN STEP	2025-12-27T20:15:12.8043273Z     TimeoutError: locator.click: Timeout 10000ms exceeded.
Build, Lint & Test	UNKNOWN STEP	2025-12-27T20:15:12.8043564Z     Call log:
Build, Lint & Test	UNKNOWN STEP	2025-12-27T20:15:12.8043923Z     [2m  - waiting for getByRole('button', { name: /MECHA-SANTA/ })[22m
Build, Lint & Test	UNKNOWN STEP	2025-12-27T20:15:12.8044499Z     [2m    - locator resolved to <button type="button" class="_classCard_1nl30_56">…</button>[22m
Build, Lint & Test	UNKNOWN STEP	2025-12-27T20:15:12.8044952Z     [2m  - attempting click action[22m
Build, Lint & Test	UNKNOWN STEP	2025-12-27T20:15:12.8045359Z     [2m    - waiting for element to be visible, enabled and stable[22m
Build, Lint & Test	UNKNOWN STEP	2025-12-27T20:15:12.8045604Z 
Build, Lint & Test	UNKNOWN STEP	2025-12-27T20:15:12.8045609Z 
Build, Lint & Test	UNKNOWN STEP	2025-12-27T20:15:12.8045740Z       801 |     await page.waitForTimeout(2000);
Build, Lint & Test	UNKNOWN STEP	2025-12-27T20:15:12.8045993Z       802 |
Build, Lint & Test	UNKNOWN STEP	2025-12-27T20:15:12.8046334Z     > 803 |     await page.getByRole('button', { name: /MECHA-SANTA/ }).click();
Build, Lint & Test	UNKNOWN STEP	2025-12-27T20:15:12.8046711Z           |                                                             ^
Build, Lint & Test	UNKNOWN STEP	2025-12-27T20:15:12.8046953Z       804 |
Build, Lint & Test	UNKNOWN STEP	2025-12-27T20:15:12.8047226Z       805 |     // Click "COMMENCE OPERATION" on the briefing screen
Build, Lint & Test	UNKNOWN STEP	2025-12-27T20:15:12.8047675Z       806 |     await page.getByRole('button', { name: /COMMENCE OPERATION/i }).click();
Build, Lint & Test	UNKNOWN STEP	2025-12-27T20:15:12.8048397Z         at /home/runner/work/protocol-silent-night/protocol-silent-night/e2e/full-gameplay.spec.ts:803:61
Build, Lint & Test	UNKNOWN STEP	2025-12-27T20:15:12.8048775Z 
Build, Lint & Test	UNKNOWN STEP	2025-12-27T20:15:12.8049206Z     Error Context: test-results/full-gameplay-Full-Gamepla-25eff-spond-to-arrow-key-movement-chromium/error-context.md
Build, Lint & Test	UNKNOWN STEP	2025-12-27T20:15:12.8049672Z 
Build, Lint & Test	UNKNOWN STEP	2025-12-27T20:15:12.8049981Z     Retry #1 ───────────────────────────────────────────────────────────────────────────────────────
Build, Lint & Test	UNKNOWN STEP	2025-12-27T20:15:12.8050225Z 
Build, Lint & Test	UNKNOWN STEP	2025-12-27T20:15:12.8050393Z     TimeoutError: locator.click: Timeout 10000ms exceeded.
Build, Lint & Test	UNKNOWN STEP	2025-12-27T20:15:12.8050683Z     Call log:
Build, Lint & Test	UNKNOWN STEP	2025-12-27T20:15:12.8051036Z     [2m  - waiting for getByRole('button', { name: /MECHA-SANTA/ })[22m
Build, Lint & Test	UNKNOWN STEP	2025-12-27T20:15:12.8051617Z     [2m    - locator resolved to <button type="button" class="_classCard_1nl30_56">…</button>[22m
Build, Lint & Test	UNKNOWN STEP	2025-12-27T20:15:12.8052072Z     [2m  - attempting click action[22m
Build, Lint & Test	UNKNOWN STEP	2025-12-27T20:15:12.8052480Z     [2m    - waiting for element to be visible, enabled and stable[22m
Build, Lint & Test	UNKNOWN STEP	2025-12-27T20:15:12.8052901Z     [2m    - element is visible, enabled and stable[22m
Build, Lint & Test	UNKNOWN STEP	2025-12-27T20:15:12.8053259Z     [2m    - scrolling into view if needed[22m
Build, Lint & Test	UNKNOWN STEP	2025-12-27T20:15:12.8053575Z     [2m    - done scrolling[22m
Build, Lint & Test	UNKNOWN STEP	2025-12-27T20:15:12.8053728Z 
Build, Lint & Test	UNKNOWN STEP	2025-12-27T20:15:12.8053733Z 
Build, Lint & Test	UNKNOWN STEP	2025-12-27T20:15:12.8053862Z       801 |     await page.waitForTimeout(2000);
Build, Lint & Test	UNKNOWN STEP	2025-12-27T20:15:12.8054243Z       802 |
Build, Lint & Test	UNKNOWN STEP	2025-12-27T20:15:12.8054549Z     > 803 |     await page.getByRole('button', { name: /MECHA-SANTA/ }).click();
Build, Lint & Test	UNKNOWN STEP	2025-12-27T20:15:12.8054931Z           |                                                             ^
Build, Lint & Test	UNKNOWN STEP	2025-12-27T20:15:12.8055176Z       804 |
Build, Lint & Test	UNKNOWN STEP	2025-12-27T20:15:12.8055433Z       805 |     // Click "COMMENCE OPERATION" on the briefing screen
Build, Lint & Test	UNKNOWN STEP	2025-12-27T20:15:12.8055994Z       806 |     await page.getByRole('button', { name: /COMMENCE OPERATION/i }).click();
Build, Lint & Test	UNKNOWN STEP	2025-12-27T20:15:12.8056623Z         at /home/runner/work/protocol-silent-night/protocol-silent-night/e2e/full-gameplay.spec.ts:803:61
Build, Lint & Test	UNKNOWN STEP	2025-12-27T20:15:12.8057000Z 
Build, Lint & Test	UNKNOWN STEP	2025-12-27T20:15:12.8057371Z     attachment #1: screenshot (image/png) ──────────────────────────────────────────────────────────
Build, Lint & Test	UNKNOWN STEP	2025-12-27T20:15:12.8058195Z     test-results/full-gameplay-Full-Gamepla-25eff-spond-to-arrow-key-movement-chromium-retry1/test-failed-1.png
Build, Lint & Test	UNKNOWN STEP	2025-12-27T20:15:12.8058933Z     ────────────────────────────────────────────────────────────────────────────────────────────────
Build, Lint & Test	UNKNOWN STEP	2025-12-27T20:15:12.8059167Z 
Build, Lint & Test	UNKNOWN STEP	2025-12-27T20:15:12.8059633Z     Error Context: test-results/full-gameplay-Full-Gamepla-25eff-spond-to-arrow-key-movement-chromium-retry1/error-context.md
Build, Lint & Test	UNKNOWN STEP	2025-12-27T20:15:12.8060123Z 
Build, Lint & Test	UNKNOWN STEP	2025-12-27T20:15:12.8060481Z     attachment #3: trace (application/zip) ─────────────────────────────────────────────────────────
Build, Lint & Test	UNKNOWN STEP	2025-12-27T20:15:12.8061172Z     test-results/full-gameplay-Full-Gamepla-25eff-spond-to-arrow-key-movement-chromium-retry1/trace.zip
Build, Lint & Test	UNKNOWN STEP	2025-12-27T20:15:12.8061656Z     Usage:
Build, Lint & Test	UNKNOWN STEP	2025-12-27T20:15:12.8061751Z 
Build, Lint & Test	UNKNOWN STEP	2025-12-27T20:15:12.8062263Z         pnpm exec playwright show-trace test-results/full-gameplay-Full-Gamepla-25eff-spond-to-arrow-key-movement-chromium-retry1/trace.zip
Build, Lint & Test	UNKNOWN STEP	2025-12-27T20:15:12.8062780Z 
Build, Lint & Test	UNKNOWN STEP	2025-12-27T20:15:12.8063073Z     ────────────────────────────────────────────────────────────────────────────────────────────────
Build, Lint & Test	UNKNOWN STEP	2025-12-27T20:15:12.8063292Z 
Build, Lint & Test	UNKNOWN STEP	2025-12-27T20:15:12.8063597Z     Retry #2 ───────────────────────────────────────────────────────────────────────────────────────
Build, Lint & Test	UNKNOWN STEP	2025-12-27T20:15:12.8063839Z 
Build, Lint & Test	UNKNOWN STEP	2025-12-27T20:15:12.8064009Z     TimeoutError: locator.click: Timeout 10000ms exceeded.
Build, Lint & Test	UNKNOWN STEP	2025-12-27T20:15:12.8064296Z     Call log:
Build, Lint & Test	UNKNOWN STEP	2025-12-27T20:15:12.8064653Z     [2m  - waiting for getByRole('button', { name: /MECHA-SANTA/ })[22m
Build, Lint & Test	UNKNOWN STEP	2025-12-27T20:15:12.8065233Z     [2m    - locator resolved to <button type="button" class="_classCard_1nl30_56">…</button>[22m
Build, Lint & Test	UNKNOWN STEP	2025-12-27T20:15:12.8065534Z 
Build, Lint & Test	UNKNOWN STEP	2025-12-27T20:15:12.8065550Z 
Build, Lint & Test	UNKNOWN STEP	2025-12-27T20:15:12.8065690Z       801 |     await page.waitForTimeout(2000);
Build, Lint & Test	UNKNOWN STEP	2025-12-27T20:15:12.8065935Z       802 |
Build, Lint & Test	UNKNOWN STEP	2025-12-27T20:15:12.8066237Z     > 803 |     await page.getByRole('button', { name: /MECHA-SANTA/ }).click();
Build, Lint & Test	UNKNOWN STEP	2025-12-27T20:15:12.8066622Z           |                                                             ^
Build, Lint & Test	UNKNOWN STEP	2025-12-27T20:15:12.8066869Z       804 |
Build, Lint & Test	UNKNOWN STEP	2025-12-27T20:15:12.8067129Z       805 |     // Click "COMMENCE OPERATION" on the briefing screen
Build, Lint & Test	UNKNOWN STEP	2025-12-27T20:15:12.8067718Z       806 |     await page.getByRole('button', { name: /COMMENCE OPERATION/i }).click();
Build, Lint & Test	UNKNOWN STEP	2025-12-27T20:15:12.8068443Z         at /home/runner/work/protocol-silent-night/protocol-silent-night/e2e/full-gameplay.spec.ts:803:61
Build, Lint & Test	UNKNOWN STEP	2025-12-27T20:15:12.8068826Z 
Build, Lint & Test	UNKNOWN STEP	2025-12-27T20:15:12.8069187Z     attachment #1: screenshot (image/png) ──────────────────────────────────────────────────────────
Build, Lint & Test	UNKNOWN STEP	2025-12-27T20:15:12.8070017Z     test-results/full-gameplay-Full-Gamepla-25eff-spond-to-arrow-key-movement-chromium-retry2/test-failed-1.png
Build, Lint & Test	UNKNOWN STEP	2025-12-27T20:15:12.8070767Z     ────────────────────────────────────────────────────────────────────────────────────────────────
Build, Lint & Test	UNKNOWN STEP	2025-12-27T20:15:12.8070988Z 
Build, Lint & Test	UNKNOWN STEP	2025-12-27T20:15:12.8071459Z     Error Context: test-results/full-gameplay-Full-Gamepla-25eff-spond-to-arrow-key-movement-chromium-retry2/error-context.md
Build, Lint & Test	UNKNOWN STEP	2025-12-27T20:15:12.8071940Z 
Build, Lint & Test	UNKNOWN STEP	2025-12-27T20:15:12.8072359Z   40) [chromium] › e2e/full-gameplay.spec.ts:824:3 › Full Gameplay - Input Controls › should fire with spacebar 
Build, Lint & Test	UNKNOWN STEP	2025-12-27T20:15:12.8072729Z 
Build, Lint & Test	UNKNOWN STEP	2025-12-27T20:15:12.8072901Z     TimeoutError: locator.click: Timeout 10000ms exceeded.
Build, Lint & Test	UNKNOWN STEP	2025-12-27T20:15:12.8073188Z     Call log:
Build, Lint & Test	UNKNOWN STEP	2025-12-27T20:15:12.8073552Z     [2m  - waiting for getByRole('button', { name: /MECHA-SANTA/ })[22m
Build, Lint & Test	UNKNOWN STEP	2025-12-27T20:15:12.8074164Z     [2m    - locator resolved to <button type="button" class="_classCard_1nl30_56">…</button>[22m
Build, Lint & Test	UNKNOWN STEP	2025-12-27T20:15:12.8074624Z     [2m  - attempting click action[22m
Build, Lint & Test	UNKNOWN STEP	2025-12-27T20:15:12.8075038Z     [2m    - waiting for element to be visible, enabled and stable[22m
Build, Lint & Test	UNKNOWN STEP	2025-12-27T20:15:12.8075276Z 
Build, Lint & Test	UNKNOWN STEP	2025-12-27T20:15:12.8075281Z 
Build, Lint & Test	UNKNOWN STEP	2025-12-27T20:15:12.8075414Z       826 |     await page.waitForTimeout(2000);
Build, Lint & Test	UNKNOWN STEP	2025-12-27T20:15:12.8075665Z       827 |
Build, Lint & Test	UNKNOWN STEP	2025-12-27T20:15:12.8075967Z     > 828 |     await page.getByRole('button', { name: /MECHA-SANTA/ }).click();
Build, Lint & Test	UNKNOWN STEP	2025-12-27T20:15:12.8076347Z           |                                                             ^
Build, Lint & Test	UNKNOWN STEP	2025-12-27T20:15:12.8076586Z       829 |
Build, Lint & Test	UNKNOWN STEP	2025-12-27T20:15:12.8076849Z       830 |     // Click "COMMENCE OPERATION" on the briefing screen
Build, Lint & Test	UNKNOWN STEP	2025-12-27T20:15:12.8077297Z       831 |     await page.getByRole('button', { name: /COMMENCE OPERATION/i }).click();
Build, Lint & Test	UNKNOWN STEP	2025-12-27T20:15:12.8078013Z         at /home/runner/work/protocol-silent-night/protocol-silent-night/e2e/full-gameplay.spec.ts:828:61
Build, Lint & Test	UNKNOWN STEP	2025-12-27T20:15:12.8078393Z 
Build, Lint & Test	UNKNOWN STEP	2025-12-27T20:15:12.8078830Z     Error Context: test-results/full-gameplay-Full-Gamepla-4b2a1-s-should-fire-with-spacebar-chromium/error-context.md
Build, Lint & Test	UNKNOWN STEP	2025-12-27T20:15:12.8079286Z 
Build, Lint & Test	UNKNOWN STEP	2025-12-27T20:15:12.8079601Z     Retry #1 ───────────────────────────────────────────────────────────────────────────────────────
Build, Lint & Test	UNKNOWN STEP	2025-12-27T20:15:12.8079835Z 
Build, Lint & Test	UNKNOWN STEP	2025-12-27T20:15:12.8080000Z     TimeoutError: locator.click: Timeout 10000ms exceeded.
Build, Lint & Test	UNKNOWN STEP	2025-12-27T20:15:12.8080079Z     Call log:
Build, Lint & Test	UNKNOWN STEP	2025-12-27T20:15:12.8080340Z     [2m  - waiting for getByRole('button', { name: /MECHA-SANTA/ })[22m
Build, Lint & Test	UNKNOWN STEP	2025-12-27T20:15:12.8080686Z     [2m    - locator resolved to <button type="button" class="_classCard_1nl30_56">…</button>[22m
Build, Lint & Test	UNKNOWN STEP	2025-12-27T20:15:12.8080849Z     [2m  - attempting click action[22m
Build, Lint & Test	UNKNOWN STEP	2025-12-27T20:15:12.8081092Z     [2m    - waiting for element to be visible, enabled and stable[22m
Build, Lint & Test	UNKNOWN STEP	2025-12-27T20:15:12.8081281Z     [2m    - element is visible, enabled and stable[22m
Build, Lint & Test	UNKNOWN STEP	2025-12-27T20:15:12.8081451Z     [2m    - scrolling into view if needed[22m
Build, Lint & Test	UNKNOWN STEP	2025-12-27T20:15:12.8081590Z     [2m    - done scrolling[22m
Build, Lint & Test	UNKNOWN STEP	2025-12-27T20:15:12.8081597Z 
Build, Lint & Test	UNKNOWN STEP	2025-12-27T20:15:12.8081603Z 
Build, Lint & Test	UNKNOWN STEP	2025-12-27T20:15:12.8081857Z       826 |     await page.waitForTimeout(2000);
Build, Lint & Test	UNKNOWN STEP	2025-12-27T20:15:12.8081929Z       827 |
Build, Lint & Test	UNKNOWN STEP	2025-12-27T20:15:12.8082139Z     > 828 |     await page.getByRole('button', { name: /MECHA-SANTA/ }).click();
Build, Lint & Test	UNKNOWN STEP	2025-12-27T20:15:12.8082275Z           |                                                             ^
Build, Lint & Test	UNKNOWN STEP	2025-12-27T20:15:12.8082343Z       829 |
Build, Lint & Test	UNKNOWN STEP	2025-12-27T20:15:12.8082519Z       830 |     // Click "COMMENCE OPERATION" on the briefing screen
Build, Lint & Test	UNKNOWN STEP	2025-12-27T20:15:12.8082752Z       831 |     await page.getByRole('button', { name: /COMMENCE OPERATION/i }).click();
Build, Lint & Test	UNKNOWN STEP	2025-12-27T20:15:12.8083214Z         at /home/runner/work/protocol-silent-night/protocol-silent-night/e2e/full-gameplay.spec.ts:828:61
Build, Lint & Test	UNKNOWN STEP	2025-12-27T20:15:12.8083221Z 
Build, Lint & Test	UNKNOWN STEP	2025-12-27T20:15:12.8083582Z     attachment #1: screenshot (image/png) ──────────────────────────────────────────────────────────
Build, Lint & Test	UNKNOWN STEP	2025-12-27T20:15:12.8084012Z     test-results/full-gameplay-Full-Gamepla-4b2a1-s-should-fire-with-spacebar-chromium-retry1/test-failed-1.png
Build, Lint & Test	UNKNOWN STEP	2025-12-27T20:15:12.8084306Z     ────────────────────────────────────────────────────────────────────────────────────────────────
Build, Lint & Test	UNKNOWN STEP	2025-12-27T20:15:12.8084314Z 
Build, Lint & Test	UNKNOWN STEP	2025-12-27T20:15:12.8084782Z     Error Context: test-results/full-gameplay-Full-Gamepla-4b2a1-s-should-fire-with-spacebar-chromium-retry1/error-context.md
Build, Lint & Test	UNKNOWN STEP	2025-12-27T20:15:12.8084788Z 
Build, Lint & Test	UNKNOWN STEP	2025-12-27T20:15:12.8085140Z     attachment #3: trace (application/zip) ─────────────────────────────────────────────────────────
Build, Lint & Test	UNKNOWN STEP	2025-12-27T20:15:12.8085524Z     test-results/full-gameplay-Full-Gamepla-4b2a1-s-should-fire-with-spacebar-chromium-retry1/trace.zip
Build, Lint & Test	UNKNOWN STEP	2025-12-27T20:15:12.8085606Z     Usage:
Build, Lint & Test	UNKNOWN STEP	2025-12-27T20:15:12.8085613Z 
Build, Lint & Test	UNKNOWN STEP	2025-12-27T20:15:12.8086123Z         pnpm exec playwright show-trace test-results/full-gameplay-Full-Gamepla-4b2a1-s-should-fire-with-spacebar-chromium-retry1/trace.zip
Build, Lint & Test	UNKNOWN STEP	2025-12-27T20:15:12.8086130Z 
Build, Lint & Test	UNKNOWN STEP	2025-12-27T20:15:12.8086413Z     ────────────────────────────────────────────────────────────────────────────────────────────────
Build, Lint & Test	UNKNOWN STEP	2025-12-27T20:15:12.8086420Z 
Build, Lint & Test	UNKNOWN STEP	2025-12-27T20:15:12.8086734Z     Retry #2 ───────────────────────────────────────────────────────────────────────────────────────
Build, Lint & Test	UNKNOWN STEP	2025-12-27T20:15:12.8086741Z 
Build, Lint & Test	UNKNOWN STEP	2025-12-27T20:15:12.8086905Z     TimeoutError: locator.click: Timeout 10000ms exceeded.
Build, Lint & Test	UNKNOWN STEP	2025-12-27T20:15:12.8086983Z     Call log:
Build, Lint & Test	UNKNOWN STEP	2025-12-27T20:15:12.8087235Z     [2m  - waiting for getByRole('button', { name: /MECHA-SANTA/ })[22m
Build, Lint & Test	UNKNOWN STEP	2025-12-27T20:15:12.8087580Z     [2m    - locator resolved to <button type="button" class="_classCard_1nl30_56">…</button>[22m
Build, Lint & Test	UNKNOWN STEP	2025-12-27T20:15:12.8087746Z     [2m  - attempting click action[22m
Build, Lint & Test	UNKNOWN STEP	2025-12-27T20:15:12.8088090Z     [2m    - waiting for element to be visible, enabled and stable[22m
Build, Lint & Test	UNKNOWN STEP	2025-12-27T20:15:12.8088098Z 
Build, Lint & Test	UNKNOWN STEP	2025-12-27T20:15:12.8088104Z 
Build, Lint & Test	UNKNOWN STEP	2025-12-27T20:15:12.8088232Z       826 |     await page.waitForTimeout(2000);
Build, Lint & Test	UNKNOWN STEP	2025-12-27T20:15:12.8088305Z       827 |
Build, Lint & Test	UNKNOWN STEP	2025-12-27T20:15:12.8088516Z     > 828 |     await page.getByRole('button', { name: /MECHA-SANTA/ }).click();
Build, Lint & Test	UNKNOWN STEP	2025-12-27T20:15:12.8088657Z           |                                                             ^
Build, Lint & Test	UNKNOWN STEP	2025-12-27T20:15:12.8088723Z       829 |
Build, Lint & Test	UNKNOWN STEP	2025-12-27T20:15:12.8088892Z       830 |     // Click "COMMENCE OPERATION" on the briefing screen
Build, Lint & Test	UNKNOWN STEP	2025-12-27T20:15:12.8089125Z       831 |     await page.getByRole('button', { name: /COMMENCE OPERATION/i }).click();
Build, Lint & Test	UNKNOWN STEP	2025-12-27T20:15:12.8089475Z         at /home/runner/work/protocol-silent-night/protocol-silent-night/e2e/full-gameplay.spec.ts:828:61
Build, Lint & Test	UNKNOWN STEP	2025-12-27T20:15:12.8089486Z 
Build, Lint & Test	UNKNOWN STEP	2025-12-27T20:15:12.8089851Z     attachment #1: screenshot (image/png) ──────────────────────────────────────────────────────────
Build, Lint & Test	UNKNOWN STEP	2025-12-27T20:15:12.8090393Z     test-results/full-gameplay-Full-Gamepla-4b2a1-s-should-fire-with-spacebar-chromium-retry2/test-failed-1.png
Build, Lint & Test	UNKNOWN STEP	2025-12-27T20:15:12.8090690Z     ────────────────────────────────────────────────────────────────────────────────────────────────
Build, Lint & Test	UNKNOWN STEP	2025-12-27T20:15:12.8090697Z 
Build, Lint & Test	UNKNOWN STEP	2025-12-27T20:15:12.8091271Z     Error Context: test-results/full-gameplay-Full-Gamepla-4b2a1-s-should-fire-with-spacebar-chromium-retry2/error-context.md
Build, Lint & Test	UNKNOWN STEP	2025-12-27T20:15:12.8091279Z 
Build, Lint & Test	UNKNOWN STEP	2025-12-27T20:15:12.8091775Z   41) [chromium] › e2e/full-gameplay.spec.ts:857:3 › Full Gameplay - Input Controls › should show touch controls on mobile viewport 
Build, Lint & Test	UNKNOWN STEP	2025-12-27T20:15:12.8091783Z 
Build, Lint & Test	UNKNOWN STEP	2025-12-27T20:15:12.8091953Z     TimeoutError: locator.click: Timeout 10000ms exceeded.
Build, Lint & Test	UNKNOWN STEP	2025-12-27T20:15:12.8092027Z     Call log:
Build, Lint & Test	UNKNOWN STEP	2025-12-27T20:15:12.8092274Z     [2m  - waiting for getByRole('button', { name: /MECHA-SANTA/ })[22m
Build, Lint & Test	UNKNOWN STEP	2025-12-27T20:15:12.8092627Z     [2m    - locator resolved to <button type="button" class="_classCard_1nl30_56">…</button>[22m
Build, Lint & Test	UNKNOWN STEP	2025-12-27T20:15:12.8092782Z     [2m  - attempting click action[22m
Build, Lint & Test	UNKNOWN STEP	2025-12-27T20:15:12.8093024Z     [2m    - waiting for element to be visible, enabled and stable[22m
Build, Lint & Test	UNKNOWN STEP	2025-12-27T20:15:12.8093214Z     [2m    - element is visible, enabled and stable[22m
Build, Lint & Test	UNKNOWN STEP	2025-12-27T20:15:12.8093383Z     [2m    - scrolling into view if needed[22m
Build, Lint & Test	UNKNOWN STEP	2025-12-27T20:15:12.8093528Z     [2m    - done scrolling[22m
Build, Lint & Test	UNKNOWN STEP	2025-12-27T20:15:12.8093535Z 
Build, Lint & Test	UNKNOWN STEP	2025-12-27T20:15:12.8093539Z 
Build, Lint & Test	UNKNOWN STEP	2025-12-27T20:15:12.8093670Z       860 |     await page.waitForTimeout(2000);
Build, Lint & Test	UNKNOWN STEP	2025-12-27T20:15:12.8093738Z       861 |
Build, Lint & Test	UNKNOWN STEP	2025-12-27T20:15:12.8093951Z     > 862 |     await page.getByRole('button', { name: /MECHA-SANTA/ }).click();
Build, Lint & Test	UNKNOWN STEP	2025-12-27T20:15:12.8094079Z           |                                                             ^
Build, Lint & Test	UNKNOWN STEP	2025-12-27T20:15:12.8094153Z       863 |
Build, Lint & Test	UNKNOWN STEP	2025-12-27T20:15:12.8094317Z       864 |     // Click "COMMENCE OPERATION" on the briefing screen
Build, Lint & Test	UNKNOWN STEP	2025-12-27T20:15:12.8094557Z       865 |     await page.getByRole('button', { name: /COMMENCE OPERATION/i }).click();
Build, Lint & Test	UNKNOWN STEP	2025-12-27T20:15:12.8094911Z         at /home/runner/work/protocol-silent-night/protocol-silent-night/e2e/full-gameplay.spec.ts:862:61
Build, Lint & Test	UNKNOWN STEP	2025-12-27T20:15:12.8094918Z 
Build, Lint & Test	UNKNOWN STEP	2025-12-27T20:15:12.8095269Z     attachment #1: screenshot (image/png) ──────────────────────────────────────────────────────────
Build, Lint & Test	UNKNOWN STEP	2025-12-27T20:15:12.8095665Z     test-results/full-gameplay-Full-Gamepla-ccb91-controls-on-mobile-viewport-chromium/test-failed-1.png
Build, Lint & Test	UNKNOWN STEP	2025-12-27T20:15:12.8095953Z     ────────────────────────────────────────────────────────────────────────────────────────────────
Build, Lint & Test	UNKNOWN STEP	2025-12-27T20:15:12.8095964Z 
Build, Lint & Test	UNKNOWN STEP	2025-12-27T20:15:12.8096392Z     Error Context: test-results/full-gameplay-Full-Gamepla-ccb91-controls-on-mobile-viewport-chromium/error-context.md
Build, Lint & Test	UNKNOWN STEP	2025-12-27T20:15:12.8096399Z 
Build, Lint & Test	UNKNOWN STEP	2025-12-27T20:15:12.8096699Z     Retry #1 ───────────────────────────────────────────────────────────────────────────────────────
Build, Lint & Test	UNKNOWN STEP	2025-12-27T20:15:12.8096800Z 
Build, Lint & Test	UNKNOWN STEP	2025-12-27T20:15:12.8096964Z     TimeoutError: locator.click: Timeout 10000ms exceeded.
Build, Lint & Test	UNKNOWN STEP	2025-12-27T20:15:12.8097044Z     Call log:
Build, Lint & Test	UNKNOWN STEP	2025-12-27T20:15:12.8097293Z     [2m  - waiting for getByRole('button', { name: /MECHA-SANTA/ })[22m
Build, Lint & Test	UNKNOWN STEP	2025-12-27T20:15:12.8097627Z     [2m    - locator resolved to <button type="button" class="_classCard_1nl30_56">…</button>[22m
Build, Lint & Test	UNKNOWN STEP	2025-12-27T20:15:12.8097785Z     [2m  - attempting click action[22m
Build, Lint & Test	UNKNOWN STEP	2025-12-27T20:15:12.8098241Z     [2m    - waiting for element to be visible, enabled and stable[22m
Build, Lint & Test	UNKNOWN STEP	2025-12-27T20:15:12.8098447Z     [2m    - element is visible, enabled and stable[22m
Build, Lint & Test	UNKNOWN STEP	2025-12-27T20:15:12.8098611Z     [2m    - scrolling into view if needed[22m
Build, Lint & Test	UNKNOWN STEP	2025-12-27T20:15:12.8098753Z     [2m    - done scrolling[22m
Build, Lint & Test	UNKNOWN STEP	2025-12-27T20:15:12.8098760Z 
Build, Lint & Test	UNKNOWN STEP	2025-12-27T20:15:12.8098766Z 
Build, Lint & Test	UNKNOWN STEP	2025-12-27T20:15:12.8098890Z       860 |     await page.waitForTimeout(2000);
Build, Lint & Test	UNKNOWN STEP	2025-12-27T20:15:12.8098966Z       861 |
Build, Lint & Test	UNKNOWN STEP	2025-12-27T20:15:12.8099174Z     > 862 |     await page.getByRole('button', { name: /MECHA-SANTA/ }).click();
Build, Lint & Test	UNKNOWN STEP	2025-12-27T20:15:12.8099314Z           |                                                             ^
Build, Lint & Test	UNKNOWN STEP	2025-12-27T20:15:12.8099381Z       863 |
Build, Lint & Test	UNKNOWN STEP	2025-12-27T20:15:12.8099545Z       864 |     // Click "COMMENCE OPERATION" on the briefing screen
Build, Lint & Test	UNKNOWN STEP	2025-12-27T20:15:12.8099781Z       865 |     await page.getByRole('button', { name: /COMMENCE OPERATION/i }).click();
Build, Lint & Test	UNKNOWN STEP	2025-12-27T20:15:12.8100132Z         at /home/runner/work/protocol-silent-night/protocol-silent-night/e2e/full-gameplay.spec.ts:862:61
Build, Lint & Test	UNKNOWN STEP	2025-12-27T20:15:12.8100144Z 
Build, Lint & Test	UNKNOWN STEP	2025-12-27T20:15:12.8100497Z     attachment #1: screenshot (image/png) ──────────────────────────────────────────────────────────
Build, Lint & Test	UNKNOWN STEP	2025-12-27T20:15:12.8100915Z     test-results/full-gameplay-Full-Gamepla-ccb91-controls-on-mobile-viewport-chromium-retry1/test-failed-1.png
Build, Lint & Test	UNKNOWN STEP	2025-12-27T20:15:12.8101209Z     ────────────────────────────────────────────────────────────────────────────────────────────────
Build, Lint & Test	UNKNOWN STEP	2025-12-27T20:15:12.8101216Z 
Build, Lint & Test	UNKNOWN STEP	2025-12-27T20:15:12.8101687Z     Error Context: test-results/full-gameplay-Full-Gamepla-ccb91-controls-on-mobile-viewport-chromium-retry1/error-context.md
Build, Lint & Test	UNKNOWN STEP	2025-12-27T20:15:12.8101699Z 
Build, Lint & Test	UNKNOWN STEP	2025-12-27T20:15:12.8102053Z     attachment #3: trace (application/zip) ─────────────────────────────────────────────────────────
Build, Lint & Test	UNKNOWN STEP	2025-12-27T20:15:12.8102438Z     test-results/full-gameplay-Full-Gamepla-ccb91-controls-on-mobile-viewport-chromium-retry1/trace.zip
Build, Lint & Test	UNKNOWN STEP	2025-12-27T20:15:12.8102511Z     Usage:
Build, Lint & Test	UNKNOWN STEP	2025-12-27T20:15:12.8102529Z 
Build, Lint & Test	UNKNOWN STEP	2025-12-27T20:15:12.8103038Z         pnpm exec playwright show-trace test-results/full-gameplay-Full-Gamepla-ccb91-controls-on-mobile-viewport-chromium-retry1/trace.zip
Build, Lint & Test	UNKNOWN STEP	2025-12-27T20:15:12.8103050Z 
Build, Lint & Test	UNKNOWN STEP	2025-12-27T20:15:12.8103335Z     ────────────────────────────────────────────────────────────────────────────────────────────────
Build, Lint & Test	UNKNOWN STEP	2025-12-27T20:15:12.8103342Z 
Build, Lint & Test	UNKNOWN STEP	2025-12-27T20:15:12.8103640Z     Retry #2 ───────────────────────────────────────────────────────────────────────────────────────
Build, Lint & Test	UNKNOWN STEP	2025-12-27T20:15:12.8103659Z 
Build, Lint & Test	UNKNOWN STEP	2025-12-27T20:15:12.8103821Z     TimeoutError: locator.click: Timeout 10000ms exceeded.
Build, Lint & Test	UNKNOWN STEP	2025-12-27T20:15:12.8103899Z     Call log:
Build, Lint & Test	UNKNOWN STEP	2025-12-27T20:15:12.8104149Z     [2m  - waiting for getByRole('button', { name: /MECHA-SANTA/ })[22m
Build, Lint & Test	UNKNOWN STEP	2025-12-27T20:15:12.8104483Z     [2m    - locator resolved to <button type="button" class="_classCard_1nl30_56">…</button>[22m
Build, Lint & Test	UNKNOWN STEP	2025-12-27T20:15:12.8104643Z     [2m  - attempting click action[22m
Build, Lint & Test	UNKNOWN STEP	2025-12-27T20:15:12.8105004Z     [2m    - waiting for element to be visible, enabled and stable[22m
Build, Lint & Test	UNKNOWN STEP	2025-12-27T20:15:12.8105199Z     [2m    - element is visible, enabled and stable[22m
Build, Lint & Test	UNKNOWN STEP	2025-12-27T20:15:12.8105362Z     [2m    - scrolling into view if needed[22m
Build, Lint & Test	UNKNOWN STEP	2025-12-27T20:15:12.8105369Z 
Build, Lint & Test	UNKNOWN STEP	2025-12-27T20:15:12.8105374Z 
Build, Lint & Test	UNKNOWN STEP	2025-12-27T20:15:12.8105503Z       860 |     await page.waitForTimeout(2000);
Build, Lint & Test	UNKNOWN STEP	2025-12-27T20:15:12.8105570Z       861 |
Build, Lint & Test	UNKNOWN STEP	2025-12-27T20:15:12.8105788Z     > 862 |     await page.getByRole('button', { name: /MECHA-SANTA/ }).click();
Build, Lint & Test	UNKNOWN STEP	2025-12-27T20:15:12.8105919Z           |                                                             ^
Build, Lint & Test	UNKNOWN STEP	2025-12-27T20:15:12.8106102Z       863 |
Build, Lint & Test	UNKNOWN STEP	2025-12-27T20:15:12.8106273Z       864 |     // Click "COMMENCE OPERATION" on the briefing screen
Build, Lint & Test	UNKNOWN STEP	2025-12-27T20:15:12.8106512Z       865 |     await page.getByRole('button', { name: /COMMENCE OPERATION/i }).click();
Build, Lint & Test	UNKNOWN STEP	2025-12-27T20:15:12.8106858Z         at /home/runner/work/protocol-silent-night/protocol-silent-night/e2e/full-gameplay.spec.ts:862:61
Build, Lint & Test	UNKNOWN STEP	2025-12-27T20:15:12.8106866Z 
Build, Lint & Test	UNKNOWN STEP	2025-12-27T20:15:12.8107229Z     attachment #1: screenshot (image/png) ──────────────────────────────────────────────────────────
Build, Lint & Test	UNKNOWN STEP	2025-12-27T20:15:12.8107647Z     test-results/full-gameplay-Full-Gamepla-ccb91-controls-on-mobile-viewport-chromium-retry2/test-failed-1.png
Build, Lint & Test	UNKNOWN STEP	2025-12-27T20:15:12.8108037Z     ────────────────────────────────────────────────────────────────────────────────────────────────
Build, Lint & Test	UNKNOWN STEP	2025-12-27T20:15:12.8108045Z 
Build, Lint & Test	UNKNOWN STEP	2025-12-27T20:15:12.8108510Z     Error Context: test-results/full-gameplay-Full-Gamepla-ccb91-controls-on-mobile-viewport-chromium-retry2/error-context.md
Build, Lint & Test	UNKNOWN STEP	2025-12-27T20:15:12.8108526Z 
Build, Lint & Test	UNKNOWN STEP	2025-12-27T20:15:12.8109061Z   42) [chromium] › e2e/visual-regression.spec.ts:15:3 › Visual Regression - Character Selection › should match character selection screen 
Build, Lint & Test	UNKNOWN STEP	2025-12-27T20:15:12.8109068Z 
Build, Lint & Test	UNKNOWN STEP	2025-12-27T20:15:12.8109462Z     Error: [2mexpect([22m[31mpage[39m[2m).[22mtoHaveScreenshot[2m([22m[32mexpected[39m[2m)[22m failed
Build, Lint & Test	UNKNOWN STEP	2025-12-27T20:15:12.8109469Z 
Build, Lint & Test	UNKNOWN STEP	2025-12-27T20:15:12.8109564Z     Timeout: 10000ms
Build, Lint & Test	UNKNOWN STEP	2025-12-27T20:15:12.8109671Z       Timeout 10000ms exceeded.
Build, Lint & Test	UNKNOWN STEP	2025-12-27T20:15:12.8109677Z 
Build, Lint & Test	UNKNOWN STEP	2025-12-27T20:15:12.8109805Z       Snapshot: character-selection.png
Build, Lint & Test	UNKNOWN STEP	2025-12-27T20:15:12.8109812Z 
Build, Lint & Test	UNKNOWN STEP	2025-12-27T20:15:12.8109880Z     Call log:
Build, Lint & Test	UNKNOWN STEP	2025-12-27T20:15:12.8110220Z     [2m  - Expect "toHaveScreenshot(character-selection.png)" with timeout 10000ms[22m
Build, Lint & Test	UNKNOWN STEP	2025-12-27T20:15:12.8110419Z     [2m    - verifying given screenshot expectation[22m
Build, Lint & Test	UNKNOWN STEP	2025-12-27T20:15:12.8110569Z     [2m  - taking page screenshot[22m
Build, Lint & Test	UNKNOWN STEP	2025-12-27T20:15:12.8110745Z     [2m    - disabled all CSS animations[22m
Build, Lint & Test	UNKNOWN STEP	2025-12-27T20:15:12.8110906Z     [2m  - waiting for fonts to load...[22m
Build, Lint & Test	UNKNOWN STEP	2025-12-27T20:15:12.8111029Z     [2m  - fonts loaded[22m
Build, Lint & Test	UNKNOWN STEP	2025-12-27T20:15:12.8111183Z     [2m  - Timeout 10000ms exceeded.[22m
Build, Lint & Test	UNKNOWN STEP	2025-12-27T20:15:12.8111190Z 
Build, Lint & Test	UNKNOWN STEP	2025-12-27T20:15:12.8111195Z 
Build, Lint & Test	UNKNOWN STEP	2025-12-27T20:15:12.8111268Z       20 |     
Build, Lint & Test	UNKNOWN STEP	2025-12-27T20:15:12.8111405Z       21 |     // Take snapshot of character selection
Build, Lint & Test	UNKNOWN STEP	2025-12-27T20:15:12.8111637Z     > 22 |     await expect(page).toHaveScreenshot('character-selection.png', {
Build, Lint & Test	UNKNOWN STEP	2025-12-27T20:15:12.8111739Z          |                        ^
Build, Lint & Test	UNKNOWN STEP	2025-12-27T20:15:12.8111883Z       23 |       maxDiffPixelRatio: VISUAL_THRESHOLD,
Build, Lint & Test	UNKNOWN STEP	2025-12-27T20:15:12.8111956Z       24 |     });
Build, Lint & Test	UNKNOWN STEP	2025-12-27T20:15:12.8112026Z       25 |   });
Build, Lint & Test	UNKNOWN STEP	2025-12-27T20:15:12.8112397Z         at /home/runner/work/protocol-silent-night/protocol-silent-night/e2e/visual-regression.spec.ts:22:24
Build, Lint & Test	UNKNOWN STEP	2025-12-27T20:15:12.8112404Z 
Build, Lint & Test	UNKNOWN STEP	2025-12-27T20:15:12.8112784Z     attachment #1: character-selection (image/png) ─────────────────────────────────────────────────
Build, Lint & Test	UNKNOWN STEP	2025-12-27T20:15:12.8113200Z     e2e/visual-regression.spec.ts-snapshots/character-selection-chromium-linux.png
Build, Lint & Test	UNKNOWN STEP	2025-12-27T20:15:12.8113496Z     ────────────────────────────────────────────────────────────────────────────────────────────────
Build, Lint & Test	UNKNOWN STEP	2025-12-27T20:15:12.8113503Z 
Build, Lint & Test	UNKNOWN STEP	2025-12-27T20:15:12.8114045Z     Error Context: test-results/visual-regression-Visual-R-5d30c--character-selection-screen-chromium/error-context.md
Build, Lint & Test	UNKNOWN STEP	2025-12-27T20:15:12.8114054Z 
Build, Lint & Test	UNKNOWN STEP	2025-12-27T20:15:12.8114356Z     Retry #1 ───────────────────────────────────────────────────────────────────────────────────────
Build, Lint & Test	UNKNOWN STEP	2025-12-27T20:15:12.8114367Z 
Build, Lint & Test	UNKNOWN STEP	2025-12-27T20:15:12.8114755Z     Error: [2mexpect([22m[31mpage[39m[2m).[22mtoHaveScreenshot[2m([22m[32mexpected[39m[2m)[22m failed
Build, Lint & Test	UNKNOWN STEP	2025-12-27T20:15:12.8114762Z 
Build, Lint & Test	UNKNOWN STEP	2025-12-27T20:15:12.8114843Z     Timeout: 10000ms
Build, Lint & Test	UNKNOWN STEP	2025-12-27T20:15:12.8114945Z       Timeout 10000ms exceeded.
Build, Lint & Test	UNKNOWN STEP	2025-12-27T20:15:12.8114952Z 
Build, Lint & Test	UNKNOWN STEP	2025-12-27T20:15:12.8115082Z       Snapshot: character-selection.png
Build, Lint & Test	UNKNOWN STEP	2025-12-27T20:15:12.8115093Z 
Build, Lint & Test	UNKNOWN STEP	2025-12-27T20:15:12.8115162Z     Call log:
Build, Lint & Test	UNKNOWN STEP	2025-12-27T20:15:12.8115484Z     [2m  - Expect "toHaveScreenshot(character-selection.png)" with timeout 10000ms[22m
Build, Lint & Test	UNKNOWN STEP	2025-12-27T20:15:12.8115687Z     [2m    - verifying given screenshot expectation[22m
Build, Lint & Test	UNKNOWN STEP	2025-12-27T20:15:12.8115835Z     [2m  - taking page screenshot[22m
Build, Lint & Test	UNKNOWN STEP	2025-12-27T20:15:12.8116002Z     [2m    - disabled all CSS animations[22m
Build, Lint & Test	UNKNOWN STEP	2025-12-27T20:15:12.8116167Z     [2m  - waiting for fonts to load...[22m
Build, Lint & Test	UNKNOWN STEP	2025-12-27T20:15:12.8116287Z     [2m  - fonts loaded[22m
Build, Lint & Test	UNKNOWN STEP	2025-12-27T20:15:12.8116551Z     [2m  - 49097 pixels (ratio 0.06 of all image pixels) are different.[22m
Build, Lint & Test	UNKNOWN STEP	2025-12-27T20:15:12.8116743Z     [2m  - waiting 100ms before taking screenshot[22m
Build, Lint & Test	UNKNOWN STEP	2025-12-27T20:15:12.8116892Z     [2m  - taking page screenshot[22m
Build, Lint & Test	UNKNOWN STEP	2025-12-27T20:15:12.8117052Z     [2m    - disabled all CSS animations[22m
Build, Lint & Test	UNKNOWN STEP	2025-12-27T20:15:12.8117213Z     [2m  - waiting for fonts to load...[22m
Build, Lint & Test	UNKNOWN STEP	2025-12-27T20:15:12.8117327Z     [2m  - fonts loaded[22m
Build, Lint & Test	UNKNOWN STEP	2025-12-27T20:15:12.8117483Z     [2m  - Timeout 10000ms exceeded.[22m
Build, Lint & Test	UNKNOWN STEP	2025-12-27T20:15:12.8117490Z 
Build, Lint & Test	UNKNOWN STEP	2025-12-27T20:15:12.8117496Z 
Build, Lint & Test	UNKNOWN STEP	2025-12-27T20:15:12.8117564Z       20 |     
Build, Lint & Test	UNKNOWN STEP	2025-12-27T20:15:12.8117704Z       21 |     // Take snapshot of character selection
Build, Lint & Test	UNKNOWN STEP	2025-12-27T20:15:12.8118025Z     > 22 |     await expect(page).toHaveScreenshot('character-selection.png', {
Build, Lint & Test	UNKNOWN STEP	2025-12-27T20:15:12.8118131Z          |                        ^
Build, Lint & Test	UNKNOWN STEP	2025-12-27T20:15:12.8118272Z       23 |       maxDiffPixelRatio: VISUAL_THRESHOLD,
Build, Lint & Test	UNKNOWN STEP	2025-12-27T20:15:12.8118344Z       24 |     });
Build, Lint & Test	UNKNOWN STEP	2025-12-27T20:15:12.8118418Z       25 |   });
Build, Lint & Test	UNKNOWN STEP	2025-12-27T20:15:12.8118786Z         at /home/runner/work/protocol-silent-night/protocol-silent-night/e2e/visual-regression.spec.ts:22:24
Build, Lint & Test	UNKNOWN STEP	2025-12-27T20:15:12.8118793Z 
Build, Lint & Test	UNKNOWN STEP	2025-12-27T20:15:12.8119179Z     attachment #1: character-selection (image/png) ─────────────────────────────────────────────────
Build, Lint & Test	UNKNOWN STEP	2025-12-27T20:15:12.8119491Z     Expected: e2e/visual-regression.spec.ts-snapshots/character-selection-chromium-linux.png
Build, Lint & Test	UNKNOWN STEP	2025-12-27T20:15:12.8120025Z     Received: test-results/visual-regression-Visual-R-5d30c--character-selection-screen-chromium-retry1/character-selection-actual.png
Build, Lint & Test	UNKNOWN STEP	2025-12-27T20:15:12.8120517Z     Diff:     test-results/visual-regression-Visual-R-5d30c--character-selection-screen-chromium-retry1/character-selection-diff.png
Build, Lint & Test	UNKNOWN STEP	2025-12-27T20:15:12.8120934Z     ────────────────────────────────────────────────────────────────────────────────────────────────
Build, Lint & Test	UNKNOWN STEP	2025-12-27T20:15:12.8120943Z 
Build, Lint & Test	UNKNOWN STEP	2025-12-27T20:15:12.8121408Z     Error Context: test-results/visual-regression-Visual-R-5d30c--character-selection-screen-chromium-retry1/error-context.md
Build, Lint & Test	UNKNOWN STEP	2025-12-27T20:15:12.8121419Z 
Build, Lint & Test	UNKNOWN STEP	2025-12-27T20:15:12.8121775Z     attachment #3: trace (application/zip) ─────────────────────────────────────────────────────────
Build, Lint & Test	UNKNOWN STEP	2025-12-27T20:15:12.8122159Z     test-results/visual-regression-Visual-R-5d30c--character-selection-screen-chromium-retry1/trace.zip
Build, Lint & Test	UNKNOWN STEP	2025-12-27T20:15:12.8122346Z     Usage:
Build, Lint & Test	UNKNOWN STEP	2025-12-27T20:15:12.8122353Z 
Build, Lint & Test	UNKNOWN STEP	2025-12-27T20:15:12.8122857Z         pnpm exec playwright show-trace test-results/visual-regression-Visual-R-5d30c--character-selection-screen-chromium-retry1/trace.zip
Build, Lint & Test	UNKNOWN STEP	2025-12-27T20:15:12.8122869Z 
Build, Lint & Test	UNKNOWN STEP	2025-12-27T20:15:12.8123157Z     ────────────────────────────────────────────────────────────────────────────────────────────────
Build, Lint & Test	UNKNOWN STEP	2025-12-27T20:15:12.8123164Z 
Build, Lint & Test	UNKNOWN STEP	2025-12-27T20:15:12.8123478Z     Retry #2 ───────────────────────────────────────────────────────────────────────────────────────
Build, Lint & Test	UNKNOWN STEP	2025-12-27T20:15:12.8123485Z 
Build, Lint & Test	UNKNOWN STEP	2025-12-27T20:15:12.8123874Z     Error: [2mexpect([22m[31mpage[39m[2m).[22mtoHaveScreenshot[2m([22m[32mexpected[39m[2m)[22m failed
Build, Lint & Test	UNKNOWN STEP	2025-12-27T20:15:12.8123881Z 
Build, Lint & Test	UNKNOWN STEP	2025-12-27T20:15:12.8123963Z     Timeout: 10000ms
Build, Lint & Test	UNKNOWN STEP	2025-12-27T20:15:12.8124065Z       Timeout 10000ms exceeded.
Build, Lint & Test	UNKNOWN STEP	2025-12-27T20:15:12.8124071Z 
Build, Lint & Test	UNKNOWN STEP	2025-12-27T20:15:12.8124194Z       Snapshot: character-selection.png
Build, Lint & Test	UNKNOWN STEP	2025-12-27T20:15:12.8124200Z 
Build, Lint & Test	UNKNOWN STEP	2025-12-27T20:15:12.8124272Z     Call log:
Build, Lint & Test	UNKNOWN STEP	2025-12-27T20:15:12.8124608Z     [2m  - Expect "toHaveScreenshot(character-selection.png)" with timeout 10000ms[22m
Build, Lint & Test	UNKNOWN STEP	2025-12-27T20:15:12.8124812Z     [2m    - verifying given screenshot expectation[22m
Build, Lint & Test	UNKNOWN STEP	2025-12-27T20:15:12.8124961Z     [2m  - taking page screenshot[22m
Build, Lint & Test	UNKNOWN STEP	2025-12-27T20:15:12.8125128Z     [2m    - disabled all CSS animations[22m
Build, Lint & Test	UNKNOWN STEP	2025-12-27T20:15:12.8125286Z     [2m  - waiting for fonts to load...[22m
Build, Lint & Test	UNKNOWN STEP	2025-12-27T20:15:12.8125403Z     [2m  - fonts loaded[22m
Build, Lint & Test	UNKNOWN STEP	2025-12-27T20:15:12.8125560Z     [2m  - Timeout 10000ms exceeded.[22m
Build, Lint & Test	UNKNOWN STEP	2025-12-27T20:15:12.8125566Z 
Build, Lint & Test	UNKNOWN STEP	2025-12-27T20:15:12.8125571Z 
Build, Lint & Test	UNKNOWN STEP	2025-12-27T20:15:12.8125643Z       20 |     
Build, Lint & Test	UNKNOWN STEP	2025-12-27T20:15:12.8125778Z       21 |     // Take snapshot of character selection
Build, Lint & Test	UNKNOWN STEP	2025-12-27T20:15:12.8125999Z     > 22 |     await expect(page).toHaveScreenshot('character-selection.png', {
Build, Lint & Test	UNKNOWN STEP	2025-12-27T20:15:12.8126094Z          |                        ^
Build, Lint & Test	UNKNOWN STEP	2025-12-27T20:15:12.8126229Z       23 |       maxDiffPixelRatio: VISUAL_THRESHOLD,
Build, Lint & Test	UNKNOWN STEP	2025-12-27T20:15:12.8126310Z       24 |     });
Build, Lint & Test	UNKNOWN STEP	2025-12-27T20:15:12.8126380Z       25 |   });
Build, Lint & Test	UNKNOWN STEP	2025-12-27T20:15:12.8126746Z         at /home/runner/work/protocol-silent-night/protocol-silent-night/e2e/visual-regression.spec.ts:22:24
Build, Lint & Test	UNKNOWN STEP	2025-12-27T20:15:12.8126753Z 
Build, Lint & Test	UNKNOWN STEP	2025-12-27T20:15:12.8127126Z     attachment #1: character-selection (image/png) ─────────────────────────────────────────────────
Build, Lint & Test	UNKNOWN STEP	2025-12-27T20:15:12.8127410Z     e2e/visual-regression.spec.ts-snapshots/character-selection-chromium-linux.png
Build, Lint & Test	UNKNOWN STEP	2025-12-27T20:15:12.8127781Z     ────────────────────────────────────────────────────────────────────────────────────────────────
Build, Lint & Test	UNKNOWN STEP	2025-12-27T20:15:12.8127788Z 
Build, Lint & Test	UNKNOWN STEP	2025-12-27T20:15:12.8128363Z     Error Context: test-results/visual-regression-Visual-R-5d30c--character-selection-screen-chromium-retry2/error-context.md
Build, Lint & Test	UNKNOWN STEP	2025-12-27T20:15:12.8128371Z 
Build, Lint & Test	UNKNOWN STEP	2025-12-27T20:15:12.8128919Z   43) [chromium] › e2e/visual-regression.spec.ts:27:3 › Visual Regression - Character Selection › should show Santa character card correctly 
Build, Lint & Test	UNKNOWN STEP	2025-12-27T20:15:12.8129049Z 
Build, Lint & Test	UNKNOWN STEP	2025-12-27T20:15:12.8129460Z     Error: [2mexpect([22m[31mlocator[39m[2m).[22mtoHaveScreenshot[2m([22m[32mexpected[39m[2m)[22m failed
Build, Lint & Test	UNKNOWN STEP	2025-12-27T20:15:12.8129467Z 
Build, Lint & Test	UNKNOWN STEP	2025-12-27T20:15:12.8129634Z     Locator: getByRole('button', { name: /MECHA-SANTA/ })
Build, Lint & Test	UNKNOWN STEP	2025-12-27T20:15:12.8129720Z     Timeout: 10000ms
Build, Lint & Test	UNKNOWN STEP	2025-12-27T20:15:12.8129823Z       Timeout 10000ms exceeded.
Build, Lint & Test	UNKNOWN STEP	2025-12-27T20:15:12.8129830Z 
Build, Lint & Test	UNKNOWN STEP	2025-12-27T20:15:12.8129941Z       Snapshot: santa-card.png
Build, Lint & Test	UNKNOWN STEP	2025-12-27T20:15:12.8129948Z 
Build, Lint & Test	UNKNOWN STEP	2025-12-27T20:15:12.8130025Z     Call log:
Build, Lint & Test	UNKNOWN STEP	2025-12-27T20:15:12.8130327Z     [2m  - Expect "toHaveScreenshot(santa-card.png)" with timeout 10000ms[22m
Build, Lint & Test	UNKNOWN STEP	2025-12-27T20:15:12.8130520Z     [2m    - verifying given screenshot expectation[22m
Build, Lint & Test	UNKNOWN STEP	2025-12-27T20:15:12.8130780Z     [2m  - waiting for getByRole('button', { name: /MECHA-SANTA/ })[22m
Build, Lint & Test	UNKNOWN STEP	2025-12-27T20:15:12.8131120Z     [2m    - locator resolved to <button type="button" class="_classCard_1nl30_56">…</button>[22m
Build, Lint & Test	UNKNOWN STEP	2025-12-27T20:15:12.8131282Z     [2m  - taking element screenshot[22m
Build, Lint & Test	UNKNOWN STEP	2025-12-27T20:15:12.8131447Z     [2m    - disabled all CSS animations[22m
Build, Lint & Test	UNKNOWN STEP	2025-12-27T20:15:12.8131597Z     [2m  - Timeout 10000ms exceeded.[22m
Build, Lint & Test	UNKNOWN STEP	2025-12-27T20:15:12.8131609Z 
Build, Lint & Test	UNKNOWN STEP	2025-12-27T20:15:12.8131614Z 
Build, Lint & Test	UNKNOWN STEP	2025-12-27T20:15:12.8131682Z       30 |     
Build, Lint & Test	UNKNOWN STEP	2025-12-27T20:15:12.8131911Z       31 |     const santaCard = page.getByRole('button', { name: /MECHA-SANTA/ });
Build, Lint & Test	UNKNOWN STEP	2025-12-27T20:15:12.8132118Z     > 32 |     await expect(santaCard).toHaveScreenshot('santa-card.png', {
Build, Lint & Test	UNKNOWN STEP	2025-12-27T20:15:12.8132224Z          |                             ^
Build, Lint & Test	UNKNOWN STEP	2025-12-27T20:15:12.8132369Z       33 |       maxDiffPixelRatio: VISUAL_THRESHOLD,
Build, Lint & Test	UNKNOWN STEP	2025-12-27T20:15:12.8132441Z       34 |     });
Build, Lint & Test	UNKNOWN STEP	2025-12-27T20:15:12.8132516Z       35 |   });
Build, Lint & Test	UNKNOWN STEP	2025-12-27T20:15:12.8132887Z         at /home/runner/work/protocol-silent-night/protocol-silent-night/e2e/visual-regression.spec.ts:32:29
Build, Lint & Test	UNKNOWN STEP	2025-12-27T20:15:12.8132894Z 
Build, Lint & Test	UNKNOWN STEP	2025-12-27T20:15:12.8133256Z     attachment #1: santa-card (image/png) ──────────────────────────────────────────────────────────
Build, Lint & Test	UNKNOWN STEP	2025-12-27T20:15:12.8133507Z     e2e/visual-regression.spec.ts-snapshots/santa-card-chromium-linux.png
Build, Lint & Test	UNKNOWN STEP	2025-12-27T20:15:12.8133801Z     ────────────────────────────────────────────────────────────────────────────────────────────────
Build, Lint & Test	UNKNOWN STEP	2025-12-27T20:15:12.8133808Z 
Build, Lint & Test	UNKNOWN STEP	2025-12-27T20:15:12.8134155Z     attachment #2: screenshot (image/png) ──────────────────────────────────────────────────────────
Build, Lint & Test	UNKNOWN STEP	2025-12-27T20:15:12.8134558Z     test-results/visual-regression-Visual-R-dd00e-ta-character-card-correctly-chromium/test-failed-1.png
Build, Lint & Test	UNKNOWN STEP	2025-12-27T20:15:12.8134844Z     ────────────────────────────────────────────────────────────────────────────────────────────────
Build, Lint & Test	UNKNOWN STEP	2025-12-27T20:15:12.8134851Z 
Build, Lint & Test	UNKNOWN STEP	2025-12-27T20:15:12.8135288Z     Error Context: test-results/visual-regression-Visual-R-dd00e-ta-character-card-correctly-chromium/error-context.md
Build, Lint & Test	UNKNOWN STEP	2025-12-27T20:15:12.8135295Z 
Build, Lint & Test	UNKNOWN STEP	2025-12-27T20:15:12.8135592Z     Retry #1 ───────────────────────────────────────────────────────────────────────────────────────
Build, Lint & Test	UNKNOWN STEP	2025-12-27T20:15:12.8135694Z 
Build, Lint & Test	UNKNOWN STEP	2025-12-27T20:15:12.8136118Z     Error: [2mexpect([22m[31mlocator[39m[2m).[22mtoHaveScreenshot[2m([22m[32mexpected[39m[2m)[22m failed
Build, Lint & Test	UNKNOWN STEP	2025-12-27T20:15:12.8136125Z 
Build, Lint & Test	UNKNOWN STEP	2025-12-27T20:15:12.8136283Z     Locator: getByRole('button', { name: /MECHA-SANTA/ })
Build, Lint & Test	UNKNOWN STEP	2025-12-27T20:15:12.8136368Z     Timeout: 10000ms
Build, Lint & Test	UNKNOWN STEP	2025-12-27T20:15:12.8136467Z       Timeout 10000ms exceeded.
Build, Lint & Test	UNKNOWN STEP	2025-12-27T20:15:12.8136473Z 
Build, Lint & Test	UNKNOWN STEP	2025-12-27T20:15:12.8136579Z       Snapshot: santa-card.png
Build, Lint & Test	UNKNOWN STEP	2025-12-27T20:15:12.8136696Z 
Build, Lint & Test	UNKNOWN STEP	2025-12-27T20:15:12.8136768Z     Call log:
Build, Lint & Test	UNKNOWN STEP	2025-12-27T20:15:12.8137071Z     [2m  - Expect "toHaveScreenshot(santa-card.png)" with timeout 10000ms[22m
Build, Lint & Test	UNKNOWN STEP	2025-12-27T20:15:12.8137267Z     [2m    - verifying given screenshot expectation[22m
Build, Lint & Test	UNKNOWN STEP	2025-12-27T20:15:12.8137528Z     [2m  - waiting for getByRole('button', { name: /MECHA-SANTA/ })[22m
Build, Lint & Test	UNKNOWN STEP	2025-12-27T20:15:12.8137866Z     [2m    - locator resolved to <button type="button" class="_classCard_1nl30_56">…</button>[22m
Build, Lint & Test	UNKNOWN STEP	2025-12-27T20:15:12.8138126Z     [2m  - taking element screenshot[22m
Build, Lint & Test	UNKNOWN STEP	2025-12-27T20:15:12.8138306Z     [2m    - disabled all CSS animations[22m
Build, Lint & Test	UNKNOWN STEP	2025-12-27T20:15:12.8138466Z     [2m  - waiting for fonts to load...[22m
Build, Lint & Test	UNKNOWN STEP	2025-12-27T20:15:12.8138590Z     [2m  - fonts loaded[22m
Build, Lint & Test	UNKNOWN STEP	2025-12-27T20:15:12.8138767Z     [2m  - attempting scroll into view action[22m
Build, Lint & Test	UNKNOWN STEP	2025-12-27T20:15:12.8138940Z     [2m    - waiting for element to be stable[22m
Build, Lint & Test	UNKNOWN STEP	2025-12-27T20:15:12.8139089Z     [2m  - Timeout 10000ms exceeded.[22m
Build, Lint & Test	UNKNOWN STEP	2025-12-27T20:15:12.8139096Z 
Build, Lint & Test	UNKNOWN STEP	2025-12-27T20:15:12.8139106Z 
Build, Lint & Test	UNKNOWN STEP	2025-12-27T20:15:12.8139178Z       30 |     
Build, Lint & Test	UNKNOWN STEP	2025-12-27T20:15:12.8139407Z       31 |     const santaCard = page.getByRole('button', { name: /MECHA-SANTA/ });
Build, Lint & Test	UNKNOWN STEP	2025-12-27T20:15:12.8139614Z     > 32 |     await expect(santaCard).toHaveScreenshot('santa-card.png', {
Build, Lint & Test	UNKNOWN STEP	2025-12-27T20:15:12.8139716Z          |                             ^
Build, Lint & Test	UNKNOWN STEP	2025-12-27T20:15:12.8139852Z       33 |       maxDiffPixelRatio: VISUAL_THRESHOLD,
Build, Lint & Test	UNKNOWN STEP	2025-12-27T20:15:12.8139928Z       34 |     });
Build, Lint & Test	UNKNOWN STEP	2025-12-27T20:15:12.8139996Z       35 |   });
Build, Lint & Test	UNKNOWN STEP	2025-12-27T20:15:12.8140376Z         at /home/runner/work/protocol-silent-night/protocol-silent-night/e2e/visual-regression.spec.ts:32:29
Build, Lint & Test	UNKNOWN STEP	2025-12-27T20:15:12.8140383Z 
Build, Lint & Test	UNKNOWN STEP	2025-12-27T20:15:12.8140741Z     attachment #1: santa-card (image/png) ──────────────────────────────────────────────────────────
Build, Lint & Test	UNKNOWN STEP	2025-12-27T20:15:12.8140994Z     e2e/visual-regression.spec.ts-snapshots/santa-card-chromium-linux.png
Build, Lint & Test	UNKNOWN STEP	2025-12-27T20:15:12.8141289Z     ────────────────────────────────────────────────────────────────────────────────────────────────
Build, Lint & Test	UNKNOWN STEP	2025-12-27T20:15:12.8141296Z 
Build, Lint & Test	UNKNOWN STEP	2025-12-27T20:15:12.8141771Z     Error Context: test-results/visual-regression-Visual-R-dd00e-ta-character-card-correctly-chromium-retry1/error-context.md
Build, Lint & Test	UNKNOWN STEP	2025-12-27T20:15:12.8141778Z 
Build, Lint & Test	UNKNOWN STEP	2025-12-27T20:15:12.8142132Z     attachment #3: trace (application/zip) ─────────────────────────────────────────────────────────
Build, Lint & Test	UNKNOWN STEP	2025-12-27T20:15:12.8142519Z     test-results/visual-regression-Visual-R-dd00e-ta-character-card-correctly-chromium-retry1/trace.zip
Build, Lint & Test	UNKNOWN STEP	2025-12-27T20:15:12.8142603Z     Usage:
Build, Lint & Test	UNKNOWN STEP	2025-12-27T20:15:12.8142610Z 
Build, Lint & Test	UNKNOWN STEP	2025-12-27T20:15:12.8143123Z         pnpm exec playwright show-trace test-results/visual-regression-Visual-R-dd00e-ta-character-card-correctly-chromium-retry1/trace.zip
Build, Lint & Test	UNKNOWN STEP	2025-12-27T20:15:12.8143130Z 
Build, Lint & Test	UNKNOWN STEP	2025-12-27T20:15:12.8143414Z     ────────────────────────────────────────────────────────────────────────────────────────────────
Build, Lint & Test	UNKNOWN STEP	2025-12-27T20:15:12.8143421Z 
Build, Lint & Test	UNKNOWN STEP	2025-12-27T20:15:12.8143865Z     Retry #2 ───────────────────────────────────────────────────────────────────────────────────────
Build, Lint & Test	UNKNOWN STEP	2025-12-27T20:15:12.8143874Z 
Build, Lint & Test	UNKNOWN STEP	2025-12-27T20:15:12.8144286Z     Error: [2mexpect([22m[31mlocator[39m[2m).[22mtoHaveScreenshot[2m([22m[32mexpected[39m[2m)[22m failed
Build, Lint & Test	UNKNOWN STEP	2025-12-27T20:15:12.8144298Z 
Build, Lint & Test	UNKNOWN STEP	2025-12-27T20:15:12.8144456Z     Locator: getByRole('button', { name: /MECHA-SANTA/ })
Build, Lint & Test	UNKNOWN STEP	2025-12-27T20:15:12.8144537Z     Timeout: 10000ms
Build, Lint & Test	UNKNOWN STEP	2025-12-27T20:15:12.8144644Z       Timeout 10000ms exceeded.
Build, Lint & Test	UNKNOWN STEP	2025-12-27T20:15:12.8144650Z 
Build, Lint & Test	UNKNOWN STEP	2025-12-27T20:15:12.8144754Z       Snapshot: santa-card.png
Build, Lint & Test	UNKNOWN STEP	2025-12-27T20:15:12.8144871Z 
Build, Lint & Test	UNKNOWN STEP	2025-12-27T20:15:12.8144946Z     Call log:
Build, Lint & Test	UNKNOWN STEP	2025-12-27T20:15:12.8145233Z     [2m  - Expect "toHaveScreenshot(santa-card.png)" with timeout 10000ms[22m
Build, Lint & Test	UNKNOWN STEP	2025-12-27T20:15:12.8145432Z     [2m    - verifying given screenshot expectation[22m
Build, Lint & Test	UNKNOWN STEP	2025-12-27T20:15:12.8145680Z     [2m  - waiting for getByRole('button', { name: /MECHA-SANTA/ })[22m
Build, Lint & Test	UNKNOWN STEP	2025-12-27T20:15:12.8146030Z     [2m    - locator resolved to <button type="button" class="_classCard_1nl30_56">…</button>[22m
Build, Lint & Test	UNKNOWN STEP	2025-12-27T20:15:12.8146184Z     [2m  - Timeout 10000ms exceeded.[22m
Build, Lint & Test	UNKNOWN STEP	2025-12-27T20:15:12.8146190Z 
Build, Lint & Test	UNKNOWN STEP	2025-12-27T20:15:12.8146195Z 
Build, Lint & Test	UNKNOWN STEP	2025-12-27T20:15:12.8146268Z       30 |     
Build, Lint & Test	UNKNOWN STEP	2025-12-27T20:15:12.8146522Z       31 |     const santaCard = page.getByRole('button', { name: /MECHA-SANTA/ });
Build, Lint & Test	UNKNOWN STEP	2025-12-27T20:15:12.8146729Z     > 32 |     await expect(santaCard).toHaveScreenshot('santa-card.png', {
Build, Lint & Test	UNKNOWN STEP	2025-12-27T20:15:12.8146830Z          |                             ^
Build, Lint & Test	UNKNOWN STEP	2025-12-27T20:15:12.8146968Z       33 |       maxDiffPixelRatio: VISUAL_THRESHOLD,
Build, Lint & Test	UNKNOWN STEP	2025-12-27T20:15:12.8147049Z       34 |     });
Build, Lint & Test	UNKNOWN STEP	2025-12-27T20:15:12.8147118Z       35 |   });
Build, Lint & Test	UNKNOWN STEP	2025-12-27T20:15:12.8147489Z         at /home/runner/work/protocol-silent-night/protocol-silent-night/e2e/visual-regression.spec.ts:32:29
Build, Lint & Test	UNKNOWN STEP	2025-12-27T20:15:12.8147496Z 
Build, Lint & Test	UNKNOWN STEP	2025-12-27T20:15:12.8147850Z     attachment #1: santa-card (image/png) ──────────────────────────────────────────────────────────
Build, Lint & Test	UNKNOWN STEP	2025-12-27T20:15:12.8148205Z     e2e/visual-regression.spec.ts-snapshots/santa-card-chromium-linux.png
Build, Lint & Test	UNKNOWN STEP	2025-12-27T20:15:12.8148494Z     ────────────────────────────────────────────────────────────────────────────────────────────────
Build, Lint & Test	UNKNOWN STEP	2025-12-27T20:15:12.8148501Z 
Build, Lint & Test	UNKNOWN STEP	2025-12-27T20:15:12.8148854Z     attachment #2: screenshot (image/png) ──────────────────────────────────────────────────────────
Build, Lint & Test	UNKNOWN STEP	2025-12-27T20:15:12.8149281Z     test-results/visual-regression-Visual-R-dd00e-ta-character-card-correctly-chromium-retry2/test-failed-1.png
Build, Lint & Test	UNKNOWN STEP	2025-12-27T20:15:12.8149574Z     ────────────────────────────────────────────────────────────────────────────────────────────────
Build, Lint & Test	UNKNOWN STEP	2025-12-27T20:15:12.8149593Z 
Build, Lint & Test	UNKNOWN STEP	2025-12-27T20:15:12.8150057Z     Error Context: test-results/visual-regression-Visual-R-dd00e-ta-character-card-correctly-chromium-retry2/error-context.md
Build, Lint & Test	UNKNOWN STEP	2025-12-27T20:15:12.8150063Z 
Build, Lint & Test	UNKNOWN STEP	2025-12-27T20:15:12.8150603Z   44) [chromium] › e2e/visual-regression.spec.ts:37:3 › Visual Regression - Character Selection › should show Elf character card correctly 
Build, Lint & Test	UNKNOWN STEP	2025-12-27T20:15:12.8150611Z 
Build, Lint & Test	UNKNOWN STEP	2025-12-27T20:15:12.8151147Z     Error: [2mexpect([22m[31mlocator[39m[2m).[22mtoHaveScreenshot[2m([22m[32mexpected[39m[2m)[22m failed
Build, Lint & Test	UNKNOWN STEP	2025-12-27T20:15:12.8151160Z 
Build, Lint & Test	UNKNOWN STEP	2025-12-27T20:15:12.8151314Z     Locator: getByRole('button', { name: /CYBER-ELF/ })
Build, Lint & Test	UNKNOWN STEP	2025-12-27T20:15:12.8151394Z     Timeout: 10000ms
Build, Lint & Test	UNKNOWN STEP	2025-12-27T20:15:12.8151499Z       Timeout 10000ms exceeded.
Build, Lint & Test	UNKNOWN STEP	2025-12-27T20:15:12.8151505Z 
Build, Lint & Test	UNKNOWN STEP	2025-12-27T20:15:12.8151592Z       Snapshot: elf-card.png
Build, Lint & Test	UNKNOWN STEP	2025-12-27T20:15:12.8151598Z 
Build, Lint & Test	UNKNOWN STEP	2025-12-27T20:15:12.8151672Z     Call log:
Build, Lint & Test	UNKNOWN STEP	2025-12-27T20:15:12.8152076Z     [2m  - Expect "toHaveScreenshot(elf-card.png)" with timeout 10000ms[22m
Build, Lint & Test	UNKNOWN STEP	2025-12-27T20:15:12.8152276Z     [2m    - verifying given screenshot expectation[22m
Build, Lint & Test	UNKNOWN STEP	2025-12-27T20:15:12.8152519Z     [2m  - waiting for getByRole('button', { name: /CYBER-ELF/ })[22m
Build, Lint & Test	UNKNOWN STEP	2025-12-27T20:15:12.8152862Z     [2m    - locator resolved to <button type="button" class="_classCard_1nl30_56">…</button>[22m
Build, Lint & Test	UNKNOWN STEP	2025-12-27T20:15:12.8153021Z     [2m  - taking element screenshot[22m
Build, Lint & Test	UNKNOWN STEP	2025-12-27T20:15:12.8153188Z     [2m    - disabled all CSS animations[22m
Build, Lint & Test	UNKNOWN STEP	2025-12-27T20:15:12.8153336Z     [2m  - Timeout 10000ms exceeded.[22m
Build, Lint & Test	UNKNOWN STEP	2025-12-27T20:15:12.8153343Z 
Build, Lint & Test	UNKNOWN STEP	2025-12-27T20:15:12.8153348Z 
Build, Lint & Test	UNKNOWN STEP	2025-12-27T20:15:12.8153419Z       40 |     
Build, Lint & Test	UNKNOWN STEP	2025-12-27T20:15:12.8153626Z       41 |     const elfCard = page.getByRole('button', { name: /CYBER-ELF/ });
Build, Lint & Test	UNKNOWN STEP	2025-12-27T20:15:12.8153805Z     > 42 |     await expect(elfCard).toHaveScreenshot('elf-card.png', {
Build, Lint & Test	UNKNOWN STEP	2025-12-27T20:15:12.8153907Z          |                           ^
Build, Lint & Test	UNKNOWN STEP	2025-12-27T20:15:12.8154050Z       43 |       maxDiffPixelRatio: VISUAL_THRESHOLD,
Build, Lint & Test	UNKNOWN STEP	2025-12-27T20:15:12.8154126Z       44 |     });
Build, Lint & Test	UNKNOWN STEP	2025-12-27T20:15:12.8154197Z       45 |   });
Build, Lint & Test	UNKNOWN STEP	2025-12-27T20:15:12.8154571Z         at /home/runner/work/protocol-silent-night/protocol-silent-night/e2e/visual-regression.spec.ts:42:27
Build, Lint & Test	UNKNOWN STEP	2025-12-27T20:15:12.8154578Z 
Build, Lint & Test	UNKNOWN STEP	2025-12-27T20:15:12.8154925Z     attachment #1: elf-card (image/png) ────────────────────────────────────────────────────────────
Build, Lint & Test	UNKNOWN STEP	2025-12-27T20:15:12.8155168Z     e2e/visual-regression.spec.ts-snapshots/elf-card-chromium-linux.png
Build, Lint & Test	UNKNOWN STEP	2025-12-27T20:15:12.8155455Z     ────────────────────────────────────────────────────────────────────────────────────────────────
Build, Lint & Test	UNKNOWN STEP	2025-12-27T20:15:12.8155462Z 
Build, Lint & Test	UNKNOWN STEP	2025-12-27T20:15:12.8155894Z     Error Context: test-results/visual-regression-Visual-R-5e9a5-lf-character-card-correctly-chromium/error-context.md
Build, Lint & Test	UNKNOWN STEP	2025-12-27T20:15:12.8155901Z 
Build, Lint & Test	UNKNOWN STEP	2025-12-27T20:15:12.8156198Z     Retry #1 ───────────────────────────────────────────────────────────────────────────────────────
Build, Lint & Test	UNKNOWN STEP	2025-12-27T20:15:12.8156215Z 
Build, Lint & Test	UNKNOWN STEP	2025-12-27T20:15:12.8156617Z     Error: [2mexpect([22m[31mlocator[39m[2m).[22mtoHaveScreenshot[2m([22m[32mexpected[39m[2m)[22m failed
Build, Lint & Test	UNKNOWN STEP	2025-12-27T20:15:12.8156624Z 
Build, Lint & Test	UNKNOWN STEP	2025-12-27T20:15:12.8156771Z     Locator: getByRole('button', { name: /CYBER-ELF/ })
Build, Lint & Test	UNKNOWN STEP	2025-12-27T20:15:12.8156855Z     Timeout: 10000ms
Build, Lint & Test	UNKNOWN STEP	2025-12-27T20:15:12.8156956Z       Timeout 10000ms exceeded.
Build, Lint & Test	UNKNOWN STEP	2025-12-27T20:15:12.8156963Z 
Build, Lint & Test	UNKNOWN STEP	2025-12-27T20:15:12.8157062Z       Snapshot: elf-card.png
Build, Lint & Test	UNKNOWN STEP	2025-12-27T20:15:12.8157069Z 
Build, Lint & Test	UNKNOWN STEP	2025-12-27T20:15:12.8157138Z     Call log:
Build, Lint & Test	UNKNOWN STEP	2025-12-27T20:15:12.8157420Z     [2m  - Expect "toHaveScreenshot(elf-card.png)" with timeout 10000ms[22m
Build, Lint & Test	UNKNOWN STEP	2025-12-27T20:15:12.8157617Z     [2m    - verifying given screenshot expectation[22m
Build, Lint & Test	UNKNOWN STEP	2025-12-27T20:15:12.8157862Z     [2m  - waiting for getByRole('button', { name: /CYBER-ELF/ })[22m
Build, Lint & Test	UNKNOWN STEP	2025-12-27T20:15:12.8158341Z     [2m    - locator resolved to <button type="button" class="_classCard_1nl30_56">…</button>[22m
Build, Lint & Test	UNKNOWN STEP	2025-12-27T20:15:12.8158625Z     [2m  - taking element screenshot[22m
Build, Lint & Test	UNKNOWN STEP	2025-12-27T20:15:12.8158793Z     [2m    - disabled all CSS animations[22m
Build, Lint & Test	UNKNOWN STEP	2025-12-27T20:15:12.8158950Z     [2m  - waiting for fonts to load...[22m
Build, Lint & Test	UNKNOWN STEP	2025-12-27T20:15:12.8159069Z     [2m  - fonts loaded[22m
Build, Lint & Test	UNKNOWN STEP	2025-12-27T20:15:12.8159243Z     [2m  - attempting scroll into view action[22m
Build, Lint & Test	UNKNOWN STEP	2025-12-27T20:15:12.8159417Z     [2m    - waiting for element to be stable[22m
Build, Lint & Test	UNKNOWN STEP	2025-12-27T20:15:12.8159705Z     [2m  - Timeout 10000ms exceeded.[22m
Build, Lint & Test	UNKNOWN STEP	2025-12-27T20:15:12.8159713Z 
Build, Lint & Test	UNKNOWN STEP	2025-12-27T20:15:12.8159718Z 
Build, Lint & Test	UNKNOWN STEP	2025-12-27T20:15:12.8159792Z       40 |     
Build, Lint & Test	UNKNOWN STEP	2025-12-27T20:15:12.8160003Z       41 |     const elfCard = page.getByRole('button', { name: /CYBER-ELF/ });
Build, Lint & Test	UNKNOWN STEP	2025-12-27T20:15:12.8160188Z     > 42 |     await expect(elfCard).toHaveScreenshot('elf-card.png', {
Build, Lint & Test	UNKNOWN STEP	2025-12-27T20:15:12.8160289Z          |                           ^
Build, Lint & Test	UNKNOWN STEP	2025-12-27T20:15:12.8160426Z       43 |       maxDiffPixelRatio: VISUAL_THRESHOLD,
Build, Lint & Test	UNKNOWN STEP	2025-12-27T20:15:12.8160502Z       44 |     });
Build, Lint & Test	UNKNOWN STEP	2025-12-27T20:15:12.8160578Z       45 |   });
Build, Lint & Test	UNKNOWN STEP	2025-12-27T20:15:12.8160952Z         at /home/runner/work/protocol-silent-night/protocol-silent-night/e2e/visual-regression.spec.ts:42:27
Build, Lint & Test	UNKNOWN STEP	2025-12-27T20:15:12.8160958Z 
Build, Lint & Test	UNKNOWN STEP	2025-12-27T20:15:12.8161312Z     attachment #1: elf-card (image/png) ────────────────────────────────────────────────────────────
Build, Lint & Test	UNKNOWN STEP	2025-12-27T20:15:12.8161549Z     e2e/visual-regression.spec.ts-snapshots/elf-card-chromium-linux.png
Build, Lint & Test	UNKNOWN STEP	2025-12-27T20:15:12.8161845Z     ────────────────────────────────────────────────────────────────────────────────────────────────
Build, Lint & Test	UNKNOWN STEP	2025-12-27T20:15:12.8161852Z 
Build, Lint & Test	UNKNOWN STEP	2025-12-27T20:15:12.8162328Z     Error Context: test-results/visual-regression-Visual-R-5e9a5-lf-character-card-correctly-chromium-retry1/error-context.md
Build, Lint & Test	UNKNOWN STEP	2025-12-27T20:15:12.8162335Z 
Build, Lint & Test	UNKNOWN STEP	2025-12-27T20:15:12.8162689Z     attachment #3: trace (application/zip) ─────────────────────────────────────────────────────────
Build, Lint & Test	UNKNOWN STEP	2025-12-27T20:15:12.8163073Z     test-results/visual-regression-Visual-R-5e9a5-lf-character-card-correctly-chromium-retry1/trace.zip
Build, Lint & Test	UNKNOWN STEP	2025-12-27T20:15:12.8163155Z     Usage:
Build, Lint & Test	UNKNOWN STEP	2025-12-27T20:15:12.8163162Z 
Build, Lint & Test	UNKNOWN STEP	2025-12-27T20:15:12.8163674Z         pnpm exec playwright show-trace test-results/visual-regression-Visual-R-5e9a5-lf-character-card-correctly-chromium-retry1/trace.zip
Build, Lint & Test	UNKNOWN STEP	2025-12-27T20:15:12.8163680Z 
Build, Lint & Test	UNKNOWN STEP	2025-12-27T20:15:12.8163965Z     ────────────────────────────────────────────────────────────────────────────────────────────────
Build, Lint & Test	UNKNOWN STEP	2025-12-27T20:15:12.8163976Z 
Build, Lint & Test	UNKNOWN STEP	2025-12-27T20:15:12.8164287Z     Retry #2 ───────────────────────────────────────────────────────────────────────────────────────
Build, Lint & Test	UNKNOWN STEP	2025-12-27T20:15:12.8164294Z 
Build, Lint & Test	UNKNOWN STEP	2025-12-27T20:15:12.8164698Z     Error: [2mexpect([22m[31mlocator[39m[2m).[22mtoHaveScreenshot[2m([22m[32mexpected[39m[2m)[22m failed
Build, Lint & Test	UNKNOWN STEP	2025-12-27T20:15:12.8164709Z 
Build, Lint & Test	UNKNOWN STEP	2025-12-27T20:15:12.8164859Z     Locator: getByRole('button', { name: /CYBER-ELF/ })
Build, Lint & Test	UNKNOWN STEP	2025-12-27T20:15:12.8164939Z     Timeout: 10000ms
Build, Lint & Test	UNKNOWN STEP	2025-12-27T20:15:12.8165046Z       Timeout 10000ms exceeded.
Build, Lint & Test	UNKNOWN STEP	2025-12-27T20:15:12.8165052Z 
Build, Lint & Test	UNKNOWN STEP	2025-12-27T20:15:12.8165227Z       Snapshot: elf-card.png
Build, Lint & Test	UNKNOWN STEP	2025-12-27T20:15:12.8165234Z 
Build, Lint & Test	UNKNOWN STEP	2025-12-27T20:15:12.8165308Z     Call log:
Build, Lint & Test	UNKNOWN STEP	2025-12-27T20:15:12.8165586Z     [2m  - Expect "toHaveScreenshot(elf-card.png)" with timeout 10000ms[22m
Build, Lint & Test	UNKNOWN STEP	2025-12-27T20:15:12.8165787Z     [2m    - verifying given screenshot expectation[22m
Build, Lint & Test	UNKNOWN STEP	2025-12-27T20:15:12.8166027Z     [2m  - waiting for getByRole('button', { name: /CYBER-ELF/ })[22m
Build, Lint & Test	UNKNOWN STEP	2025-12-27T20:15:12.8166449Z     [2m    - locator resolved to <button type="button" class="_classCard_1nl30_56">…</button>[22m
Build, Lint & Test	UNKNOWN STEP	2025-12-27T20:15:12.8166611Z     [2m  - taking element screenshot[22m
Build, Lint & Test	UNKNOWN STEP	2025-12-27T20:15:12.8166779Z     [2m    - disabled all CSS animations[22m
Build, Lint & Test	UNKNOWN STEP	2025-12-27T20:15:12.8166933Z     [2m  - Timeout 10000ms exceeded.[22m
Build, Lint & Test	UNKNOWN STEP	2025-12-27T20:15:12.8166940Z 
Build, Lint & Test	UNKNOWN STEP	2025-12-27T20:15:12.8166945Z 
Build, Lint & Test	UNKNOWN STEP	2025-12-27T20:15:12.8167019Z       40 |     
Build, Lint & Test	UNKNOWN STEP	2025-12-27T20:15:12.8167229Z       41 |     const elfCard = page.getByRole('button', { name: /CYBER-ELF/ });
Build, Lint & Test	UNKNOWN STEP	2025-12-27T20:15:12.8167410Z     > 42 |     await expect(elfCard).toHaveScreenshot('elf-card.png', {
Build, Lint & Test	UNKNOWN STEP	2025-12-27T20:15:12.8167520Z          |                           ^
Build, Lint & Test	UNKNOWN STEP	2025-12-27T20:15:12.8167658Z       43 |       maxDiffPixelRatio: VISUAL_THRESHOLD,
Build, Lint & Test	UNKNOWN STEP	2025-12-27T20:15:12.8167735Z       44 |     });
Build, Lint & Test	UNKNOWN STEP	2025-12-27T20:15:12.8167805Z       45 |   });
Build, Lint & Test	UNKNOWN STEP	2025-12-27T20:15:12.8168295Z         at /home/runner/work/protocol-silent-night/protocol-silent-night/e2e/visual-regression.spec.ts:42:27
Build, Lint & Test	UNKNOWN STEP	2025-12-27T20:15:12.8168303Z 
Build, Lint & Test	UNKNOWN STEP	2025-12-27T20:15:12.8168664Z     attachment #1: elf-card (image/png) ────────────────────────────────────────────────────────────
Build, Lint & Test	UNKNOWN STEP	2025-12-27T20:15:12.8168903Z     e2e/visual-regression.spec.ts-snapshots/elf-card-chromium-linux.png
Build, Lint & Test	UNKNOWN STEP	2025-12-27T20:15:12.8169191Z     ────────────────────────────────────────────────────────────────────────────────────────────────
Build, Lint & Test	UNKNOWN STEP	2025-12-27T20:15:12.8169197Z 
Build, Lint & Test	UNKNOWN STEP	2025-12-27T20:15:12.8169670Z     Error Context: test-results/visual-regression-Visual-R-5e9a5-lf-character-card-correctly-chromium-retry2/error-context.md
Build, Lint & Test	UNKNOWN STEP	2025-12-27T20:15:12.8169687Z 
Build, Lint & Test	UNKNOWN STEP	2025-12-27T20:15:12.8170239Z   45) [chromium] › e2e/visual-regression.spec.ts:47:3 › Visual Regression - Character Selection › should show Bumble character card correctly 
Build, Lint & Test	UNKNOWN STEP	2025-12-27T20:15:12.8170246Z 
Build, Lint & Test	UNKNOWN STEP	2025-12-27T20:15:12.8170653Z     Error: [2mexpect([22m[31mlocator[39m[2m).[22mtoHaveScreenshot[2m([22m[32mexpected[39m[2m)[22m failed
Build, Lint & Test	UNKNOWN STEP	2025-12-27T20:15:12.8170659Z 
Build, Lint & Test	UNKNOWN STEP	2025-12-27T20:15:12.8170804Z     Locator: getByRole('button', { name: /BUMBLE/ })
Build, Lint & Test	UNKNOWN STEP	2025-12-27T20:15:12.8170900Z     Timeout: 10000ms
Build, Lint & Test	UNKNOWN STEP	2025-12-27T20:15:12.8171003Z       Timeout 10000ms exceeded.
Build, Lint & Test	UNKNOWN STEP	2025-12-27T20:15:12.8171009Z 
Build, Lint & Test	UNKNOWN STEP	2025-12-27T20:15:12.8171119Z       Snapshot: bumble-card.png
Build, Lint & Test	UNKNOWN STEP	2025-12-27T20:15:12.8171125Z 
Build, Lint & Test	UNKNOWN STEP	2025-12-27T20:15:12.8171194Z     Call log:
Build, Lint & Test	UNKNOWN STEP	2025-12-27T20:15:12.8171490Z     [2m  - Expect "toHaveScreenshot(bumble-card.png)" with timeout 10000ms[22m
Build, Lint & Test	UNKNOWN STEP	2025-12-27T20:15:12.8171684Z     [2m    - verifying given screenshot expectation[22m
Build, Lint & Test	UNKNOWN STEP	2025-12-27T20:15:12.8171922Z     [2m  - waiting for getByRole('button', { name: /BUMBLE/ })[22m
Build, Lint & Test	UNKNOWN STEP	2025-12-27T20:15:12.8172267Z     [2m    - locator resolved to <button type="button" class="_classCard_1nl30_56">…</button>[22m
Build, Lint & Test	UNKNOWN STEP	2025-12-27T20:15:12.8172426Z     [2m  - taking element screenshot[22m
Build, Lint & Test	UNKNOWN STEP	2025-12-27T20:15:12.8172587Z     [2m    - disabled all CSS animations[22m
Build, Lint & Test	UNKNOWN STEP	2025-12-27T20:15:12.8172736Z     [2m  - Timeout 10000ms exceeded.[22m
Build, Lint & Test	UNKNOWN STEP	2025-12-27T20:15:12.8172742Z 
Build, Lint & Test	UNKNOWN STEP	2025-12-27T20:15:12.8172752Z 
Build, Lint & Test	UNKNOWN STEP	2025-12-27T20:15:12.8172819Z       50 |     
Build, Lint & Test	UNKNOWN STEP	2025-12-27T20:15:12.8173148Z       51 |     const bumbleCard = page.getByRole('button', { name: /BUMBLE/ });
Build, Lint & Test	UNKNOWN STEP	2025-12-27T20:15:12.8173365Z     > 52 |     await expect(bumbleCard).toHaveScreenshot('bumble-card.png', {
Build, Lint & Test	UNKNOWN STEP	2025-12-27T20:15:12.8173468Z          |                              ^
Build, Lint & Test	UNKNOWN STEP	2025-12-27T20:15:12.8173611Z       53 |       maxDiffPixelRatio: VISUAL_THRESHOLD,
Build, Lint & Test	UNKNOWN STEP	2025-12-27T20:15:12.8173683Z       54 |     });
Build, Lint & Test	UNKNOWN STEP	2025-12-27T20:15:12.8173756Z       55 |   });
Build, Lint & Test	UNKNOWN STEP	2025-12-27T20:15:12.8174124Z         at /home/runner/work/protocol-silent-night/protocol-silent-night/e2e/visual-regression.spec.ts:52:30
Build, Lint & Test	UNKNOWN STEP	2025-12-27T20:15:12.8174232Z 
Build, Lint & Test	UNKNOWN STEP	2025-12-27T20:15:12.8174611Z     attachment #1: bumble-card (image/png) ─────────────────────────────────────────────────────────
Build, Lint & Test	UNKNOWN STEP	2025-12-27T20:15:12.8174860Z     e2e/visual-regression.spec.ts-snapshots/bumble-card-chromium-linux.png
Build, Lint & Test	UNKNOWN STEP	2025-12-27T20:15:12.8175152Z     ────────────────────────────────────────────────────────────────────────────────────────────────
Build, Lint & Test	UNKNOWN STEP	2025-12-27T20:15:12.8175158Z 
Build, Lint & Test	UNKNOWN STEP	2025-12-27T20:15:12.8175599Z     Error Context: test-results/visual-regression-Visual-R-ce7fd-le-character-card-correctly-chromium/error-context.md
Build, Lint & Test	UNKNOWN STEP	2025-12-27T20:15:12.8175606Z 
Build, Lint & Test	UNKNOWN STEP	2025-12-27T20:15:12.8175907Z     Retry #1 ───────────────────────────────────────────────────────────────────────────────────────
Build, Lint & Test	UNKNOWN STEP	2025-12-27T20:15:12.8175914Z 
Build, Lint & Test	UNKNOWN STEP	2025-12-27T20:15:12.8176312Z     Error: [2mexpect([22m[31mlocator[39m[2m).[22mtoHaveScreenshot[2m([22m[32mexpected[39m[2m)[22m failed
Build, Lint & Test	UNKNOWN STEP	2025-12-27T20:15:12.8176319Z 
Build, Lint & Test	UNKNOWN STEP	2025-12-27T20:15:12.8176479Z     Locator: getByRole('button', { name: /BUMBLE/ })
Build, Lint & Test	UNKNOWN STEP	2025-12-27T20:15:12.8176558Z     Timeout: 10000ms
Build, Lint & Test	UNKNOWN STEP	2025-12-27T20:15:12.8176664Z       Timeout 10000ms exceeded.
Build, Lint & Test	UNKNOWN STEP	2025-12-27T20:15:12.8176670Z 
Build, Lint & Test	UNKNOWN STEP	2025-12-27T20:15:12.8176773Z       Snapshot: bumble-card.png
Build, Lint & Test	UNKNOWN STEP	2025-12-27T20:15:12.8176780Z 
Build, Lint & Test	UNKNOWN STEP	2025-12-27T20:15:12.8176854Z     Call log:
Build, Lint & Test	UNKNOWN STEP	2025-12-27T20:15:12.8177141Z     [2m  - Expect "toHaveScreenshot(bumble-card.png)" with timeout 10000ms[22m
Build, Lint & Test	UNKNOWN STEP	2025-12-27T20:15:12.8177340Z     [2m    - verifying given screenshot expectation[22m
Build, Lint & Test	UNKNOWN STEP	2025-12-27T20:15:12.8177577Z     [2m  - waiting for getByRole('button', { name: /BUMBLE/ })[22m
Build, Lint & Test	UNKNOWN STEP	2025-12-27T20:15:12.8178016Z     [2m    - locator resolved to <button type="button" class="_classCard_1nl30_56">…</button>[22m
Build, Lint & Test	UNKNOWN STEP	2025-12-27T20:15:12.8178183Z     [2m  - taking element screenshot[22m
Build, Lint & Test	UNKNOWN STEP	2025-12-27T20:15:12.8178346Z     [2m    - disabled all CSS animations[22m
Build, Lint & Test	UNKNOWN STEP	2025-12-27T20:15:12.8178513Z     [2m  - waiting for fonts to load...[22m
Build, Lint & Test	UNKNOWN STEP	2025-12-27T20:15:12.8178628Z     [2m  - fonts loaded[22m
Build, Lint & Test	UNKNOWN STEP	2025-12-27T20:15:12.8178814Z     [2m  - attempting scroll into view action[22m
Build, Lint & Test	UNKNOWN STEP	2025-12-27T20:15:12.8178984Z     [2m    - waiting for element to be stable[22m
Build, Lint & Test	UNKNOWN STEP	2025-12-27T20:15:12.8179140Z     [2m  - Timeout 10000ms exceeded.[22m
Build, Lint & Test	UNKNOWN STEP	2025-12-27T20:15:12.8179147Z 
Build, Lint & Test	UNKNOWN STEP	2025-12-27T20:15:12.8179152Z 
Build, Lint & Test	UNKNOWN STEP	2025-12-27T20:15:12.8179219Z       50 |     
Build, Lint & Test	UNKNOWN STEP	2025-12-27T20:15:12.8179431Z       51 |     const bumbleCard = page.getByRole('button', { name: /BUMBLE/ });
Build, Lint & Test	UNKNOWN STEP	2025-12-27T20:15:12.8179647Z     > 52 |     await expect(bumbleCard).toHaveScreenshot('bumble-card.png', {
Build, Lint & Test	UNKNOWN STEP	2025-12-27T20:15:12.8179748Z          |                              ^
Build, Lint & Test	UNKNOWN STEP	2025-12-27T20:15:12.8179886Z       53 |       maxDiffPixelRatio: VISUAL_THRESHOLD,
Build, Lint & Test	UNKNOWN STEP	2025-12-27T20:15:12.8179957Z       54 |     });
Build, Lint & Test	UNKNOWN STEP	2025-12-27T20:15:12.8180031Z       55 |   });
Build, Lint & Test	UNKNOWN STEP	2025-12-27T20:15:12.8180407Z         at /home/runner/work/protocol-silent-night/protocol-silent-night/e2e/visual-regression.spec.ts:52:30
Build, Lint & Test	UNKNOWN STEP	2025-12-27T20:15:12.8180413Z 
Build, Lint & Test	UNKNOWN STEP	2025-12-27T20:15:12.8180773Z     attachment #1: bumble-card (image/png) ─────────────────────────────────────────────────────────
Build, Lint & Test	UNKNOWN STEP	2025-12-27T20:15:12.8181021Z     e2e/visual-regression.spec.ts-snapshots/bumble-card-chromium-linux.png
Build, Lint & Test	UNKNOWN STEP	2025-12-27T20:15:12.8181313Z     ────────────────────────────────────────────────────────────────────────────────────────────────
Build, Lint & Test	UNKNOWN STEP	2025-12-27T20:15:12.8181320Z 
Build, Lint & Test	UNKNOWN STEP	2025-12-27T20:15:12.8181919Z     Error Context: test-results/visual-regression-Visual-R-ce7fd-le-character-card-correctly-chromium-retry1/error-context.md
Build, Lint & Test	UNKNOWN STEP	2025-12-27T20:15:12.8181927Z 
Build, Lint & Test	UNKNOWN STEP	2025-12-27T20:15:12.8182293Z     attachment #3: trace (application/zip) ─────────────────────────────────────────────────────────
Build, Lint & Test	UNKNOWN STEP	2025-12-27T20:15:12.8182681Z     test-results/visual-regression-Visual-R-ce7fd-le-character-card-correctly-chromium-retry1/trace.zip
Build, Lint & Test	UNKNOWN STEP	2025-12-27T20:15:12.8182758Z     Usage:
Build, Lint & Test	UNKNOWN STEP	2025-12-27T20:15:12.8182765Z 
Build, Lint & Test	UNKNOWN STEP	2025-12-27T20:15:12.8183279Z         pnpm exec playwright show-trace test-results/visual-regression-Visual-R-ce7fd-le-character-card-correctly-chromium-retry1/trace.zip
Build, Lint & Test	UNKNOWN STEP	2025-12-27T20:15:12.8183396Z 
Build, Lint & Test	UNKNOWN STEP	2025-12-27T20:15:12.8183690Z     ────────────────────────────────────────────────────────────────────────────────────────────────
Build, Lint & Test	UNKNOWN STEP	2025-12-27T20:15:12.8183697Z 
Build, Lint & Test	UNKNOWN STEP	2025-12-27T20:15:12.8183993Z     Retry #2 ───────────────────────────────────────────────────────────────────────────────────────
Build, Lint & Test	UNKNOWN STEP	2025-12-27T20:15:12.8184000Z 
Build, Lint & Test	UNKNOWN STEP	2025-12-27T20:15:12.8184421Z     Error: [2mexpect([22m[31mlocator[39m[2m).[22mtoHaveScreenshot[2m([22m[32mexpected[39m[2m)[22m failed
Build, Lint & Test	UNKNOWN STEP	2025-12-27T20:15:12.8184427Z 
Build, Lint & Test	UNKNOWN STEP	2025-12-27T20:15:12.8184574Z     Locator: getByRole('button', { name: /BUMBLE/ })
Build, Lint & Test	UNKNOWN STEP	2025-12-27T20:15:12.8184658Z     Timeout: 10000ms
Build, Lint & Test	UNKNOWN STEP	2025-12-27T20:15:12.8184758Z       Timeout 10000ms exceeded.
Build, Lint & Test	UNKNOWN STEP	2025-12-27T20:15:12.8184764Z 
Build, Lint & Test	UNKNOWN STEP	2025-12-27T20:15:12.8184870Z       Snapshot: bumble-card.png
Build, Lint & Test	UNKNOWN STEP	2025-12-27T20:15:12.8184876Z 
Build, Lint & Test	UNKNOWN STEP	2025-12-27T20:15:12.8184945Z     Call log:
Build, Lint & Test	UNKNOWN STEP	2025-12-27T20:15:12.8185235Z     [2m  - Expect "toHaveScreenshot(bumble-card.png)" with timeout 10000ms[22m
Build, Lint & Test	UNKNOWN STEP	2025-12-27T20:15:12.8185443Z     [2m    - verifying given screenshot expectation[22m
Build, Lint & Test	UNKNOWN STEP	2025-12-27T20:15:12.8185679Z     [2m  - waiting for getByRole('button', { name: /BUMBLE/ })[22m
Build, Lint & Test	UNKNOWN STEP	2025-12-27T20:15:12.8186016Z     [2m    - locator resolved to <button type="button" class="_classCard_1nl30_56">…</button>[22m
Build, Lint & Test	UNKNOWN STEP	2025-12-27T20:15:12.8186175Z     [2m  - taking element screenshot[22m
Build, Lint & Test	UNKNOWN STEP	2025-12-27T20:15:12.8186336Z     [2m    - disabled all CSS animations[22m
Build, Lint & Test	UNKNOWN STEP	2025-12-27T20:15:12.8186490Z     [2m  - Timeout 10000ms exceeded.[22m
Build, Lint & Test	UNKNOWN STEP	2025-12-27T20:15:12.8186497Z 
Build, Lint & Test	UNKNOWN STEP	2025-12-27T20:15:12.8186506Z 
Build, Lint & Test	UNKNOWN STEP	2025-12-27T20:15:12.8186573Z       50 |     
Build, Lint & Test	UNKNOWN STEP	2025-12-27T20:15:12.8186784Z       51 |     const bumbleCard = page.getByRole('button', { name: /BUMBLE/ });
Build, Lint & Test	UNKNOWN STEP	2025-12-27T20:15:12.8186996Z     > 52 |     await expect(bumbleCard).toHaveScreenshot('bumble-card.png', {
Build, Lint & Test	UNKNOWN STEP	2025-12-27T20:15:12.8187096Z          |                              ^
Build, Lint & Test	UNKNOWN STEP	2025-12-27T20:15:12.8187234Z       53 |       maxDiffPixelRatio: VISUAL_THRESHOLD,
Build, Lint & Test	UNKNOWN STEP	2025-12-27T20:15:12.8187316Z       54 |     });
Build, Lint & Test	UNKNOWN STEP	2025-12-27T20:15:12.8187389Z       55 |   });
Build, Lint & Test	UNKNOWN STEP	2025-12-27T20:15:12.8187753Z         at /home/runner/work/protocol-silent-night/protocol-silent-night/e2e/visual-regression.spec.ts:52:30
Build, Lint & Test	UNKNOWN STEP	2025-12-27T20:15:12.8187760Z 
Build, Lint & Test	UNKNOWN STEP	2025-12-27T20:15:12.8188219Z     attachment #1: bumble-card (image/png) ─────────────────────────────────────────────────────────
Build, Lint & Test	UNKNOWN STEP	2025-12-27T20:15:12.8188462Z     e2e/visual-regression.spec.ts-snapshots/bumble-card-chromium-linux.png
Build, Lint & Test	UNKNOWN STEP	2025-12-27T20:15:12.8188873Z     ────────────────────────────────────────────────────────────────────────────────────────────────
Build, Lint & Test	UNKNOWN STEP	2025-12-27T20:15:12.8188881Z 
Build, Lint & Test	UNKNOWN STEP	2025-12-27T20:15:12.8189236Z     attachment #2: screenshot (image/png) ──────────────────────────────────────────────────────────
Build, Lint & Test	UNKNOWN STEP	2025-12-27T20:15:12.8189669Z     test-results/visual-regression-Visual-R-ce7fd-le-character-card-correctly-chromium-retry2/test-failed-1.png
Build, Lint & Test	UNKNOWN STEP	2025-12-27T20:15:12.8189956Z     ────────────────────────────────────────────────────────────────────────────────────────────────
Build, Lint & Test	UNKNOWN STEP	2025-12-27T20:15:12.8190073Z 
Build, Lint & Test	UNKNOWN STEP	2025-12-27T20:15:12.8190556Z     Error Context: test-results/visual-regression-Visual-R-ce7fd-le-character-card-correctly-chromium-retry2/error-context.md
Build, Lint & Test	UNKNOWN STEP	2025-12-27T20:15:12.8190562Z 
Build, Lint & Test	UNKNOWN STEP	2025-12-27T20:15:12.8191053Z   46) [chromium] › e2e/visual-regression.spec.ts:59:3 › Visual Regression - Game Start › should render Santa gameplay correctly 
Build, Lint & Test	UNKNOWN STEP	2025-12-27T20:15:12.8191060Z 
Build, Lint & Test	UNKNOWN STEP	2025-12-27T20:15:12.8191234Z     TimeoutError: locator.click: Timeout 10000ms exceeded.
Build, Lint & Test	UNKNOWN STEP	2025-12-27T20:15:12.8191321Z     Call log:
Build, Lint & Test	UNKNOWN STEP	2025-12-27T20:15:12.8191579Z     [2m  - waiting for getByRole('button', { name: /MECHA-SANTA/ })[22m
Build, Lint & Test	UNKNOWN STEP	2025-12-27T20:15:12.8191918Z     [2m    - locator resolved to <button type="button" class="_classCard_1nl30_56">…</button>[22m
Build, Lint & Test	UNKNOWN STEP	2025-12-27T20:15:12.8192074Z     [2m  - attempting click action[22m
Build, Lint & Test	UNKNOWN STEP	2025-12-27T20:15:12.8192315Z     [2m    - waiting for element to be visible, enabled and stable[22m
Build, Lint & Test	UNKNOWN STEP	2025-12-27T20:15:12.8192322Z 
Build, Lint & Test	UNKNOWN STEP	2025-12-27T20:15:12.8192327Z 
Build, Lint & Test	UNKNOWN STEP	2025-12-27T20:15:12.8192434Z       63 |     // Select Santa
Build, Lint & Test	UNKNOWN STEP	2025-12-27T20:15:12.8192667Z       64 |     const santaButton = page.getByRole('button', { name: /MECHA-SANTA/ });
Build, Lint & Test	UNKNOWN STEP	2025-12-27T20:15:12.8192779Z     > 65 |     await santaButton.click();
Build, Lint & Test	UNKNOWN STEP	2025-12-27T20:15:12.8192881Z          |                       ^
Build, Lint & Test	UNKNOWN STEP	2025-12-27T20:15:12.8192949Z       66 |
Build, Lint & Test	UNKNOWN STEP	2025-12-27T20:15:12.8193120Z       67 |     // Click "COMMENCE OPERATION" on the briefing screen
Build, Lint & Test	UNKNOWN STEP	2025-12-27T20:15:12.8193358Z       68 |     await page.getByRole('button', { name: /COMMENCE OPERATION/i }).click();
Build, Lint & Test	UNKNOWN STEP	2025-12-27T20:15:12.8193725Z         at /home/runner/work/protocol-silent-night/protocol-silent-night/e2e/visual-regression.spec.ts:65:23
Build, Lint & Test	UNKNOWN STEP	2025-12-27T20:15:12.8193731Z 
Build, Lint & Test	UNKNOWN STEP	2025-12-27T20:15:12.8194161Z     Error Context: test-results/visual-regression-Visual-R-789ba-er-Santa-gameplay-correctly-chromium/error-context.md
Build, Lint & Test	UNKNOWN STEP	2025-12-27T20:15:12.8194167Z 
Build, Lint & Test	UNKNOWN STEP	2025-12-27T20:15:12.8194473Z     Retry #1 ───────────────────────────────────────────────────────────────────────────────────────
Build, Lint & Test	UNKNOWN STEP	2025-12-27T20:15:12.8194486Z 
Build, Lint & Test	UNKNOWN STEP	2025-12-27T20:15:12.8194651Z     TimeoutError: locator.click: Timeout 10000ms exceeded.
Build, Lint & Test	UNKNOWN STEP	2025-12-27T20:15:12.8194728Z     Call log:
Build, Lint & Test	UNKNOWN STEP	2025-12-27T20:15:12.8194979Z     [2m  - waiting for getByRole('button', { name: /MECHA-SANTA/ })[22m
Build, Lint & Test	UNKNOWN STEP	2025-12-27T20:15:12.8195316Z     [2m    - locator resolved to <button type="button" class="_classCard_1nl30_56">…</button>[22m
Build, Lint & Test	UNKNOWN STEP	2025-12-27T20:15:12.8195467Z     [2m  - attempting click action[22m
Build, Lint & Test	UNKNOWN STEP	2025-12-27T20:15:12.8195795Z     [2m    - waiting for element to be visible, enabled and stable[22m
Build, Lint & Test	UNKNOWN STEP	2025-12-27T20:15:12.8195990Z     [2m    - element is visible, enabled and stable[22m
Build, Lint & Test	UNKNOWN STEP	2025-12-27T20:15:12.8196155Z     [2m    - scrolling into view if needed[22m
Build, Lint & Test	UNKNOWN STEP	2025-12-27T20:15:12.8196297Z     [2m    - done scrolling[22m
Build, Lint & Test	UNKNOWN STEP	2025-12-27T20:15:12.8196304Z 
Build, Lint & Test	UNKNOWN STEP	2025-12-27T20:15:12.8196309Z 
Build, Lint & Test	UNKNOWN STEP	2025-12-27T20:15:12.8196401Z       63 |     // Select Santa
Build, Lint & Test	UNKNOWN STEP	2025-12-27T20:15:12.8196638Z       64 |     const santaButton = page.getByRole('button', { name: /MECHA-SANTA/ });
Build, Lint & Test	UNKNOWN STEP	2025-12-27T20:15:12.8196833Z     > 65 |     await santaButton.click();
Build, Lint & Test	UNKNOWN STEP	2025-12-27T20:15:12.8196934Z          |                       ^
Build, Lint & Test	UNKNOWN STEP	2025-12-27T20:15:12.8197006Z       66 |
Build, Lint & Test	UNKNOWN STEP	2025-12-27T20:15:12.8197174Z       67 |     // Click "COMMENCE OPERATION" on the briefing screen
Build, Lint & Test	UNKNOWN STEP	2025-12-27T20:15:12.8197403Z       68 |     await page.getByRole('button', { name: /COMMENCE OPERATION/i }).click();
Build, Lint & Test	UNKNOWN STEP	2025-12-27T20:15:12.8197776Z         at /home/runner/work/protocol-silent-night/protocol-silent-night/e2e/visual-regression.spec.ts:65:23
Build, Lint & Test	UNKNOWN STEP	2025-12-27T20:15:12.8197783Z 
Build, Lint & Test	UNKNOWN STEP	2025-12-27T20:15:12.8198352Z     Error Context: test-results/visual-regression-Visual-R-789ba-er-Santa-gameplay-correctly-chromium-retry1/error-context.md
Build, Lint & Test	UNKNOWN STEP	2025-12-27T20:15:12.8198360Z 
Build, Lint & Test	UNKNOWN STEP	2025-12-27T20:15:12.8198728Z     attachment #2: trace (application/zip) ─────────────────────────────────────────────────────────
Build, Lint & Test	UNKNOWN STEP	2025-12-27T20:15:12.8199107Z     test-results/visual-regression-Visual-R-789ba-er-Santa-gameplay-correctly-chromium-retry1/trace.zip
Build, Lint & Test	UNKNOWN STEP	2025-12-27T20:15:12.8199189Z     Usage:
Build, Lint & Test	UNKNOWN STEP	2025-12-27T20:15:12.8199195Z 
Build, Lint & Test	UNKNOWN STEP	2025-12-27T20:15:12.8199703Z         pnpm exec playwright show-trace test-results/visual-regression-Visual-R-789ba-er-Santa-gameplay-correctly-chromium-retry1/trace.zip
Build, Lint & Test	UNKNOWN STEP	2025-12-27T20:15:12.8199710Z 
Build, Lint & Test	UNKNOWN STEP	2025-12-27T20:15:12.8200000Z     ────────────────────────────────────────────────────────────────────────────────────────────────
Build, Lint & Test	UNKNOWN STEP	2025-12-27T20:15:12.8200007Z 
Build, Lint & Test	UNKNOWN STEP	2025-12-27T20:15:12.8200312Z     Retry #2 ───────────────────────────────────────────────────────────────────────────────────────
Build, Lint & Test	UNKNOWN STEP	2025-12-27T20:15:12.8200324Z 
Build, Lint & Test	UNKNOWN STEP	2025-12-27T20:15:12.8200497Z     TimeoutError: locator.click: Timeout 10000ms exceeded.
Build, Lint & Test	UNKNOWN STEP	2025-12-27T20:15:12.8200572Z     Call log:
Build, Lint & Test	UNKNOWN STEP	2025-12-27T20:15:12.8200831Z     [2m  - waiting for getByRole('button', { name: /MECHA-SANTA/ })[22m
Build, Lint & Test	UNKNOWN STEP	2025-12-27T20:15:12.8201167Z     [2m    - locator resolved to <button type="button" class="_classCard_1nl30_56">…</button>[22m
Build, Lint & Test	UNKNOWN STEP	2025-12-27T20:15:12.8201324Z     [2m  - attempting click action[22m
Build, Lint & Test	UNKNOWN STEP	2025-12-27T20:15:12.8201572Z     [2m    - waiting for element to be visible, enabled and stable[22m
Build, Lint & Test	UNKNOWN STEP	2025-12-27T20:15:12.8201578Z 
Build, Lint & Test	UNKNOWN STEP	2025-12-27T20:15:12.8201583Z 
Build, Lint & Test	UNKNOWN STEP	2025-12-27T20:15:12.8201685Z       63 |     // Select Santa
Build, Lint & Test	UNKNOWN STEP	2025-12-27T20:15:12.8201916Z       64 |     const santaButton = page.getByRole('button', { name: /MECHA-SANTA/ });
Build, Lint & Test	UNKNOWN STEP	2025-12-27T20:15:12.8202036Z     > 65 |     await santaButton.click();
Build, Lint & Test	UNKNOWN STEP	2025-12-27T20:15:12.8202131Z          |                       ^
Build, Lint & Test	UNKNOWN STEP	2025-12-27T20:15:12.8202201Z       66 |
Build, Lint & Test	UNKNOWN STEP	2025-12-27T20:15:12.8202374Z       67 |     // Click "COMMENCE OPERATION" on the briefing screen
Build, Lint & Test	UNKNOWN STEP	2025-12-27T20:15:12.8202602Z       68 |     await page.getByRole('button', { name: /COMMENCE OPERATION/i }).click();
Build, Lint & Test	UNKNOWN STEP	2025-12-27T20:15:12.8202974Z         at /home/runner/work/protocol-silent-night/protocol-silent-night/e2e/visual-regression.spec.ts:65:23
Build, Lint & Test	UNKNOWN STEP	2025-12-27T20:15:12.8202980Z 
Build, Lint & Test	UNKNOWN STEP	2025-12-27T20:15:12.8203335Z     attachment #1: screenshot (image/png) ──────────────────────────────────────────────────────────
Build, Lint & Test	UNKNOWN STEP	2025-12-27T20:15:12.8203885Z     test-results/visual-regression-Visual-R-789ba-er-Santa-gameplay-correctly-chromium-retry2/test-failed-1.png
Build, Lint & Test	UNKNOWN STEP	2025-12-27T20:15:12.8204176Z     ────────────────────────────────────────────────────────────────────────────────────────────────
Build, Lint & Test	UNKNOWN STEP	2025-12-27T20:15:12.8204183Z 
Build, Lint & Test	UNKNOWN STEP	2025-12-27T20:15:12.8204660Z     Error Context: test-results/visual-regression-Visual-R-789ba-er-Santa-gameplay-correctly-chromium-retry2/error-context.md
Build, Lint & Test	UNKNOWN STEP	2025-12-27T20:15:12.8204667Z 
Build, Lint & Test	UNKNOWN STEP	2025-12-27T20:15:12.8205255Z   47) [chromium] › e2e/visual-regression.spec.ts:79:3 › Visual Regression - Game Start › should render Elf gameplay correctly 
Build, Lint & Test	UNKNOWN STEP	2025-12-27T20:15:12.8205270Z 
Build, Lint & Test	UNKNOWN STEP	2025-12-27T20:15:12.8205443Z     TimeoutError: locator.click: Timeout 10000ms exceeded.
Build, Lint & Test	UNKNOWN STEP	2025-12-27T20:15:12.8205516Z     Call log:
Build, Lint & Test	UNKNOWN STEP	2025-12-27T20:15:12.8205770Z     [2m  - waiting for getByRole('button', { name: /CYBER-ELF/ })[22m
Build, Lint & Test	UNKNOWN STEP	2025-12-27T20:15:12.8206107Z     [2m    - locator resolved to <button type="button" class="_classCard_1nl30_56">…</button>[22m
Build, Lint & Test	UNKNOWN STEP	2025-12-27T20:15:12.8206274Z     [2m  - attempting click action[22m
Build, Lint & Test	UNKNOWN STEP	2025-12-27T20:15:12.8206511Z     [2m    - waiting for element to be visible, enabled and stable[22m
Build, Lint & Test	UNKNOWN STEP	2025-12-27T20:15:12.8206518Z 
Build, Lint & Test	UNKNOWN STEP	2025-12-27T20:15:12.8206524Z 
Build, Lint & Test	UNKNOWN STEP	2025-12-27T20:15:12.8206610Z       83 |     // Select Elf
Build, Lint & Test	UNKNOWN STEP	2025-12-27T20:15:12.8206826Z       84 |     const elfButton = page.getByRole('button', { name: /CYBER-ELF/ });
Build, Lint & Test	UNKNOWN STEP	2025-12-27T20:15:12.8206942Z     > 85 |     await elfButton.click();
Build, Lint & Test	UNKNOWN STEP	2025-12-27T20:15:12.8207043Z          |                     ^
Build, Lint & Test	UNKNOWN STEP	2025-12-27T20:15:12.8207116Z       86 |
Build, Lint & Test	UNKNOWN STEP	2025-12-27T20:15:12.8207278Z       87 |     // Click "COMMENCE OPERATION" on the briefing screen
Build, Lint & Test	UNKNOWN STEP	2025-12-27T20:15:12.8207504Z       88 |     await page.getByRole('button', { name: /COMMENCE OPERATION/i }).click();
Build, Lint & Test	UNKNOWN STEP	2025-12-27T20:15:12.8207873Z         at /home/runner/work/protocol-silent-night/protocol-silent-night/e2e/visual-regression.spec.ts:85:21
Build, Lint & Test	UNKNOWN STEP	2025-12-27T20:15:12.8207880Z 
Build, Lint & Test	UNKNOWN STEP	2025-12-27T20:15:12.8208418Z     Error Context: test-results/visual-regression-Visual-R-cbadb-nder-Elf-gameplay-correctly-chromium/error-context.md
Build, Lint & Test	UNKNOWN STEP	2025-12-27T20:15:12.8208431Z 
Build, Lint & Test	UNKNOWN STEP	2025-12-27T20:15:12.8208736Z     Retry #1 ───────────────────────────────────────────────────────────────────────────────────────
Build, Lint & Test	UNKNOWN STEP	2025-12-27T20:15:12.8208743Z 
Build, Lint & Test	UNKNOWN STEP	2025-12-27T20:15:12.8208912Z     TimeoutError: locator.click: Timeout 10000ms exceeded.
Build, Lint & Test	UNKNOWN STEP	2025-12-27T20:15:12.8208985Z     Call log:
Build, Lint & Test	UNKNOWN STEP	2025-12-27T20:15:12.8209230Z     [2m  - waiting for getByRole('button', { name: /CYBER-ELF/ })[22m
Build, Lint & Test	UNKNOWN STEP	2025-12-27T20:15:12.8209574Z     [2m    - locator resolved to <button type="button" class="_classCard_1nl30_56">…</button>[22m
Build, Lint & Test	UNKNOWN STEP	2025-12-27T20:15:12.8209725Z     [2m  - attempting click action[22m
Build, Lint & Test	UNKNOWN STEP	2025-12-27T20:15:12.8209970Z     [2m    - waiting for element to be visible, enabled and stable[22m
Build, Lint & Test	UNKNOWN STEP	2025-12-27T20:15:12.8210159Z     [2m    - element is visible, enabled and stable[22m
Build, Lint & Test	UNKNOWN STEP	2025-12-27T20:15:12.8210329Z     [2m    - scrolling into view if needed[22m
Build, Lint & Test	UNKNOWN STEP	2025-12-27T20:15:12.8210473Z     [2m    - done scrolling[22m
Build, Lint & Test	UNKNOWN STEP	2025-12-27T20:15:12.8210488Z 
Build, Lint & Test	UNKNOWN STEP	2025-12-27T20:15:12.8210493Z 
Build, Lint & Test	UNKNOWN STEP	2025-12-27T20:15:12.8210575Z       83 |     // Select Elf
Build, Lint & Test	UNKNOWN STEP	2025-12-27T20:15:12.8210788Z       84 |     const elfButton = page.getByRole('button', { name: /CYBER-ELF/ });
Build, Lint & Test	UNKNOWN STEP	2025-12-27T20:15:12.8210904Z     > 85 |     await elfButton.click();
Build, Lint & Test	UNKNOWN STEP	2025-12-27T20:15:12.8210996Z          |                     ^
Build, Lint & Test	UNKNOWN STEP	2025-12-27T20:15:12.8211063Z       86 |
Build, Lint & Test	UNKNOWN STEP	2025-12-27T20:15:12.8211231Z       87 |     // Click "COMMENCE OPERATION" on the briefing screen
Build, Lint & Test	UNKNOWN STEP	2025-12-27T20:15:12.8211578Z       88 |     await page.getByRole('button', { name: /COMMENCE OPERATION/i }).click();
Build, Lint & Test	UNKNOWN STEP	2025-12-27T20:15:12.8211952Z         at /home/runner/work/protocol-silent-night/protocol-silent-night/e2e/visual-regression.spec.ts:85:21
Build, Lint & Test	UNKNOWN STEP	2025-12-27T20:15:12.8211959Z 
Build, Lint & Test	UNKNOWN STEP	2025-12-27T20:15:12.8212430Z     Error Context: test-results/visual-regression-Visual-R-cbadb-nder-Elf-gameplay-correctly-chromium-retry1/error-context.md
Build, Lint & Test	UNKNOWN STEP	2025-12-27T20:15:12.8212441Z 
Build, Lint & Test	UNKNOWN STEP	2025-12-27T20:15:12.8212802Z     attachment #2: trace (application/zip) ─────────────────────────────────────────────────────────
Build, Lint & Test	UNKNOWN STEP	2025-12-27T20:15:12.8213312Z     test-results/visual-regression-Visual-R-cbadb-nder-Elf-gameplay-correctly-chromium-retry1/trace.zip
Build, Lint & Test	UNKNOWN STEP	2025-12-27T20:15:12.8213387Z     Usage:
Build, Lint & Test	UNKNOWN STEP	2025-12-27T20:15:12.8213394Z 
Build, Lint & Test	UNKNOWN STEP	2025-12-27T20:15:12.8213909Z         pnpm exec playwright show-trace test-results/visual-regression-Visual-R-cbadb-nder-Elf-gameplay-correctly-chromium-retry1/trace.zip
Build, Lint & Test	UNKNOWN STEP	2025-12-27T20:15:12.8213920Z 
Build, Lint & Test	UNKNOWN STEP	2025-12-27T20:15:12.8214216Z     ────────────────────────────────────────────────────────────────────────────────────────────────
Build, Lint & Test	UNKNOWN STEP	2025-12-27T20:15:12.8214223Z 
Build, Lint & Test	UNKNOWN STEP	2025-12-27T20:15:12.8214523Z     Retry #2 ───────────────────────────────────────────────────────────────────────────────────────
Build, Lint & Test	UNKNOWN STEP	2025-12-27T20:15:12.8214530Z 
Build, Lint & Test	UNKNOWN STEP	2025-12-27T20:15:12.8214691Z     TimeoutError: locator.click: Timeout 10000ms exceeded.
Build, Lint & Test	UNKNOWN STEP	2025-12-27T20:15:12.8214765Z     Call log:
Build, Lint & Test	UNKNOWN STEP	2025-12-27T20:15:12.8215014Z     [2m  - waiting for getByRole('button', { name: /CYBER-ELF/ })[22m
Build, Lint & Test	UNKNOWN STEP	2025-12-27T20:15:12.8215360Z     [2m    - locator resolved to <button type="button" class="_classCard_1nl30_56">…</button>[22m
Build, Lint & Test	UNKNOWN STEP	2025-12-27T20:15:12.8215518Z     [2m  - attempting click action[22m
Build, Lint & Test	UNKNOWN STEP	2025-12-27T20:15:12.8215755Z     [2m    - waiting for element to be visible, enabled and stable[22m
Build, Lint & Test	UNKNOWN STEP	2025-12-27T20:15:12.8215762Z 
Build, Lint & Test	UNKNOWN STEP	2025-12-27T20:15:12.8215767Z 
Build, Lint & Test	UNKNOWN STEP	2025-12-27T20:15:12.8215850Z       83 |     // Select Elf
Build, Lint & Test	UNKNOWN STEP	2025-12-27T20:15:12.8216077Z       84 |     const elfButton = page.getByRole('button', { name: /CYBER-ELF/ });
Build, Lint & Test	UNKNOWN STEP	2025-12-27T20:15:12.8216194Z     > 85 |     await elfButton.click();
Build, Lint & Test	UNKNOWN STEP	2025-12-27T20:15:12.8216287Z          |                     ^
Build, Lint & Test	UNKNOWN STEP	2025-12-27T20:15:12.8216358Z       86 |
Build, Lint & Test	UNKNOWN STEP	2025-12-27T20:15:12.8216518Z       87 |     // Click "COMMENCE OPERATION" on the briefing screen
Build, Lint & Test	UNKNOWN STEP	2025-12-27T20:15:12.8216751Z       88 |     await page.getByRole('button', { name: /COMMENCE OPERATION/i }).click();
Build, Lint & Test	UNKNOWN STEP	2025-12-27T20:15:12.8217116Z         at /home/runner/work/protocol-silent-night/protocol-silent-night/e2e/visual-regression.spec.ts:85:21
Build, Lint & Test	UNKNOWN STEP	2025-12-27T20:15:12.8217128Z 
Build, Lint & Test	UNKNOWN STEP	2025-12-27T20:15:12.8217605Z     Error Context: test-results/visual-regression-Visual-R-cbadb-nder-Elf-gameplay-correctly-chromium-retry2/error-context.md
Build, Lint & Test	UNKNOWN STEP	2025-12-27T20:15:12.8217611Z 
Build, Lint & Test	UNKNOWN STEP	2025-12-27T20:15:12.8218200Z   48) [chromium] › e2e/visual-regression.spec.ts:99:3 › Visual Regression - Game Start › should render Bumble gameplay correctly 
Build, Lint & Test	UNKNOWN STEP	2025-12-27T20:15:12.8218209Z 
Build, Lint & Test	UNKNOWN STEP	2025-12-27T20:15:12.8218384Z     TimeoutError: locator.click: Timeout 10000ms exceeded.
Build, Lint & Test	UNKNOWN STEP	2025-12-27T20:15:12.8218458Z     Call log:
Build, Lint & Test	UNKNOWN STEP	2025-12-27T20:15:12.8218700Z     [2m  - waiting for getByRole('button', { name: /BUMBLE/ })[22m
Build, Lint & Test	UNKNOWN STEP	2025-12-27T20:15:12.8219035Z     [2m    - locator resolved to <button type="button" class="_classCard_1nl30_56">…</button>[22m
Build, Lint & Test	UNKNOWN STEP	2025-12-27T20:15:12.8219187Z     [2m  - attempting click action[22m
Build, Lint & Test	UNKNOWN STEP	2025-12-27T20:15:12.8219431Z     [2m    - waiting for element to be visible, enabled and stable[22m
Build, Lint & Test	UNKNOWN STEP	2025-12-27T20:15:12.8219438Z 
Build, Lint & Test	UNKNOWN STEP	2025-12-27T20:15:12.8219443Z 
Build, Lint & Test	UNKNOWN STEP	2025-12-27T20:15:12.8219545Z       103 |     // Select Bumble
Build, Lint & Test	UNKNOWN STEP	2025-12-27T20:15:12.8219776Z       104 |     const bumbleButton = page.getByRole('button', { name: /BUMBLE/ });
Build, Lint & Test	UNKNOWN STEP	2025-12-27T20:15:12.8219894Z     > 105 |     await bumbleButton.click();
Build, Lint & Test	UNKNOWN STEP	2025-12-27T20:15:12.8219997Z           |                        ^
Build, Lint & Test	UNKNOWN STEP	2025-12-27T20:15:12.8220066Z       106 |
Build, Lint & Test	UNKNOWN STEP	2025-12-27T20:15:12.8220241Z       107 |     // Click "COMMENCE OPERATION" on the briefing screen
Build, Lint & Test	UNKNOWN STEP	2025-12-27T20:15:12.8220612Z       108 |     await page.getByRole('button', { name: /COMMENCE OPERATION/i }).click();
Build, Lint & Test	UNKNOWN STEP	2025-12-27T20:15:12.8220994Z         at /home/runner/work/protocol-silent-night/protocol-silent-night/e2e/visual-regression.spec.ts:105:24
Build, Lint & Test	UNKNOWN STEP	2025-12-27T20:15:12.8221001Z 
Build, Lint & Test	UNKNOWN STEP	2025-12-27T20:15:12.8221431Z     Error Context: test-results/visual-regression-Visual-R-2fad1-r-Bumble-gameplay-correctly-chromium/error-context.md
Build, Lint & Test	UNKNOWN STEP	2025-12-27T20:15:12.8221438Z 
Build, Lint & Test	UNKNOWN STEP	2025-12-27T20:15:12.8221748Z     Retry #1 ───────────────────────────────────────────────────────────────────────────────────────
Build, Lint & Test	UNKNOWN STEP	2025-12-27T20:15:12.8221894Z 
Build, Lint & Test	UNKNOWN STEP	2025-12-27T20:15:12.8222065Z     TimeoutError: locator.click: Timeout 10000ms exceeded.
Build, Lint & Test	UNKNOWN STEP	2025-12-27T20:15:12.8222142Z     Call log:
Build, Lint & Test	UNKNOWN STEP	2025-12-27T20:15:12.8222380Z     [2m  - waiting for getByRole('button', { name: /BUMBLE/ })[22m
Build, Lint & Test	UNKNOWN STEP	2025-12-27T20:15:12.8222725Z     [2m    - locator resolved to <button type="button" class="_classCard_1nl30_56">…</button>[22m
Build, Lint & Test	UNKNOWN STEP	2025-12-27T20:15:12.8222877Z     [2m  - attempting click action[22m
Build, Lint & Test	UNKNOWN STEP	2025-12-27T20:15:12.8223127Z     [2m    - waiting for element to be visible, enabled and stable[22m
Build, Lint & Test	UNKNOWN STEP	2025-12-27T20:15:12.8223316Z     [2m    - element is visible, enabled and stable[22m
Build, Lint & Test	UNKNOWN STEP	2025-12-27T20:15:12.8223480Z     [2m    - scrolling into view if needed[22m
Build, Lint & Test	UNKNOWN STEP	2025-12-27T20:15:12.8223621Z     [2m    - done scrolling[22m
Build, Lint & Test	UNKNOWN STEP	2025-12-27T20:15:12.8223627Z 
Build, Lint & Test	UNKNOWN STEP	2025-12-27T20:15:12.8223633Z 
Build, Lint & Test	UNKNOWN STEP	2025-12-27T20:15:12.8223727Z       103 |     // Select Bumble
Build, Lint & Test	UNKNOWN STEP	2025-12-27T20:15:12.8223961Z       104 |     const bumbleButton = page.getByRole('button', { name: /BUMBLE/ });
Build, Lint & Test	UNKNOWN STEP	2025-12-27T20:15:12.8224087Z     > 105 |     await bumbleButton.click();
Build, Lint & Test	UNKNOWN STEP	2025-12-27T20:15:12.8224188Z           |                        ^
Build, Lint & Test	UNKNOWN STEP	2025-12-27T20:15:12.8224258Z       106 |
Build, Lint & Test	UNKNOWN STEP	2025-12-27T20:15:12.8224427Z       107 |     // Click "COMMENCE OPERATION" on the briefing screen
Build, Lint & Test	UNKNOWN STEP	2025-12-27T20:15:12.8224662Z       108 |     await page.getByRole('button', { name: /COMMENCE OPERATION/i }).click();
Build, Lint & Test	UNKNOWN STEP	2025-12-27T20:15:12.8225042Z         at /home/runner/work/protocol-silent-night/protocol-silent-night/e2e/visual-regression.spec.ts:105:24
Build, Lint & Test	UNKNOWN STEP	2025-12-27T20:15:12.8225049Z 
Build, Lint & Test	UNKNOWN STEP	2025-12-27T20:15:12.8225515Z     Error Context: test-results/visual-regression-Visual-R-2fad1-r-Bumble-gameplay-correctly-chromium-retry1/error-context.md
Build, Lint & Test	UNKNOWN STEP	2025-12-27T20:15:12.8225522Z 
Build, Lint & Test	UNKNOWN STEP	2025-12-27T20:15:12.8225886Z     attachment #2: trace (application/zip) ─────────────────────────────────────────────────────────
Build, Lint & Test	UNKNOWN STEP	2025-12-27T20:15:12.8226273Z     test-results/visual-regression-Visual-R-2fad1-r-Bumble-gameplay-correctly-chromium-retry1/trace.zip
Build, Lint & Test	UNKNOWN STEP	2025-12-27T20:15:12.8226356Z     Usage:
Build, Lint & Test	UNKNOWN STEP	2025-12-27T20:15:12.8226363Z 
Build, Lint & Test	UNKNOWN STEP	2025-12-27T20:15:12.8226871Z         pnpm exec playwright show-trace test-results/visual-regression-Visual-R-2fad1-r-Bumble-gameplay-correctly-chromium-retry1/trace.zip
Build, Lint & Test	UNKNOWN STEP	2025-12-27T20:15:12.8226878Z 
Build, Lint & Test	UNKNOWN STEP	2025-12-27T20:15:12.8227169Z     ────────────────────────────────────────────────────────────────────────────────────────────────
Build, Lint & Test	UNKNOWN STEP	2025-12-27T20:15:12.8227176Z 
Build, Lint & Test	UNKNOWN STEP	2025-12-27T20:15:12.8227481Z     Retry #2 ───────────────────────────────────────────────────────────────────────────────────────
Build, Lint & Test	UNKNOWN STEP	2025-12-27T20:15:12.8227488Z 
Build, Lint & Test	UNKNOWN STEP	2025-12-27T20:15:12.8227657Z     TimeoutError: locator.click: Timeout 10000ms exceeded.
Build, Lint & Test	UNKNOWN STEP	2025-12-27T20:15:12.8227728Z     Call log:
Build, Lint & Test	UNKNOWN STEP	2025-12-27T20:15:12.8228062Z     [2m  - waiting for getByRole('button', { name: /BUMBLE/ })[22m
Build, Lint & Test	UNKNOWN STEP	2025-12-27T20:15:12.8228401Z     [2m    - locator resolved to <button type="button" class="_classCard_1nl30_56">…</button>[22m
Build, Lint & Test	UNKNOWN STEP	2025-12-27T20:15:12.8228558Z     [2m  - attempting click action[22m
Build, Lint & Test	UNKNOWN STEP	2025-12-27T20:15:12.8228926Z     [2m    - waiting for element to be visible, enabled and stable[22m
Build, Lint & Test	UNKNOWN STEP	2025-12-27T20:15:12.8228933Z 
Build, Lint & Test	UNKNOWN STEP	2025-12-27T20:15:12.8228938Z 
Build, Lint & Test	UNKNOWN STEP	2025-12-27T20:15:12.8229040Z       103 |     // Select Bumble
Build, Lint & Test	UNKNOWN STEP	2025-12-27T20:15:12.8229263Z       104 |     const bumbleButton = page.getByRole('button', { name: /BUMBLE/ });
Build, Lint & Test	UNKNOWN STEP	2025-12-27T20:15:12.8229380Z     > 105 |     await bumbleButton.click();
Build, Lint & Test	UNKNOWN STEP	2025-12-27T20:15:12.8229480Z           |                        ^
Build, Lint & Test	UNKNOWN STEP	2025-12-27T20:15:12.8229650Z       106 |
Build, Lint & Test	UNKNOWN STEP	2025-12-27T20:15:12.8229823Z       107 |     // Click "COMMENCE OPERATION" on the briefing screen
Build, Lint & Test	UNKNOWN STEP	2025-12-27T20:15:12.8230059Z       108 |     await page.getByRole('button', { name: /COMMENCE OPERATION/i }).click();
Build, Lint & Test	UNKNOWN STEP	2025-12-27T20:15:12.8230437Z         at /home/runner/work/protocol-silent-night/protocol-silent-night/e2e/visual-regression.spec.ts:105:24
Build, Lint & Test	UNKNOWN STEP	2025-12-27T20:15:12.8230445Z 
Build, Lint & Test	UNKNOWN STEP	2025-12-27T20:15:12.8230917Z     Error Context: test-results/visual-regression-Visual-R-2fad1-r-Bumble-gameplay-correctly-chromium-retry2/error-context.md
Build, Lint & Test	UNKNOWN STEP	2025-12-27T20:15:12.8230928Z 
Build, Lint & Test	UNKNOWN STEP	2025-12-27T20:15:12.8231455Z   49) [chromium] › e2e/visual-regression.spec.ts:121:3 › Visual Regression - HUD Elements › should render HUD correctly during gameplay 
Build, Lint & Test	UNKNOWN STEP	2025-12-27T20:15:12.8231462Z 
Build, Lint & Test	UNKNOWN STEP	2025-12-27T20:15:12.8231626Z     TimeoutError: locator.click: Timeout 10000ms exceeded.
Build, Lint & Test	UNKNOWN STEP	2025-12-27T20:15:12.8231703Z     Call log:
Build, Lint & Test	UNKNOWN STEP	2025-12-27T20:15:12.8231953Z     [2m  - waiting for getByRole('button', { name: /MECHA-SANTA/ })[22m
Build, Lint & Test	UNKNOWN STEP	2025-12-27T20:15:12.8232297Z     [2m    - locator resolved to <button type="button" class="_classCard_1nl30_56">…</button>[22m
Build, Lint & Test	UNKNOWN STEP	2025-12-27T20:15:12.8232450Z     [2m  - attempting click action[22m
Build, Lint & Test	UNKNOWN STEP	2025-12-27T20:15:12.8232694Z     [2m    - waiting for element to be visible, enabled and stable[22m
Build, Lint & Test	UNKNOWN STEP	2025-12-27T20:15:12.8232701Z 
Build, Lint & Test	UNKNOWN STEP	2025-12-27T20:15:12.8232706Z 
Build, Lint & Test	UNKNOWN STEP	2025-12-27T20:15:12.8232774Z       124 |     
Build, Lint & Test	UNKNOWN STEP	2025-12-27T20:15:12.8233016Z       125 |     const santaButton = page.getByRole('button', { name: /MECHA-SANTA/ });
Build, Lint & Test	UNKNOWN STEP	2025-12-27T20:15:12.8233139Z     > 126 |     await santaButton.click();
Build, Lint & Test	UNKNOWN STEP	2025-12-27T20:15:12.8233241Z           |                       ^
Build, Lint & Test	UNKNOWN STEP	2025-12-27T20:15:12.8233371Z       127 |     await page.waitForTimeout(3000);
Build, Lint & Test	UNKNOWN STEP	2025-12-27T20:15:12.8233441Z       128 |     
Build, Lint & Test	UNKNOWN STEP	2025-12-27T20:15:12.8233547Z       129 |     // Take HUD snapshot
Build, Lint & Test	UNKNOWN STEP	2025-12-27T20:15:12.8233910Z         at /home/runner/work/protocol-silent-night/protocol-silent-night/e2e/visual-regression.spec.ts:126:23
Build, Lint & Test	UNKNOWN STEP	2025-12-27T20:15:12.8233916Z 
Build, Lint & Test	UNKNOWN STEP	2025-12-27T20:15:12.8234352Z     Error Context: test-results/visual-regression-Visual-R-311c6-D-correctly-during-gameplay-chromium/error-context.md
Build, Lint & Test	UNKNOWN STEP	2025-12-27T20:15:12.8234359Z 
Build, Lint & Test	UNKNOWN STEP	2025-12-27T20:15:12.8234660Z     Retry #1 ───────────────────────────────────────────────────────────────────────────────────────
Build, Lint & Test	UNKNOWN STEP	2025-12-27T20:15:12.8234674Z 
Build, Lint & Test	UNKNOWN STEP	2025-12-27T20:15:12.8234836Z     TimeoutError: locator.click: Timeout 10000ms exceeded.
Build, Lint & Test	UNKNOWN STEP	2025-12-27T20:15:12.8234907Z     Call log:
Build, Lint & Test	UNKNOWN STEP	2025-12-27T20:15:12.8235161Z     [2m  - waiting for getByRole('button', { name: /MECHA-SANTA/ })[22m
Build, Lint & Test	UNKNOWN STEP	2025-12-27T20:15:12.8235499Z     [2m    - locator resolved to <button type="button" class="_classCard_1nl30_56">…</button>[22m
Build, Lint & Test	UNKNOWN STEP	2025-12-27T20:15:12.8235654Z     [2m  - attempting click action[22m
Build, Lint & Test	UNKNOWN STEP	2025-12-27T20:15:12.8235891Z     [2m    - waiting for element to be visible, enabled and stable[22m
Build, Lint & Test	UNKNOWN STEP	2025-12-27T20:15:12.8236084Z     [2m    - element is visible, enabled and stable[22m
Build, Lint & Test	UNKNOWN STEP	2025-12-27T20:15:12.8236335Z     [2m    - scrolling into view if needed[22m
Build, Lint & Test	UNKNOWN STEP	2025-12-27T20:15:12.8236479Z     [2m    - done scrolling[22m
Build, Lint & Test	UNKNOWN STEP	2025-12-27T20:15:12.8236486Z 
Build, Lint & Test	UNKNOWN STEP	2025-12-27T20:15:12.8236491Z 
Build, Lint & Test	UNKNOWN STEP	2025-12-27T20:15:12.8236557Z       124 |     
Build, Lint & Test	UNKNOWN STEP	2025-12-27T20:15:12.8236797Z       125 |     const santaButton = page.getByRole('button', { name: /MECHA-SANTA/ });
Build, Lint & Test	UNKNOWN STEP	2025-12-27T20:15:12.8236913Z     > 126 |     await santaButton.click();
Build, Lint & Test	UNKNOWN STEP	2025-12-27T20:15:12.8237008Z           |                       ^
Build, Lint & Test	UNKNOWN STEP	2025-12-27T20:15:12.8237140Z       127 |     await page.waitForTimeout(3000);
Build, Lint & Test	UNKNOWN STEP	2025-12-27T20:15:12.8237287Z       128 |     
Build, Lint & Test	UNKNOWN STEP	2025-12-27T20:15:12.8237394Z       129 |     // Take HUD snapshot
Build, Lint & Test	UNKNOWN STEP	2025-12-27T20:15:12.8237759Z         at /home/runner/work/protocol-silent-night/protocol-silent-night/e2e/visual-regression.spec.ts:126:23
Build, Lint & Test	UNKNOWN STEP	2025-12-27T20:15:12.8237765Z 
Build, Lint & Test	UNKNOWN STEP	2025-12-27T20:15:12.8238336Z     Error Context: test-results/visual-regression-Visual-R-311c6-D-correctly-during-gameplay-chromium-retry1/error-context.md
Build, Lint & Test	UNKNOWN STEP	2025-12-27T20:15:12.8238344Z 
Build, Lint & Test	UNKNOWN STEP	2025-12-27T20:15:12.8238715Z     attachment #2: trace (application/zip) ─────────────────────────────────────────────────────────
Build, Lint & Test	UNKNOWN STEP	2025-12-27T20:15:12.8239104Z     test-results/visual-regression-Visual-R-311c6-D-correctly-during-gameplay-chromium-retry1/trace.zip
Build, Lint & Test	UNKNOWN STEP	2025-12-27T20:15:12.8239174Z     Usage:
Build, Lint & Test	UNKNOWN STEP	2025-12-27T20:15:12.8239181Z 
Build, Lint & Test	UNKNOWN STEP	2025-12-27T20:15:12.8239693Z         pnpm exec playwright show-trace test-results/visual-regression-Visual-R-311c6-D-correctly-during-gameplay-chromium-retry1/trace.zip
Build, Lint & Test	UNKNOWN STEP	2025-12-27T20:15:12.8239699Z 
Build, Lint & Test	UNKNOWN STEP	2025-12-27T20:15:12.8239985Z     ────────────────────────────────────────────────────────────────────────────────────────────────
Build, Lint & Test	UNKNOWN STEP	2025-12-27T20:15:12.8239999Z 
Build, Lint & Test	UNKNOWN STEP	2025-12-27T20:15:12.8240298Z     Retry #2 ───────────────────────────────────────────────────────────────────────────────────────
Build, Lint & Test	UNKNOWN STEP	2025-12-27T20:15:12.8240305Z 
Build, Lint & Test	UNKNOWN STEP	2025-12-27T20:15:12.8240478Z     TimeoutError: locator.click: Timeout 10000ms exceeded.
Build, Lint & Test	UNKNOWN STEP	2025-12-27T20:15:12.8240555Z     Call log:
Build, Lint & Test	UNKNOWN STEP	2025-12-27T20:15:12.8240818Z     [2m  - waiting for getByRole('button', { name: /MECHA-SANTA/ })[22m
Build, Lint & Test	UNKNOWN STEP	2025-12-27T20:15:12.8241155Z     [2m    - locator resolved to <button type="button" class="_classCard_1nl30_56">…</button>[22m
Build, Lint & Test	UNKNOWN STEP	2025-12-27T20:15:12.8241306Z     [2m  - attempting click action[22m
Build, Lint & Test	UNKNOWN STEP	2025-12-27T20:15:12.8241546Z     [2m    - waiting for element to be visible, enabled and stable[22m
Build, Lint & Test	UNKNOWN STEP	2025-12-27T20:15:12.8241553Z 
Build, Lint & Test	UNKNOWN STEP	2025-12-27T20:15:12.8241558Z 
Build, Lint & Test	UNKNOWN STEP	2025-12-27T20:15:12.8241625Z       124 |     
Build, Lint & Test	UNKNOWN STEP	2025-12-27T20:15:12.8241868Z       125 |     const santaButton = page.getByRole('button', { name: /MECHA-SANTA/ });
Build, Lint & Test	UNKNOWN STEP	2025-12-27T20:15:12.8241994Z     > 126 |     await santaButton.click();
Build, Lint & Test	UNKNOWN STEP	2025-12-27T20:15:12.8242093Z           |                       ^
Build, Lint & Test	UNKNOWN STEP	2025-12-27T20:15:12.8242221Z       127 |     await page.waitForTimeout(3000);
Build, Lint & Test	UNKNOWN STEP	2025-12-27T20:15:12.8242292Z       128 |     
Build, Lint & Test	UNKNOWN STEP	2025-12-27T20:15:12.8242400Z       129 |     // Take HUD snapshot
Build, Lint & Test	UNKNOWN STEP	2025-12-27T20:15:12.8242762Z         at /home/runner/work/protocol-silent-night/protocol-silent-night/e2e/visual-regression.spec.ts:126:23
Build, Lint & Test	UNKNOWN STEP	2025-12-27T20:15:12.8242775Z 
Build, Lint & Test	UNKNOWN STEP	2025-12-27T20:15:12.8243251Z     Error Context: test-results/visual-regression-Visual-R-311c6-D-correctly-during-gameplay-chromium-retry2/error-context.md
Build, Lint & Test	UNKNOWN STEP	2025-12-27T20:15:12.8243257Z 
Build, Lint & Test	UNKNOWN STEP	2025-12-27T20:15:12.8243778Z   50) [chromium] › e2e/visual-regression.spec.ts:135:3 › Visual Regression - HUD Elements › should render score and objectives correctly 
Build, Lint & Test	UNKNOWN STEP	2025-12-27T20:15:12.8243790Z 
Build, Lint & Test	UNKNOWN STEP	2025-12-27T20:15:12.8243952Z     TimeoutError: locator.click: Timeout 10000ms exceeded.
Build, Lint & Test	UNKNOWN STEP	2025-12-27T20:15:12.8244023Z     Call log:
Build, Lint & Test	UNKNOWN STEP	2025-12-27T20:15:12.8244399Z     [2m  - waiting for getByRole('button', { name: /MECHA-SANTA/ })[22m
Build, Lint & Test	UNKNOWN STEP	2025-12-27T20:15:12.8244737Z     [2m    - locator resolved to <button type="button" class="_classCard_1nl30_56">…</button>[22m
Build, Lint & Test	UNKNOWN STEP	2025-12-27T20:15:12.8244899Z     [2m  - attempting click action[22m
Build, Lint & Test	UNKNOWN STEP	2025-12-27T20:15:12.8245135Z     [2m    - waiting for element to be visible, enabled and stable[22m
Build, Lint & Test	UNKNOWN STEP	2025-12-27T20:15:12.8245142Z 
Build, Lint & Test	UNKNOWN STEP	2025-12-27T20:15:12.8245147Z 
Build, Lint & Test	UNKNOWN STEP	2025-12-27T20:15:12.8245223Z       138 |     
Build, Lint & Test	UNKNOWN STEP	2025-12-27T20:15:12.8245559Z       139 |     const santaButton = page.getByRole('button', { name: /MECHA-SANTA/ });
Build, Lint & Test	UNKNOWN STEP	2025-12-27T20:15:12.8245682Z     > 140 |     await santaButton.click();
Build, Lint & Test	UNKNOWN STEP	2025-12-27T20:15:12.8245776Z           |                       ^
Build, Lint & Test	UNKNOWN STEP	2025-12-27T20:15:12.8245910Z       141 |     await page.waitForTimeout(3000);
Build, Lint & Test	UNKNOWN STEP	2025-12-27T20:15:12.8245980Z       142 |     
Build, Lint & Test	UNKNOWN STEP	2025-12-27T20:15:12.8246115Z       143 |     // Move and fire to generate some score
Build, Lint & Test	UNKNOWN STEP	2025-12-27T20:15:12.8246515Z         at /home/runner/work/protocol-silent-night/protocol-silent-night/e2e/visual-regression.spec.ts:140:23
Build, Lint & Test	UNKNOWN STEP	2025-12-27T20:15:12.8246528Z 
Build, Lint & Test	UNKNOWN STEP	2025-12-27T20:15:12.8246889Z     attachment #1: screenshot (image/png) ──────────────────────────────────────────────────────────
Build, Lint & Test	UNKNOWN STEP	2025-12-27T20:15:12.8247278Z     test-results/visual-regression-Visual-R-24883-re-and-objectives-correctly-chromium/test-failed-1.png
Build, Lint & Test	UNKNOWN STEP	2025-12-27T20:15:12.8247577Z     ────────────────────────────────────────────────────────────────────────────────────────────────
Build, Lint & Test	UNKNOWN STEP	2025-12-27T20:15:12.8247588Z 
Build, Lint & Test	UNKNOWN STEP	2025-12-27T20:15:12.8248105Z     Error Context: test-results/visual-regression-Visual-R-24883-re-and-objectives-correctly-chromium/error-context.md
Build, Lint & Test	UNKNOWN STEP	2025-12-27T20:15:12.8248113Z 
Build, Lint & Test	UNKNOWN STEP	2025-12-27T20:15:12.8248419Z     Retry #1 ───────────────────────────────────────────────────────────────────────────────────────
Build, Lint & Test	UNKNOWN STEP	2025-12-27T20:15:12.8248426Z 
Build, Lint & Test	UNKNOWN STEP	2025-12-27T20:15:12.8248591Z     TimeoutError: locator.click: Timeout 10000ms exceeded.
Build, Lint & Test	UNKNOWN STEP	2025-12-27T20:15:12.8248665Z     Call log:
Build, Lint & Test	UNKNOWN STEP	2025-12-27T20:15:12.8248935Z     [2m  - waiting for getByRole('button', { name: /MECHA-SANTA/ })[22m
Build, Lint & Test	UNKNOWN STEP	2025-12-27T20:15:12.8249269Z     [2m    - locator resolved to <button type="button" class="_classCard_1nl30_56">…</button>[22m
Build, Lint & Test	UNKNOWN STEP	2025-12-27T20:15:12.8249427Z     [2m  - attempting click action[22m
Build, Lint & Test	UNKNOWN STEP	2025-12-27T20:15:12.8249664Z     [2m    - waiting for element to be visible, enabled and stable[22m
Build, Lint & Test	UNKNOWN STEP	2025-12-27T20:15:12.8249856Z     [2m    - element is visible, enabled and stable[22m
Build, Lint & Test	UNKNOWN STEP	2025-12-27T20:15:12.8250029Z     [2m    - scrolling into view if needed[22m
Build, Lint & Test	UNKNOWN STEP	2025-12-27T20:15:12.8250176Z     [2m    - done scrolling[22m
Build, Lint & Test	UNKNOWN STEP	2025-12-27T20:15:12.8250183Z 
Build, Lint & Test	UNKNOWN STEP	2025-12-27T20:15:12.8250188Z 
Build, Lint & Test	UNKNOWN STEP	2025-12-27T20:15:12.8250256Z       138 |     
Build, Lint & Test	UNKNOWN STEP	2025-12-27T20:15:12.8250495Z       139 |     const santaButton = page.getByRole('button', { name: /MECHA-SANTA/ });
Build, Lint & Test	UNKNOWN STEP	2025-12-27T20:15:12.8250612Z     > 140 |     await santaButton.click();
Build, Lint & Test	UNKNOWN STEP	2025-12-27T20:15:12.8250714Z           |                       ^
Build, Lint & Test	UNKNOWN STEP	2025-12-27T20:15:12.8250838Z       141 |     await page.waitForTimeout(3000);
Build, Lint & Test	UNKNOWN STEP	2025-12-27T20:15:12.8250912Z       142 |     
Build, Lint & Test	UNKNOWN STEP	2025-12-27T20:15:12.8251052Z       143 |     // Move and fire to generate some score
Build, Lint & Test	UNKNOWN STEP	2025-12-27T20:15:12.8251415Z         at /home/runner/work/protocol-silent-night/protocol-silent-night/e2e/visual-regression.spec.ts:140:23
Build, Lint & Test	UNKNOWN STEP	2025-12-27T20:15:12.8251421Z 
Build, Lint & Test	UNKNOWN STEP	2025-12-27T20:15:12.8251884Z     Error Context: test-results/visual-regression-Visual-R-24883-re-and-objectives-correctly-chromium-retry1/error-context.md
Build, Lint & Test	UNKNOWN STEP	2025-12-27T20:15:12.8252005Z 
Build, Lint & Test	UNKNOWN STEP	2025-12-27T20:15:12.8252384Z     attachment #2: trace (application/zip) ─────────────────────────────────────────────────────────
Build, Lint & Test	UNKNOWN STEP	2025-12-27T20:15:12.8252765Z     test-results/visual-regression-Visual-R-24883-re-and-objectives-correctly-chromium-retry1/trace.zip
Build, Lint & Test	UNKNOWN STEP	2025-12-27T20:15:12.8252833Z     Usage:
Build, Lint & Test	UNKNOWN STEP	2025-12-27T20:15:12.8252839Z 
Build, Lint & Test	UNKNOWN STEP	2025-12-27T20:15:12.8253349Z         pnpm exec playwright show-trace test-results/visual-regression-Visual-R-24883-re-and-objectives-correctly-chromium-retry1/trace.zip
Build, Lint & Test	UNKNOWN STEP	2025-12-27T20:15:12.8253462Z 
Build, Lint & Test	UNKNOWN STEP	2025-12-27T20:15:12.8253752Z     ────────────────────────────────────────────────────────────────────────────────────────────────
Build, Lint & Test	UNKNOWN STEP	2025-12-27T20:15:12.8253764Z 
Build, Lint & Test	UNKNOWN STEP	2025-12-27T20:15:12.8254061Z     Retry #2 ───────────────────────────────────────────────────────────────────────────────────────
Build, Lint & Test	UNKNOWN STEP	2025-12-27T20:15:12.8254068Z 
Build, Lint & Test	UNKNOWN STEP	2025-12-27T20:15:12.8254231Z     TimeoutError: locator.click: Timeout 10000ms exceeded.
Build, Lint & Test	UNKNOWN STEP	2025-12-27T20:15:12.8254307Z     Call log:
Build, Lint & Test	UNKNOWN STEP	2025-12-27T20:15:12.8254568Z     [2m  - waiting for getByRole('button', { name: /MECHA-SANTA/ })[22m
Build, Lint & Test	UNKNOWN STEP	2025-12-27T20:15:12.8254910Z     [2m    - locator resolved to <button type="button" class="_classCard_1nl30_56">…</button>[22m
Build, Lint & Test	UNKNOWN STEP	2025-12-27T20:15:12.8255063Z     [2m  - attempting click action[22m
Build, Lint & Test	UNKNOWN STEP	2025-12-27T20:15:12.8255305Z     [2m    - waiting for element to be visible, enabled and stable[22m
Build, Lint & Test	UNKNOWN STEP	2025-12-27T20:15:12.8255311Z 
Build, Lint & Test	UNKNOWN STEP	2025-12-27T20:15:12.8255316Z 
Build, Lint & Test	UNKNOWN STEP	2025-12-27T20:15:12.8255384Z       138 |     
Build, Lint & Test	UNKNOWN STEP	2025-12-27T20:15:12.8255622Z       139 |     const santaButton = page.getByRole('button', { name: /MECHA-SANTA/ });
Build, Lint & Test	UNKNOWN STEP	2025-12-27T20:15:12.8255748Z     > 140 |     await santaButton.click();
Build, Lint & Test	UNKNOWN STEP	2025-12-27T20:15:12.8255845Z           |                       ^
Build, Lint & Test	UNKNOWN STEP	2025-12-27T20:15:12.8255969Z       141 |     await page.waitForTimeout(3000);
Build, Lint & Test	UNKNOWN STEP	2025-12-27T20:15:12.8256042Z       142 |     
Build, Lint & Test	UNKNOWN STEP	2025-12-27T20:15:12.8256177Z       143 |     // Move and fire to generate some score
Build, Lint & Test	UNKNOWN STEP	2025-12-27T20:15:12.8256546Z         at /home/runner/work/protocol-silent-night/protocol-silent-night/e2e/visual-regression.spec.ts:140:23
Build, Lint & Test	UNKNOWN STEP	2025-12-27T20:15:12.8256558Z 
Build, Lint & Test	UNKNOWN STEP	2025-12-27T20:15:12.8257020Z     Error Context: test-results/visual-regression-Visual-R-24883-re-and-objectives-correctly-chromium-retry2/error-context.md
Build, Lint & Test	UNKNOWN STEP	2025-12-27T20:15:12.8257027Z 
Build, Lint & Test	UNKNOWN STEP	2025-12-27T20:15:12.8257554Z   51) [chromium] › e2e/visual-regression.spec.ts:154:3 › Visual Regression - Game Movement › should render character movement correctly 
Build, Lint & Test	UNKNOWN STEP	2025-12-27T20:15:12.8257561Z 
Build, Lint & Test	UNKNOWN STEP	2025-12-27T20:15:12.8257724Z     TimeoutError: locator.click: Timeout 10000ms exceeded.
Build, Lint & Test	UNKNOWN STEP	2025-12-27T20:15:12.8257805Z     Call log:
Build, Lint & Test	UNKNOWN STEP	2025-12-27T20:15:12.8258165Z     [2m  - waiting for getByRole('button', { name: /MECHA-SANTA/ })[22m
Build, Lint & Test	UNKNOWN STEP	2025-12-27T20:15:12.8258503Z     [2m    - locator resolved to <button type="button" class="_classCard_1nl30_56">…</button>[22m
Build, Lint & Test	UNKNOWN STEP	2025-12-27T20:15:12.8258662Z     [2m  - attempting click action[22m
Build, Lint & Test	UNKNOWN STEP	2025-12-27T20:15:12.8258898Z     [2m    - waiting for element to be visible, enabled and stable[22m
Build, Lint & Test	UNKNOWN STEP	2025-12-27T20:15:12.8258911Z 
Build, Lint & Test	UNKNOWN STEP	2025-12-27T20:15:12.8258921Z 
Build, Lint & Test	UNKNOWN STEP	2025-12-27T20:15:12.8258989Z       157 |     
Build, Lint & Test	UNKNOWN STEP	2025-12-27T20:15:12.8259225Z       158 |     const santaButton = page.getByRole('button', { name: /MECHA-SANTA/ });
Build, Lint & Test	UNKNOWN STEP	2025-12-27T20:15:12.8259347Z     > 159 |     await santaButton.click();
Build, Lint & Test	UNKNOWN STEP	2025-12-27T20:15:12.8259440Z           |                       ^
Build, Lint & Test	UNKNOWN STEP	2025-12-27T20:15:12.8259575Z       160 |     await page.waitForTimeout(3000);
Build, Lint & Test	UNKNOWN STEP	2025-12-27T20:15:12.8259645Z       161 |     
Build, Lint & Test	UNKNOWN STEP	2025-12-27T20:15:12.8259750Z       162 |     // Move character
Build, Lint & Test	UNKNOWN STEP	2025-12-27T20:15:12.8260238Z         at /home/runner/work/protocol-silent-night/protocol-silent-night/e2e/visual-regression.spec.ts:159:23
Build, Lint & Test	UNKNOWN STEP	2025-12-27T20:15:12.8260244Z 
Build, Lint & Test	UNKNOWN STEP	2025-12-27T20:15:12.8260604Z     attachment #1: screenshot (image/png) ──────────────────────────────────────────────────────────
Build, Lint & Test	UNKNOWN STEP	2025-12-27T20:15:12.8260993Z     test-results/visual-regression-Visual-R-57b8b-haracter-movement-correctly-chromium/test-failed-1.png
Build, Lint & Test	UNKNOWN STEP	2025-12-27T20:15:12.8261392Z     ────────────────────────────────────────────────────────────────────────────────────────────────
Build, Lint & Test	UNKNOWN STEP	2025-12-27T20:15:12.8261399Z 
Build, Lint & Test	UNKNOWN STEP	2025-12-27T20:15:12.8261830Z     Error Context: test-results/visual-regression-Visual-R-57b8b-haracter-movement-correctly-chromium/error-context.md
Build, Lint & Test	UNKNOWN STEP	2025-12-27T20:15:12.8261837Z 
Build, Lint & Test	UNKNOWN STEP	2025-12-27T20:15:12.8262142Z     Retry #1 ───────────────────────────────────────────────────────────────────────────────────────
Build, Lint & Test	UNKNOWN STEP	2025-12-27T20:15:12.8262149Z 
Build, Lint & Test	UNKNOWN STEP	2025-12-27T20:15:12.8262312Z     TimeoutError: locator.click: Timeout 10000ms exceeded.
Build, Lint & Test	UNKNOWN STEP	2025-12-27T20:15:12.8262404Z     Call log:
Build, Lint & Test	UNKNOWN STEP	2025-12-27T20:15:12.8262656Z     [2m  - waiting for getByRole('button', { name: /MECHA-SANTA/ })[22m
Build, Lint & Test	UNKNOWN STEP	2025-12-27T20:15:12.8262994Z     [2m    - locator resolved to <button type="button" class="_classCard_1nl30_56">…</button>[22m
Build, Lint & Test	UNKNOWN STEP	2025-12-27T20:15:12.8263145Z     [2m  - attempting click action[22m
Build, Lint & Test	UNKNOWN STEP	2025-12-27T20:15:12.8263380Z     [2m    - waiting for element to be visible, enabled and stable[22m
Build, Lint & Test	UNKNOWN STEP	2025-12-27T20:15:12.8263584Z     [2m    - element is visible, enabled and stable[22m
Build, Lint & Test	UNKNOWN STEP	2025-12-27T20:15:12.8263747Z     [2m    - scrolling into view if needed[22m
Build, Lint & Test	UNKNOWN STEP	2025-12-27T20:15:12.8263889Z     [2m    - done scrolling[22m
Build, Lint & Test	UNKNOWN STEP	2025-12-27T20:15:12.8263896Z 
Build, Lint & Test	UNKNOWN STEP	2025-12-27T20:15:12.8263901Z 
Build, Lint & Test	UNKNOWN STEP	2025-12-27T20:15:12.8263967Z       157 |     
Build, Lint & Test	UNKNOWN STEP	2025-12-27T20:15:12.8264206Z       158 |     const santaButton = page.getByRole('button', { name: /MECHA-SANTA/ });
Build, Lint & Test	UNKNOWN STEP	2025-12-27T20:15:12.8264321Z     > 159 |     await santaButton.click();
Build, Lint & Test	UNKNOWN STEP	2025-12-27T20:15:12.8264419Z           |                       ^
Build, Lint & Test	UNKNOWN STEP	2025-12-27T20:15:12.8264550Z       160 |     await page.waitForTimeout(3000);
Build, Lint & Test	UNKNOWN STEP	2025-12-27T20:15:12.8264624Z       161 |     
Build, Lint & Test	UNKNOWN STEP	2025-12-27T20:15:12.8264721Z       162 |     // Move character
Build, Lint & Test	UNKNOWN STEP	2025-12-27T20:15:12.8265087Z         at /home/runner/work/protocol-silent-night/protocol-silent-night/e2e/visual-regression.spec.ts:159:23
Build, Lint & Test	UNKNOWN STEP	2025-12-27T20:15:12.8265099Z 
Build, Lint & Test	UNKNOWN STEP	2025-12-27T20:15:12.8265568Z     Error Context: test-results/visual-regression-Visual-R-57b8b-haracter-movement-correctly-chromium-retry1/error-context.md
Build, Lint & Test	UNKNOWN STEP	2025-12-27T20:15:12.8265575Z 
Build, Lint & Test	UNKNOWN STEP	2025-12-27T20:15:12.8265939Z     attachment #2: trace (application/zip) ─────────────────────────────────────────────────────────
Build, Lint & Test	UNKNOWN STEP	2025-12-27T20:15:12.8266324Z     test-results/visual-regression-Visual-R-57b8b-haracter-movement-correctly-chromium-retry1/trace.zip
Build, Lint & Test	UNKNOWN STEP	2025-12-27T20:15:12.8266394Z     Usage:
Build, Lint & Test	UNKNOWN STEP	2025-12-27T20:15:12.8266405Z 
Build, Lint & Test	UNKNOWN STEP	2025-12-27T20:15:12.8266915Z         pnpm exec playwright show-trace test-results/visual-regression-Visual-R-57b8b-haracter-movement-correctly-chromium-retry1/trace.zip
Build, Lint & Test	UNKNOWN STEP	2025-12-27T20:15:12.8266928Z 
Build, Lint & Test	UNKNOWN STEP	2025-12-27T20:15:12.8267218Z     ────────────────────────────────────────────────────────────────────────────────────────────────
Build, Lint & Test	UNKNOWN STEP	2025-12-27T20:15:12.8267225Z 
Build, Lint & Test	UNKNOWN STEP	2025-12-27T20:15:12.8267524Z     Retry #2 ───────────────────────────────────────────────────────────────────────────────────────
Build, Lint & Test	UNKNOWN STEP	2025-12-27T20:15:12.8267531Z 
Build, Lint & Test	UNKNOWN STEP	2025-12-27T20:15:12.8267697Z     TimeoutError: locator.click: Timeout 10000ms exceeded.
Build, Lint & Test	UNKNOWN STEP	2025-12-27T20:15:12.8267860Z     Call log:
Build, Lint & Test	UNKNOWN STEP	2025-12-27T20:15:12.8268220Z     [2m  - waiting for getByRole('button', { name: /MECHA-SANTA/ })[22m
Build, Lint & Test	UNKNOWN STEP	2025-12-27T20:15:12.8268562Z     [2m    - locator resolved to <button type="button" class="_classCard_1nl30_56">…</button>[22m
Build, Lint & Test	UNKNOWN STEP	2025-12-27T20:15:12.8268713Z     [2m  - attempting click action[22m
Build, Lint & Test	UNKNOWN STEP	2025-12-27T20:15:12.8268956Z     [2m    - waiting for element to be visible, enabled and stable[22m
Build, Lint & Test	UNKNOWN STEP	2025-12-27T20:15:12.8268964Z 
Build, Lint & Test	UNKNOWN STEP	2025-12-27T20:15:12.8268969Z 
Build, Lint & Test	UNKNOWN STEP	2025-12-27T20:15:12.8269037Z       157 |     
Build, Lint & Test	UNKNOWN STEP	2025-12-27T20:15:12.8269400Z       158 |     const santaButton = page.getByRole('button', { name: /MECHA-SANTA/ });
Build, Lint & Test	UNKNOWN STEP	2025-12-27T20:15:12.8269516Z     > 159 |     await santaButton.click();
Build, Lint & Test	UNKNOWN STEP	2025-12-27T20:15:12.8269615Z           |                       ^
Build, Lint & Test	UNKNOWN STEP	2025-12-27T20:15:12.8269741Z       160 |     await page.waitForTimeout(3000);
Build, Lint & Test	UNKNOWN STEP	2025-12-27T20:15:12.8269815Z       161 |     
Build, Lint & Test	UNKNOWN STEP	2025-12-27T20:15:12.8269911Z       162 |     // Move character
Build, Lint & Test	UNKNOWN STEP	2025-12-27T20:15:12.8270288Z         at /home/runner/work/protocol-silent-night/protocol-silent-night/e2e/visual-regression.spec.ts:159:23
Build, Lint & Test	UNKNOWN STEP	2025-12-27T20:15:12.8270295Z 
Build, Lint & Test	UNKNOWN STEP	2025-12-27T20:15:12.8270761Z     Error Context: test-results/visual-regression-Visual-R-57b8b-haracter-movement-correctly-chromium-retry2/error-context.md
Build, Lint & Test	UNKNOWN STEP	2025-12-27T20:15:12.8270768Z 
Build, Lint & Test	UNKNOWN STEP	2025-12-27T20:15:12.8271289Z   52) [chromium] › e2e/visual-regression.spec.ts:172:3 › Visual Regression - Game Movement › should render firing animation correctly 
Build, Lint & Test	UNKNOWN STEP	2025-12-27T20:15:12.8271297Z 
Build, Lint & Test	UNKNOWN STEP	2025-12-27T20:15:12.8271463Z     TimeoutError: locator.click: Timeout 10000ms exceeded.
Build, Lint & Test	UNKNOWN STEP	2025-12-27T20:15:12.8271547Z     Call log:
Build, Lint & Test	UNKNOWN STEP	2025-12-27T20:15:12.8271795Z     [2m  - waiting for getByRole('button', { name: /MECHA-SANTA/ })[22m
Build, Lint & Test	UNKNOWN STEP	2025-12-27T20:15:12.8272134Z     [2m    - locator resolved to <button type="button" class="_classCard_1nl30_56">…</button>[22m
Build, Lint & Test	UNKNOWN STEP	2025-12-27T20:15:12.8272285Z     [2m  - attempting click action[22m
Build, Lint & Test	UNKNOWN STEP	2025-12-27T20:15:12.8272522Z     [2m    - waiting for element to be visible, enabled and stable[22m
Build, Lint & Test	UNKNOWN STEP	2025-12-27T20:15:12.8272539Z 
Build, Lint & Test	UNKNOWN STEP	2025-12-27T20:15:12.8272544Z 
Build, Lint & Test	UNKNOWN STEP	2025-12-27T20:15:12.8272613Z       175 |     
Build, Lint & Test	UNKNOWN STEP	2025-12-27T20:15:12.8272851Z       176 |     const santaButton = page.getByRole('button', { name: /MECHA-SANTA/ });
Build, Lint & Test	UNKNOWN STEP	2025-12-27T20:15:12.8272972Z     > 177 |     await santaButton.click();
Build, Lint & Test	UNKNOWN STEP	2025-12-27T20:15:12.8273065Z           |                       ^
Build, Lint & Test	UNKNOWN STEP	2025-12-27T20:15:12.8273195Z       178 |     await page.waitForTimeout(3000);
Build, Lint & Test	UNKNOWN STEP	2025-12-27T20:15:12.8273265Z       179 |     
Build, Lint & Test	UNKNOWN STEP	2025-12-27T20:15:12.8273367Z       180 |     // Fire weapon
Build, Lint & Test	UNKNOWN STEP	2025-12-27T20:15:12.8273734Z         at /home/runner/work/protocol-silent-night/protocol-silent-night/e2e/visual-regression.spec.ts:177:23
Build, Lint & Test	UNKNOWN STEP	2025-12-27T20:15:12.8273740Z 
Build, Lint & Test	UNKNOWN STEP	2025-12-27T20:15:12.8274173Z     Error Context: test-results/visual-regression-Visual-R-77f3d--firing-animation-correctly-chromium/error-context.md
Build, Lint & Test	UNKNOWN STEP	2025-12-27T20:15:12.8274179Z 
Build, Lint & Test	UNKNOWN STEP	2025-12-27T20:15:12.8274482Z     Retry #1 ───────────────────────────────────────────────────────────────────────────────────────
Build, Lint & Test	UNKNOWN STEP	2025-12-27T20:15:12.8274495Z 
Build, Lint & Test	UNKNOWN STEP	2025-12-27T20:15:12.8274661Z     TimeoutError: locator.click: Timeout 10000ms exceeded.
Build, Lint & Test	UNKNOWN STEP	2025-12-27T20:15:12.8274731Z     Call log:
Build, Lint & Test	UNKNOWN STEP	2025-12-27T20:15:12.8274982Z     [2m  - waiting for getByRole('button', { name: /MECHA-SANTA/ })[22m
Build, Lint & Test	UNKNOWN STEP	2025-12-27T20:15:12.8275313Z     [2m    - locator resolved to <button type="button" class="_classCard_1nl30_56">…</button>[22m
Build, Lint & Test	UNKNOWN STEP	2025-12-27T20:15:12.8275466Z     [2m  - attempting click action[22m
Build, Lint & Test	UNKNOWN STEP	2025-12-27T20:15:12.8275702Z     [2m    - waiting for element to be visible, enabled and stable[22m
Build, Lint & Test	UNKNOWN STEP	2025-12-27T20:15:12.8275979Z     [2m    - element is visible, enabled and stable[22m
Build, Lint & Test	UNKNOWN STEP	2025-12-27T20:15:12.8276148Z     [2m    - scrolling into view if needed[22m
Build, Lint & Test	UNKNOWN STEP	2025-12-27T20:15:12.8276282Z     [2m    - done scrolling[22m
Build, Lint & Test	UNKNOWN STEP	2025-12-27T20:15:12.8276289Z 
Build, Lint & Test	UNKNOWN STEP	2025-12-27T20:15:12.8276294Z 
Build, Lint & Test	UNKNOWN STEP	2025-12-27T20:15:12.8276365Z       175 |     
Build, Lint & Test	UNKNOWN STEP	2025-12-27T20:15:12.8276597Z       176 |     const santaButton = page.getByRole('button', { name: /MECHA-SANTA/ });
Build, Lint & Test	UNKNOWN STEP	2025-12-27T20:15:12.8276822Z     > 177 |     await santaButton.click();
Build, Lint & Test	UNKNOWN STEP	2025-12-27T20:15:12.8276919Z           |                       ^
Build, Lint & Test	UNKNOWN STEP	2025-12-27T20:15:12.8277050Z       178 |     await page.waitForTimeout(3000);
Build, Lint & Test	UNKNOWN STEP	2025-12-27T20:15:12.8277119Z       179 |     
Build, Lint & Test	UNKNOWN STEP	2025-12-27T20:15:12.8277221Z       180 |     // Fire weapon
Build, Lint & Test	UNKNOWN STEP	2025-12-27T20:15:12.8277587Z         at /home/runner/work/protocol-silent-night/protocol-silent-night/e2e/visual-regression.spec.ts:177:23
Build, Lint & Test	UNKNOWN STEP	2025-12-27T20:15:12.8277594Z 
Build, Lint & Test	UNKNOWN STEP	2025-12-27T20:15:12.8278058Z     attachment #1: screenshot (image/png) ──────────────────────────────────────────────────────────
Build, Lint & Test	UNKNOWN STEP	2025-12-27T20:15:12.8278490Z     test-results/visual-regression-Visual-R-77f3d--firing-animation-correctly-chromium-retry1/test-failed-1.png
Build, Lint & Test	UNKNOWN STEP	2025-12-27T20:15:12.8278785Z     ────────────────────────────────────────────────────────────────────────────────────────────────
Build, Lint & Test	UNKNOWN STEP	2025-12-27T20:15:12.8278792Z 
Build, Lint & Test	UNKNOWN STEP	2025-12-27T20:15:12.8279266Z     Error Context: test-results/visual-regression-Visual-R-77f3d--firing-animation-correctly-chromium-retry1/error-context.md
Build, Lint & Test	UNKNOWN STEP	2025-12-27T20:15:12.8279272Z 
Build, Lint & Test	UNKNOWN STEP	2025-12-27T20:15:12.8279632Z     attachment #3: trace (application/zip) ─────────────────────────────────────────────────────────
Build, Lint & Test	UNKNOWN STEP	2025-12-27T20:15:12.8280013Z     test-results/visual-regression-Visual-R-77f3d--firing-animation-correctly-chromium-retry1/trace.zip
Build, Lint & Test	UNKNOWN STEP	2025-12-27T20:15:12.8280085Z     Usage:
Build, Lint & Test	UNKNOWN STEP	2025-12-27T20:15:12.8280092Z 
Build, Lint & Test	UNKNOWN STEP	2025-12-27T20:15:12.8280597Z         pnpm exec playwright show-trace test-results/visual-regression-Visual-R-77f3d--firing-animation-correctly-chromium-retry1/trace.zip
Build, Lint & Test	UNKNOWN STEP	2025-12-27T20:15:12.8280616Z 
Build, Lint & Test	UNKNOWN STEP	2025-12-27T20:15:12.8280905Z     ────────────────────────────────────────────────────────────────────────────────────────────────
Build, Lint & Test	UNKNOWN STEP	2025-12-27T20:15:12.8280912Z 
Build, Lint & Test	UNKNOWN STEP	2025-12-27T20:15:12.8281208Z     Retry #2 ───────────────────────────────────────────────────────────────────────────────────────
Build, Lint & Test	UNKNOWN STEP	2025-12-27T20:15:12.8281215Z 
Build, Lint & Test	UNKNOWN STEP	2025-12-27T20:15:12.8281381Z     TimeoutError: locator.click: Timeout 10000ms exceeded.
Build, Lint & Test	UNKNOWN STEP	2025-12-27T20:15:12.8281465Z     Call log:
Build, Lint & Test	UNKNOWN STEP	2025-12-27T20:15:12.8281720Z     [2m  - waiting for getByRole('button', { name: /MECHA-SANTA/ })[22m
Build, Lint & Test	UNKNOWN STEP	2025-12-27T20:15:12.8282055Z     [2m    - locator resolved to <button type="button" class="_classCard_1nl30_56">…</button>[22m
Build, Lint & Test	UNKNOWN STEP	2025-12-27T20:15:12.8282206Z     [2m  - attempting click action[22m
Build, Lint & Test	UNKNOWN STEP	2025-12-27T20:15:12.8282448Z     [2m    - waiting for element to be visible, enabled and stable[22m
Build, Lint & Test	UNKNOWN STEP	2025-12-27T20:15:12.8282454Z 
Build, Lint & Test	UNKNOWN STEP	2025-12-27T20:15:12.8282459Z 
Build, Lint & Test	UNKNOWN STEP	2025-12-27T20:15:12.8282526Z       175 |     
Build, Lint & Test	UNKNOWN STEP	2025-12-27T20:15:12.8282940Z       176 |     const santaButton = page.getByRole('button', { name: /MECHA-SANTA/ });
Build, Lint & Test	UNKNOWN STEP	2025-12-27T20:15:12.8283056Z     > 177 |     await santaButton.click();
Build, Lint & Test	UNKNOWN STEP	2025-12-27T20:15:12.8283155Z           |                       ^
Build, Lint & Test	UNKNOWN STEP	2025-12-27T20:15:12.8283283Z       178 |     await page.waitForTimeout(3000);
Build, Lint & Test	UNKNOWN STEP	2025-12-27T20:15:12.8283359Z       179 |     
Build, Lint & Test	UNKNOWN STEP	2025-12-27T20:15:12.8283462Z       180 |     // Fire weapon
Build, Lint & Test	UNKNOWN STEP	2025-12-27T20:15:12.8283940Z         at /home/runner/work/protocol-silent-night/protocol-silent-night/e2e/visual-regression.spec.ts:177:23
Build, Lint & Test	UNKNOWN STEP	2025-12-27T20:15:12.8283948Z 
Build, Lint & Test	UNKNOWN STEP	2025-12-27T20:15:12.8284329Z     attachment #1: screenshot (image/png) ──────────────────────────────────────────────────────────
Build, Lint & Test	UNKNOWN STEP	2025-12-27T20:15:12.8284761Z     test-results/visual-regression-Visual-R-77f3d--firing-animation-correctly-chromium-retry2/test-failed-1.png
Build, Lint & Test	UNKNOWN STEP	2025-12-27T20:15:12.8285049Z     ────────────────────────────────────────────────────────────────────────────────────────────────
Build, Lint & Test	UNKNOWN STEP	2025-12-27T20:15:12.8285065Z 
Build, Lint & Test	UNKNOWN STEP	2025-12-27T20:15:12.8285536Z     Error Context: test-results/visual-regression-Visual-R-77f3d--firing-animation-correctly-chromium-retry2/error-context.md
Build, Lint & Test	UNKNOWN STEP	2025-12-27T20:15:12.8285543Z 
Build, Lint & Test	UNKNOWN STEP	2025-12-27T20:15:12.8286039Z   53) [chromium] › e2e/visual-regression.spec.ts:191:3 › Visual Regression - Combat Scenarios › should render combat with enemies 
Build, Lint & Test	UNKNOWN STEP	2025-12-27T20:15:12.8286046Z 
Build, Lint & Test	UNKNOWN STEP	2025-12-27T20:15:12.8286216Z     TimeoutError: locator.click: Timeout 10000ms exceeded.
Build, Lint & Test	UNKNOWN STEP	2025-12-27T20:15:12.8286300Z     Call log:
Build, Lint & Test	UNKNOWN STEP	2025-12-27T20:15:12.8286558Z     [2m  - waiting for getByRole('button', { name: /MECHA-SANTA/ })[22m
Build, Lint & Test	UNKNOWN STEP	2025-12-27T20:15:12.8286892Z     [2m    - locator resolved to <button type="button" class="_classCard_1nl30_56">…</button>[22m
Build, Lint & Test	UNKNOWN STEP	2025-12-27T20:15:12.8292444Z     [2m  - attempting click action[22m
Build, Lint & Test	UNKNOWN STEP	2025-12-27T20:15:12.8292765Z     [2m    - waiting for element to be visible, enabled and stable[22m
Build, Lint & Test	UNKNOWN STEP	2025-12-27T20:15:12.8292775Z 
Build, Lint & Test	UNKNOWN STEP	2025-12-27T20:15:12.8292780Z 
Build, Lint & Test	UNKNOWN STEP	2025-12-27T20:15:12.8292859Z       194 |     
Build, Lint & Test	UNKNOWN STEP	2025-12-27T20:15:12.8293131Z       195 |     const santaButton = page.getByRole('button', { name: /MECHA-SANTA/ });
Build, Lint & Test	UNKNOWN STEP	2025-12-27T20:15:12.8293261Z     > 196 |     await santaButton.click();
Build, Lint & Test	UNKNOWN STEP	2025-12-27T20:15:12.8293361Z           |                       ^
Build, Lint & Test	UNKNOWN STEP	2025-12-27T20:15:12.8293500Z       197 |     await page.waitForTimeout(5000);
Build, Lint & Test	UNKNOWN STEP	2025-12-27T20:15:12.8293570Z       198 |     
Build, Lint & Test	UNKNOWN STEP	2025-12-27T20:15:12.8293717Z       199 |     // Wait for enemies to spawn and engage
Build, Lint & Test	UNKNOWN STEP	2025-12-27T20:15:12.8294108Z         at /home/runner/work/protocol-silent-night/protocol-silent-night/e2e/visual-regression.spec.ts:196:23
Build, Lint & Test	UNKNOWN STEP	2025-12-27T20:15:12.8294115Z 
Build, Lint & Test	UNKNOWN STEP	2025-12-27T20:15:12.8294558Z     Error Context: test-results/visual-regression-Visual-R-779cd--render-combat-with-enemies-chromium/error-context.md
Build, Lint & Test	UNKNOWN STEP	2025-12-27T20:15:12.8294565Z 
Build, Lint & Test	UNKNOWN STEP	2025-12-27T20:15:12.8294879Z     Retry #1 ───────────────────────────────────────────────────────────────────────────────────────
Build, Lint & Test	UNKNOWN STEP	2025-12-27T20:15:12.8294886Z 
Build, Lint & Test	UNKNOWN STEP	2025-12-27T20:15:12.8295062Z     TimeoutError: locator.click: Timeout 10000ms exceeded.
Build, Lint & Test	UNKNOWN STEP	2025-12-27T20:15:12.8295145Z     Call log:
Build, Lint & Test	UNKNOWN STEP	2025-12-27T20:15:12.8295410Z     [2m  - waiting for getByRole('button', { name: /MECHA-SANTA/ })[22m
Build, Lint & Test	UNKNOWN STEP	2025-12-27T20:15:12.8295767Z     [2m    - locator resolved to <button type="button" class="_classCard_1nl30_56">…</button>[22m
Build, Lint & Test	UNKNOWN STEP	2025-12-27T20:15:12.8295922Z     [2m  - attempting click action[22m
Build, Lint & Test	UNKNOWN STEP	2025-12-27T20:15:12.8296169Z     [2m    - waiting for element to be visible, enabled and stable[22m
Build, Lint & Test	UNKNOWN STEP	2025-12-27T20:15:12.8296521Z     [2m    - element is visible, enabled and stable[22m
Build, Lint & Test	UNKNOWN STEP	2025-12-27T20:15:12.8296703Z     [2m    - scrolling into view if needed[22m
Build, Lint & Test	UNKNOWN STEP	2025-12-27T20:15:12.8296840Z     [2m    - done scrolling[22m
Build, Lint & Test	UNKNOWN STEP	2025-12-27T20:15:12.8296847Z 
Build, Lint & Test	UNKNOWN STEP	2025-12-27T20:15:12.8296852Z 
Build, Lint & Test	UNKNOWN STEP	2025-12-27T20:15:12.8296929Z       194 |     
Build, Lint & Test	UNKNOWN STEP	2025-12-27T20:15:12.8297172Z       195 |     const santaButton = page.getByRole('button', { name: /MECHA-SANTA/ });
Build, Lint & Test	UNKNOWN STEP	2025-12-27T20:15:12.8297293Z     > 196 |     await santaButton.click();
Build, Lint & Test	UNKNOWN STEP	2025-12-27T20:15:12.8297521Z           |                       ^
Build, Lint & Test	UNKNOWN STEP	2025-12-27T20:15:12.8297653Z       197 |     await page.waitForTimeout(5000);
Build, Lint & Test	UNKNOWN STEP	2025-12-27T20:15:12.8297723Z       198 |     
Build, Lint & Test	UNKNOWN STEP	2025-12-27T20:15:12.8297859Z       199 |     // Wait for enemies to spawn and engage
Build, Lint & Test	UNKNOWN STEP	2025-12-27T20:15:12.8298414Z         at /home/runner/work/protocol-silent-night/protocol-silent-night/e2e/visual-regression.spec.ts:196:23
Build, Lint & Test	UNKNOWN STEP	2025-12-27T20:15:12.8298422Z 
Build, Lint & Test	UNKNOWN STEP	2025-12-27T20:15:12.8298900Z     Error Context: test-results/visual-regression-Visual-R-779cd--render-combat-with-enemies-chromium-retry1/error-context.md
Build, Lint & Test	UNKNOWN STEP	2025-12-27T20:15:12.8298913Z 
Build, Lint & Test	UNKNOWN STEP	2025-12-27T20:15:12.8299286Z     attachment #2: trace (application/zip) ─────────────────────────────────────────────────────────
Build, Lint & Test	UNKNOWN STEP	2025-12-27T20:15:12.8299668Z     test-results/visual-regression-Visual-R-779cd--render-combat-with-enemies-chromium-retry1/trace.zip
Build, Lint & Test	UNKNOWN STEP	2025-12-27T20:15:12.8299744Z     Usage:
Build, Lint & Test	UNKNOWN STEP	2025-12-27T20:15:12.8299751Z 
Build, Lint & Test	UNKNOWN STEP	2025-12-27T20:15:12.8300253Z         pnpm exec playwright show-trace test-results/visual-regression-Visual-R-779cd--render-combat-with-enemies-chromium-retry1/trace.zip
Build, Lint & Test	UNKNOWN STEP	2025-12-27T20:15:12.8300271Z 
Build, Lint & Test	UNKNOWN STEP	2025-12-27T20:15:12.8300561Z     ────────────────────────────────────────────────────────────────────────────────────────────────
Build, Lint & Test	UNKNOWN STEP	2025-12-27T20:15:12.8300568Z 
Build, Lint & Test	UNKNOWN STEP	2025-12-27T20:15:12.8300869Z     Retry #2 ───────────────────────────────────────────────────────────────────────────────────────
Build, Lint & Test	UNKNOWN STEP	2025-12-27T20:15:12.8300876Z 
Build, Lint & Test	UNKNOWN STEP	2025-12-27T20:15:12.8301059Z     TimeoutError: locator.click: Timeout 10000ms exceeded.
Build, Lint & Test	UNKNOWN STEP	2025-12-27T20:15:12.8301133Z     Call log:
Build, Lint & Test	UNKNOWN STEP	2025-12-27T20:15:12.8301398Z     [2m  - waiting for getByRole('button', { name: /MECHA-SANTA/ })[22m
Build, Lint & Test	UNKNOWN STEP	2025-12-27T20:15:12.8301736Z     [2m    - locator resolved to <button type="button" class="_classCard_1nl30_56">…</button>[22m
Build, Lint & Test	UNKNOWN STEP	2025-12-27T20:15:12.8301898Z     [2m  - attempting click action[22m
Build, Lint & Test	UNKNOWN STEP	2025-12-27T20:15:12.8302136Z     [2m    - waiting for element to be visible, enabled and stable[22m
Build, Lint & Test	UNKNOWN STEP	2025-12-27T20:15:12.8302143Z 
Build, Lint & Test	UNKNOWN STEP	2025-12-27T20:15:12.8302159Z 
Build, Lint & Test	UNKNOWN STEP	2025-12-27T20:15:12.8302231Z       194 |     
Build, Lint & Test	UNKNOWN STEP	2025-12-27T20:15:12.8302469Z       195 |     const santaButton = page.getByRole('button', { name: /MECHA-SANTA/ });
Build, Lint & Test	UNKNOWN STEP	2025-12-27T20:15:12.8302591Z     > 196 |     await santaButton.click();
Build, Lint & Test	UNKNOWN STEP	2025-12-27T20:15:12.8302689Z           |                       ^
Build, Lint & Test	UNKNOWN STEP	2025-12-27T20:15:12.8302826Z       197 |     await page.waitForTimeout(5000);
Build, Lint & Test	UNKNOWN STEP	2025-12-27T20:15:12.8302895Z       198 |     
Build, Lint & Test	UNKNOWN STEP	2025-12-27T20:15:12.8303039Z       199 |     // Wait for enemies to spawn and engage
Build, Lint & Test	UNKNOWN STEP	2025-12-27T20:15:12.8303405Z         at /home/runner/work/protocol-silent-night/protocol-silent-night/e2e/visual-regression.spec.ts:196:23
Build, Lint & Test	UNKNOWN STEP	2025-12-27T20:15:12.8303412Z 
Build, Lint & Test	UNKNOWN STEP	2025-12-27T20:15:12.8303771Z     attachment #1: screenshot (image/png) ──────────────────────────────────────────────────────────
Build, Lint & Test	UNKNOWN STEP	2025-12-27T20:15:12.8304191Z     test-results/visual-regression-Visual-R-779cd--render-combat-with-enemies-chromium-retry2/test-failed-1.png
Build, Lint & Test	UNKNOWN STEP	2025-12-27T20:15:12.8304483Z     ────────────────────────────────────────────────────────────────────────────────────────────────
Build, Lint & Test	UNKNOWN STEP	2025-12-27T20:15:12.8304619Z 
Build, Lint & Test	UNKNOWN STEP	2025-12-27T20:15:12.8305087Z     Error Context: test-results/visual-regression-Visual-R-779cd--render-combat-with-enemies-chromium-retry2/error-context.md
Build, Lint & Test	UNKNOWN STEP	2025-12-27T20:15:12.8305093Z 
Build, Lint & Test	UNKNOWN STEP	2025-12-27T20:15:12.8305608Z   54) [chromium] › e2e/visual-regression.spec.ts:209:3 › Visual Regression - Combat Scenarios › should render player taking damage 
Build, Lint & Test	UNKNOWN STEP	2025-12-27T20:15:12.8305615Z 
Build, Lint & Test	UNKNOWN STEP	2025-12-27T20:15:12.8305897Z     TimeoutError: locator.click: Timeout 10000ms exceeded.
Build, Lint & Test	UNKNOWN STEP	2025-12-27T20:15:12.8305980Z     Call log:
Build, Lint & Test	UNKNOWN STEP	2025-12-27T20:15:12.8306238Z     [2m  - waiting for getByRole('button', { name: /CYBER-ELF/ })[22m
Build, Lint & Test	UNKNOWN STEP	2025-12-27T20:15:12.8306583Z     [2m    - locator resolved to <button type="button" class="_classCard_1nl30_56">…</button>[22m
Build, Lint & Test	UNKNOWN STEP	2025-12-27T20:15:12.8306738Z     [2m  - attempting click action[22m
Build, Lint & Test	UNKNOWN STEP	2025-12-27T20:15:12.8306979Z     [2m    - waiting for element to be visible, enabled and stable[22m
Build, Lint & Test	UNKNOWN STEP	2025-12-27T20:15:12.8307000Z 
Build, Lint & Test	UNKNOWN STEP	2025-12-27T20:15:12.8307005Z 
Build, Lint & Test	UNKNOWN STEP	2025-12-27T20:15:12.8307073Z       212 |     
Build, Lint & Test	UNKNOWN STEP	2025-12-27T20:15:12.8307301Z       213 |     const elfButton = page.getByRole('button', { name: /CYBER-ELF/ });
Build, Lint & Test	UNKNOWN STEP	2025-12-27T20:15:12.8307416Z     > 214 |     await elfButton.click();
Build, Lint & Test	UNKNOWN STEP	2025-12-27T20:15:12.8307511Z           |                     ^
Build, Lint & Test	UNKNOWN STEP	2025-12-27T20:15:12.8307647Z       215 |     await page.waitForTimeout(5000);
Build, Lint & Test	UNKNOWN STEP	2025-12-27T20:15:12.8307714Z       216 |     
Build, Lint & Test	UNKNOWN STEP	2025-12-27T20:15:12.8307865Z       217 |     // Wait for potential damage from enemies
Build, Lint & Test	UNKNOWN STEP	2025-12-27T20:15:12.8308357Z         at /home/runner/work/protocol-silent-night/protocol-silent-night/e2e/visual-regression.spec.ts:214:21
Build, Lint & Test	UNKNOWN STEP	2025-12-27T20:15:12.8308364Z 
Build, Lint & Test	UNKNOWN STEP	2025-12-27T20:15:12.8308803Z     Error Context: test-results/visual-regression-Visual-R-7d3d5-render-player-taking-damage-chromium/error-context.md
Build, Lint & Test	UNKNOWN STEP	2025-12-27T20:15:12.8308810Z 
Build, Lint & Test	UNKNOWN STEP	2025-12-27T20:15:12.8309111Z     Retry #1 ───────────────────────────────────────────────────────────────────────────────────────
Build, Lint & Test	UNKNOWN STEP	2025-12-27T20:15:12.8309125Z 
Build, Lint & Test	UNKNOWN STEP	2025-12-27T20:15:12.8309291Z     TimeoutError: locator.click: Timeout 10000ms exceeded.
Build, Lint & Test	UNKNOWN STEP	2025-12-27T20:15:12.8309364Z     Call log:
Build, Lint & Test	UNKNOWN STEP	2025-12-27T20:15:12.8309612Z     [2m  - waiting for getByRole('button', { name: /CYBER-ELF/ })[22m
Build, Lint & Test	UNKNOWN STEP	2025-12-27T20:15:12.8309945Z     [2m    - locator resolved to <button type="button" class="_classCard_1nl30_56">…</button>[22m
Build, Lint & Test	UNKNOWN STEP	2025-12-27T20:15:12.8310100Z     [2m  - attempting click action[22m
Build, Lint & Test	UNKNOWN STEP	2025-12-27T20:15:12.8310344Z     [2m    - waiting for element to be visible, enabled and stable[22m
Build, Lint & Test	UNKNOWN STEP	2025-12-27T20:15:12.8310532Z     [2m    - element is visible, enabled and stable[22m
Build, Lint & Test	UNKNOWN STEP	2025-12-27T20:15:12.8310700Z     [2m    - scrolling into view if needed[22m
Build, Lint & Test	UNKNOWN STEP	2025-12-27T20:15:12.8310835Z     [2m    - done scrolling[22m
Build, Lint & Test	UNKNOWN STEP	2025-12-27T20:15:12.8310995Z     [2m    - performing click action[22m
Build, Lint & Test	UNKNOWN STEP	2025-12-27T20:15:12.8311002Z 
Build, Lint & Test	UNKNOWN STEP	2025-12-27T20:15:12.8311008Z 
Build, Lint & Test	UNKNOWN STEP	2025-12-27T20:15:12.8311074Z       212 |     
Build, Lint & Test	UNKNOWN STEP	2025-12-27T20:15:12.8311300Z       213 |     const elfButton = page.getByRole('button', { name: /CYBER-ELF/ });
Build, Lint & Test	UNKNOWN STEP	2025-12-27T20:15:12.8311418Z     > 214 |     await elfButton.click();
Build, Lint & Test	UNKNOWN STEP	2025-12-27T20:15:12.8311514Z           |                     ^
Build, Lint & Test	UNKNOWN STEP	2025-12-27T20:15:12.8311640Z       215 |     await page.waitForTimeout(5000);
Build, Lint & Test	UNKNOWN STEP	2025-12-27T20:15:12.8311714Z       216 |     
Build, Lint & Test	UNKNOWN STEP	2025-12-27T20:15:12.8311850Z       217 |     // Wait for potential damage from enemies
Build, Lint & Test	UNKNOWN STEP	2025-12-27T20:15:12.8312335Z         at /home/runner/work/protocol-silent-night/protocol-silent-night/e2e/visual-regression.spec.ts:214:21
Build, Lint & Test	UNKNOWN STEP	2025-12-27T20:15:12.8312349Z 
Build, Lint & Test	UNKNOWN STEP	2025-12-27T20:15:12.8312828Z     Error Context: test-results/visual-regression-Visual-R-7d3d5-render-player-taking-damage-chromium-retry1/error-context.md
Build, Lint & Test	UNKNOWN STEP	2025-12-27T20:15:12.8312834Z 
Build, Lint & Test	UNKNOWN STEP	2025-12-27T20:15:12.8313200Z     attachment #2: trace (application/zip) ─────────────────────────────────────────────────────────
Build, Lint & Test	UNKNOWN STEP	2025-12-27T20:15:12.8313586Z     test-results/visual-regression-Visual-R-7d3d5-render-player-taking-damage-chromium-retry1/trace.zip
Build, Lint & Test	UNKNOWN STEP	2025-12-27T20:15:12.8313764Z     Usage:
Build, Lint & Test	UNKNOWN STEP	2025-12-27T20:15:12.8313776Z 
Build, Lint & Test	UNKNOWN STEP	2025-12-27T20:15:12.8314285Z         pnpm exec playwright show-trace test-results/visual-regression-Visual-R-7d3d5-render-player-taking-damage-chromium-retry1/trace.zip
Build, Lint & Test	UNKNOWN STEP	2025-12-27T20:15:12.8314292Z 
Build, Lint & Test	UNKNOWN STEP	2025-12-27T20:15:12.8314582Z     ────────────────────────────────────────────────────────────────────────────────────────────────
Build, Lint & Test	UNKNOWN STEP	2025-12-27T20:15:12.8314589Z 
Build, Lint & Test	UNKNOWN STEP	2025-12-27T20:15:12.8314895Z     Retry #2 ───────────────────────────────────────────────────────────────────────────────────────
Build, Lint & Test	UNKNOWN STEP	2025-12-27T20:15:12.8314902Z 
Build, Lint & Test	UNKNOWN STEP	2025-12-27T20:15:12.8315072Z     TimeoutError: locator.click: Timeout 10000ms exceeded.
Build, Lint & Test	UNKNOWN STEP	2025-12-27T20:15:12.8315143Z     Call log:
Build, Lint & Test	UNKNOWN STEP	2025-12-27T20:15:12.8315389Z     [2m  - waiting for getByRole('button', { name: /CYBER-ELF/ })[22m
Build, Lint & Test	UNKNOWN STEP	2025-12-27T20:15:12.8315734Z     [2m    - locator resolved to <button type="button" class="_classCard_1nl30_56">…</button>[22m
Build, Lint & Test	UNKNOWN STEP	2025-12-27T20:15:12.8315889Z     [2m  - attempting click action[22m
Build, Lint & Test	UNKNOWN STEP	2025-12-27T20:15:12.8316149Z     [2m    - waiting for element to be visible, enabled and stable[22m
Build, Lint & Test	UNKNOWN STEP	2025-12-27T20:15:12.8316156Z 
Build, Lint & Test	UNKNOWN STEP	2025-12-27T20:15:12.8316160Z 
Build, Lint & Test	UNKNOWN STEP	2025-12-27T20:15:12.8316227Z       212 |     
Build, Lint & Test	UNKNOWN STEP	2025-12-27T20:15:12.8316457Z       213 |     const elfButton = page.getByRole('button', { name: /CYBER-ELF/ });
Build, Lint & Test	UNKNOWN STEP	2025-12-27T20:15:12.8316569Z     > 214 |     await elfButton.click();
Build, Lint & Test	UNKNOWN STEP	2025-12-27T20:15:12.8316668Z           |                     ^
Build, Lint & Test	UNKNOWN STEP	2025-12-27T20:15:12.8316805Z       215 |     await page.waitForTimeout(5000);
Build, Lint & Test	UNKNOWN STEP	2025-12-27T20:15:12.8316879Z       216 |     
Build, Lint & Test	UNKNOWN STEP	2025-12-27T20:15:12.8317025Z       217 |     // Wait for potential damage from enemies
Build, Lint & Test	UNKNOWN STEP	2025-12-27T20:15:12.8317405Z         at /home/runner/work/protocol-silent-night/protocol-silent-night/e2e/visual-regression.spec.ts:214:21
Build, Lint & Test	UNKNOWN STEP	2025-12-27T20:15:12.8317411Z 
Build, Lint & Test	UNKNOWN STEP	2025-12-27T20:15:12.8317886Z     Error Context: test-results/visual-regression-Visual-R-7d3d5-render-player-taking-damage-chromium-retry2/error-context.md
Build, Lint & Test	UNKNOWN STEP	2025-12-27T20:15:12.8317892Z 
Build, Lint & Test	UNKNOWN STEP	2025-12-27T20:15:12.8318490Z   55) [chromium] › e2e/visual-regression.spec.ts:227:3 › Visual Regression - End Game States › should render game over screen 
Build, Lint & Test	UNKNOWN STEP	2025-12-27T20:15:12.8318497Z 
Build, Lint & Test	UNKNOWN STEP	2025-12-27T20:15:12.8318663Z     TimeoutError: locator.click: Timeout 10000ms exceeded.
Build, Lint & Test	UNKNOWN STEP	2025-12-27T20:15:12.8318740Z     Call log:
Build, Lint & Test	UNKNOWN STEP	2025-12-27T20:15:12.8318997Z     [2m  - waiting for getByRole('button', { name: /MECHA-SANTA/ })[22m
Build, Lint & Test	UNKNOWN STEP	2025-12-27T20:15:12.8319346Z     [2m    - locator resolved to <button type="button" class="_classCard_1nl30_56">…</button>[22m
Build, Lint & Test	UNKNOWN STEP	2025-12-27T20:15:12.8319498Z     [2m  - attempting click action[22m
Build, Lint & Test	UNKNOWN STEP	2025-12-27T20:15:12.8319736Z     [2m    - waiting for element to be visible, enabled and stable[22m
Build, Lint & Test	UNKNOWN STEP	2025-12-27T20:15:12.8319748Z 
Build, Lint & Test	UNKNOWN STEP	2025-12-27T20:15:12.8319753Z 
Build, Lint & Test	UNKNOWN STEP	2025-12-27T20:15:12.8319830Z       231 |     // Start game
Build, Lint & Test	UNKNOWN STEP	2025-12-27T20:15:12.8320067Z       232 |     const santaButton = page.getByRole('button', { name: /MECHA-SANTA/ });
Build, Lint & Test	UNKNOWN STEP	2025-12-27T20:15:12.8320189Z     > 233 |     await santaButton.click();
Build, Lint & Test	UNKNOWN STEP	2025-12-27T20:15:12.8320292Z           |                       ^
Build, Lint & Test	UNKNOWN STEP	2025-12-27T20:15:12.8320427Z       234 |     await page.waitForTimeout(3000);
Build, Lint & Test	UNKNOWN STEP	2025-12-27T20:15:12.8320496Z       235 |     
Build, Lint & Test	UNKNOWN STEP	2025-12-27T20:15:12.8320710Z       236 |     // Trigger game over by evaluating state (for testing purposes)
Build, Lint & Test	UNKNOWN STEP	2025-12-27T20:15:12.8321080Z         at /home/runner/work/protocol-silent-night/protocol-silent-night/e2e/visual-regression.spec.ts:233:23
Build, Lint & Test	UNKNOWN STEP	2025-12-27T20:15:12.8321086Z 
Build, Lint & Test	UNKNOWN STEP	2025-12-27T20:15:12.8321642Z     Error Context: test-results/visual-regression-Visual-R-1338a-uld-render-game-over-screen-chromium/error-context.md
Build, Lint & Test	UNKNOWN STEP	2025-12-27T20:15:12.8321650Z 
Build, Lint & Test	UNKNOWN STEP	2025-12-27T20:15:12.8321957Z     Retry #1 ───────────────────────────────────────────────────────────────────────────────────────
Build, Lint & Test	UNKNOWN STEP	2025-12-27T20:15:12.8321965Z 
Build, Lint & Test	UNKNOWN STEP	2025-12-27T20:15:12.8322135Z     TimeoutError: locator.click: Timeout 10000ms exceeded.
Build, Lint & Test	UNKNOWN STEP	2025-12-27T20:15:12.8322208Z     Call log:
Build, Lint & Test	UNKNOWN STEP	2025-12-27T20:15:12.8322465Z     [2m  - waiting for getByRole('button', { name: /MECHA-SANTA/ })[22m
Build, Lint & Test	UNKNOWN STEP	2025-12-27T20:15:12.8322908Z     [2m    - locator resolved to <button type="button" class="_classCard_1nl30_56">…</button>[22m
Build, Lint & Test	UNKNOWN STEP	2025-12-27T20:15:12.8323063Z     [2m  - attempting click action[22m
Build, Lint & Test	UNKNOWN STEP	2025-12-27T20:15:12.8323299Z     [2m    - waiting for element to be visible, enabled and stable[22m
Build, Lint & Test	UNKNOWN STEP	2025-12-27T20:15:12.8323492Z     [2m    - element is visible, enabled and stable[22m
Build, Lint & Test	UNKNOWN STEP	2025-12-27T20:15:12.8323654Z     [2m    - scrolling into view if needed[22m
Build, Lint & Test	UNKNOWN STEP	2025-12-27T20:15:12.8323799Z     [2m    - done scrolling[22m
Build, Lint & Test	UNKNOWN STEP	2025-12-27T20:15:12.8323956Z     [2m    - performing click action[22m
Build, Lint & Test	UNKNOWN STEP	2025-12-27T20:15:12.8323962Z 
Build, Lint & Test	UNKNOWN STEP	2025-12-27T20:15:12.8323967Z 
Build, Lint & Test	UNKNOWN STEP	2025-12-27T20:15:12.8324044Z       231 |     // Start game
Build, Lint & Test	UNKNOWN STEP	2025-12-27T20:15:12.8324292Z       232 |     const santaButton = page.getByRole('button', { name: /MECHA-SANTA/ });
Build, Lint & Test	UNKNOWN STEP	2025-12-27T20:15:12.8324408Z     > 233 |     await santaButton.click();
Build, Lint & Test	UNKNOWN STEP	2025-12-27T20:15:12.8324509Z           |                       ^
Build, Lint & Test	UNKNOWN STEP	2025-12-27T20:15:12.8324641Z       234 |     await page.waitForTimeout(3000);
Build, Lint & Test	UNKNOWN STEP	2025-12-27T20:15:12.8324722Z       235 |     
Build, Lint & Test	UNKNOWN STEP	2025-12-27T20:15:12.8324931Z       236 |     // Trigger game over by evaluating state (for testing purposes)
Build, Lint & Test	UNKNOWN STEP	2025-12-27T20:15:12.8325309Z         at /home/runner/work/protocol-silent-night/protocol-silent-night/e2e/visual-regression.spec.ts:233:23
Build, Lint & Test	UNKNOWN STEP	2025-12-27T20:15:12.8325315Z 
Build, Lint & Test	UNKNOWN STEP	2025-12-27T20:15:12.8325788Z     Error Context: test-results/visual-regression-Visual-R-1338a-uld-render-game-over-screen-chromium-retry1/error-context.md
Build, Lint & Test	UNKNOWN STEP	2025-12-27T20:15:12.8325795Z 
Build, Lint & Test	UNKNOWN STEP	2025-12-27T20:15:12.8326162Z     attachment #2: trace (application/zip) ─────────────────────────────────────────────────────────
Build, Lint & Test	UNKNOWN STEP	2025-12-27T20:15:12.8326543Z     test-results/visual-regression-Visual-R-1338a-uld-render-game-over-screen-chromium-retry1/trace.zip
Build, Lint & Test	UNKNOWN STEP	2025-12-27T20:15:12.8326618Z     Usage:
Build, Lint & Test	UNKNOWN STEP	2025-12-27T20:15:12.8326625Z 
Build, Lint & Test	UNKNOWN STEP	2025-12-27T20:15:12.8327133Z         pnpm exec playwright show-trace test-results/visual-regression-Visual-R-1338a-uld-render-game-over-screen-chromium-retry1/trace.zip
Build, Lint & Test	UNKNOWN STEP	2025-12-27T20:15:12.8327146Z 
Build, Lint & Test	UNKNOWN STEP	2025-12-27T20:15:12.8327438Z     ────────────────────────────────────────────────────────────────────────────────────────────────
Build, Lint & Test	UNKNOWN STEP	2025-12-27T20:15:12.8327444Z 
Build, Lint & Test	UNKNOWN STEP	2025-12-27T20:15:12.8327739Z     Retry #2 ───────────────────────────────────────────────────────────────────────────────────────
Build, Lint & Test	UNKNOWN STEP	2025-12-27T20:15:12.8327745Z 
Build, Lint & Test	UNKNOWN STEP	2025-12-27T20:15:12.8328018Z     TimeoutError: locator.click: Timeout 10000ms exceeded.
Build, Lint & Test	UNKNOWN STEP	2025-12-27T20:15:12.8328093Z     Call log:
Build, Lint & Test	UNKNOWN STEP	2025-12-27T20:15:12.8328489Z     [2m  - waiting for getByRole('button', { name: /MECHA-SANTA/ })[22m
Build, Lint & Test	UNKNOWN STEP	2025-12-27T20:15:12.8328831Z     [2m    - locator resolved to <button type="button" class="_classCard_1nl30_56">…</button>[22m
Build, Lint & Test	UNKNOWN STEP	2025-12-27T20:15:12.8328990Z     [2m  - attempting click action[22m
Build, Lint & Test	UNKNOWN STEP	2025-12-27T20:15:12.8329228Z     [2m    - waiting for element to be visible, enabled and stable[22m
Build, Lint & Test	UNKNOWN STEP	2025-12-27T20:15:12.8329235Z 
Build, Lint & Test	UNKNOWN STEP	2025-12-27T20:15:12.8329240Z 
Build, Lint & Test	UNKNOWN STEP	2025-12-27T20:15:12.8329323Z       231 |     // Start game
Build, Lint & Test	UNKNOWN STEP	2025-12-27T20:15:12.8329672Z       232 |     const santaButton = page.getByRole('button', { name: /MECHA-SANTA/ });
Build, Lint & Test	UNKNOWN STEP	2025-12-27T20:15:12.8329788Z     > 233 |     await santaButton.click();
Build, Lint & Test	UNKNOWN STEP	2025-12-27T20:15:12.8329889Z           |                       ^
Build, Lint & Test	UNKNOWN STEP	2025-12-27T20:15:12.8330018Z       234 |     await page.waitForTimeout(3000);
Build, Lint & Test	UNKNOWN STEP	2025-12-27T20:15:12.8330093Z       235 |     
Build, Lint & Test	UNKNOWN STEP	2025-12-27T20:15:12.8330296Z       236 |     // Trigger game over by evaluating state (for testing purposes)
Build, Lint & Test	UNKNOWN STEP	2025-12-27T20:15:12.8330674Z         at /home/runner/work/protocol-silent-night/protocol-silent-night/e2e/visual-regression.spec.ts:233:23
Build, Lint & Test	UNKNOWN STEP	2025-12-27T20:15:12.8330681Z 
Build, Lint & Test	UNKNOWN STEP	2025-12-27T20:15:12.8331144Z     Error Context: test-results/visual-regression-Visual-R-1338a-uld-render-game-over-screen-chromium-retry2/error-context.md
Build, Lint & Test	UNKNOWN STEP	2025-12-27T20:15:12.8331151Z 
Build, Lint & Test	UNKNOWN STEP	2025-12-27T20:15:12.8331701Z   56) [chromium] › e2e/visual-regression.spec.ts:259:3 › Visual Regression - Responsive Design › should render correctly on mobile viewport 
Build, Lint & Test	UNKNOWN STEP	2025-12-27T20:15:12.8331714Z 
Build, Lint & Test	UNKNOWN STEP	2025-12-27T20:15:12.8332110Z     Error: [2mexpect([22m[31mpage[39m[2m).[22mtoHaveScreenshot[2m([22m[32mexpected[39m[2m)[22m failed
Build, Lint & Test	UNKNOWN STEP	2025-12-27T20:15:12.8332117Z 
Build, Lint & Test	UNKNOWN STEP	2025-12-27T20:15:12.8332199Z     Timeout: 10000ms
Build, Lint & Test	UNKNOWN STEP	2025-12-27T20:15:12.8332301Z       Timeout 10000ms exceeded.
Build, Lint & Test	UNKNOWN STEP	2025-12-27T20:15:12.8332307Z 
Build, Lint & Test	UNKNOWN STEP	2025-12-27T20:15:12.8332416Z       Snapshot: mobile-menu.png
Build, Lint & Test	UNKNOWN STEP	2025-12-27T20:15:12.8332422Z 
Build, Lint & Test	UNKNOWN STEP	2025-12-27T20:15:12.8332491Z     Call log:
Build, Lint & Test	UNKNOWN STEP	2025-12-27T20:15:12.8332791Z     [2m  - Expect "toHaveScreenshot(mobile-menu.png)" with timeout 10000ms[22m
Build, Lint & Test	UNKNOWN STEP	2025-12-27T20:15:12.8332988Z     [2m    - verifying given screenshot expectation[22m
Build, Lint & Test	UNKNOWN STEP	2025-12-27T20:15:12.8333145Z     [2m  - taking page screenshot[22m
Build, Lint & Test	UNKNOWN STEP	2025-12-27T20:15:12.8333307Z     [2m    - disabled all CSS animations[22m
Build, Lint & Test	UNKNOWN STEP	2025-12-27T20:15:12.8333465Z     [2m  - waiting for fonts to load...[22m
Build, Lint & Test	UNKNOWN STEP	2025-12-27T20:15:12.8333582Z     [2m  - fonts loaded[22m
Build, Lint & Test	UNKNOWN STEP	2025-12-27T20:15:12.8333844Z     [2m  - 34213 pixels (ratio 0.14 of all image pixels) are different.[22m
Build, Lint & Test	UNKNOWN STEP	2025-12-27T20:15:12.8334040Z     [2m  - waiting 100ms before taking screenshot[22m
Build, Lint & Test	UNKNOWN STEP	2025-12-27T20:15:12.8334191Z     [2m  - Timeout 10000ms exceeded.[22m
Build, Lint & Test	UNKNOWN STEP	2025-12-27T20:15:12.8334197Z 
Build, Lint & Test	UNKNOWN STEP	2025-12-27T20:15:12.8334202Z 
Build, Lint & Test	UNKNOWN STEP	2025-12-27T20:15:12.8334335Z       262 |     await page.waitForTimeout(2000);
Build, Lint & Test	UNKNOWN STEP	2025-12-27T20:15:12.8334405Z       263 |     
Build, Lint & Test	UNKNOWN STEP	2025-12-27T20:15:12.8334607Z     > 264 |     await expect(page).toHaveScreenshot('mobile-menu.png', {
Build, Lint & Test	UNKNOWN STEP	2025-12-27T20:15:12.8334709Z           |                        ^
Build, Lint & Test	UNKNOWN STEP	2025-12-27T20:15:12.8334858Z       265 |       maxDiffPixelRatio: VISUAL_THRESHOLD,
Build, Lint & Test	UNKNOWN STEP	2025-12-27T20:15:12.8334929Z       266 |     });
Build, Lint & Test	UNKNOWN STEP	2025-12-27T20:15:12.8334998Z       267 |   });
Build, Lint & Test	UNKNOWN STEP	2025-12-27T20:15:12.8335373Z         at /home/runner/work/protocol-silent-night/protocol-silent-night/e2e/visual-regression.spec.ts:264:24
Build, Lint & Test	UNKNOWN STEP	2025-12-27T20:15:12.8335379Z 
Build, Lint & Test	UNKNOWN STEP	2025-12-27T20:15:12.8335739Z     attachment #1: mobile-menu (image/png) ─────────────────────────────────────────────────────────
Build, Lint & Test	UNKNOWN STEP	2025-12-27T20:15:12.8336035Z     Expected: e2e/visual-regression.spec.ts-snapshots/mobile-menu-chromium-linux.png
Build, Lint & Test	UNKNOWN STEP	2025-12-27T20:15:12.8336486Z     Received: test-results/visual-regression-Visual-R-328a3-orrectly-on-mobile-viewport-chromium/mobile-menu-actual.png
Build, Lint & Test	UNKNOWN STEP	2025-12-27T20:15:12.8336916Z     Diff:     test-results/visual-regression-Visual-R-328a3-orrectly-on-mobile-viewport-chromium/mobile-menu-diff.png
Build, Lint & Test	UNKNOWN STEP	2025-12-27T20:15:12.8337295Z     ────────────────────────────────────────────────────────────────────────────────────────────────
Build, Lint & Test	UNKNOWN STEP	2025-12-27T20:15:12.8337309Z 
Build, Lint & Test	UNKNOWN STEP	2025-12-27T20:15:12.8337739Z     Error Context: test-results/visual-regression-Visual-R-328a3-orrectly-on-mobile-viewport-chromium/error-context.md
Build, Lint & Test	UNKNOWN STEP	2025-12-27T20:15:12.8337746Z 
Build, Lint & Test	UNKNOWN STEP	2025-12-27T20:15:12.8338152Z     Retry #1 ───────────────────────────────────────────────────────────────────────────────────────
Build, Lint & Test	UNKNOWN STEP	2025-12-27T20:15:12.8338160Z 
Build, Lint & Test	UNKNOWN STEP	2025-12-27T20:15:12.8338554Z     Error: [2mexpect([22m[31mpage[39m[2m).[22mtoHaveScreenshot[2m([22m[32mexpected[39m[2m)[22m failed
Build, Lint & Test	UNKNOWN STEP	2025-12-27T20:15:12.8338679Z 
Build, Lint & Test	UNKNOWN STEP	2025-12-27T20:15:12.8338764Z     Timeout: 10000ms
Build, Lint & Test	UNKNOWN STEP	2025-12-27T20:15:12.8338867Z       Timeout 10000ms exceeded.
Build, Lint & Test	UNKNOWN STEP	2025-12-27T20:15:12.8338874Z 
Build, Lint & Test	UNKNOWN STEP	2025-12-27T20:15:12.8338977Z       Snapshot: mobile-menu.png
Build, Lint & Test	UNKNOWN STEP	2025-12-27T20:15:12.8338988Z 
Build, Lint & Test	UNKNOWN STEP	2025-12-27T20:15:12.8339055Z     Call log:
Build, Lint & Test	UNKNOWN STEP	2025-12-27T20:15:12.8339345Z     [2m  - Expect "toHaveScreenshot(mobile-menu.png)" with timeout 10000ms[22m
Build, Lint & Test	UNKNOWN STEP	2025-12-27T20:15:12.8339558Z     [2m    - verifying given screenshot expectation[22m
Build, Lint & Test	UNKNOWN STEP	2025-12-27T20:15:12.8339708Z     [2m  - taking page screenshot[22m
Build, Lint & Test	UNKNOWN STEP	2025-12-27T20:15:12.8339876Z     [2m    - disabled all CSS animations[22m
Build, Lint & Test	UNKNOWN STEP	2025-12-27T20:15:12.8340036Z     [2m  - waiting for fonts to load...[22m
Build, Lint & Test	UNKNOWN STEP	2025-12-27T20:15:12.8340151Z     [2m  - fonts loaded[22m
Build, Lint & Test	UNKNOWN STEP	2025-12-27T20:15:12.8340415Z     [2m  - 34186 pixels (ratio 0.14 of all image pixels) are different.[22m
Build, Lint & Test	UNKNOWN STEP	2025-12-27T20:15:12.8340605Z     [2m  - waiting 100ms before taking screenshot[22m
Build, Lint & Test	UNKNOWN STEP	2025-12-27T20:15:12.8340751Z     [2m  - taking page screenshot[22m
Build, Lint & Test	UNKNOWN STEP	2025-12-27T20:15:12.8340917Z     [2m    - disabled all CSS animations[22m
Build, Lint & Test	UNKNOWN STEP	2025-12-27T20:15:12.8341078Z     [2m  - waiting for fonts to load...[22m
Build, Lint & Test	UNKNOWN STEP	2025-12-27T20:15:12.8341230Z     [2m  - Timeout 10000ms exceeded.[22m
Build, Lint & Test	UNKNOWN STEP	2025-12-27T20:15:12.8341236Z 
Build, Lint & Test	UNKNOWN STEP	2025-12-27T20:15:12.8341241Z 
Build, Lint & Test	UNKNOWN STEP	2025-12-27T20:15:12.8341371Z       262 |     await page.waitForTimeout(2000);
Build, Lint & Test	UNKNOWN STEP	2025-12-27T20:15:12.8341441Z       263 |     
Build, Lint & Test	UNKNOWN STEP	2025-12-27T20:15:12.8341643Z     > 264 |     await expect(page).toHaveScreenshot('mobile-menu.png', {
Build, Lint & Test	UNKNOWN STEP	2025-12-27T20:15:12.8341740Z           |                        ^
Build, Lint & Test	UNKNOWN STEP	2025-12-27T20:15:12.8341886Z       265 |       maxDiffPixelRatio: VISUAL_THRESHOLD,
Build, Lint & Test	UNKNOWN STEP	2025-12-27T20:15:12.8341958Z       266 |     });
Build, Lint & Test	UNKNOWN STEP	2025-12-27T20:15:12.8342032Z       267 |   });
Build, Lint & Test	UNKNOWN STEP	2025-12-27T20:15:12.8342399Z         at /home/runner/work/protocol-silent-night/protocol-silent-night/e2e/visual-regression.spec.ts:264:24
Build, Lint & Test	UNKNOWN STEP	2025-12-27T20:15:12.8342406Z 
Build, Lint & Test	UNKNOWN STEP	2025-12-27T20:15:12.8342768Z     attachment #1: mobile-menu (image/png) ─────────────────────────────────────────────────────────
Build, Lint & Test	UNKNOWN STEP	2025-12-27T20:15:12.8343054Z     Expected: e2e/visual-regression.spec.ts-snapshots/mobile-menu-chromium-linux.png
Build, Lint & Test	UNKNOWN STEP	2025-12-27T20:15:12.8343541Z     Received: test-results/visual-regression-Visual-R-328a3-orrectly-on-mobile-viewport-chromium-retry1/mobile-menu-actual.png
Build, Lint & Test	UNKNOWN STEP	2025-12-27T20:15:12.8343991Z     Diff:     test-results/visual-regression-Visual-R-328a3-orrectly-on-mobile-viewport-chromium-retry1/mobile-menu-diff.png
Build, Lint & Test	UNKNOWN STEP	2025-12-27T20:15:12.8344287Z     ────────────────────────────────────────────────────────────────────────────────────────────────
Build, Lint & Test	UNKNOWN STEP	2025-12-27T20:15:12.8344300Z 
Build, Lint & Test	UNKNOWN STEP	2025-12-27T20:15:12.8344757Z     Error Context: test-results/visual-regression-Visual-R-328a3-orrectly-on-mobile-viewport-chromium-retry1/error-context.md
Build, Lint & Test	UNKNOWN STEP	2025-12-27T20:15:12.8344763Z 
Build, Lint & Test	UNKNOWN STEP	2025-12-27T20:15:12.8345123Z     attachment #3: trace (application/zip) ─────────────────────────────────────────────────────────
Build, Lint & Test	UNKNOWN STEP	2025-12-27T20:15:12.8345501Z     test-results/visual-regression-Visual-R-328a3-orrectly-on-mobile-viewport-chromium-retry1/trace.zip
Build, Lint & Test	UNKNOWN STEP	2025-12-27T20:15:12.8345669Z     Usage:
Build, Lint & Test	UNKNOWN STEP	2025-12-27T20:15:12.8345675Z 
Build, Lint & Test	UNKNOWN STEP	2025-12-27T20:15:12.8346179Z         pnpm exec playwright show-trace test-results/visual-regression-Visual-R-328a3-orrectly-on-mobile-viewport-chromium-retry1/trace.zip
Build, Lint & Test	UNKNOWN STEP	2025-12-27T20:15:12.8346186Z 
Build, Lint & Test	UNKNOWN STEP	2025-12-27T20:15:12.8346510Z     ────────────────────────────────────────────────────────────────────────────────────────────────
Build, Lint & Test	UNKNOWN STEP	2025-12-27T20:15:12.8346518Z 
Build, Lint & Test	UNKNOWN STEP	2025-12-27T20:15:12.8346933Z     Retry #2 ───────────────────────────────────────────────────────────────────────────────────────
Build, Lint & Test	UNKNOWN STEP	2025-12-27T20:15:12.8346942Z 
Build, Lint & Test	UNKNOWN STEP	2025-12-27T20:15:12.8347361Z     Error: [2mexpect([22m[31mpage[39m[2m).[22mtoHaveScreenshot[2m([22m[32mexpected[39m[2m)[22m failed
Build, Lint & Test	UNKNOWN STEP	2025-12-27T20:15:12.8347368Z 
Build, Lint & Test	UNKNOWN STEP	2025-12-27T20:15:12.8347445Z     Timeout: 10000ms
Build, Lint & Test	UNKNOWN STEP	2025-12-27T20:15:12.8347552Z       Timeout 10000ms exceeded.
Build, Lint & Test	UNKNOWN STEP	2025-12-27T20:15:12.8347558Z 
Build, Lint & Test	UNKNOWN STEP	2025-12-27T20:15:12.8347658Z       Snapshot: mobile-menu.png
Build, Lint & Test	UNKNOWN STEP	2025-12-27T20:15:12.8347674Z 
Build, Lint & Test	UNKNOWN STEP	2025-12-27T20:15:12.8347746Z     Call log:
Build, Lint & Test	UNKNOWN STEP	2025-12-27T20:15:12.8348140Z     [2m  - Expect "toHaveScreenshot(mobile-menu.png)" with timeout 10000ms[22m
Build, Lint & Test	UNKNOWN STEP	2025-12-27T20:15:12.8348341Z     [2m    - verifying given screenshot expectation[22m
Build, Lint & Test	UNKNOWN STEP	2025-12-27T20:15:12.8348494Z     [2m  - taking page screenshot[22m
Build, Lint & Test	UNKNOWN STEP	2025-12-27T20:15:12.8348656Z     [2m    - disabled all CSS animations[22m
Build, Lint & Test	UNKNOWN STEP	2025-12-27T20:15:12.8348819Z     [2m  - waiting for fonts to load...[22m
Build, Lint & Test	UNKNOWN STEP	2025-12-27T20:15:12.8348944Z     [2m  - fonts loaded[22m
Build, Lint & Test	UNKNOWN STEP	2025-12-27T20:15:12.8349103Z     [2m  - Timeout 10000ms exceeded.[22m
Build, Lint & Test	UNKNOWN STEP	2025-12-27T20:15:12.8349110Z 
Build, Lint & Test	UNKNOWN STEP	2025-12-27T20:15:12.8349115Z 
Build, Lint & Test	UNKNOWN STEP	2025-12-27T20:15:12.8349243Z       262 |     await page.waitForTimeout(2000);
Build, Lint & Test	UNKNOWN STEP	2025-12-27T20:15:12.8349318Z       263 |     
Build, Lint & Test	UNKNOWN STEP	2025-12-27T20:15:12.8349513Z     > 264 |     await expect(page).toHaveScreenshot('mobile-menu.png', {
Build, Lint & Test	UNKNOWN STEP	2025-12-27T20:15:12.8349617Z           |                        ^
Build, Lint & Test	UNKNOWN STEP	2025-12-27T20:15:12.8349757Z       265 |       maxDiffPixelRatio: VISUAL_THRESHOLD,
Build, Lint & Test	UNKNOWN STEP	2025-12-27T20:15:12.8349832Z       266 |     });
Build, Lint & Test	UNKNOWN STEP	2025-12-27T20:15:12.8349911Z       267 |   });
Build, Lint & Test	UNKNOWN STEP	2025-12-27T20:15:12.8350283Z         at /home/runner/work/protocol-silent-night/protocol-silent-night/e2e/visual-regression.spec.ts:264:24
Build, Lint & Test	UNKNOWN STEP	2025-12-27T20:15:12.8350290Z 
Build, Lint & Test	UNKNOWN STEP	2025-12-27T20:15:12.8350658Z     attachment #1: mobile-menu (image/png) ─────────────────────────────────────────────────────────
Build, Lint & Test	UNKNOWN STEP	2025-12-27T20:15:12.8350945Z     Expected: e2e/visual-regression.spec.ts-snapshots/mobile-menu-chromium-linux.png
Build, Lint & Test	UNKNOWN STEP	2025-12-27T20:15:12.8351431Z     Received: test-results/visual-regression-Visual-R-328a3-orrectly-on-mobile-viewport-chromium-retry2/mobile-menu-actual.png
Build, Lint & Test	UNKNOWN STEP	2025-12-27T20:15:12.8351878Z     Diff:     test-results/visual-regression-Visual-R-328a3-orrectly-on-mobile-viewport-chromium-retry2/mobile-menu-diff.png
Build, Lint & Test	UNKNOWN STEP	2025-12-27T20:15:12.8352171Z     ────────────────────────────────────────────────────────────────────────────────────────────────
Build, Lint & Test	UNKNOWN STEP	2025-12-27T20:15:12.8352178Z 
Build, Lint & Test	UNKNOWN STEP	2025-12-27T20:15:12.8352701Z     attachment #2: screenshot (image/png) ──────────────────────────────────────────────────────────
Build, Lint & Test	UNKNOWN STEP	2025-12-27T20:15:12.8353123Z     test-results/visual-regression-Visual-R-328a3-orrectly-on-mobile-viewport-chromium-retry2/test-failed-1.png
Build, Lint & Test	UNKNOWN STEP	2025-12-27T20:15:12.8353410Z     ────────────────────────────────────────────────────────────────────────────────────────────────
Build, Lint & Test	UNKNOWN STEP	2025-12-27T20:15:12.8353417Z 
Build, Lint & Test	UNKNOWN STEP	2025-12-27T20:15:12.8353992Z     Error Context: test-results/visual-regression-Visual-R-328a3-orrectly-on-mobile-viewport-chromium-retry2/error-context.md
Build, Lint & Test	UNKNOWN STEP	2025-12-27T20:15:12.8354000Z 
Build, Lint & Test	UNKNOWN STEP	2025-12-27T20:15:12.8354534Z   57) [chromium] › e2e/visual-regression.spec.ts:269:3 › Visual Regression - Responsive Design › should render mobile gameplay correctly 
Build, Lint & Test	UNKNOWN STEP	2025-12-27T20:15:12.8354546Z 
Build, Lint & Test	UNKNOWN STEP	2025-12-27T20:15:12.8354716Z     TimeoutError: locator.click: Timeout 10000ms exceeded.
Build, Lint & Test	UNKNOWN STEP	2025-12-27T20:15:12.8354790Z     Call log:
Build, Lint & Test	UNKNOWN STEP	2025-12-27T20:15:12.8355055Z     [2m  - waiting for getByRole('button', { name: /MECHA-SANTA/ })[22m
Build, Lint & Test	UNKNOWN STEP	2025-12-27T20:15:12.8355411Z     [2m    - locator resolved to <button type="button" class="_classCard_1nl30_56">…</button>[22m
Build, Lint & Test	UNKNOWN STEP	2025-12-27T20:15:12.8355571Z     [2m  - attempting click action[22m
Build, Lint & Test	UNKNOWN STEP	2025-12-27T20:15:12.8355808Z     [2m    - waiting for element to be visible, enabled and stable[22m
Build, Lint & Test	UNKNOWN STEP	2025-12-27T20:15:12.8356001Z     [2m    - element is visible, enabled and stable[22m
Build, Lint & Test	UNKNOWN STEP	2025-12-27T20:15:12.8356165Z     [2m    - scrolling into view if needed[22m
Build, Lint & Test	UNKNOWN STEP	2025-12-27T20:15:12.8356312Z     [2m    - done scrolling[22m
Build, Lint & Test	UNKNOWN STEP	2025-12-27T20:15:12.8356319Z 
Build, Lint & Test	UNKNOWN STEP	2025-12-27T20:15:12.8356324Z 
Build, Lint & Test	UNKNOWN STEP	2025-12-27T20:15:12.8356391Z       273 |     
Build, Lint & Test	UNKNOWN STEP	2025-12-27T20:15:12.8356651Z       274 |     const santaButton = page.getByRole('button', { name: /MECHA-SANTA/ });
Build, Lint & Test	UNKNOWN STEP	2025-12-27T20:15:12.8356768Z     > 275 |     await santaButton.click();
Build, Lint & Test	UNKNOWN STEP	2025-12-27T20:15:12.8356868Z           |                       ^
Build, Lint & Test	UNKNOWN STEP	2025-12-27T20:15:12.8356996Z       276 |     await page.waitForTimeout(5000);
Build, Lint & Test	UNKNOWN STEP	2025-12-27T20:15:12.8357068Z       277 |     
Build, Lint & Test	UNKNOWN STEP	2025-12-27T20:15:12.8357289Z       278 |     await expect(page).toHaveScreenshot('mobile-gameplay.png', {
Build, Lint & Test	UNKNOWN STEP	2025-12-27T20:15:12.8357658Z         at /home/runner/work/protocol-silent-night/protocol-silent-night/e2e/visual-regression.spec.ts:275:23
Build, Lint & Test	UNKNOWN STEP	2025-12-27T20:15:12.8357664Z 
Build, Lint & Test	UNKNOWN STEP	2025-12-27T20:15:12.8358131Z     attachment #1: screenshot (image/png) ──────────────────────────────────────────────────────────
Build, Lint & Test	UNKNOWN STEP	2025-12-27T20:15:12.8358533Z     test-results/visual-regression-Visual-R-8a726-r-mobile-gameplay-correctly-chromium/test-failed-1.png
Build, Lint & Test	UNKNOWN STEP	2025-12-27T20:15:12.8358830Z     ────────────────────────────────────────────────────────────────────────────────────────────────
Build, Lint & Test	UNKNOWN STEP	2025-12-27T20:15:12.8358837Z 
Build, Lint & Test	UNKNOWN STEP	2025-12-27T20:15:12.8359264Z     Error Context: test-results/visual-regression-Visual-R-8a726-r-mobile-gameplay-correctly-chromium/error-context.md
Build, Lint & Test	UNKNOWN STEP	2025-12-27T20:15:12.8359271Z 
Build, Lint & Test	UNKNOWN STEP	2025-12-27T20:15:12.8359572Z     Retry #1 ───────────────────────────────────────────────────────────────────────────────────────
Build, Lint & Test	UNKNOWN STEP	2025-12-27T20:15:12.8359591Z 
Build, Lint & Test	UNKNOWN STEP	2025-12-27T20:15:12.8359759Z     TimeoutError: locator.click: Timeout 10000ms exceeded.
Build, Lint & Test	UNKNOWN STEP	2025-12-27T20:15:12.8359837Z     Call log:
Build, Lint & Test	UNKNOWN STEP	2025-12-27T20:15:12.8360092Z     [2m  - waiting for getByRole('button', { name: /MECHA-SANTA/ })[22m
Build, Lint & Test	UNKNOWN STEP	2025-12-27T20:15:12.8360440Z     [2m    - locator resolved to <button type="button" class="_classCard_1nl30_56">…</button>[22m
Build, Lint & Test	UNKNOWN STEP	2025-12-27T20:15:12.8360593Z     [2m  - attempting click action[22m
Build, Lint & Test	UNKNOWN STEP	2025-12-27T20:15:12.8360969Z     [2m    - waiting for element to be visible, enabled and stable[22m
Build, Lint & Test	UNKNOWN STEP	2025-12-27T20:15:12.8361164Z     [2m    - element is visible, enabled and stable[22m
Build, Lint & Test	UNKNOWN STEP	2025-12-27T20:15:12.8361333Z     [2m    - scrolling into view if needed[22m
Build, Lint & Test	UNKNOWN STEP	2025-12-27T20:15:12.8361469Z     [2m    - done scrolling[22m
Build, Lint & Test	UNKNOWN STEP	2025-12-27T20:15:12.8361621Z     [2m    - performing click action[22m
Build, Lint & Test	UNKNOWN STEP	2025-12-27T20:15:12.8361633Z 
Build, Lint & Test	UNKNOWN STEP	2025-12-27T20:15:12.8361638Z 
Build, Lint & Test	UNKNOWN STEP	2025-12-27T20:15:12.8361705Z       273 |     
Build, Lint & Test	UNKNOWN STEP	2025-12-27T20:15:12.8361944Z       274 |     const santaButton = page.getByRole('button', { name: /MECHA-SANTA/ });
Build, Lint & Test	UNKNOWN STEP	2025-12-27T20:15:12.8362169Z     > 275 |     await santaButton.click();
Build, Lint & Test	UNKNOWN STEP	2025-12-27T20:15:12.8362263Z           |                       ^
Build, Lint & Test	UNKNOWN STEP	2025-12-27T20:15:12.8362394Z       276 |     await page.waitForTimeout(5000);
Build, Lint & Test	UNKNOWN STEP	2025-12-27T20:15:12.8362462Z       277 |     
Build, Lint & Test	UNKNOWN STEP	2025-12-27T20:15:12.8362674Z       278 |     await expect(page).toHaveScreenshot('mobile-gameplay.png', {
Build, Lint & Test	UNKNOWN STEP	2025-12-27T20:15:12.8363047Z         at /home/runner/work/protocol-silent-night/protocol-silent-night/e2e/visual-regression.spec.ts:275:23
Build, Lint & Test	UNKNOWN STEP	2025-12-27T20:15:12.8363053Z 
Build, Lint & Test	UNKNOWN STEP	2025-12-27T20:15:12.8363533Z     Error Context: test-results/visual-regression-Visual-R-8a726-r-mobile-gameplay-correctly-chromium-retry1/error-context.md
Build, Lint & Test	UNKNOWN STEP	2025-12-27T20:15:12.8363540Z 
Build, Lint & Test	UNKNOWN STEP	2025-12-27T20:15:12.8363901Z     attachment #2: trace (application/zip) ─────────────────────────────────────────────────────────
Build, Lint & Test	UNKNOWN STEP	2025-12-27T20:15:12.8364289Z     test-results/visual-regression-Visual-R-8a726-r-mobile-gameplay-correctly-chromium-retry1/trace.zip
Build, Lint & Test	UNKNOWN STEP	2025-12-27T20:15:12.8364365Z     Usage:
Build, Lint & Test	UNKNOWN STEP	2025-12-27T20:15:12.8364372Z 
Build, Lint & Test	UNKNOWN STEP	2025-12-27T20:15:12.8364886Z         pnpm exec playwright show-trace test-results/visual-regression-Visual-R-8a726-r-mobile-gameplay-correctly-chromium-retry1/trace.zip
Build, Lint & Test	UNKNOWN STEP	2025-12-27T20:15:12.8364892Z 
Build, Lint & Test	UNKNOWN STEP	2025-12-27T20:15:12.8365178Z     ────────────────────────────────────────────────────────────────────────────────────────────────
Build, Lint & Test	UNKNOWN STEP	2025-12-27T20:15:12.8365184Z 
Build, Lint & Test	UNKNOWN STEP	2025-12-27T20:15:12.8365494Z     Retry #2 ───────────────────────────────────────────────────────────────────────────────────────
Build, Lint & Test	UNKNOWN STEP	2025-12-27T20:15:12.8365501Z 
Build, Lint & Test	UNKNOWN STEP	2025-12-27T20:15:12.8365666Z     TimeoutError: locator.click: Timeout 10000ms exceeded.
Build, Lint & Test	UNKNOWN STEP	2025-12-27T20:15:12.8365744Z     Call log:
Build, Lint & Test	UNKNOWN STEP	2025-12-27T20:15:12.8365993Z     [2m  - waiting for getByRole('button', { name: /MECHA-SANTA/ })[22m
Build, Lint & Test	UNKNOWN STEP	2025-12-27T20:15:12.8366333Z     [2m    - locator resolved to <button type="button" class="_classCard_1nl30_56">…</button>[22m
Build, Lint & Test	UNKNOWN STEP	2025-12-27T20:15:12.8366485Z     [2m  - attempting click action[22m
Build, Lint & Test	UNKNOWN STEP	2025-12-27T20:15:12.8366737Z     [2m    - waiting for element to be visible, enabled and stable[22m
Build, Lint & Test	UNKNOWN STEP	2025-12-27T20:15:12.8366922Z     [2m    - element is visible, enabled and stable[22m
Build, Lint & Test	UNKNOWN STEP	2025-12-27T20:15:12.8367089Z     [2m    - scrolling into view if needed[22m
Build, Lint & Test	UNKNOWN STEP	2025-12-27T20:15:12.8367223Z     [2m    - done scrolling[22m
Build, Lint & Test	UNKNOWN STEP	2025-12-27T20:15:12.8367229Z 
Build, Lint & Test	UNKNOWN STEP	2025-12-27T20:15:12.8367234Z 
Build, Lint & Test	UNKNOWN STEP	2025-12-27T20:15:12.8367301Z       273 |     
Build, Lint & Test	UNKNOWN STEP	2025-12-27T20:15:12.8367548Z       274 |     const santaButton = page.getByRole('button', { name: /MECHA-SANTA/ });
Build, Lint & Test	UNKNOWN STEP	2025-12-27T20:15:12.8367668Z     > 275 |     await santaButton.click();
Build, Lint & Test	UNKNOWN STEP	2025-12-27T20:15:12.8367767Z           |                       ^
Build, Lint & Test	UNKNOWN STEP	2025-12-27T20:15:12.8367894Z       276 |     await page.waitForTimeout(5000);
Build, Lint & Test	UNKNOWN STEP	2025-12-27T20:15:12.8368069Z       277 |     
Build, Lint & Test	UNKNOWN STEP	2025-12-27T20:15:12.8368276Z       278 |     await expect(page).toHaveScreenshot('mobile-gameplay.png', {
Build, Lint & Test	UNKNOWN STEP	2025-12-27T20:15:12.8368650Z         at /home/runner/work/protocol-silent-night/protocol-silent-night/e2e/visual-regression.spec.ts:275:23
Build, Lint & Test	UNKNOWN STEP	2025-12-27T20:15:12.8368773Z 
Build, Lint & Test	UNKNOWN STEP	2025-12-27T20:15:12.8369136Z     attachment #1: screenshot (image/png) ──────────────────────────────────────────────────────────
Build, Lint & Test	UNKNOWN STEP	2025-12-27T20:15:12.8369565Z     test-results/visual-regression-Visual-R-8a726-r-mobile-gameplay-correctly-chromium-retry2/test-failed-1.png
Build, Lint & Test	UNKNOWN STEP	2025-12-27T20:15:12.8369854Z     ────────────────────────────────────────────────────────────────────────────────────────────────
Build, Lint & Test	UNKNOWN STEP	2025-12-27T20:15:12.8369860Z 
Build, Lint & Test	UNKNOWN STEP	2025-12-27T20:15:12.8370444Z     Error Context: test-results/visual-regression-Visual-R-8a726-r-mobile-gameplay-correctly-chromium-retry2/error-context.md
Build, Lint & Test	UNKNOWN STEP	2025-12-27T20:15:12.8370453Z 
Build, Lint & Test	UNKNOWN STEP	2025-12-27T20:15:12.8370979Z   58) [chromium] › e2e/visual-regression.spec.ts:283:3 › Visual Regression - Responsive Design › should render touch controls on mobile 
Build, Lint & Test	UNKNOWN STEP	2025-12-27T20:15:12.8370986Z 
Build, Lint & Test	UNKNOWN STEP	2025-12-27T20:15:12.8371401Z     Error: [2mexpect([22m[31mlocator[39m[2m).[22mtoHaveScreenshot[2m([22m[32mexpected[39m[2m)[22m failed
Build, Lint & Test	UNKNOWN STEP	2025-12-27T20:15:12.8371419Z 
Build, Lint & Test	UNKNOWN STEP	2025-12-27T20:15:12.8371564Z     Locator: getByRole('button', { name: /FIRE/ })
Build, Lint & Test	UNKNOWN STEP	2025-12-27T20:15:12.8371643Z     Timeout: 10000ms
Build, Lint & Test	UNKNOWN STEP	2025-12-27T20:15:12.8371748Z       Timeout 10000ms exceeded.
Build, Lint & Test	UNKNOWN STEP	2025-12-27T20:15:12.8371754Z 
Build, Lint & Test	UNKNOWN STEP	2025-12-27T20:15:12.8371868Z       Snapshot: touch-fire-button.png
Build, Lint & Test	UNKNOWN STEP	2025-12-27T20:15:12.8371875Z 
Build, Lint & Test	UNKNOWN STEP	2025-12-27T20:15:12.8371948Z     Call log:
Build, Lint & Test	UNKNOWN STEP	2025-12-27T20:15:12.8372273Z     [2m  - Expect "toHaveScreenshot(touch-fire-button.png)" with timeout 10000ms[22m
Build, Lint & Test	UNKNOWN STEP	2025-12-27T20:15:12.8372471Z     [2m    - verifying given screenshot expectation[22m
Build, Lint & Test	UNKNOWN STEP	2025-12-27T20:15:12.8372693Z     [2m  - waiting for getByRole('button', { name: /FIRE/ })[22m
Build, Lint & Test	UNKNOWN STEP	2025-12-27T20:15:12.8372844Z     [2m  - Timeout 10000ms exceeded.[22m
Build, Lint & Test	UNKNOWN STEP	2025-12-27T20:15:12.8372854Z 
Build, Lint & Test	UNKNOWN STEP	2025-12-27T20:15:12.8372859Z 
Build, Lint & Test	UNKNOWN STEP	2025-12-27T20:15:12.8372986Z       292 |     // Touch controls should be visible
Build, Lint & Test	UNKNOWN STEP	2025-12-27T20:15:12.8373194Z       293 |     const fireButton = page.getByRole('button', { name: /FIRE/ });
Build, Lint & Test	UNKNOWN STEP	2025-12-27T20:15:12.8373437Z     > 294 |     await expect(fireButton).toHaveScreenshot('touch-fire-button.png', {
Build, Lint & Test	UNKNOWN STEP	2025-12-27T20:15:12.8373539Z           |                              ^
Build, Lint & Test	UNKNOWN STEP	2025-12-27T20:15:12.8373686Z       295 |       maxDiffPixelRatio: VISUAL_THRESHOLD,
Build, Lint & Test	UNKNOWN STEP	2025-12-27T20:15:12.8373759Z       296 |     });
Build, Lint & Test	UNKNOWN STEP	2025-12-27T20:15:12.8373835Z       297 |   });
Build, Lint & Test	UNKNOWN STEP	2025-12-27T20:15:12.8374207Z         at /home/runner/work/protocol-silent-night/protocol-silent-night/e2e/visual-regression.spec.ts:294:30
Build, Lint & Test	UNKNOWN STEP	2025-12-27T20:15:12.8374217Z 
Build, Lint & Test	UNKNOWN STEP	2025-12-27T20:15:12.8374594Z     attachment #1: touch-fire-button (image/png) ───────────────────────────────────────────────────
Build, Lint & Test	UNKNOWN STEP	2025-12-27T20:15:12.8374865Z     e2e/visual-regression.spec.ts-snapshots/touch-fire-button-chromium-linux.png
Build, Lint & Test	UNKNOWN STEP	2025-12-27T20:15:12.8375158Z     ────────────────────────────────────────────────────────────────────────────────────────────────
Build, Lint & Test	UNKNOWN STEP	2025-12-27T20:15:12.8375164Z 
Build, Lint & Test	UNKNOWN STEP	2025-12-27T20:15:12.8375512Z     attachment #2: screenshot (image/png) ──────────────────────────────────────────────────────────
Build, Lint & Test	UNKNOWN STEP	2025-12-27T20:15:12.8375909Z     test-results/visual-regression-Visual-R-b3c3a-er-touch-controls-on-mobile-chromium/test-failed-1.png
Build, Lint & Test	UNKNOWN STEP	2025-12-27T20:15:12.8376194Z     ────────────────────────────────────────────────────────────────────────────────────────────────
Build, Lint & Test	UNKNOWN STEP	2025-12-27T20:15:12.8376201Z 
Build, Lint & Test	UNKNOWN STEP	2025-12-27T20:15:12.8376633Z     Error Context: test-results/visual-regression-Visual-R-b3c3a-er-touch-controls-on-mobile-chromium/error-context.md
Build, Lint & Test	UNKNOWN STEP	2025-12-27T20:15:12.8376734Z 
Build, Lint & Test	UNKNOWN STEP	2025-12-27T20:15:12.8377036Z     Retry #1 ───────────────────────────────────────────────────────────────────────────────────────
Build, Lint & Test	UNKNOWN STEP	2025-12-27T20:15:12.8377043Z 
Build, Lint & Test	UNKNOWN STEP	2025-12-27T20:15:12.8377450Z     Error: [2mexpect([22m[31mlocator[39m[2m).[22mtoHaveScreenshot[2m([22m[32mexpected[39m[2m)[22m failed
Build, Lint & Test	UNKNOWN STEP	2025-12-27T20:15:12.8377457Z 
Build, Lint & Test	UNKNOWN STEP	2025-12-27T20:15:12.8377594Z     Locator: getByRole('button', { name: /FIRE/ })
Build, Lint & Test	UNKNOWN STEP	2025-12-27T20:15:12.8377678Z     Timeout: 10000ms
Build, Lint & Test	UNKNOWN STEP	2025-12-27T20:15:12.8377779Z       Timeout 10000ms exceeded.
Build, Lint & Test	UNKNOWN STEP	2025-12-27T20:15:12.8377884Z 
Build, Lint & Test	UNKNOWN STEP	2025-12-27T20:15:12.8378109Z       Snapshot: touch-fire-button.png
Build, Lint & Test	UNKNOWN STEP	2025-12-27T20:15:12.8378116Z 
Build, Lint & Test	UNKNOWN STEP	2025-12-27T20:15:12.8378186Z     Call log:
Build, Lint & Test	UNKNOWN STEP	2025-12-27T20:15:12.8378511Z     [2m  - Expect "toHaveScreenshot(touch-fire-button.png)" with timeout 10000ms[22m
Build, Lint & Test	UNKNOWN STEP	2025-12-27T20:15:12.8378706Z     [2m    - verifying given screenshot expectation[22m
Build, Lint & Test	UNKNOWN STEP	2025-12-27T20:15:12.8378934Z     [2m  - waiting for getByRole('button', { name: /FIRE/ })[22m
Build, Lint & Test	UNKNOWN STEP	2025-12-27T20:15:12.8379094Z     [2m  - Timeout 10000ms exceeded.[22m
Build, Lint & Test	UNKNOWN STEP	2025-12-27T20:15:12.8379101Z 
Build, Lint & Test	UNKNOWN STEP	2025-12-27T20:15:12.8379106Z 
Build, Lint & Test	UNKNOWN STEP	2025-12-27T20:15:12.8379238Z       292 |     // Touch controls should be visible
Build, Lint & Test	UNKNOWN STEP	2025-12-27T20:15:12.8379443Z       293 |     const fireButton = page.getByRole('button', { name: /FIRE/ });
Build, Lint & Test	UNKNOWN STEP	2025-12-27T20:15:12.8379673Z     > 294 |     await expect(fireButton).toHaveScreenshot('touch-fire-button.png', {
Build, Lint & Test	UNKNOWN STEP	2025-12-27T20:15:12.8379777Z           |                              ^
Build, Lint & Test	UNKNOWN STEP	2025-12-27T20:15:12.8379916Z       295 |       maxDiffPixelRatio: VISUAL_THRESHOLD,
Build, Lint & Test	UNKNOWN STEP	2025-12-27T20:15:12.8379998Z       296 |     });
Build, Lint & Test	UNKNOWN STEP	2025-12-27T20:15:12.8380068Z       297 |   });
Build, Lint & Test	UNKNOWN STEP	2025-12-27T20:15:12.8380443Z         at /home/runner/work/protocol-silent-night/protocol-silent-night/e2e/visual-regression.spec.ts:294:30
Build, Lint & Test	UNKNOWN STEP	2025-12-27T20:15:12.8380450Z 
Build, Lint & Test	UNKNOWN STEP	2025-12-27T20:15:12.8380822Z     attachment #1: touch-fire-button (image/png) ───────────────────────────────────────────────────
Build, Lint & Test	UNKNOWN STEP	2025-12-27T20:15:12.8381102Z     e2e/visual-regression.spec.ts-snapshots/touch-fire-button-chromium-linux.png
Build, Lint & Test	UNKNOWN STEP	2025-12-27T20:15:12.8381388Z     ────────────────────────────────────────────────────────────────────────────────────────────────
Build, Lint & Test	UNKNOWN STEP	2025-12-27T20:15:12.8381395Z 
Build, Lint & Test	UNKNOWN STEP	2025-12-27T20:15:12.8381748Z     attachment #2: screenshot (image/png) ──────────────────────────────────────────────────────────
Build, Lint & Test	UNKNOWN STEP	2025-12-27T20:15:12.8382171Z     test-results/visual-regression-Visual-R-b3c3a-er-touch-controls-on-mobile-chromium-retry1/test-failed-1.png
Build, Lint & Test	UNKNOWN STEP	2025-12-27T20:15:12.8382459Z     ────────────────────────────────────────────────────────────────────────────────────────────────
Build, Lint & Test	UNKNOWN STEP	2025-12-27T20:15:12.8382477Z 
Build, Lint & Test	UNKNOWN STEP	2025-12-27T20:15:12.8382941Z     Error Context: test-results/visual-regression-Visual-R-b3c3a-er-touch-controls-on-mobile-chromium-retry1/error-context.md
Build, Lint & Test	UNKNOWN STEP	2025-12-27T20:15:12.8382948Z 
Build, Lint & Test	UNKNOWN STEP	2025-12-27T20:15:12.8383304Z     attachment #4: trace (application/zip) ─────────────────────────────────────────────────────────
Build, Lint & Test	UNKNOWN STEP	2025-12-27T20:15:12.8383808Z     test-results/visual-regression-Visual-R-b3c3a-er-touch-controls-on-mobile-chromium-retry1/trace.zip
Build, Lint & Test	UNKNOWN STEP	2025-12-27T20:15:12.8383890Z     Usage:
Build, Lint & Test	UNKNOWN STEP	2025-12-27T20:15:12.8383897Z 
Build, Lint & Test	UNKNOWN STEP	2025-12-27T20:15:12.8384401Z         pnpm exec playwright show-trace test-results/visual-regression-Visual-R-b3c3a-er-touch-controls-on-mobile-chromium-retry1/trace.zip
Build, Lint & Test	UNKNOWN STEP	2025-12-27T20:15:12.8384408Z 
Build, Lint & Test	UNKNOWN STEP	2025-12-27T20:15:12.8384700Z     ────────────────────────────────────────────────────────────────────────────────────────────────
Build, Lint & Test	UNKNOWN STEP	2025-12-27T20:15:12.8384707Z 
Build, Lint & Test	UNKNOWN STEP	2025-12-27T20:15:12.8385004Z     Retry #2 ───────────────────────────────────────────────────────────────────────────────────────
Build, Lint & Test	UNKNOWN STEP	2025-12-27T20:15:12.8385122Z 
Build, Lint & Test	UNKNOWN STEP	2025-12-27T20:15:12.8385553Z     Error: [2mexpect([22m[31mlocator[39m[2m).[22mtoHaveScreenshot[2m([22m[32mexpected[39m[2m)[22m failed
Build, Lint & Test	UNKNOWN STEP	2025-12-27T20:15:12.8385559Z 
Build, Lint & Test	UNKNOWN STEP	2025-12-27T20:15:12.8385700Z     Locator: getByRole('button', { name: /FIRE/ })
Build, Lint & Test	UNKNOWN STEP	2025-12-27T20:15:12.8385784Z     Timeout: 10000ms
Build, Lint & Test	UNKNOWN STEP	2025-12-27T20:15:12.8385884Z       Timeout 10000ms exceeded.
Build, Lint & Test	UNKNOWN STEP	2025-12-27T20:15:12.8385900Z 
Build, Lint & Test	UNKNOWN STEP	2025-12-27T20:15:12.8386019Z       Snapshot: touch-fire-button.png
Build, Lint & Test	UNKNOWN STEP	2025-12-27T20:15:12.8386025Z 
Build, Lint & Test	UNKNOWN STEP	2025-12-27T20:15:12.8386093Z     Call log:
Build, Lint & Test	UNKNOWN STEP	2025-12-27T20:15:12.8386412Z     [2m  - Expect "toHaveScreenshot(touch-fire-button.png)" with timeout 10000ms[22m
Build, Lint & Test	UNKNOWN STEP	2025-12-27T20:15:12.8386606Z     [2m    - verifying given screenshot expectation[22m
Build, Lint & Test	UNKNOWN STEP	2025-12-27T20:15:12.8386830Z     [2m  - waiting for getByRole('button', { name: /FIRE/ })[22m
Build, Lint & Test	UNKNOWN STEP	2025-12-27T20:15:12.8386980Z     [2m  - Timeout 10000ms exceeded.[22m
Build, Lint & Test	UNKNOWN STEP	2025-12-27T20:15:12.8386994Z 
Build, Lint & Test	UNKNOWN STEP	2025-12-27T20:15:12.8386999Z 
Build, Lint & Test	UNKNOWN STEP	2025-12-27T20:15:12.8387130Z       292 |     // Touch controls should be visible
Build, Lint & Test	UNKNOWN STEP	2025-12-27T20:15:12.8387334Z       293 |     const fireButton = page.getByRole('button', { name: /FIRE/ });
Build, Lint & Test	UNKNOWN STEP	2025-12-27T20:15:12.8387569Z     > 294 |     await expect(fireButton).toHaveScreenshot('touch-fire-button.png', {
Build, Lint & Test	UNKNOWN STEP	2025-12-27T20:15:12.8387669Z           |                              ^
Build, Lint & Test	UNKNOWN STEP	2025-12-27T20:15:12.8387810Z       295 |       maxDiffPixelRatio: VISUAL_THRESHOLD,
Build, Lint & Test	UNKNOWN STEP	2025-12-27T20:15:12.8387885Z       296 |     });
Build, Lint & Test	UNKNOWN STEP	2025-12-27T20:15:12.8388056Z       297 |   });
Build, Lint & Test	UNKNOWN STEP	2025-12-27T20:15:12.8388431Z         at /home/runner/work/protocol-silent-night/protocol-silent-night/e2e/visual-regression.spec.ts:294:30
Build, Lint & Test	UNKNOWN STEP	2025-12-27T20:15:12.8388438Z 
Build, Lint & Test	UNKNOWN STEP	2025-12-27T20:15:12.8388807Z     attachment #1: touch-fire-button (image/png) ───────────────────────────────────────────────────
Build, Lint & Test	UNKNOWN STEP	2025-12-27T20:15:12.8389078Z     e2e/visual-regression.spec.ts-snapshots/touch-fire-button-chromium-linux.png
Build, Lint & Test	UNKNOWN STEP	2025-12-27T20:15:12.8389372Z     ────────────────────────────────────────────────────────────────────────────────────────────────
Build, Lint & Test	UNKNOWN STEP	2025-12-27T20:15:12.8389379Z 
Build, Lint & Test	UNKNOWN STEP	2025-12-27T20:15:12.8389729Z     attachment #2: screenshot (image/png) ──────────────────────────────────────────────────────────
Build, Lint & Test	UNKNOWN STEP	2025-12-27T20:15:12.8390147Z     test-results/visual-regression-Visual-R-b3c3a-er-touch-controls-on-mobile-chromium-retry2/test-failed-1.png
Build, Lint & Test	UNKNOWN STEP	2025-12-27T20:15:12.8390562Z     ────────────────────────────────────────────────────────────────────────────────────────────────
Build, Lint & Test	UNKNOWN STEP	2025-12-27T20:15:12.8390570Z 
Build, Lint & Test	UNKNOWN STEP	2025-12-27T20:15:12.8391038Z     Error Context: test-results/visual-regression-Visual-R-b3c3a-er-touch-controls-on-mobile-chromium-retry2/error-context.md
Build, Lint & Test	UNKNOWN STEP	2025-12-27T20:15:12.8391044Z 
Build, Lint & Test	UNKNOWN STEP	2025-12-27T20:15:12.8391117Z   58 failed
Build, Lint & Test	UNKNOWN STEP	2025-12-27T20:15:12.8391667Z     [chromium] › e2e/component-snapshots.spec.ts:13:3 › Component Snapshots - 3D Character Rendering › should render Santa character model 
Build, Lint & Test	UNKNOWN STEP	2025-12-27T20:15:12.8392190Z     [chromium] › e2e/component-snapshots.spec.ts:40:3 › Component Snapshots - 3D Character Rendering › should render Elf character model 
Build, Lint & Test	UNKNOWN STEP	2025-12-27T20:15:12.8392834Z     [chromium] › e2e/component-snapshots.spec.ts:57:3 › Component Snapshots - 3D Character Rendering › should render Bumble character model 
Build, Lint & Test	UNKNOWN STEP	2025-12-27T20:15:12.8393354Z     [chromium] › e2e/component-snapshots.spec.ts:76:3 › Component Snapshots - Terrain and Environment › should render terrain correctly 
Build, Lint & Test	UNKNOWN STEP	2025-12-27T20:15:12.8393913Z     [chromium] › e2e/component-snapshots.spec.ts:102:3 › Component Snapshots - Terrain and Environment › should render lighting and atmosphere 
Build, Lint & Test	UNKNOWN STEP	2025-12-27T20:15:12.8394420Z     [chromium] › e2e/component-snapshots.spec.ts:121:3 › Component Snapshots - Enemy Rendering › should render enemies when spawned 
Build, Lint & Test	UNKNOWN STEP	2025-12-27T20:15:12.8394917Z     [chromium] › e2e/component-snapshots.spec.ts:138:3 › Component Snapshots - Enemy Rendering › should render enemy death effects 
Build, Lint & Test	UNKNOWN STEP	2025-12-27T20:15:12.8395407Z     [chromium] › e2e/component-snapshots.spec.ts:158:3 › Component Snapshots - Weapon Effects › should render Santa cannon weapon 
Build, Lint & Test	UNKNOWN STEP	2025-12-27T20:15:12.8395887Z     [chromium] › e2e/component-snapshots.spec.ts:179:3 › Component Snapshots - Weapon Effects › should render Elf SMG weapon 
Build, Lint & Test	UNKNOWN STEP	2025-12-27T20:15:12.8396375Z     [chromium] › e2e/component-snapshots.spec.ts:201:3 › Component Snapshots - Weapon Effects › should render Bumble star weapon 
Build, Lint & Test	UNKNOWN STEP	2025-12-27T20:15:12.8396900Z     [chromium] › e2e/component-snapshots.spec.ts:224:3 › Component Snapshots - Particle Effects › should render hit particles on impact 
Build, Lint & Test	UNKNOWN STEP	2025-12-27T20:15:12.8397417Z     [chromium] › e2e/component-snapshots.spec.ts:244:3 › Component Snapshots - Camera System › should render correct camera perspective 
Build, Lint & Test	UNKNOWN STEP	2025-12-27T20:15:12.8398055Z     [chromium] › e2e/component-snapshots.spec.ts:261:3 › Component Snapshots - Camera System › should render camera following player movement 
Build, Lint & Test	UNKNOWN STEP	2025-12-27T20:15:12.8398560Z     [chromium] › e2e/component-snapshots.spec.ts:287:3 › Component Snapshots - UI Overlays › should render damage flash effect 
Build, Lint & Test	UNKNOWN STEP	2025-12-27T20:15:12.8399066Z     [chromium] › e2e/component-snapshots.spec.ts:307:3 › Component Snapshots - UI Overlays › should render kill streak notification 
Build, Lint & Test	UNKNOWN STEP	2025-12-27T20:15:12.8399565Z     [chromium] › e2e/full-gameplay.spec.ts:97:3 › Full Gameplay - MECHA-SANTA (Tank Class) › should complete full game loop with Santa 
Build, Lint & Test	UNKNOWN STEP	2025-12-27T20:15:12.8400073Z     [chromium] › e2e/full-gameplay.spec.ts:127:3 › Full Gameplay - MECHA-SANTA (Tank Class) › should have correct Santa stats and weapon 
Build, Lint & Test	UNKNOWN STEP	2025-12-27T20:15:12.8400564Z     [chromium] › e2e/full-gameplay.spec.ts:153:3 › Full Gameplay - MECHA-SANTA (Tank Class) › should survive longer due to high HP 
Build, Lint & Test	UNKNOWN STEP	2025-12-27T20:15:12.8401068Z     [chromium] › e2e/full-gameplay.spec.ts:181:3 › Full Gameplay - MECHA-SANTA (Tank Class) › should trigger game over when HP reaches 0 
Build, Lint & Test	UNKNOWN STEP	2025-12-27T20:15:12.8401536Z     [chromium] › e2e/full-gameplay.spec.ts:207:3 › Full Gameplay - MECHA-SANTA (Tank Class) › should accumulate score and kills 
Build, Lint & Test	UNKNOWN STEP	2025-12-27T20:15:12.8402151Z     [chromium] › e2e/full-gameplay.spec.ts:238:3 › Full Gameplay - CYBER-ELF (Scout Class) › should complete full game loop with Elf 
Build, Lint & Test	UNKNOWN STEP	2025-12-27T20:15:12.8402638Z     [chromium] › e2e/full-gameplay.spec.ts:256:3 › Full Gameplay - CYBER-ELF (Scout Class) › should have low HP but rapid fire weapon 
Build, Lint & Test	UNKNOWN STEP	2025-12-27T20:15:12.8403091Z     [chromium] › e2e/full-gameplay.spec.ts:282:3 › Full Gameplay - CYBER-ELF (Scout Class) › should die quickly with low HP 
Build, Lint & Test	UNKNOWN STEP	2025-12-27T20:15:12.8403701Z     [chromium] › e2e/full-gameplay.spec.ts:304:3 › Full Gameplay - THE BUMBLE (Bruiser Class) › should complete full game loop with Bumble 
Build, Lint & Test	UNKNOWN STEP	2025-12-27T20:15:12.8404180Z     [chromium] › e2e/full-gameplay.spec.ts:322:3 › Full Gameplay - THE BUMBLE (Bruiser Class) › should fire spread pattern weapon 
Build, Lint & Test	UNKNOWN STEP	2025-12-27T20:15:12.8404654Z     [chromium] › e2e/full-gameplay.spec.ts:348:3 › Full Gameplay - THE BUMBLE (Bruiser Class) › should have balanced survivability 
Build, Lint & Test	UNKNOWN STEP	2025-12-27T20:15:12.8405073Z     [chromium] › e2e/full-gameplay.spec.ts:377:3 › Full Gameplay - Boss Battle › should spawn boss after 10 kills 
Build, Lint & Test	UNKNOWN STEP	2025-12-27T20:15:12.8405486Z     [chromium] › e2e/full-gameplay.spec.ts:406:3 › Full Gameplay - Boss Battle › should defeat boss and win game 
Build, Lint & Test	UNKNOWN STEP	2025-12-27T20:15:12.8405908Z     [chromium] › e2e/full-gameplay.spec.ts:442:3 › Full Gameplay - Boss Battle › should show boss health decreasing 
Build, Lint & Test	UNKNOWN STEP	2025-12-27T20:15:12.8406363Z     [chromium] › e2e/full-gameplay.spec.ts:479:3 › Full Gameplay - Kill Streaks › should trigger kill streak notifications 
Build, Lint & Test	UNKNOWN STEP	2025-12-27T20:15:12.8406781Z     [chromium] › e2e/full-gameplay.spec.ts:513:3 › Full Gameplay - Kill Streaks › should reset streak after timeout 
Build, Lint & Test	UNKNOWN STEP	2025-12-27T20:15:12.8407198Z     [chromium] › e2e/full-gameplay.spec.ts:544:3 › Full Gameplay - Kill Streaks › should apply streak bonus to score 
Build, Lint & Test	UNKNOWN STEP	2025-12-27T20:15:12.8407617Z     [chromium] › e2e/full-gameplay.spec.ts:581:3 › Full Gameplay - Game Reset › should reset game and return to menu 
Build, Lint & Test	UNKNOWN STEP	2025-12-27T20:15:12.8408150Z     [chromium] › e2e/full-gameplay.spec.ts:613:3 › Full Gameplay - Game Reset › should preserve high score after reset 
Build, Lint & Test	UNKNOWN STEP	2025-12-27T20:15:12.8408644Z     [chromium] › e2e/full-gameplay.spec.ts:658:3 › Full Gameplay - Complete Playthrough › should complete entire game as Santa 
Build, Lint & Test	UNKNOWN STEP	2025-12-27T20:15:12.8409107Z     [chromium] › e2e/full-gameplay.spec.ts:705:3 › Full Gameplay - Complete Playthrough › should complete entire game as Elf 
Build, Lint & Test	UNKNOWN STEP	2025-12-27T20:15:12.8409590Z     [chromium] › e2e/full-gameplay.spec.ts:737:3 › Full Gameplay - Complete Playthrough › should complete entire game as Bumble 
Build, Lint & Test	UNKNOWN STEP	2025-12-27T20:15:12.8410004Z     [chromium] › e2e/full-gameplay.spec.ts:771:3 › Full Gameplay - Input Controls › should respond to WASD movement 
Build, Lint & Test	UNKNOWN STEP	2025-12-27T20:15:12.8410449Z     [chromium] › e2e/full-gameplay.spec.ts:799:3 › Full Gameplay - Input Controls › should respond to arrow key movement 
Build, Lint & Test	UNKNOWN STEP	2025-12-27T20:15:12.8410842Z     [chromium] › e2e/full-gameplay.spec.ts:824:3 › Full Gameplay - Input Controls › should fire with spacebar 
Build, Lint & Test	UNKNOWN STEP	2025-12-27T20:15:12.8411337Z     [chromium] › e2e/full-gameplay.spec.ts:857:3 › Full Gameplay - Input Controls › should show touch controls on mobile viewport 
Build, Lint & Test	UNKNOWN STEP	2025-12-27T20:15:12.8411853Z     [chromium] › e2e/visual-regression.spec.ts:15:3 › Visual Regression - Character Selection › should match character selection screen 
Build, Lint & Test	UNKNOWN STEP	2025-12-27T20:15:12.8412380Z     [chromium] › e2e/visual-regression.spec.ts:27:3 › Visual Regression - Character Selection › should show Santa character card correctly 
Build, Lint & Test	UNKNOWN STEP	2025-12-27T20:15:12.8412898Z     [chromium] › e2e/visual-regression.spec.ts:37:3 › Visual Regression - Character Selection › should show Elf character card correctly 
Build, Lint & Test	UNKNOWN STEP	2025-12-27T20:15:12.8413426Z     [chromium] › e2e/visual-regression.spec.ts:47:3 › Visual Regression - Character Selection › should show Bumble character card correctly 
Build, Lint & Test	UNKNOWN STEP	2025-12-27T20:15:12.8413889Z     [chromium] › e2e/visual-regression.spec.ts:59:3 › Visual Regression - Game Start › should render Santa gameplay correctly 
Build, Lint & Test	UNKNOWN STEP	2025-12-27T20:15:12.8414350Z     [chromium] › e2e/visual-regression.spec.ts:79:3 › Visual Regression - Game Start › should render Elf gameplay correctly 
Build, Lint & Test	UNKNOWN STEP	2025-12-27T20:15:12.8414950Z     [chromium] › e2e/visual-regression.spec.ts:99:3 › Visual Regression - Game Start › should render Bumble gameplay correctly 
Build, Lint & Test	UNKNOWN STEP	2025-12-27T20:15:12.8415452Z     [chromium] › e2e/visual-regression.spec.ts:121:3 › Visual Regression - HUD Elements › should render HUD correctly during gameplay 
Build, Lint & Test	UNKNOWN STEP	2025-12-27T20:15:12.8416090Z     [chromium] › e2e/visual-regression.spec.ts:135:3 › Visual Regression - HUD Elements › should render score and objectives correctly 
Build, Lint & Test	UNKNOWN STEP	2025-12-27T20:15:12.8416598Z     [chromium] › e2e/visual-regression.spec.ts:154:3 › Visual Regression - Game Movement › should render character movement correctly 
Build, Lint & Test	UNKNOWN STEP	2025-12-27T20:15:12.8417084Z     [chromium] › e2e/visual-regression.spec.ts:172:3 › Visual Regression - Game Movement › should render firing animation correctly 
Build, Lint & Test	UNKNOWN STEP	2025-12-27T20:15:12.8417562Z     [chromium] › e2e/visual-regression.spec.ts:191:3 › Visual Regression - Combat Scenarios › should render combat with enemies 
Build, Lint & Test	UNKNOWN STEP	2025-12-27T20:15:12.8418153Z     [chromium] › e2e/visual-regression.spec.ts:209:3 › Visual Regression - Combat Scenarios › should render player taking damage 
Build, Lint & Test	UNKNOWN STEP	2025-12-27T20:15:12.8418617Z     [chromium] › e2e/visual-regression.spec.ts:227:3 › Visual Regression - End Game States › should render game over screen 
Build, Lint & Test	UNKNOWN STEP	2025-12-27T20:15:12.8419138Z     [chromium] › e2e/visual-regression.spec.ts:259:3 › Visual Regression - Responsive Design › should render correctly on mobile viewport 
Build, Lint & Test	UNKNOWN STEP	2025-12-27T20:15:12.8419646Z     [chromium] › e2e/visual-regression.spec.ts:269:3 › Visual Regression - Responsive Design › should render mobile gameplay correctly 
Build, Lint & Test	UNKNOWN STEP	2025-12-27T20:15:12.8420142Z     [chromium] › e2e/visual-regression.spec.ts:283:3 › Visual Regression - Responsive Design › should render touch controls on mobile 
Build, Lint & Test	UNKNOWN STEP	2025-12-27T20:15:12.8420223Z   13 skipped
Build, Lint & Test	UNKNOWN STEP	2025-12-27T20:15:12.8420304Z   8 passed (36.0m)
Build, Lint & Test	UNKNOWN STEP	2025-12-27T20:15:12.8420569Z  ELIFECYCLE  Command failed with exit code 1.
Build, Lint & Test	UNKNOWN STEP	2025-12-27T20:15:12.8431108Z ##[error]Process completed with exit code 1.
Build, Lint & Test	UNKNOWN STEP	2025-12-27T20:15:12.8486882Z ##[group]Run actions/upload-artifact@v4
Build, Lint & Test	UNKNOWN STEP	2025-12-27T20:15:12.8486963Z with:
Build, Lint & Test	UNKNOWN STEP	2025-12-27T20:15:12.8487060Z   name: playwright-report
Build, Lint & Test	UNKNOWN STEP	2025-12-27T20:15:12.8487176Z   path: playwright-report/
Build, Lint & Test	UNKNOWN STEP	test-results/
Build, Lint & Test	UNKNOWN STEP	
Build, Lint & Test	UNKNOWN STEP	2025-12-27T20:15:12.8487254Z   retention-days: 30
Build, Lint & Test	UNKNOWN STEP	2025-12-27T20:15:12.8487335Z   if-no-files-found: warn
Build, Lint & Test	UNKNOWN STEP	2025-12-27T20:15:12.8487417Z   compression-level: 6
Build, Lint & Test	UNKNOWN STEP	2025-12-27T20:15:12.8487488Z   overwrite: false
Build, Lint & Test	UNKNOWN STEP	2025-12-27T20:15:12.8487574Z   include-hidden-files: false
Build, Lint & Test	UNKNOWN STEP	2025-12-27T20:15:12.8487643Z env:
Build, Lint & Test	UNKNOWN STEP	2025-12-27T20:15:12.8487717Z   NODE_VERSION: 20
Build, Lint & Test	UNKNOWN STEP	2025-12-27T20:15:12.8487789Z   PNPM_VERSION: 10
Build, Lint & Test	UNKNOWN STEP	2025-12-27T20:15:12.8488068Z   PNPM_HOME: /home/runner/setup-pnpm/node_modules/.bin
Build, Lint & Test	UNKNOWN STEP	2025-12-27T20:15:12.8488143Z ##[endgroup]
Build, Lint & Test	UNKNOWN STEP	2025-12-27T20:15:13.1807788Z Multiple search paths detected. Calculating the least common ancestor of all paths
Build, Lint & Test	UNKNOWN STEP	2025-12-27T20:15:13.1811478Z The least common ancestor is /home/runner/work/protocol-silent-night/protocol-silent-night. This will be the root directory of the artifact
Build, Lint & Test	UNKNOWN STEP	2025-12-27T20:15:13.1811857Z With the provided path, there will be 458 files uploaded
Build, Lint & Test	UNKNOWN STEP	2025-12-27T20:15:13.1815764Z Artifact name is valid!
Build, Lint & Test	UNKNOWN STEP	2025-12-27T20:15:13.1817075Z Root directory input is valid!
Build, Lint & Test	UNKNOWN STEP	2025-12-27T20:15:13.4889702Z Beginning upload of artifact content to blob storage
Build, Lint & Test	UNKNOWN STEP	2025-12-27T20:15:14.8222704Z Uploaded bytes 8388608
Build, Lint & Test	UNKNOWN STEP	2025-12-27T20:15:15.0518901Z Uploaded bytes 16777216
Build, Lint & Test	UNKNOWN STEP	2025-12-27T20:15:15.3239061Z Uploaded bytes 25165824
Build, Lint & Test	UNKNOWN STEP	2025-12-27T20:15:15.3522387Z Uploaded bytes 33554432
Build, Lint & Test	UNKNOWN STEP	2025-12-27T20:15:15.6508540Z Uploaded bytes 41943040
Build, Lint & Test	UNKNOWN STEP	2025-12-27T20:15:15.7319803Z Uploaded bytes 50331648
Build, Lint & Test	UNKNOWN STEP	2025-12-27T20:15:16.0316161Z Uploaded bytes 58720256
Build, Lint & Test	UNKNOWN STEP	2025-12-27T20:15:16.1749902Z Uploaded bytes 59497420
Build, Lint & Test	UNKNOWN STEP	2025-12-27T20:15:16.2506696Z Finished uploading artifact content to blob storage!
Build, Lint & Test	UNKNOWN STEP	2025-12-27T20:15:16.2509750Z SHA256 digest of uploaded artifact zip is f470281453816c54a33d57e720b197ca9d42efcd4d67ebc7d7df7141c17d4c66
Build, Lint & Test	UNKNOWN STEP	2025-12-27T20:15:16.2511375Z Finalizing artifact upload
Build, Lint & Test	UNKNOWN STEP	2025-12-27T20:15:16.3933286Z Artifact playwright-report.zip successfully finalized. Artifact ID 4976168293
Build, Lint & Test	UNKNOWN STEP	2025-12-27T20:15:16.3934211Z Artifact playwright-report has been successfully uploaded! Final size is 59497420 bytes. Artifact ID is 4976168293
Build, Lint & Test	UNKNOWN STEP	2025-12-27T20:15:16.3942309Z Artifact download URL: https://github.com/arcade-cabinet/protocol-silent-night/actions/runs/20543488941/artifacts/4976168293
Build, Lint & Test	UNKNOWN STEP	2025-12-27T20:15:16.4103477Z Post job cleanup.
Build, Lint & Test	UNKNOWN STEP	2025-12-27T20:15:16.4639546Z Pruning is unnecessary.
Build, Lint & Test	UNKNOWN STEP	2025-12-27T20:15:16.4758549Z Post job cleanup.
Build, Lint & Test	UNKNOWN STEP	2025-12-27T20:15:16.5713750Z [command]/usr/bin/git version
Build, Lint & Test	UNKNOWN STEP	2025-12-27T20:15:16.5755319Z git version 2.52.0
Build, Lint & Test	UNKNOWN STEP	2025-12-27T20:15:16.5796951Z Temporarily overriding HOME='/home/runner/work/_temp/7942ed97-d3ae-4fcd-ae5e-0fb20db6399a' before making global git config changes
Build, Lint & Test	UNKNOWN STEP	2025-12-27T20:15:16.5798303Z Adding repository directory to the temporary git global config as a safe directory
Build, Lint & Test	UNKNOWN STEP	2025-12-27T20:15:16.5802377Z [command]/usr/bin/git config --global --add safe.directory /home/runner/work/protocol-silent-night/protocol-silent-night
Build, Lint & Test	UNKNOWN STEP	2025-12-27T20:15:16.5835134Z [command]/usr/bin/git config --local --name-only --get-regexp core\.sshCommand
Build, Lint & Test	UNKNOWN STEP	2025-12-27T20:15:16.5866222Z [command]/usr/bin/git submodule foreach --recursive sh -c "git config --local --name-only --get-regexp 'core\.sshCommand' && git config --local --unset-all 'core.sshCommand' || :"
Build, Lint & Test	UNKNOWN STEP	2025-12-27T20:15:16.6094767Z [command]/usr/bin/git config --local --name-only --get-regexp http\.https\:\/\/github\.com\/\.extraheader
Build, Lint & Test	UNKNOWN STEP	2025-12-27T20:15:16.6114716Z http.https://github.com/.extraheader
Build, Lint & Test	UNKNOWN STEP	2025-12-27T20:15:16.6126876Z [command]/usr/bin/git config --local --unset-all http.https://github.com/.extraheader
Build, Lint & Test	UNKNOWN STEP	2025-12-27T20:15:16.6157120Z [command]/usr/bin/git submodule foreach --recursive sh -c "git config --local --name-only --get-regexp 'http\.https\:\/\/github\.com\/\.extraheader' && git config --local --unset-all 'http.https://github.com/.extraheader' || :"
Build, Lint & Test	UNKNOWN STEP	2025-12-27T20:15:16.6374023Z [command]/usr/bin/git config --local --name-only --get-regexp ^includeIf\.gitdir:
Build, Lint & Test	UNKNOWN STEP	2025-12-27T20:15:16.6404224Z [command]/usr/bin/git submodule foreach --recursive git config --local --show-origin --name-only --get-regexp remote.origin.url
Build, Lint & Test	UNKNOWN STEP	2025-12-27T20:15:16.6731367Z Cleaning up orphan processes
